Component: ARM Compiler 5.06 update 3 (build 300) Tool: armlink [4d35c9]

==============================================================================

Section Cross References

    tim.o(i.HAL_TIM_Base_MspDeInit) refers to stm32f7xx_hal_cortex.o(i.HAL_NVIC_DisableIRQ) for HAL_NVIC_DisableIRQ
    tim.o(i.HAL_TIM_Base_MspInit) refers to stm32f7xx_hal_cortex.o(i.HAL_NVIC_SetPriority) for HAL_NVIC_SetPriority
    tim.o(i.HAL_TIM_Base_MspInit) refers to stm32f7xx_hal_cortex.o(i.HAL_NVIC_EnableIRQ) for HAL_NVIC_EnableIRQ
    tim.o(i.MX_TIM1_Init) refers to stm32f7xx_hal_tim.o(i.HAL_TIM_Base_Init) for HAL_TIM_Base_Init
    tim.o(i.MX_TIM1_Init) refers to main.o(i._Error_Handler) for _Error_Handler
    tim.o(i.MX_TIM1_Init) refers to stm32f7xx_hal_tim.o(i.HAL_TIM_ConfigClockSource) for HAL_TIM_ConfigClockSource
    tim.o(i.MX_TIM1_Init) refers to stm32f7xx_hal_tim_ex.o(i.HAL_TIMEx_MasterConfigSynchronization) for HAL_TIMEx_MasterConfigSynchronization
    tim.o(i.MX_TIM1_Init) refers to tim.o(.bss) for .bss
    tim.o(i.MX_TIM6_Init) refers to stm32f7xx_hal_tim.o(i.HAL_TIM_Base_Init) for HAL_TIM_Base_Init
    tim.o(i.MX_TIM6_Init) refers to main.o(i._Error_Handler) for _Error_Handler
    tim.o(i.MX_TIM6_Init) refers to stm32f7xx_hal_tim_ex.o(i.HAL_TIMEx_MasterConfigSynchronization) for HAL_TIMEx_MasterConfigSynchronization
    tim.o(i.MX_TIM6_Init) refers to tim.o(.bss) for .bss
    rtc.o(i.MX_RTC_Init) refers to stm32f7xx_hal_rtc.o(i.HAL_RTC_Init) for HAL_RTC_Init
    rtc.o(i.MX_RTC_Init) refers to main.o(i._Error_Handler) for _Error_Handler
    rtc.o(i.MX_RTC_Init) refers to rtc.o(.bss) for .bss
    quadspi.o(i.HAL_QSPI_MspDeInit) refers to stm32f7xx_hal_gpio.o(i.HAL_GPIO_DeInit) for HAL_GPIO_DeInit
    quadspi.o(i.HAL_QSPI_MspInit) refers to stm32f7xx_hal_gpio.o(i.HAL_GPIO_Init) for HAL_GPIO_Init
    quadspi.o(i.MX_QUADSPI_Init) refers to stm32f7xx_hal_qspi.o(i.HAL_QSPI_Init) for HAL_QSPI_Init
    quadspi.o(i.MX_QUADSPI_Init) refers to main.o(i._Error_Handler) for _Error_Handler
    quadspi.o(i.MX_QUADSPI_Init) refers to quadspi.o(.bss) for .bss
    dma.o(i.MX_DMA_Init) refers to stm32f7xx_hal_cortex.o(i.HAL_NVIC_SetPriority) for HAL_NVIC_SetPriority
    dma.o(i.MX_DMA_Init) refers to stm32f7xx_hal_cortex.o(i.HAL_NVIC_EnableIRQ) for HAL_NVIC_EnableIRQ
    stm32f7xx_hal_msp.o(i.HAL_MspInit) refers to stm32f7xx_hal_cortex.o(i.HAL_NVIC_SetPriorityGrouping) for HAL_NVIC_SetPriorityGrouping
    stm32f7xx_hal_msp.o(i.HAL_MspInit) refers to stm32f7xx_hal_cortex.o(i.HAL_NVIC_SetPriority) for HAL_NVIC_SetPriority
    stm32f7xx_it.o(i.DMA2_Stream0_IRQHandler) refers to stm32f7xx_hal_dma.o(i.HAL_DMA_IRQHandler) for HAL_DMA_IRQHandler
    stm32f7xx_it.o(i.DMA2_Stream0_IRQHandler) refers to adc.o(.bss) for hdma_adc1
    stm32f7xx_it.o(i.DMA2_Stream1_IRQHandler) refers to stm32f7xx_hal_dma.o(i.HAL_DMA_IRQHandler) for HAL_DMA_IRQHandler
    stm32f7xx_it.o(i.DMA2_Stream1_IRQHandler) refers to adc.o(.bss) for hdma_adc3
    stm32f7xx_it.o(i.DMA2_Stream2_IRQHandler) refers to stm32f7xx_hal_dma.o(i.HAL_DMA_IRQHandler) for HAL_DMA_IRQHandler
    stm32f7xx_it.o(i.DMA2_Stream2_IRQHandler) refers to adc.o(.bss) for hdma_adc2
    stm32f7xx_it.o(i.EXTI15_10_IRQHandler) refers to stm32f7xx_hal_gpio.o(i.HAL_GPIO_EXTI_IRQHandler) for HAL_GPIO_EXTI_IRQHandler
    stm32f7xx_it.o(i.SPI2_IRQHandler) refers to stm32f7xx_hal_spi.o(i.HAL_SPI_IRQHandler) for HAL_SPI_IRQHandler
    stm32f7xx_it.o(i.SPI2_IRQHandler) refers to spi.o(.bss) for hspi2
    stm32f7xx_it.o(i.SysTick_Handler) refers to stm32f7xx_hal.o(i.HAL_IncTick) for HAL_IncTick
    stm32f7xx_it.o(i.SysTick_Handler) refers to stm32f7xx_hal_cortex.o(i.HAL_SYSTICK_IRQHandler) for HAL_SYSTICK_IRQHandler
    stm32f7xx_it.o(i.SysTick_Handler) refers to uart_masterslave.o(i.uart_sysTickCallApp) for uart_sysTickCallApp
    stm32f7xx_it.o(i.SysTick_Handler) refers to spi_masterslave.o(i.spi_sysTickCallApp) for spi_sysTickCallApp
    stm32f7xx_it.o(i.TIM1_UP_TIM10_IRQHandler) refers to stm32f7xx_hal_tim.o(i.HAL_TIM_IRQHandler) for HAL_TIM_IRQHandler
    stm32f7xx_it.o(i.TIM1_UP_TIM10_IRQHandler) refers to tim.o(.bss) for htim1
    stm32f7xx_it.o(i.USART2_IRQHandler) refers to stm32f7xx_hal_uart.o(i.HAL_UART_IRQHandler) for HAL_UART_IRQHandler
    stm32f7xx_it.o(i.USART2_IRQHandler) refers to usart.o(.bss) for huart2
    adc.o(i.HAL_ADC_MspDeInit) refers to stm32f7xx_hal_gpio.o(i.HAL_GPIO_DeInit) for HAL_GPIO_DeInit
    adc.o(i.HAL_ADC_MspDeInit) refers to stm32f7xx_hal_dma.o(i.HAL_DMA_DeInit) for HAL_DMA_DeInit
    adc.o(i.HAL_ADC_MspInit) refers to stm32f7xx_hal_gpio.o(i.HAL_GPIO_Init) for HAL_GPIO_Init
    adc.o(i.HAL_ADC_MspInit) refers to stm32f7xx_hal_dma.o(i.HAL_DMA_Init) for HAL_DMA_Init
    adc.o(i.HAL_ADC_MspInit) refers to main.o(i._Error_Handler) for _Error_Handler
    adc.o(i.HAL_ADC_MspInit) refers to adc.o(.bss) for .bss
    adc.o(i.MX_ADC1_Init) refers to stm32f7xx_hal_adc.o(i.HAL_ADC_Init) for HAL_ADC_Init
[...]
    libraries\measurement_functions.c        0x00000000   Number         0  measurement_functions.o ABSOLUTE
    libraries\protection_functions.c         0x00000000   Number         0  protection_functions.o ABSOLUTE
    pickup_handles.c                         0x00000000   Number         0  pickup_handles.o ABSOLUTE
    powerSysData.c                           0x00000000   Number         0  powersysdata.o ABSOLUTE
    spectra.c                                0x00000000   Number         0  spectra.o ABSOLUTE
    startup_stm32f767xx.s                    0x00000000   Number         0  startup_stm32f767xx.o ABSOLUTE
    tickFunctions.c                          0x00000000   Number         0  tickfunctions.o ABSOLUTE
    trueRMS.c                                0x00000000   Number         0  truerms.o ABSOLUTE
    RESET                                    0x08000000   Section      504  startup_stm32f767xx.o(RESET)
    .ARM.Collect$$$$00000000                 0x080001f8   Section        0  entry.o(.ARM.Collect$$$$00000000)
    .ARM.Collect$$$$00000001                 0x080001f8   Section        4  entry2.o(.ARM.Collect$$$$00000001)
    .ARM.Collect$$$$00000004                 0x080001fc   Section        4  entry5.o(.ARM.Collect$$$$00000004)
    .ARM.Collect$$$$00000008                 0x08000200   Section        0  entry7b.o(.ARM.Collect$$$$00000008)
    .ARM.Collect$$$$0000000A                 0x08000200   Section        0  entry8b.o(.ARM.Collect$$$$0000000A)
    .ARM.Collect$$$$0000000B                 0x08000200   Section        8  entry9a.o(.ARM.Collect$$$$0000000B)
    .ARM.Collect$$$$0000000D                 0x08000208   Section        0  entry10a.o(.ARM.Collect$$$$0000000D)
    .ARM.Collect$$$$0000000F                 0x08000208   Section        0  entry11a.o(.ARM.Collect$$$$0000000F)
    .ARM.Collect$$$$00002712                 0x08000208   Section        4  entry2.o(.ARM.Collect$$$$00002712)
    __lit__00000000                          0x08000208   Data           4  entry2.o(.ARM.Collect$$$$00002712)
    .text                                    0x0800020c   Section       36  startup_stm32f767xx.o(.text)
    $v0                                      0x0800020c   Number         0  startup_stm32f767xx.o(.text)
    .text                                    0x08000230   Section       36  init.o(.text)
    i.ADC_MultiModeDMAConvCplt               0x08000254   Section        0  stm32f7xx_hal_adc_ex.o(i.ADC_MultiModeDMAConvCplt)
    ADC_MultiModeDMAConvCplt                 0x08000255   Thumb Code    96  stm32f7xx_hal_adc_ex.o(i.ADC_MultiModeDMAConvCplt)
    i.ADC_MultiModeDMAError                  0x080002b4   Section        0  stm32f7xx_hal_adc_ex.o(i.ADC_MultiModeDMAError)
    ADC_MultiModeDMAError                    0x080002b5   Thumb Code    18  stm32f7xx_hal_adc_ex.o(i.ADC_MultiModeDMAError)
    i.ADC_MultiModeDMAHalfConvCplt           0x080002c6   Section        0  stm32f7xx_hal_adc_ex.o(i.ADC_MultiModeDMAHalfConvCplt)
    ADC_MultiModeDMAHalfConvCplt             0x080002c7   Thumb Code     6  stm32f7xx_hal_adc_ex.o(i.ADC_MultiModeDMAHalfConvCplt)
    i.BusFault_Handler                       0x080002cc   Section        0  stm32f7xx_it.o(i.BusFault_Handler)
    i.DMA2_Stream0_IRQHandler                0x080002d0   Section        0  stm32f7xx_it.o(i.DMA2_Stream0_IRQHandler)
    i.DMA2_Stream1_IRQHandler                0x080002dc   Section        0  stm32f7xx_it.o(i.DMA2_Stream1_IRQHandler)
    i.DMA2_Stream2_IRQHandler                0x080002e8   Section        0  stm32f7xx_it.o(i.DMA2_Stream2_IRQHandler)
    i.DebugMon_Handler                       0x080002f4   Section        0  stm32f7xx_it.o(i.DebugMon_Handler)
    i.EXTI15_10_IRQHandler                   0x080002f6   Section        0  stm32f7xx_it.o(i.EXTI15_10_IRQHandler)
    i.HAL_ADCEx_MultiModeConfigChannel       0x08000300   Section        0  stm32f7xx_hal_adc_ex.o(i.HAL_ADCEx_MultiModeConfigChannel)
    i.HAL_ADCEx_MultiModeStart_DMA           0x08000378   Section        0  stm32f7xx_hal_adc_ex.o(i.HAL_ADCEx_MultiModeStart_DMA)
    i.HAL_ADC_ConfigChannel                  0x080004e0   Section        0  stm32f7xx_hal_adc.o(i.HAL_ADC_ConfigChannel)
    i.HAL_ADC_ConvCpltCallback               0x080006ac   Section        0  conversion.o(i.HAL_ADC_ConvCpltCallback)
    i.HAL_ADC_ConvHalfCpltCallback           0x08000884   Section        0  stm32f7xx_hal_adc.o(i.HAL_ADC_ConvHalfCpltCallback)
    i.HAL_ADC_ErrorCallback                  0x08000886   Section        0  stm32f7xx_hal_adc.o(i.HAL_ADC_ErrorCallback)
    i.HAL_ADC_Init                           0x08000888   Section        0  stm32f7xx_hal_adc.o(i.HAL_ADC_Init)
    i.HAL_ADC_MspInit                        0x08000a04   Section        0  adc.o(i.HAL_ADC_MspInit)
    i.HAL_ADC_Start                          0x08000ba0   Section        0  stm32f7xx_hal_adc.o(i.HAL_ADC_Start)
    i.HAL_DMA_Abort_IT                       0x08000cb0   Section        0  stm32f7xx_hal_dma.o(i.HAL_DMA_Abort_IT)
    i.HAL_DMA_IRQHandler                     0x08000cd4   Section        0  stm32f7xx_hal_dma.o(i.HAL_DMA_IRQHandler)
    i.HAL_DMA_Init                           0x08000eb0   Section        0  stm32f7xx_hal_dma.o(i.HAL_DMA_Init)
    i.HAL_DMA_Start_IT                       0x0800101c   Section        0  stm32f7xx_hal_dma.o(i.HAL_DMA_Start_IT)
    i.HAL_GPIO_EXTI_Callback                 0x080010b8   Section        0  stm32f7xx_hal_gpio.o(i.HAL_GPIO_EXTI_Callback)
    i.HAL_GPIO_EXTI_IRQHandler               0x080010bc   Section        0  stm32f7xx_hal_gpio.o(i.HAL_GPIO_EXTI_IRQHandler)
    i.HAL_GPIO_Init                          0x080010d4   Section        0  stm32f7xx_hal_gpio.o(i.HAL_GPIO_Init)
    i.HAL_GPIO_ReadPin                       0x08001324   Section        0  stm32f7xx_hal_gpio.o(i.HAL_GPIO_ReadPin)
    i.HAL_GPIO_WritePin                      0x0800132e   Section        0  stm32f7xx_hal_gpio.o(i.HAL_GPIO_WritePin)
    i.HAL_GetTick                            0x08001338   Section        0  stm32f7xx_hal.o(i.HAL_GetTick)
    i.HAL_IncTick                            0x08001344   Section        0  stm32f7xx_hal.o(i.HAL_IncTick)
    i.HAL_Init                               0x08001354   Section        0  stm32f7xx_hal.o(i.HAL_Init)
    i.HAL_InitTick                           0x0800136c   Section        0  stm32f7xx_hal.o(i.HAL_InitTick)
    i.HAL_MspInit                            0x08001394   Section        0  stm32f7xx_hal_msp.o(i.HAL_MspInit)
    i.HAL_NVIC_EnableIRQ                     0x080013ec   Section        0  stm32f7xx_hal_cortex.o(i.HAL_NVIC_EnableIRQ)
    i.HAL_NVIC_SetPriority                   0x08001404   Section        0  stm32f7xx_hal_cortex.o(i.HAL_NVIC_SetPriority)
    i.HAL_NVIC_SetPriorityGrouping           0x08001464   Section        0  stm32f7xx_hal_cortex.o(i.HAL_NVIC_SetPriorityGrouping)
    i.HAL_PWREx_EnableOverDrive              0x08001488   Section        0  stm32f7xx_hal_pwr_ex.o(i.HAL_PWREx_EnableOverDrive)
    i.HAL_QSPI_Init                          0x08001504   Section        0  stm32f7xx_hal_qspi.o(i.HAL_QSPI_Init)
    i.HAL_QSPI_MspInit                       0x080015d0   Section        0  quadspi.o(i.HAL_QSPI_MspInit)
    i.HAL_RCCEx_PeriphCLKConfig              0x08001658   Section        0  stm32f7xx_hal_rcc_ex.o(i.HAL_RCCEx_PeriphCLKConfig)
    i.HAL_RCC_ClockConfig                    0x08001c34   Section        0  stm32f7xx_hal_rcc.o(i.HAL_RCC_ClockConfig)
    i.HAL_RCC_GetHCLKFreq                    0x08001ddc   Section        0  stm32f7xx_hal_rcc.o(i.HAL_RCC_GetHCLKFreq)
    i.HAL_RCC_GetPCLK1Freq                   0x08001de8   Section        0  stm32f7xx_hal_rcc.o(i.HAL_RCC_GetPCLK1Freq)
    i.HAL_RCC_GetPCLK2Freq                   0x08001e08   Section        0  stm32f7xx_hal_rcc.o(i.HAL_RCC_GetPCLK2Freq)
    i.HAL_RCC_GetSysClockFreq                0x08001e28   Section        0  stm32f7xx_hal_rcc.o(i.HAL_RCC_GetSysClockFreq)
    i.HAL_RCC_OscConfig                      0x08001e98   Section        0  stm32f7xx_hal_rcc.o(i.HAL_RCC_OscConfig)
    i.HAL_RTC_Init                           0x08002258   Section        0  stm32f7xx_hal_rtc.o(i.HAL_RTC_Init)
    i.HAL_RTC_MspInit                        0x08002324   Section        0  rtc.o(i.HAL_RTC_MspInit)
    i.HAL_SPI_ErrorCallback                  0x08002344   Section        0  stm32f7xx_hal_spi.o(i.HAL_SPI_ErrorCallback)
    i.HAL_SPI_IRQHandler                     0x08002348   Section        0  stm32f7xx_hal_spi.o(i.HAL_SPI_IRQHandler)
    i.HAL_SPI_Init                           0x08002440   Section        0  stm32f7xx_hal_spi.o(i.HAL_SPI_Init)
    i.HAL_SPI_MspInit                        0x08002514   Section        0  spi.o(i.HAL_SPI_MspInit)
    i.HAL_SPI_Transmit_IT                    0x08002578   Section        0  stm32f7xx_hal_spi.o(i.HAL_SPI_Transmit_IT)
    i.HAL_SPI_TxCpltCallback                 0x08002618   Section        0  spi_masterslave.o(i.HAL_SPI_TxCpltCallback)
    i.HAL_SYSTICK_CLKSourceConfig            0x08002638   Section        0  stm32f7xx_hal_cortex.o(i.HAL_SYSTICK_CLKSourceConfig)
    i.HAL_SYSTICK_Callback                   0x0800264e   Section        0  stm32f7xx_hal_cortex.o(i.HAL_SYSTICK_Callback)
    i.HAL_SYSTICK_Config                     0x08002650   Section        0  stm32f7xx_hal_cortex.o(i.HAL_SYSTICK_Config)
    i.HAL_SYSTICK_IRQHandler                 0x08002678   Section        0  stm32f7xx_hal_cortex.o(i.HAL_SYSTICK_IRQHandler)
    i.HAL_TIMEx_BreakCallback                0x08002680   Section        0  stm32f7xx_hal_tim_ex.o(i.HAL_TIMEx_BreakCallback)
    i.HAL_TIMEx_CommutationCallback          0x08002682   Section        0  stm32f7xx_hal_tim_ex.o(i.HAL_TIMEx_CommutationCallback)
    i.HAL_TIMEx_MasterConfigSynchronization  0x08002684   Section        0  stm32f7xx_hal_tim_ex.o(i.HAL_TIMEx_MasterConfigSynchronization)
    i.HAL_TIM_Base_Init                      0x080026e2   Section        0  stm32f7xx_hal_tim.o(i.HAL_TIM_Base_Init)
    i.HAL_TIM_Base_MspInit                   0x08002718   Section        0  tim.o(i.HAL_TIM_Base_MspInit)
    i.HAL_TIM_Base_Start_IT                  0x08002774   Section        0  stm32f7xx_hal_tim.o(i.HAL_TIM_Base_Start_IT)
    i.HAL_TIM_ConfigClockSource              0x0800278c   Section        0  stm32f7xx_hal_tim.o(i.HAL_TIM_ConfigClockSource)
    i.HAL_TIM_IC_CaptureCallback             0x08002960   Section        0  stm32f7xx_hal_tim.o(i.HAL_TIM_IC_CaptureCallback)
    i.HAL_TIM_IRQHandler                     0x08002962   Section        0  stm32f7xx_hal_tim.o(i.HAL_TIM_IRQHandler)
    i.HAL_TIM_OC_DelayElapsedCallback        0x08002ae6   Section        0  stm32f7xx_hal_tim.o(i.HAL_TIM_OC_DelayElapsedCallback)
    i.HAL_TIM_PWM_PulseFinishedCallback      0x08002ae8   Section        0  stm32f7xx_hal_tim.o(i.HAL_TIM_PWM_PulseFinishedCallback)
    i.HAL_TIM_PeriodElapsedCallback          0x08002aea   Section        0  stm32f7xx_hal_tim.o(i.HAL_TIM_PeriodElapsedCallback)
    i.HAL_TIM_TriggerCallback                0x08002aec   Section        0  stm32f7xx_hal_tim.o(i.HAL_TIM_TriggerCallback)
    i.HAL_UART_ErrorCallback                 0x08002aee   Section        0  stm32f7xx_hal_uart.o(i.HAL_UART_ErrorCallback)
    i.HAL_UART_IRQHandler                    0x08002af0   Section        0  stm32f7xx_hal_uart.o(i.HAL_UART_IRQHandler)
    i.HAL_UART_Init                          0x08002d80   Section        0  stm32f7xx_hal_uart.o(i.HAL_UART_Init)
    i.HAL_UART_MspInit                       0x08002df0   Section        0  usart.o(i.HAL_UART_MspInit)
    i.HAL_UART_Receive_IT                    0x08002e50   Section        0  stm32f7xx_hal_uart.o(i.HAL_UART_Receive_IT)
    i.HAL_UART_RxCpltCallback                0x08002ee8   Section        0  uart_masterslave.o(i.HAL_UART_RxCpltCallback)
    i.HAL_UART_TxCpltCallback                0x08002f38   Section        0  uart_masterslave.o(i.HAL_UART_TxCpltCallback)
    i.HardFault_Handler                      0x08002f58   Section        0  stm32f7xx_it.o(i.HardFault_Handler)
    i.MX_ADC1_Init                           0x08002f5c   Section        0  adc.o(i.MX_ADC1_Init)
    i.MX_ADC2_Init                           0x08003054   Section        0  adc.o(i.MX_ADC2_Init)
    i.MX_ADC3_Init                           0x08003124   Section        0  adc.o(i.MX_ADC3_Init)
    i.MX_DMA_Init                            0x080031f4   Section        0  dma.o(i.MX_DMA_Init)
    i.MX_GPIO_Init                           0x08003220   Section        0  gpio.o(i.MX_GPIO_Init)
    i.MX_QUADSPI_Init                        0x08003458   Section        0  quadspi.o(i.MX_QUADSPI_Init)
    i.MX_RTC_Init                            0x080034ac   Section        0  rtc.o(i.MX_RTC_Init)
    i.MX_SPI2_Init                           0x080034f8   Section        0  spi.o(i.MX_SPI2_Init)
    i.MX_TIM1_Init                           0x0800355c   Section        0  tim.o(i.MX_TIM1_Init)
    i.MX_TIM6_Init                           0x080035dc   Section        0  tim.o(i.MX_TIM6_Init)
    i.MX_USART2_UART_Init                    0x0800363c   Section        0  usart.o(i.MX_USART2_UART_Init)
    i.MemManage_Handler                      0x08003690   Section        0  stm32f7xx_it.o(i.MemManage_Handler)
    i.NMI_Handler                            0x08003692   Section        0  stm32f7xx_it.o(i.NMI_Handler)
    i.PendSV_Handler                         0x08003694   Section        0  stm32f7xx_it.o(i.PendSV_Handler)
    i.QSPI_WaitFlagStateUntilTimeout         0x08003696   Section        0  stm32f7xx_hal_qspi.o(i.QSPI_WaitFlagStateUntilTimeout)
    QSPI_WaitFlagStateUntilTimeout           0x08003697   Thumb Code    88  stm32f7xx_hal_qspi.o(i.QSPI_WaitFlagStateUntilTimeout)
    i.SPI2_IRQHandler                        0x080036f0   Section        0  stm32f7xx_it.o(i.SPI2_IRQHandler)
    i.SPI_DMAAbortOnError                    0x080036fc   Section        0  stm32f7xx_hal_spi.o(i.SPI_DMAAbortOnError)
    SPI_DMAAbortOnError                      0x080036fd   Thumb Code    18  stm32f7xx_hal_spi.o(i.SPI_DMAAbortOnError)
    i.SPI_EndRxTxTransaction                 0x0800370e   Section        0  stm32f7xx_hal_spi.o(i.SPI_EndRxTxTransaction)
    SPI_EndRxTxTransaction                   0x0800370f   Thumb Code    74  stm32f7xx_hal_spi.o(i.SPI_EndRxTxTransaction)
    i.SPI_TxISR_16BIT                        0x08003758   Section        0  stm32f7xx_hal_spi.o(i.SPI_TxISR_16BIT)
    SPI_TxISR_16BIT                          0x08003759   Thumb Code   104  stm32f7xx_hal_spi.o(i.SPI_TxISR_16BIT)
    i.SPI_TxISR_8BIT                         0x080037c0   Section        0  stm32f7xx_hal_spi.o(i.SPI_TxISR_8BIT)
    SPI_TxISR_8BIT                           0x080037c1   Thumb Code   102  stm32f7xx_hal_spi.o(i.SPI_TxISR_8BIT)
    i.SPI_WaitFifoStateUntilTimeout          0x08003828   Section        0  stm32f7xx_hal_spi.o(i.SPI_WaitFifoStateUntilTimeout)
    SPI_WaitFifoStateUntilTimeout            0x08003829   Thumb Code   156  stm32f7xx_hal_spi.o(i.SPI_WaitFifoStateUntilTimeout)
    i.SPI_WaitFlagStateUntilTimeout          0x080038c4   Section        0  stm32f7xx_hal_spi.o(i.SPI_WaitFlagStateUntilTimeout)
    SPI_WaitFlagStateUntilTimeout            0x080038c5   Thumb Code   140  stm32f7xx_hal_spi.o(i.SPI_WaitFlagStateUntilTimeout)
    i.SVC_Handler                            0x08003950   Section        0  stm32f7xx_it.o(i.SVC_Handler)
    i.SysTick_Handler                        0x08003952   Section        0  stm32f7xx_it.o(i.SysTick_Handler)
    i.SystemClock_Config                     0x08003968   Section        0  main.o(i.SystemClock_Config)
    i.SystemInit                             0x08003a2c   Section        0  system_stm32f7xx.o(i.SystemInit)
    i.TIM1_UP_TIM10_IRQHandler               0x08003a8c   Section        0  stm32f7xx_it.o(i.TIM1_UP_TIM10_IRQHandler)
    i.TIM_Base_SetConfig                     0x08003a98   Section        0  stm32f7xx_hal_tim.o(i.TIM_Base_SetConfig)
    i.UART_AdvFeatureConfig                  0x08003b60   Section        0  stm32f7xx_hal_uart.o(i.UART_AdvFeatureConfig)
    i.UART_CheckIdleState                    0x08003c3a   Section        0  stm32f7xx_hal_uart.o(i.UART_CheckIdleState)
    i.UART_DMAAbortOnError                   0x08003c7e   Section        0  stm32f7xx_hal_uart.o(i.UART_DMAAbortOnError)
    UART_DMAAbortOnError                     0x08003c7f   Thumb Code    20  stm32f7xx_hal_uart.o(i.UART_DMAAbortOnError)
    i.UART_SetConfig                         0x08003c94   Section        0  stm32f7xx_hal_uart.o(i.UART_SetConfig)
    i.UART_WaitOnFlagUntilTimeout            0x08003f50   Section        0  stm32f7xx_hal_uart.o(i.UART_WaitOnFlagUntilTimeout)
    i.USART2_IRQHandler                      0x08003fc8   Section        0  stm32f7xx_it.o(i.USART2_IRQHandler)
    i.UsageFault_Handler                     0x08003fd4   Section        0  stm32f7xx_it.o(i.UsageFault_Handler)
    i._Error_Handler                         0x08003fd6   Section        0  main.o(i._Error_Handler)
    i.__scatterload_copy                     0x08003fd8   Section       14  handlers.o(i.__scatterload_copy)
    i.__scatterload_null                     0x08003fe6   Section        2  handlers.o(i.__scatterload_null)
    i.__scatterload_zeroinit                 0x08003fe8   Section       14  handlers.o(i.__scatterload_zeroinit)
    i.boardIO                                0x08003ff8   Section        0  boardio.o(i.boardIO)
    i.dpm_mergeDWord                         0x08004210   Section        0  dataparsermerger.o(i.dpm_mergeDWord)
    i.dpm_mergeFloat                         0x0800427c   Section        0  dataparsermerger.o(i.dpm_mergeFloat)
    i.dpm_parseDWord                         0x080042dc   Section        0  dataparsermerger.o(i.dpm_parseDWord)
    i.dpm_parseFloat                         0x08004330   Section        0  dataparsermerger.o(i.dpm_parseFloat)
    i.fc27_init                              0x08004390   Section        0  fc27.o(i.fc27_init)
    i.fc37_init                              0x080043ac   Section        0  fc37.o(i.fc37_init)
    i.fc46_init                              0x080043b0   Section        0  fc46.o(i.fc46_init)
    i.fc49_init                              0x0800440c   Section        0  fc49.o(i.fc49_init)
    i.fc50N_init                             0x08004464   Section        0  fc50n.o(i.fc50N_init)
    i.fc50_init                              0x08004484   Section        0  fc50.o(i.fc50_init)
    i.fc51N_init                             0x080044b4   Section        0  fc51n.o(i.fc51N_init)
    i.fc51_init                              0x0800450c   Section        0  fc51.o(i.fc51_init)
    i.fc59_init                              0x08004560   Section        0  fc59.o(i.fc59_init)
    i.fcBF_init                              0x0800457c   Section        0  fcbf.o(i.fcBF_init)
    i.fcPVP_init                             0x080045b4   Section        0  fcpvp.o(i.fcPVP_init)
    i.fcUNB_init                             0x08004614   Section        0  fcunb.o(i.fcUNB_init)
    i.initFunctions                          0x08004648   Section        0  initfunctions.o(i.initFunctions)
    i.main                                   0x08004680   Section        0  main.o(i.main)
    i.prefilter                              0x0800472c   Section        0  measurement_functions.o(i.prefilter)
    i.pushDataToMaster                       0x080047b8   Section        0  commparams.o(i.pushDataToMaster)
    i.spi_initComApp                         0x08004a98   Section        0  spi_masterslave.o(i.spi_initComApp)
    i.spi_runComApp                          0x08004a9c   Section        0  spi_masterslave.o(i.spi_runComApp)
    i.spi_sysTickCallApp                     0x08004e20   Section        0  spi_masterslave.o(i.spi_sysTickCallApp)
    i.tickFunctions                          0x08004e64   Section        0  tickfunctions.o(i.tickFunctions)
    i.uart_initComApp                        0x08004e84   Section        0  uart_masterslave.o(i.uart_initComApp)
    i.uart_runComApp                         0x08004e98   Section        0  uart_masterslave.o(i.uart_runComApp)
    i.uart_sysTickCallApp                    0x08005024   Section        0  uart_masterslave.o(i.uart_sysTickCallApp)
    .constdata                               0x08005064   Section        8  stm32f7xx_hal_dma.o(.constdata)
    flagBitshiftOffset                       0x08005064   Data           8  stm32f7xx_hal_dma.o(.constdata)
    .constdata                               0x0800506c   Section       16  system_stm32f7xx.o(.constdata)
    .constdata                               0x0800507c   Section        8  system_stm32f7xx.o(.constdata)
    .constdata                               0x08005084   Section       16  fc50.o(.constdata)
    .constdata                               0x08005094   Section       16  fc50n.o(.constdata)
    .constdata                               0x080050a4   Section       20  fc51.o(.constdata)
    .constdata                               0x080050b8   Section       20  fc51n.o(.constdata)
    .constdata                               0x080050cc   Section       16  fc27.o(.constdata)
    .constdata                               0x080050dc   Section       12  fc59.o(.constdata)
    .constdata                               0x080050e8   Section       36  fc46.o(.constdata)
    .constdata                               0x0800510c   Section       36  fc49.o(.constdata)
    .constdata                               0x08005130   Section       24  fcbf.o(.constdata)
    .constdata                               0x08005148   Section       20  fcunb.o(.constdata)
    .constdata                               0x0800515c   Section       32  fcpvp.o(.constdata)
    .data                                    0x20000000   Section        4  stm32f7xx_hal.o(.data)
    .data                                    0x20000004   Section        4  system_stm32f7xx.o(.data)
    .data                                    0x20000008   Section      132  init_protection.o(.data)
    .data                                    0x2000008c   Section        1  init_protection.o(.data)
    .data                                    0x20000090   Section       16  fcunb.o(.data)
    counter                                  0x20000090   Data           1  fcunb.o(.data)
    .data                                    0x200000a0   Section        1  conversion.o(.data)
    .data                                    0x200000a1   Section        1  tickfunctions.o(.data)
    .data                                    0x200000a4   Section        8  boardio.o(.data)
    .data                                    0x200000ac   Section        4  dataparsermerger.o(.data)
    .bss                                     0x200000b0   Section      128  tim.o(.bss)
    .bss                                     0x20000130   Section       32  rtc.o(.bss)
    .bss                                     0x20000150   Section       76  quadspi.o(.bss)
    .bss                                     0x2000019c   Section      504  adc.o(.bss)
    .bss                                     0x20000394   Section       60  main.o(.bss)
    .bss                                     0x200003d0   Section      112  usart.o(.bss)
    .bss                                     0x20000440   Section      100  spi.o(.bss)
    .bss                                     0x200004a4   Section       24  init_protection.o(.bss)
    .bss                                     0x200004bc   Section      312  fc50.o(.bss)
    .bss                                     0x200005f4   Section       84  fc50n.o(.bss)
    .bss                                     0x20000648   Section       76  fc51.o(.bss)
    .bss                                     0x20000694   Section       32  fc51n.o(.bss)
    .bss                                     0x200006b4   Section       32  fc27.o(.bss)
    .bss                                     0x200006d4   Section       24  fc59.o(.bss)
    .bss                                     0x200006ec   Section       60  fc46.o(.bss)
    .bss                                     0x20000728   Section      104  fc49.o(.bss)
    .bss                                     0x20000790   Section       36  fcbf.o(.bss)
    .bss                                     0x200007b4   Section      268  fcunb.o(.bss)
    UNBa_buffer                              0x200007ec   Data         100  fcunb.o(.bss)
    UNBb_buffer                              0x20000850   Data         100  fcunb.o(.bss)
    .bss                                     0x200008c0   Section      716  fcpvp.o(.bss)
    peakBuffer                               0x20000914   Data         600  fcpvp.o(.bss)
    .bss                                     0x20000b8c   Section      292  pickup_handles.o(.bss)
    pick_buffer                              0x20000ba4   Data         268  pickup_handles.o(.bss)
    .bss                                     0x20000cb0   Section     5168  cs_handles.o(.bss)
    .bss                                     0x200020e0   Section     2520  truerms.o(.bss)
    .bss                                     0x20002ab8   Section     1116  spectra.o(.bss)
    .bss                                     0x20002f14   Section      732  conversion.o(.bss)
    adc_values                               0x20003004   Data          60  conversion.o(.bss)
    dbuffer                                  0x20003040   Data         432  conversion.o(.bss)
    .bss                                     0x200031f0   Section       16  powersysdata.o(.bss)
    .bss                                     0x20003200   Section       24  commparams.o(.bss)
    .bss                                     0x20003218   Section     6032  spi_masterslave.o(.bss)
    .bss                                     0x200049a8   Section     3008  uart_masterslave.o(.bss)
    STACK                                    0x20005568   Section     1024  startup_stm32f767xx.o(STACK)

    Global Symbols

    Symbol Name                              Value     Ov Type        Size  Object(Section)

    BuildAttributes$$THM_ISAv4$E$P$D$K$B$S$7EM$VFPv5_D16$PE$PLD8$A:L22UL41UL21$X:L11$S22US41US21$IEEE1$IW$USESV6$~STKCKD$USESV7$~SHL$OTIME$ROPI$IEEEX$EBA8$MICROLIB$REQ8$PRES8$EABIv2 0x00000000   Number         0  anon$$obj.o ABSOLUTE
    __ARM_use_no_argv                        0x00000000   Number         0  main.o ABSOLUTE
    __cpp_initialize__aeabi_                  - Undefined Weak Reference
    __cxa_finalize                            - Undefined Weak Reference
    __decompress                              - Undefined Weak Reference
    _clock_init                               - Undefined Weak Reference
    _microlib_exit                            - Undefined Weak Reference
    __Vectors_Size                           0x000001f8   Number         0  startup_stm32f767xx.o ABSOLUTE
    __Vectors                                0x08000000   Data           4  startup_stm32f767xx.o(RESET)
    __Vectors_End                            0x080001f8   Data           0  startup_stm32f767xx.o(RESET)
    __main                                   0x080001f9   Thumb Code     0  entry.o(.ARM.Collect$$$$00000000)
    _main_stk                                0x080001f9   Thumb Code     0  entry2.o(.ARM.Collect$$$$00000001)
    _main_scatterload                        0x080001fd   Thumb Code     0  entry5.o(.ARM.Collect$$$$00000004)
    __main_after_scatterload                 0x08000201   Thumb Code     0  entry5.o(.ARM.Collect$$$$00000004)
    _main_clock                              0x08000201   Thumb Code     0  entry7b.o(.ARM.Collect$$$$00000008)
    _main_cpp_init                           0x08000201   Thumb Code     0  entry8b.o(.ARM.Collect$$$$0000000A)
    _main_init                               0x08000201   Thumb Code     0  entry9a.o(.ARM.Collect$$$$0000000B)
    __rt_final_cpp                           0x08000209   Thumb Code     0  entry10a.o(.ARM.Collect$$$$0000000D)
    __rt_final_exit                          0x08000209   Thumb Code     0  entry11a.o(.ARM.Collect$$$$0000000F)
    Reset_Handler                            0x0800020d   Thumb Code     8  startup_stm32f767xx.o(.text)
    ADC_IRQHandler                           0x08000227   Thumb Code     0  startup_stm32f767xx.o(.text)
    CAN1_RX0_IRQHandler                      0x08000227   Thumb Code     0  startup_stm32f767xx.o(.text)
    CAN1_RX1_IRQHandler                      0x08000227   Thumb Code     0  startup_stm32f767xx.o(.text)
    CAN1_SCE_IRQHandler                      0x08000227   Thumb Code     0  startup_stm32f767xx.o(.text)
    CAN1_TX_IRQHandler                       0x08000227   Thumb Code     0  startup_stm32f767xx.o(.text)
    CAN2_RX0_IRQHandler                      0x08000227   Thumb Code     0  startup_stm32f767xx.o(.text)
    CAN2_RX1_IRQHandler                      0x08000227   Thumb Code     0  startup_stm32f767xx.o(.text)
    CAN2_SCE_IRQHandler                      0x08000227   Thumb Code     0  startup_stm32f767xx.o(.text)
    CAN2_TX_IRQHandler                       0x08000227   Thumb Code     0  startup_stm32f767xx.o(.text)
    CAN3_RX0_IRQHandler                      0x08000227   Thumb Code     0  startup_stm32f767xx.o(.text)
    CAN3_RX1_IRQHandler                      0x08000227   Thumb Code     0  startup_stm32f767xx.o(.text)
    CAN3_SCE_IRQHandler                      0x08000227   Thumb Code     0  startup_stm32f767xx.o(.text)
    CAN3_TX_IRQHandler                       0x08000227   Thumb Code     0  startup_stm32f767xx.o(.text)
    CEC_IRQHandler                           0x08000227   Thumb Code     0  startup_stm32f767xx.o(.text)
    DCMI_IRQHandler                          0x08000227   Thumb Code     0  startup_stm32f767xx.o(.text)
    DFSDM1_FLT0_IRQHandler                   0x08000227   Thumb Code     0  startup_stm32f767xx.o(.text)
    DFSDM1_FLT1_IRQHandler                   0x08000227   Thumb Code     0  startup_stm32f767xx.o(.text)
    DFSDM1_FLT2_IRQHandler                   0x08000227   Thumb Code     0  startup_stm32f767xx.o(.text)
    DFSDM1_FLT3_IRQHandler                   0x08000227   Thumb Code     0  startup_stm32f767xx.o(.text)
    DMA1_Stream0_IRQHandler                  0x08000227   Thumb Code     0  startup_stm32f767xx.o(.text)
    DMA1_Stream1_IRQHandler                  0x08000227   Thumb Code     0  startup_stm32f767xx.o(.text)
    DMA1_Stream2_IRQHandler                  0x08000227   Thumb Code     0  startup_stm32f767xx.o(.text)
    DMA1_Stream3_IRQHandler                  0x08000227   Thumb Code     0  startup_stm32f767xx.o(.text)
    DMA1_Stream4_IRQHandler                  0x08000227   Thumb Code     0  startup_stm32f767xx.o(.text)
    DMA1_Stream5_IRQHandler                  0x08000227   Thumb Code     0  startup_stm32f767xx.o(.text)
    DMA1_Stream6_IRQHandler                  0x08000227   Thumb Code     0  startup_stm32f767xx.o(.text)
    DMA1_Stream7_IRQHandler                  0x08000227   Thumb Code     0  startup_stm32f767xx.o(.text)
    DMA2D_IRQHandler                         0x08000227   Thumb Code     0  startup_stm32f767xx.o(.text)
    DMA2_Stream3_IRQHandler                  0x08000227   Thumb Code     0  startup_stm32f767xx.o(.text)
    DMA2_Stream4_IRQHandler                  0x08000227   Thumb Code     0  startup_stm32f767xx.o(.text)
    DMA2_Stream5_IRQHandler                  0x08000227   Thumb Code     0  startup_stm32f767xx.o(.text)
    DMA2_Stream6_IRQHandler                  0x08000227   Thumb Code     0  startup_stm32f767xx.o(.text)
    DMA2_Stream7_IRQHandler                  0x08000227   Thumb Code     0  startup_stm32f767xx.o(.text)
    ETH_IRQHandler                           0x08000227   Thumb Code     0  startup_stm32f767xx.o(.text)
    ETH_WKUP_IRQHandler                      0x08000227   Thumb Code     0  startup_stm32f767xx.o(.text)
    EXTI0_IRQHandler                         0x08000227   Thumb Code     0  startup_stm32f767xx.o(.text)
    EXTI1_IRQHandler                         0x08000227   Thumb Code     0  startup_stm32f767xx.o(.text)
    EXTI2_IRQHandler                         0x08000227   Thumb Code     0  startup_stm32f767xx.o(.text)
    EXTI3_IRQHandler                         0x08000227   Thumb Code     0  startup_stm32f767xx.o(.text)
    EXTI4_IRQHandler                         0x08000227   Thumb Code     0  startup_stm32f767xx.o(.text)
    EXTI9_5_IRQHandler                       0x08000227   Thumb Code     0  startup_stm32f767xx.o(.text)
    FLASH_IRQHandler                         0x08000227   Thumb Code     0  startup_stm32f767xx.o(.text)
    FMC_IRQHandler                           0x08000227   Thumb Code     0  startup_stm32f767xx.o(.text)
    FPU_IRQHandler                           0x08000227   Thumb Code     0  startup_stm32f767xx.o(.text)
    I2C1_ER_IRQHandler                       0x08000227   Thumb Code     0  startup_stm32f767xx.o(.text)
    I2C1_EV_IRQHandler                       0x08000227   Thumb Code     0  startup_stm32f767xx.o(.text)
    I2C2_ER_IRQHandler                       0x08000227   Thumb Code     0  startup_stm32f767xx.o(.text)
    I2C2_EV_IRQHandler                       0x08000227   Thumb Code     0  startup_stm32f767xx.o(.text)
    I2C3_ER_IRQHandler                       0x08000227   Thumb Code     0  startup_stm32f767xx.o(.text)
    I2C3_EV_IRQHandler                       0x08000227   Thumb Code     0  startup_stm32f767xx.o(.text)
    I2C4_ER_IRQHandler                       0x08000227   Thumb Code     0  startup_stm32f767xx.o(.text)
    I2C4_EV_IRQHandler                       0x08000227   Thumb Code     0  startup_stm32f767xx.o(.text)
    JPEG_IRQHandler                          0x08000227   Thumb Code     0  startup_stm32f767xx.o(.text)
    LPTIM1_IRQHandler                        0x08000227   Thumb Code     0  startup_stm32f767xx.o(.text)
    LTDC_ER_IRQHandler                       0x08000227   Thumb Code     0  startup_stm32f767xx.o(.text)
    LTDC_IRQHandler                          0x08000227   Thumb Code     0  startup_stm32f767xx.o(.text)
    MDIOS_IRQHandler                         0x08000227   Thumb Code     0  startup_stm32f767xx.o(.text)
    OTG_FS_IRQHandler                        0x08000227   Thumb Code     0  startup_stm32f767xx.o(.text)
    OTG_FS_WKUP_IRQHandler                   0x08000227   Thumb Code     0  startup_stm32f767xx.o(.text)
    OTG_HS_EP1_IN_IRQHandler                 0x08000227   Thumb Code     0  startup_stm32f767xx.o(.text)
    OTG_HS_EP1_OUT_IRQHandler                0x08000227   Thumb Code     0  startup_stm32f767xx.o(.text)
    OTG_HS_IRQHandler                        0x08000227   Thumb Code     0  startup_stm32f767xx.o(.text)
    OTG_HS_WKUP_IRQHandler                   0x08000227   Thumb Code     0  startup_stm32f767xx.o(.text)
    PVD_IRQHandler                           0x08000227   Thumb Code     0  startup_stm32f767xx.o(.text)
    QUADSPI_IRQHandler                       0x08000227   Thumb Code     0  startup_stm32f767xx.o(.text)
    RCC_IRQHandler                           0x08000227   Thumb Code     0  startup_stm32f767xx.o(.text)
    RNG_IRQHandler                           0x08000227   Thumb Code     0  startup_stm32f767xx.o(.text)
    RTC_Alarm_IRQHandler                     0x08000227   Thumb Code     0  startup_stm32f767xx.o(.text)
    RTC_WKUP_IRQHandler                      0x08000227   Thumb Code     0  startup_stm32f767xx.o(.text)
    SAI1_IRQHandler                          0x08000227   Thumb Code     0  startup_stm32f767xx.o(.text)
    SAI2_IRQHandler                          0x08000227   Thumb Code     0  startup_stm32f767xx.o(.text)
    SDMMC1_IRQHandler                        0x08000227   Thumb Code     0  startup_stm32f767xx.o(.text)
    SDMMC2_IRQHandler                        0x08000227   Thumb Code     0  startup_stm32f767xx.o(.text)
    SPDIF_RX_IRQHandler                      0x08000227   Thumb Code     0  startup_stm32f767xx.o(.text)
    SPI1_IRQHandler                          0x08000227   Thumb Code     0  startup_stm32f767xx.o(.text)
    SPI3_IRQHandler                          0x08000227   Thumb Code     0  startup_stm32f767xx.o(.text)
    SPI4_IRQHandler                          0x08000227   Thumb Code     0  startup_stm32f767xx.o(.text)
    SPI5_IRQHandler                          0x08000227   Thumb Code     0  startup_stm32f767xx.o(.text)
    SPI6_IRQHandler                          0x08000227   Thumb Code     0  startup_stm32f767xx.o(.text)
    TAMP_STAMP_IRQHandler                    0x08000227   Thumb Code     0  startup_stm32f767xx.o(.text)
    TIM1_BRK_TIM9_IRQHandler                 0x08000227   Thumb Code     0  startup_stm32f767xx.o(.text)
    TIM1_CC_IRQHandler                       0x08000227   Thumb Code     0  startup_stm32f767xx.o(.text)
    TIM1_TRG_COM_TIM11_IRQHandler            0x08000227   Thumb Code     0  startup_stm32f767xx.o(.text)
    TIM2_IRQHandler                          0x08000227   Thumb Code     0  startup_stm32f767xx.o(.text)
    TIM3_IRQHandler                          0x08000227   Thumb Code     0  startup_stm32f767xx.o(.text)
    TIM4_IRQHandler                          0x08000227   Thumb Code     0  startup_stm32f767xx.o(.text)
    TIM5_IRQHandler                          0x08000227   Thumb Code     0  startup_stm32f767xx.o(.text)
    TIM6_DAC_IRQHandler                      0x08000227   Thumb Code     0  startup_stm32f767xx.o(.text)
    TIM7_IRQHandler                          0x08000227   Thumb Code     0  startup_stm32f767xx.o(.text)
    TIM8_BRK_TIM12_IRQHandler                0x08000227   Thumb Code     0  startup_stm32f767xx.o(.text)
    TIM8_CC_IRQHandler                       0x08000227   Thumb Code     0  startup_stm32f767xx.o(.text)
    TIM8_TRG_COM_TIM14_IRQHandler            0x08000227   Thumb Code     0  startup_stm32f767xx.o(.text)
    TIM8_UP_TIM13_IRQHandler                 0x08000227   Thumb Code     0  startup_stm32f767xx.o(.text)
    UART4_IRQHandler                         0x08000227   Thumb Code     0  startup_stm32f767xx.o(.text)
    UART5_IRQHandler                         0x08000227   Thumb Code     0  startup_stm32f767xx.o(.text)
    UART7_IRQHandler                         0x08000227   Thumb Code     0  startup_stm32f767xx.o(.text)
    UART8_IRQHandler                         0x08000227   Thumb Code     0  startup_stm32f767xx.o(.text)
    USART1_IRQHandler                        0x08000227   Thumb Code     0  startup_stm32f767xx.o(.text)
    USART3_IRQHandler                        0x08000227   Thumb Code     0  startup_stm32f767xx.o(.text)
    USART6_IRQHandler                        0x08000227   Thumb Code     0  startup_stm32f767xx.o(.text)
    WWDG_IRQHandler                          0x08000227   Thumb Code     0  startup_stm32f767xx.o(.text)
    __scatterload                            0x08000231   Thumb Code    28  init.o(.text)
    __scatterload_rt2                        0x08000231   Thumb Code     0  init.o(.text)
    BusFault_Handler                         0x080002cd   Thumb Code     2  stm32f7xx_it.o(i.BusFault_Handler)
    DMA2_Stream0_IRQHandler                  0x080002d1   Thumb Code     6  stm32f7xx_it.o(i.DMA2_Stream0_IRQHandler)
    DMA2_Stream1_IRQHandler                  0x080002dd   Thumb Code     6  stm32f7xx_it.o(i.DMA2_Stream1_IRQHandler)
    DMA2_Stream2_IRQHandler                  0x080002e9   Thumb Code     6  stm32f7xx_it.o(i.DMA2_Stream2_IRQHandler)
    DebugMon_Handler                         0x080002f5   Thumb Code     2  stm32f7xx_it.o(i.DebugMon_Handler)
    EXTI15_10_IRQHandler                     0x080002f7   Thumb Code     8  stm32f7xx_it.o(i.EXTI15_10_IRQHandler)
    HAL_ADCEx_MultiModeConfigChannel         0x08000301   Thumb Code   116  stm32f7xx_hal_adc_ex.o(i.HAL_ADCEx_MultiModeConfigChannel)
    HAL_ADCEx_MultiModeStart_DMA             0x08000379   Thumb Code   330  stm32f7xx_hal_adc_ex.o(i.HAL_ADCEx_MultiModeStart_DMA)
    HAL_ADC_ConfigChannel                    0x080004e1   Thumb Code   442  stm32f7xx_hal_adc.o(i.HAL_ADC_ConfigChannel)
    HAL_ADC_ConvCpltCallback                 0x080006ad   Thumb Code   464  conversion.o(i.HAL_ADC_ConvCpltCallback)
    HAL_ADC_ConvHalfCpltCallback             0x08000885   Thumb Code     2  stm32f7xx_hal_adc.o(i.HAL_ADC_ConvHalfCpltCallback)
    HAL_ADC_ErrorCallback                    0x08000887   Thumb Code     2  stm32f7xx_hal_adc.o(i.HAL_ADC_ErrorCallback)
    HAL_ADC_Init                             0x08000889   Thumb Code   368  stm32f7xx_hal_adc.o(i.HAL_ADC_Init)
    HAL_ADC_MspInit                          0x08000a05   Thumb Code   352  adc.o(i.HAL_ADC_MspInit)
    HAL_ADC_Start                            0x08000ba1   Thumb Code   260  stm32f7xx_hal_adc.o(i.HAL_ADC_Start)
    HAL_DMA_Abort_IT                         0x08000cb1   Thumb Code    36  stm32f7xx_hal_dma.o(i.HAL_DMA_Abort_IT)
    HAL_DMA_IRQHandler                       0x08000cd5   Thumb Code   464  stm32f7xx_hal_dma.o(i.HAL_DMA_IRQHandler)
    HAL_DMA_Init                             0x08000eb1   Thumb Code   350  stm32f7xx_hal_dma.o(i.HAL_DMA_Init)
    HAL_DMA_Start_IT                         0x0800101d   Thumb Code   156  stm32f7xx_hal_dma.o(i.HAL_DMA_Start_IT)
    HAL_GPIO_EXTI_Callback                   0x080010b9   Thumb Code     2  stm32f7xx_hal_gpio.o(i.HAL_GPIO_EXTI_Callback)
    HAL_GPIO_EXTI_IRQHandler                 0x080010bd   Thumb Code    20  stm32f7xx_hal_gpio.o(i.HAL_GPIO_EXTI_IRQHandler)
    HAL_GPIO_Init                            0x080010d5   Thumb Code   572  stm32f7xx_hal_gpio.o(i.HAL_GPIO_Init)
    HAL_GPIO_ReadPin                         0x08001325   Thumb Code    10  stm32f7xx_hal_gpio.o(i.HAL_GPIO_ReadPin)
    HAL_GPIO_WritePin                        0x0800132f   Thumb Code    10  stm32f7xx_hal_gpio.o(i.HAL_GPIO_WritePin)
    HAL_GetTick                              0x08001339   Thumb Code     6  stm32f7xx_hal.o(i.HAL_GetTick)
    HAL_IncTick                              0x08001345   Thumb Code    10  stm32f7xx_hal.o(i.HAL_IncTick)
    HAL_Init                                 0x08001355   Thumb Code    22  stm32f7xx_hal.o(i.HAL_Init)
    HAL_InitTick                             0x0800136d   Thumb Code    34  stm32f7xx_hal.o(i.HAL_InitTick)
    HAL_MspInit                              0x08001395   Thumb Code    88  stm32f7xx_hal_msp.o(i.HAL_MspInit)
    HAL_NVIC_EnableIRQ                       0x080013ed   Thumb Code    24  stm32f7xx_hal_cortex.o(i.HAL_NVIC_EnableIRQ)
    HAL_NVIC_SetPriority                     0x08001405   Thumb Code    92  stm32f7xx_hal_cortex.o(i.HAL_NVIC_SetPriority)
    HAL_NVIC_SetPriorityGrouping             0x08001465   Thumb Code    30  stm32f7xx_hal_cortex.o(i.HAL_NVIC_SetPriorityGrouping)
    HAL_PWREx_EnableOverDrive                0x08001489   Thumb Code   116  stm32f7xx_hal_pwr_ex.o(i.HAL_PWREx_EnableOverDrive)
    HAL_QSPI_Init                            0x08001505   Thumb Code   200  stm32f7xx_hal_qspi.o(i.HAL_QSPI_Init)
    HAL_QSPI_MspInit                         0x080015d1   Thumb Code   118  quadspi.o(i.HAL_QSPI_MspInit)
    HAL_RCCEx_PeriphCLKConfig                0x08001659   Thumb Code  1496  stm32f7xx_hal_rcc_ex.o(i.HAL_RCCEx_PeriphCLKConfig)
    HAL_RCC_ClockConfig                      0x08001c35   Thumb Code   392  stm32f7xx_hal_rcc.o(i.HAL_RCC_ClockConfig)
    HAL_RCC_GetHCLKFreq                      0x08001ddd   Thumb Code     6  stm32f7xx_hal_rcc.o(i.HAL_RCC_GetHCLKFreq)
    HAL_RCC_GetPCLK1Freq                     0x08001de9   Thumb Code    20  stm32f7xx_hal_rcc.o(i.HAL_RCC_GetPCLK1Freq)
    HAL_RCC_GetPCLK2Freq                     0x08001e09   Thumb Code    20  stm32f7xx_hal_rcc.o(i.HAL_RCC_GetPCLK2Freq)
    HAL_RCC_GetSysClockFreq                  0x08001e29   Thumb Code    94  stm32f7xx_hal_rcc.o(i.HAL_RCC_GetSysClockFreq)
    HAL_RCC_OscConfig                        0x08001e99   Thumb Code   928  stm32f7xx_hal_rcc.o(i.HAL_RCC_OscConfig)
    HAL_RTC_Init                             0x08002259   Thumb Code   202  stm32f7xx_hal_rtc.o(i.HAL_RTC_Init)
    HAL_RTC_MspInit                          0x08002325   Thumb Code    26  rtc.o(i.HAL_RTC_MspInit)
    HAL_SPI_ErrorCallback                    0x08002345   Thumb Code     2  stm32f7xx_hal_spi.o(i.HAL_SPI_ErrorCallback)
    HAL_SPI_IRQHandler                       0x08002349   Thumb Code   242  stm32f7xx_hal_spi.o(i.HAL_SPI_IRQHandler)
    HAL_SPI_Init                             0x08002441   Thumb Code   210  stm32f7xx_hal_spi.o(i.HAL_SPI_Init)
    HAL_SPI_MspInit                          0x08002515   Thumb Code    90  spi.o(i.HAL_SPI_MspInit)
    HAL_SPI_Transmit_IT                      0x08002579   Thumb Code   152  stm32f7xx_hal_spi.o(i.HAL_SPI_Transmit_IT)
    HAL_SPI_TxCpltCallback                   0x08002619   Thumb Code    24  spi_masterslave.o(i.HAL_SPI_TxCpltCallback)
    HAL_SYSTICK_CLKSourceConfig              0x08002639   Thumb Code    22  stm32f7xx_hal_cortex.o(i.HAL_SYSTICK_CLKSourceConfig)
    HAL_SYSTICK_Callback                     0x0800264f   Thumb Code     2  stm32f7xx_hal_cortex.o(i.HAL_SYSTICK_Callback)
    HAL_SYSTICK_Config                       0x08002651   Thumb Code    36  stm32f7xx_hal_cortex.o(i.HAL_SYSTICK_Config)
    HAL_SYSTICK_IRQHandler                   0x08002679   Thumb Code     8  stm32f7xx_hal_cortex.o(i.HAL_SYSTICK_IRQHandler)
    HAL_TIMEx_BreakCallback                  0x08002681   Thumb Code     2  stm32f7xx_hal_tim_ex.o(i.HAL_TIMEx_BreakCallback)
    HAL_TIMEx_CommutationCallback            0x08002683   Thumb Code     2  stm32f7xx_hal_tim_ex.o(i.HAL_TIMEx_CommutationCallback)
    HAL_TIMEx_MasterConfigSynchronization    0x08002685   Thumb Code    94  stm32f7xx_hal_tim_ex.o(i.HAL_TIMEx_MasterConfigSynchronization)
    HAL_TIM_Base_Init                        0x080026e3   Thumb Code    54  stm32f7xx_hal_tim.o(i.HAL_TIM_Base_Init)
    HAL_TIM_Base_MspInit                     0x08002719   Thumb Code    84  tim.o(i.HAL_TIM_Base_MspInit)
    HAL_TIM_Base_Start_IT                    0x08002775   Thumb Code    24  stm32f7xx_hal_tim.o(i.HAL_TIM_Base_Start_IT)
    HAL_TIM_ConfigClockSource                0x0800278d   Thumb Code   468  stm32f7xx_hal_tim.o(i.HAL_TIM_ConfigClockSource)
    HAL_TIM_IC_CaptureCallback               0x08002961   Thumb Code     2  stm32f7xx_hal_tim.o(i.HAL_TIM_IC_CaptureCallback)
    HAL_TIM_IRQHandler                       0x08002963   Thumb Code   388  stm32f7xx_hal_tim.o(i.HAL_TIM_IRQHandler)
    HAL_TIM_OC_DelayElapsedCallback          0x08002ae7   Thumb Code     2  stm32f7xx_hal_tim.o(i.HAL_TIM_OC_DelayElapsedCallback)
    HAL_TIM_PWM_PulseFinishedCallback        0x08002ae9   Thumb Code     2  stm32f7xx_hal_tim.o(i.HAL_TIM_PWM_PulseFinishedCallback)
    HAL_TIM_PeriodElapsedCallback            0x08002aeb   Thumb Code     2  stm32f7xx_hal_tim.o(i.HAL_TIM_PeriodElapsedCallback)
    HAL_TIM_TriggerCallback                  0x08002aed   Thumb Code     2  stm32f7xx_hal_tim.o(i.HAL_TIM_TriggerCallback)
    HAL_UART_ErrorCallback                   0x08002aef   Thumb Code     2  stm32f7xx_hal_uart.o(i.HAL_UART_ErrorCallback)
    HAL_UART_IRQHandler                      0x08002af1   Thumb Code   652  stm32f7xx_hal_uart.o(i.HAL_UART_IRQHandler)
    HAL_UART_Init                            0x08002d81   Thumb Code   110  stm32f7xx_hal_uart.o(i.HAL_UART_Init)
    HAL_UART_MspInit                         0x08002df1   Thumb Code    88  usart.o(i.HAL_UART_MspInit)
    HAL_UART_Receive_IT                      0x08002e51   Thumb Code   150  stm32f7xx_hal_uart.o(i.HAL_UART_Receive_IT)
    HAL_UART_RxCpltCallback                  0x08002ee9   Thumb Code    72  uart_masterslave.o(i.HAL_UART_RxCpltCallback)
    HAL_UART_TxCpltCallback                  0x08002f39   Thumb Code    26  uart_masterslave.o(i.HAL_UART_TxCpltCallback)
    HardFault_Handler                        0x08002f59   Thumb Code     2  stm32f7xx_it.o(i.HardFault_Handler)
    MX_ADC1_Init                             0x08002f5d   Thumb Code   222  adc.o(i.MX_ADC1_Init)
    MX_ADC2_Init                             0x08003055   Thumb Code   182  adc.o(i.MX_ADC2_Init)
    MX_ADC3_Init                             0x08003125   Thumb Code   184  adc.o(i.MX_ADC3_Init)
    MX_DMA_Init                              0x080031f5   Thumb Code    40  dma.o(i.MX_DMA_Init)
    MX_GPIO_Init                             0x08003221   Thumb Code   530  gpio.o(i.MX_GPIO_Init)
    MX_QUADSPI_Init                          0x08003459   Thumb Code    54  quadspi.o(i.MX_QUADSPI_Init)
    MX_RTC_Init                              0x080034ad   Thumb Code    52  rtc.o(i.MX_RTC_Init)
    MX_SPI2_Init                             0x080034f9   Thumb Code    74  spi.o(i.MX_SPI2_Init)
    MX_TIM1_Init                             0x0800355d   Thumb Code   102  tim.o(i.MX_TIM1_Init)
    MX_TIM6_Init                             0x080035dd   Thumb Code    70  tim.o(i.MX_TIM6_Init)
    MX_USART2_UART_Init                      0x0800363d   Thumb Code    60  usart.o(i.MX_USART2_UART_Init)
    MemManage_Handler                        0x08003691   Thumb Code     2  stm32f7xx_it.o(i.MemManage_Handler)
    NMI_Handler                              0x08003693   Thumb Code     2  stm32f7xx_it.o(i.NMI_Handler)
    PendSV_Handler                           0x08003695   Thumb Code     2  stm32f7xx_it.o(i.PendSV_Handler)
    SPI2_IRQHandler                          0x080036f1   Thumb Code     6  stm32f7xx_it.o(i.SPI2_IRQHandler)
    SVC_Handler                              0x08003951   Thumb Code     2  stm32f7xx_it.o(i.SVC_Handler)
    SysTick_Handler                          0x08003953   Thumb Code    22  stm32f7xx_it.o(i.SysTick_Handler)
    SystemClock_Config                       0x08003969   Thumb Code   186  main.o(i.SystemClock_Config)
    SystemInit                               0x08003a2d   Thumb Code    76  system_stm32f7xx.o(i.SystemInit)
    TIM1_UP_TIM10_IRQHandler                 0x08003a8d   Thumb Code     6  stm32f7xx_it.o(i.TIM1_UP_TIM10_IRQHandler)
    TIM_Base_SetConfig                       0x08003a99   Thumb Code   180  stm32f7xx_hal_tim.o(i.TIM_Base_SetConfig)
    UART_AdvFeatureConfig                    0x08003b61   Thumb Code   218  stm32f7xx_hal_uart.o(i.UART_AdvFeatureConfig)
    UART_CheckIdleState                      0x08003c3b   Thumb Code    68  stm32f7xx_hal_uart.o(i.UART_CheckIdleState)
    UART_SetConfig                           0x08003c95   Thumb Code   682  stm32f7xx_hal_uart.o(i.UART_SetConfig)
    UART_WaitOnFlagUntilTimeout              0x08003f51   Thumb Code   118  stm32f7xx_hal_uart.o(i.UART_WaitOnFlagUntilTimeout)
    USART2_IRQHandler                        0x08003fc9   Thumb Code     6  stm32f7xx_it.o(i.USART2_IRQHandler)
    UsageFault_Handler                       0x08003fd5   Thumb Code     2  stm32f7xx_it.o(i.UsageFault_Handler)
    _Error_Handler                           0x08003fd7   Thumb Code     2  main.o(i._Error_Handler)
    __scatterload_copy                       0x08003fd9   Thumb Code    14  handlers.o(i.__scatterload_copy)
    __scatterload_null                       0x08003fe7   Thumb Code     2  handlers.o(i.__scatterload_null)
    __scatterload_zeroinit                   0x08003fe9   Thumb Code    14  handlers.o(i.__scatterload_zeroinit)
    boardIO                                  0x08003ff9   Thumb Code   506  boardio.o(i.boardIO)
    dpm_mergeDWord                           0x08004211   Thumb Code   108  dataparsermerger.o(i.dpm_mergeDWord)
    dpm_mergeFloat                           0x0800427d   Thumb Code    92  dataparsermerger.o(i.dpm_mergeFloat)
    dpm_parseDWord                           0x080042dd   Thumb Code    82  dataparsermerger.o(i.dpm_parseDWord)
    dpm_parseFloat                           0x08004331   Thumb Code    92  dataparsermerger.o(i.dpm_parseFloat)
    fc27_init                                0x08004391   Thumb Code    18  fc27.o(i.fc27_init)
    fc37_init                                0x080043ad   Thumb Code     2  fc37.o(i.fc37_init)
    fc46_init                                0x080043b1   Thumb Code    72  fc46.o(i.fc46_init)
    fc49_init                                0x0800440d   Thumb Code    72  fc49.o(i.fc49_init)
    fc50N_init                               0x08004465   Thumb Code    22  fc50n.o(i.fc50N_init)
    fc50_init                                0x08004485   Thumb Code    40  fc50.o(i.fc50_init)
    fc51N_init                               0x080044b5   Thumb Code    68  fc51n.o(i.fc51N_init)
    fc51_init                                0x0800450d   Thumb Code    62  fc51.o(i.fc51_init)
    fc59_init                                0x08004561   Thumb Code    18  fc59.o(i.fc59_init)
    fcBF_init                                0x0800457d   Thumb Code    42  fcbf.o(i.fcBF_init)
    fcPVP_init                               0x080045b5   Thumb Code    76  fcpvp.o(i.fcPVP_init)
    fcUNB_init                               0x08004615   Thumb Code    38  fcunb.o(i.fcUNB_init)
    initFunctions                            0x08004649   Thumb Code    54  initfunctions.o(i.initFunctions)
    main                                     0x08004681   Thumb Code   148  main.o(i.main)
    prefilter                                0x0800472d   Thumb Code   138  measurement_functions.o(i.prefilter)
    pushDataToMaster                         0x080047b9   Thumb Code   654  commparams.o(i.pushDataToMaster)
    spi_initComApp                           0x08004a99   Thumb Code     2  spi_masterslave.o(i.spi_initComApp)
    spi_runComApp                            0x08004a9d   Thumb Code   886  spi_masterslave.o(i.spi_runComApp)
    spi_sysTickCallApp                       0x08004e21   Thumb Code    62  spi_masterslave.o(i.spi_sysTickCallApp)
    tickFunctions                            0x08004e65   Thumb Code    28  tickfunctions.o(i.tickFunctions)
    uart_initComApp                          0x08004e85   Thumb Code    10  uart_masterslave.o(i.uart_initComApp)
    uart_runComApp                           0x08004e99   Thumb Code   382  uart_masterslave.o(i.uart_runComApp)
    uart_sysTickCallApp                      0x08005025   Thumb Code    60  uart_masterslave.o(i.uart_sysTickCallApp)
    AHBPrescTable                            0x0800506c   Data          16  system_stm32f7xx.o(.constdata)
    APBPrescTable                            0x0800507c   Data           8  system_stm32f7xx.o(.constdata)
    Region$$Table$$Base                      0x0800517c   Number         0  anon$$obj.o(Region$$Table)
    Region$$Table$$Limit                     0x0800519c   Number         0  anon$$obj.o(Region$$Table)
    uwTick                                   0x20000000   Data           4  stm32f7xx_hal.o(.data)
    SystemCoreClock                          0x20000004   Data           4  system_stm32f7xx.o(.data)
    curve_data                               0x20000008   Data         132  init_protection.o(.data)
    curve                                    0x2000008c   Data           1  init_protection.o(.data)
    UNBpcorrection                           0x20000094   Data           4  fcunb.o(.data)
    fcUNBi_obj1_L1_in                        0x20000098   Data           8  fcunb.o(.data)
    conversion_completed                     0x200000a0   Data           1  conversion.o(.data)
    tick                                     0x200000a1   Data           1  tickfunctions.o(.data)
    DO                                       0x200000a4   Data           1  boardio.o(.data)
    DI                                       0x200000a8   Data           4  boardio.o(.data)
    typeCnv                                  0x200000ac   Data           4  dataparsermerger.o(.data)
    htim1                                    0x200000b0   Data          64  tim.o(.bss)
    htim6                                    0x200000f0   Data          64  tim.o(.bss)
    hrtc                                     0x20000130   Data          32  rtc.o(.bss)
    hqspi                                    0x20000150   Data          76  quadspi.o(.bss)
    hadc1                                    0x2000019c   Data          72  adc.o(.bss)
    hadc2                                    0x200001e4   Data          72  adc.o(.bss)
    hadc3                                    0x2000022c   Data          72  adc.o(.bss)
    hdma_adc1                                0x20000274   Data          96  adc.o(.bss)
    hdma_adc2                                0x200002d4   Data          96  adc.o(.bss)
    hdma_adc3                                0x20000334   Data          96  adc.o(.bss)
    adc_values                               0x20000394   Data          60  main.o(.bss)
    huart2                                   0x200003d0   Data         112  usart.o(.bss)
    hspi2                                    0x20000440   Data         100  spi.o(.bss)
    selectCURVE                              0x200004a4   Data          24  init_protection.o(.bss)
    fc50_obj1_L1_out_a                       0x200004bc   Data          12  fc50.o(.bss)
    fc50_obj1_L1_out_b                       0x200004c8   Data          12  fc50.o(.bss)
    fc50_obj1_L1_out_c                       0x200004d4   Data          12  fc50.o(.bss)
    fc50_obj1_L2_out_a                       0x200004e0   Data          12  fc50.o(.bss)
    fc50_obj1_L2_out_b                       0x200004ec   Data          12  fc50.o(.bss)
    fc50_obj1_L2_out_c                       0x200004f8   Data          12  fc50.o(.bss)
    fc50_obj1_L3_out_a                       0x20000504   Data          12  fc50.o(.bss)
    fc50_obj1_L3_out_b                       0x20000510   Data          12  fc50.o(.bss)
    fc50_obj1_L3_out_c                       0x2000051c   Data          12  fc50.o(.bss)
    fc50_obj2_L1_out_a                       0x20000528   Data          12  fc50.o(.bss)
    fc50_obj2_L1_out_b                       0x20000534   Data          12  fc50.o(.bss)
    fc50_obj2_L1_out_c                       0x20000540   Data          12  fc50.o(.bss)
    fc50_obj2_L2_out_a                       0x2000054c   Data          12  fc50.o(.bss)
    fc50_obj2_L2_out_b                       0x20000558   Data          12  fc50.o(.bss)
    fc50_obj2_L2_out_c                       0x20000564   Data          12  fc50.o(.bss)
    fc50_obj2_L3_out_a                       0x20000570   Data          12  fc50.o(.bss)
    fc50_obj2_L3_out_b                       0x2000057c   Data          12  fc50.o(.bss)
    fc50_obj2_L3_out_c                       0x20000588   Data          12  fc50.o(.bss)
    fc50_obj1_L1_in                          0x20000594   Data          16  fc50.o(.bss)
    fc50_obj1_L2_in                          0x200005a4   Data          16  fc50.o(.bss)
    fc50_obj1_L3_in                          0x200005b4   Data          16  fc50.o(.bss)
    fc50_obj2_L1_in                          0x200005c4   Data          16  fc50.o(.bss)
    fc50_obj2_L2_in                          0x200005d4   Data          16  fc50.o(.bss)
    fc50_obj2_L3_in                          0x200005e4   Data          16  fc50.o(.bss)
    fc50N_obj1_L1_out                        0x200005f4   Data          12  fc50n.o(.bss)
    fc50N_obj1_L2_out                        0x20000600   Data          12  fc50n.o(.bss)
    fc50N_obj1_L3_out                        0x2000060c   Data          12  fc50n.o(.bss)
    fc50N_obj1_L1_in                         0x20000618   Data          16  fc50n.o(.bss)
    fc50N_obj1_L2_in                         0x20000628   Data          16  fc50n.o(.bss)
    fc50N_obj1_L3_in                         0x20000638   Data          16  fc50n.o(.bss)
    fc51_obj1_out_a                          0x20000648   Data          12  fc51.o(.bss)
    fc51_obj1_out_b                          0x20000654   Data          12  fc51.o(.bss)
    fc51_obj1_out_c                          0x20000660   Data          12  fc51.o(.bss)
    fc51_obj1_in                             0x2000066c   Data          20  fc51.o(.bss)
    fc51_obj2_in                             0x20000680   Data          20  fc51.o(.bss)
    fc51N_obj1_out                           0x20000694   Data          12  fc51n.o(.bss)
    fc51N_obj1_in                            0x200006a0   Data          20  fc51n.o(.bss)
    fc27_obj1_L1_in                          0x200006b4   Data          16  fc27.o(.bss)
    fc27_obj1_L2_in                          0x200006c4   Data          16  fc27.o(.bss)
    fc59_obj1_L1_in                          0x200006d4   Data          12  fc59.o(.bss)
    fc59_obj1_L2_in                          0x200006e0   Data          12  fc59.o(.bss)
    fc46d_obj1_L1_out                        0x200006ec   Data          12  fc46.o(.bss)
    fc46i_obj1_L1_out                        0x200006f8   Data          12  fc46.o(.bss)
    fc46d_obj1_L1_in                         0x20000704   Data          16  fc46.o(.bss)
    fc46i_obj1_L1_in                         0x20000714   Data          20  fc46.o(.bss)
    fc49_obj1_therm                          0x20000728   Data          20  fc49.o(.bss)
    fc49_obj2_therm                          0x2000073c   Data          20  fc49.o(.bss)
    fc49_obj1_L1_in                          0x20000750   Data          16  fc49.o(.bss)
    fc49_obj1_L2_in                          0x20000760   Data          16  fc49.o(.bss)
    fc49_obj2_L1_in                          0x20000770   Data          16  fc49.o(.bss)
    fc49_obj2_L2_in                          0x20000780   Data          16  fc49.o(.bss)
    fcBF_out                                 0x20000790   Data          12  fcbf.o(.bss)
    fcBF_in                                  0x2000079c   Data          24  fcbf.o(.bss)
    fcUNBd_obj1_L1_out_a                     0x200007b4   Data          16  fcunb.o(.bss)
    fcUNBd_obj1_L1_out_b                     0x200007c4   Data          16  fcunb.o(.bss)
    fcUNBi_obj1_L1_out_a                     0x200007d4   Data          12  fcunb.o(.bss)
    fcUNBi_obj1_L1_out_b                     0x200007e0   Data          12  fcunb.o(.bss)
    fcUNBd_obj1_L1_in                        0x200008b4   Data          12  fcunb.o(.bss)
    pvp_in                                   0x200008c0   Data          12  fcpvp.o(.bss)
    pvp_in_back                              0x200008cc   Data          12  fcpvp.o(.bss)
    pvp_out                                  0x200008d8   Data          12  fcpvp.o(.bss)
    pvp_out_back                             0x200008e4   Data          12  fcpvp.o(.bss)
    fcPVPi_obj1_L1_out_a                     0x200008f0   Data          12  fcpvp.o(.bss)
    fcPVPi_obj1_L1_out_b                     0x200008fc   Data          12  fcpvp.o(.bss)
    fcPVPi_obj1_L1_out_c                     0x20000908   Data          12  fcpvp.o(.bss)
    fcPVPd_obj1_L1_in                        0x20000b6c   Data          12  fcpvp.o(.bss)
    fcPVPi_obj1_L1_in                        0x20000b78   Data          20  fcpvp.o(.bss)
    pick                                     0x20000b8c   Data          12  pickup_handles.o(.bss)
    trip                                     0x20000b98   Data          12  pickup_handles.o(.bss)
    phase_cs_A                               0x20000cb0   Data          16  cs_handles.o(.bss)
    phase_cs_B                               0x20000cc0   Data          16  cs_handles.o(.bss)
    phase_cs_C                               0x20000cd0   Data          16  cs_handles.o(.bss)
    phase_cs_A_out                           0x20000ce0   Data          44  cs_handles.o(.bss)
    phase_cs_B_out                           0x20000d0c   Data          44  cs_handles.o(.bss)
    phase_cs_C_out                           0x20000d38   Data          44  cs_handles.o(.bss)
    sym                                      0x20000d64   Data          24  cs_handles.o(.bss)
    sym_hist                                 0x20000d7c   Data          24  cs_handles.o(.bss)
    mag_sym                                  0x20000d94   Data          24  cs_handles.o(.bss)
    c_buffer                                 0x20000dac   Data        2400  cs_handles.o(.bss)
    s_buffer                                 0x2000170c   Data        2400  cs_handles.o(.bss)
    P                                        0x2000206c   Data          28  cs_handles.o(.bss)
    Q                                        0x20002088   Data          28  cs_handles.o(.bss)
    fRMS                                     0x200020a4   Data          60  cs_handles.o(.bss)
    tRMS                                     0x200020e0   Data          60  truerms.o(.bss)
    backRMS                                  0x2000211c   Data          60  truerms.o(.bss)
    bufferRMS                                0x20002158   Data        2400  truerms.o(.bss)
    spect_Ia                                 0x20002ab8   Data         368  spectra.o(.bss)
    spect_Ib                                 0x20002c28   Data         368  spectra.o(.bss)
    spect_Ic                                 0x20002d98   Data         368  spectra.o(.bss)
    thd                                      0x20002f08   Data          12  spectra.o(.bss)
    rawAdc                                   0x20002f14   Data          60  conversion.o(.bss)
    fAdc                                     0x20002f50   Data          60  conversion.o(.bss)
    offset                                   0x20002f8c   Data          60  conversion.o(.bss)
    scale                                    0x20002fc8   Data          60  conversion.o(.bss)
    Sys                                      0x200031f0   Data          16  powersysdata.o(.bss)
    pick_words                               0x20003200   Data          12  commparams.o(.bss)
    trip_words                               0x2000320c   Data          12  commparams.o(.bss)
    comParams                                0x20003218   Data        6020  spi_masterslave.o(.bss)
    spiCRC                                   0x2000499c   Data          12  spi_masterslave.o(.bss)
    comParams_uart                           0x200049a8   Data        2996  uart_masterslave.o(.bss)
    uartCRC                                  0x2000555c   Data          12  uart_masterslave.o(.bss)
    __initial_sp                             0x20005968   Data           0  startup_stm32f767xx.o(STACK)



==============================================================================

Memory Map of the image

  Image Entry point : 0x080001f9

  Load Region LR_IROM1 (Base: 0x08000000, Size: 0x0000524c, Max: 0x00200000, ABSOLUTE)

    Execution Region ER_IROM1 (Base: 0x08000000, Size: 0x0000519c, Max: 0x00200000, ABSOLUTE)

    Base Addr    Size         Type   Attr      Idx    E Section Name        Object

    0x08000000   0x000001f8   Data   RO          869    RESET               startup_stm32f767xx.o
    0x080001f8   0x00000000   Code   RO         5829  * .ARM.Collect$$$$00000000  mc_w.l(entry.o)
    0x080001f8   0x00000004   Code   RO         5880    .ARM.Collect$$$$00000001  mc_w.l(entry2.o)
    0x080001fc   0x00000004   Code   RO         5883    .ARM.Collect$$$$00000004  mc_w.l(entry5.o)
    0x08000200   0x00000000   Code   RO         5885    .ARM.Collect$$$$00000008  mc_w.l(entry7b.o)
    0x08000200   0x00000000   Code   RO         5887    .ARM.Collect$$$$0000000A  mc_w.l(entry8b.o)
    0x08000200   0x00000008   Code   RO         5888    .ARM.Collect$$$$0000000B  mc_w.l(entry9a.o)
    0x08000208   0x00000000   Code   RO         5890    .ARM.Collect$$$$0000000D  mc_w.l(entry10a.o)
    0x08000208   0x00000000   Code   RO         5892    .ARM.Collect$$$$0000000F  mc_w.l(entry11a.o)
    0x08000208   0x00000004   Code   RO         5881    .ARM.Collect$$$$00002712  mc_w.l(entry2.o)
    0x0800020c   0x00000024   Code   RO          870    .text               startup_stm32f767xx.o
    0x08000230   0x00000024   Code   RO         5914    .text               mc_w.l(init.o)
    0x08000254   0x00000060   Code   RO         2071    i.ADC_MultiModeDMAConvCplt  stm32f7xx_hal_adc_ex.o
    0x080002b4   0x00000012   Code   RO         2072    i.ADC_MultiModeDMAError  stm32f7xx_hal_adc_ex.o
    0x080002c6   0x00000006   Code   RO         2073    i.ADC_MultiModeDMAHalfConvCplt  stm32f7xx_hal_adc_ex.o
    0x080002cc   0x00000002   Code   RO          310    i.BusFault_Handler  stm32f7xx_it.o
    0x080002ce   0x00000002   PAD
    0x080002d0   0x0000000c   Code   RO          311    i.DMA2_Stream0_IRQHandler  stm32f7xx_it.o
    0x080002dc   0x0000000c   Code   RO          312    i.DMA2_Stream1_IRQHandler  stm32f7xx_it.o
    0x080002e8   0x0000000c   Code   RO          313    i.DMA2_Stream2_IRQHandler  stm32f7xx_it.o
    0x080002f4   0x00000002   Code   RO          314    i.DebugMon_Handler  stm32f7xx_it.o
    0x080002f6   0x00000008   Code   RO          315    i.EXTI15_10_IRQHandler  stm32f7xx_it.o
    0x080002fe   0x00000002   PAD
    0x08000300   0x00000078   Code   RO         2082    i.HAL_ADCEx_MultiModeConfigChannel  stm32f7xx_hal_adc_ex.o
    0x08000378   0x00000168   Code   RO         2084    i.HAL_ADCEx_MultiModeStart_DMA  stm32f7xx_hal_adc_ex.o
    0x080004e0   0x000001cc   Code   RO          881    i.HAL_ADC_ConfigChannel  stm32f7xx_hal_adc.o
    0x080006ac   0x000001d8   Code   RO         5138    i.HAL_ADC_ConvCpltCallback  conversion.o
    0x08000884   0x00000002   Code   RO          883    i.HAL_ADC_ConvHalfCpltCallback  stm32f7xx_hal_adc.o
    0x08000886   0x00000002   Code   RO          885    i.HAL_ADC_ErrorCallback  stm32f7xx_hal_adc.o
    0x08000888   0x0000017c   Code   RO          890    i.HAL_ADC_Init      stm32f7xx_hal_adc.o
    0x08000a04   0x0000019c   Code   RO          443    i.HAL_ADC_MspInit   adc.o
    0x08000ba0   0x00000110   Code   RO          896    i.HAL_ADC_Start     stm32f7xx_hal_adc.o
    0x08000cb0   0x00000024   Code   RO         2462    i.HAL_DMA_Abort_IT  stm32f7xx_hal_dma.o
    0x08000cd4   0x000001dc   Code   RO         2466    i.HAL_DMA_IRQHandler  stm32f7xx_hal_dma.o
    0x08000eb0   0x0000016c   Code   RO         2467    i.HAL_DMA_Init      stm32f7xx_hal_dma.o
    0x0800101c   0x0000009c   Code   RO         2471    i.HAL_DMA_Start_IT  stm32f7xx_hal_dma.o
    0x080010b8   0x00000002   Code   RO         1402    i.HAL_GPIO_EXTI_Callback  stm32f7xx_hal_gpio.o
    0x080010ba   0x00000002   PAD
    0x080010bc   0x00000018   Code   RO         1403    i.HAL_GPIO_EXTI_IRQHandler  stm32f7xx_hal_gpio.o
    0x080010d4   0x00000250   Code   RO         1404    i.HAL_GPIO_Init     stm32f7xx_hal_gpio.o
    0x08001324   0x0000000a   Code   RO         1406    i.HAL_GPIO_ReadPin  stm32f7xx_hal_gpio.o
    0x0800132e   0x0000000a   Code   RO         1408    i.HAL_GPIO_WritePin  stm32f7xx_hal_gpio.o
    0x08001338   0x0000000c   Code   RO         2289    i.HAL_GetTick       stm32f7xx_hal.o
    0x08001344   0x00000010   Code   RO         2293    i.HAL_IncTick       stm32f7xx_hal.o
    0x08001354   0x00000016   Code   RO         2294    i.HAL_Init          stm32f7xx_hal.o
    0x0800136a   0x00000002   PAD
    0x0800136c   0x00000028   Code   RO         2295    i.HAL_InitTick      stm32f7xx_hal.o
    0x08001394   0x00000058   Code   RO          286    i.HAL_MspInit       stm32f7xx_hal_msp.o
    0x080013ec   0x00000018   Code   RO         1276    i.HAL_NVIC_EnableIRQ  stm32f7xx_hal_cortex.o
    0x08001404   0x00000060   Code   RO         1282    i.HAL_NVIC_SetPriority  stm32f7xx_hal_cortex.o
    0x08001464   0x00000024   Code   RO         1283    i.HAL_NVIC_SetPriorityGrouping  stm32f7xx_hal_cortex.o
    0x08001488   0x0000007c   Code   RO         2186    i.HAL_PWREx_EnableOverDrive  stm32f7xx_hal_pwr_ex.o
    0x08001504   0x000000cc   Code   RO         3412    i.HAL_QSPI_Init     stm32f7xx_hal_qspi.o
    0x080015d0   0x00000088   Code   RO          215    i.HAL_QSPI_MspInit  quadspi.o
    0x08001658   0x000005dc   Code   RO         2674    i.HAL_RCCEx_PeriphCLKConfig  stm32f7xx_hal_rcc_ex.o
    0x08001c34   0x000001a8   Code   RO         2949    i.HAL_RCC_ClockConfig  stm32f7xx_hal_rcc.o
    0x08001ddc   0x0000000c   Code   RO         2954    i.HAL_RCC_GetHCLKFreq  stm32f7xx_hal_rcc.o
    0x08001de8   0x00000020   Code   RO         2956    i.HAL_RCC_GetPCLK1Freq  stm32f7xx_hal_rcc.o
    0x08001e08   0x00000020   Code   RO         2957    i.HAL_RCC_GetPCLK2Freq  stm32f7xx_hal_rcc.o
    0x08001e28   0x00000070   Code   RO         2958    i.HAL_RCC_GetSysClockFreq  stm32f7xx_hal_rcc.o
    0x08001e98   0x000003c0   Code   RO         2961    i.HAL_RCC_OscConfig  stm32f7xx_hal_rcc.o
    0x08002258   0x000000ca   Code   RO         1050    i.HAL_RTC_Init      stm32f7xx_hal_rtc.o
    0x08002322   0x00000002   PAD
    0x08002324   0x00000020   Code   RO          173    i.HAL_RTC_MspInit   rtc.o
    0x08002344   0x00000002   Code   RO         4352    i.HAL_SPI_ErrorCallback  stm32f7xx_hal_spi.o
    0x08002346   0x00000002   PAD
    0x08002348   0x000000f8   Code   RO         4355    i.HAL_SPI_IRQHandler  stm32f7xx_hal_spi.o
    0x08002440   0x000000d2   Code   RO         4356    i.HAL_SPI_Init      stm32f7xx_hal_spi.o
    0x08002512   0x00000002   PAD
    0x08002514   0x00000064   Code   RO          625    i.HAL_SPI_MspInit   spi.o
    0x08002578   0x000000a0   Code   RO         4369    i.HAL_SPI_Transmit_IT  stm32f7xx_hal_spi.o
    0x08002618   0x00000020   Code   RO         5376    i.HAL_SPI_TxCpltCallback  Comm_Layer.lib(spi_masterslave.o)
    0x08002638   0x00000016   Code   RO         1285    i.HAL_SYSTICK_CLKSourceConfig  stm32f7xx_hal_cortex.o
    0x0800264e   0x00000002   Code   RO         1286    i.HAL_SYSTICK_Callback  stm32f7xx_hal_cortex.o
    0x08002650   0x00000028   Code   RO         1287    i.HAL_SYSTICK_Config  stm32f7xx_hal_cortex.o
    0x08002678   0x00000008   Code   RO         1288    i.HAL_SYSTICK_IRQHandler  stm32f7xx_hal_cortex.o
    0x08002680   0x00000002   Code   RO         3085    i.HAL_TIMEx_BreakCallback  stm32f7xx_hal_tim_ex.o
    0x08002682   0x00000002   Code   RO         3086    i.HAL_TIMEx_CommutationCallback  stm32f7xx_hal_tim_ex.o
    0x08002684   0x0000005e   Code   RO         3104    i.HAL_TIMEx_MasterConfigSynchronization  stm32f7xx_hal_tim_ex.o
    0x080026e2   0x00000036   Code   RO         1469    i.HAL_TIM_Base_Init  stm32f7xx_hal_tim.o
    0x08002718   0x0000005c   Code   RO            5    i.HAL_TIM_Base_MspInit  tim.o
    0x08002774   0x00000018   Code   RO         1474    i.HAL_TIM_Base_Start_IT  stm32f7xx_hal_tim.o
    0x0800278c   0x000001d4   Code   RO         1478    i.HAL_TIM_ConfigClockSource  stm32f7xx_hal_tim.o
    0x08002960   0x00000002   Code   RO         1498    i.HAL_TIM_IC_CaptureCallback  stm32f7xx_hal_tim.o
    0x08002962   0x00000184   Code   RO         1511    i.HAL_TIM_IRQHandler  stm32f7xx_hal_tim.o
    0x08002ae6   0x00000002   Code   RO         1514    i.HAL_TIM_OC_DelayElapsedCallback  stm32f7xx_hal_tim.o
    0x08002ae8   0x00000002   Code   RO         1541    i.HAL_TIM_PWM_PulseFinishedCallback  stm32f7xx_hal_tim.o
    0x08002aea   0x00000002   Code   RO         1548    i.HAL_TIM_PeriodElapsedCallback  stm32f7xx_hal_tim.o
    0x08002aec   0x00000002   Code   RO         1552    i.HAL_TIM_TriggerCallback  stm32f7xx_hal_tim.o
    0x08002aee   0x00000002   Code   RO         4097    i.HAL_UART_ErrorCallback  stm32f7xx_hal_uart.o
    0x08002af0   0x00000290   Code   RO         4100    i.HAL_UART_IRQHandler  stm32f7xx_hal_uart.o
    0x08002d80   0x0000006e   Code   RO         4101    i.HAL_UART_Init     stm32f7xx_hal_uart.o
    0x08002dee   0x00000002   PAD
    0x08002df0   0x00000060   Code   RO          583    i.HAL_UART_MspInit  usart.o
    0x08002e50   0x00000096   Code   RO         4106    i.HAL_UART_Receive_IT  stm32f7xx_hal_uart.o
    0x08002ee6   0x00000002   PAD
    0x08002ee8   0x00000050   Code   RO         5566    i.HAL_UART_RxCpltCallback  Comm_Layer.lib(uart_masterslave.o)
    0x08002f38   0x00000020   Code   RO         5567    i.HAL_UART_TxCpltCallback  Comm_Layer.lib(uart_masterslave.o)
    0x08002f58   0x00000002   Code   RO          316    i.HardFault_Handler  stm32f7xx_it.o
    0x08002f5a   0x00000002   PAD
    0x08002f5c   0x000000f8   Code   RO          444    i.MX_ADC1_Init      adc.o
    0x08003054   0x000000d0   Code   RO          445    i.MX_ADC2_Init      adc.o
    0x08003124   0x000000d0   Code   RO          446    i.MX_ADC3_Init      adc.o
    0x080031f4   0x0000002c   Code   RO          259    i.MX_DMA_Init       dma.o
    0x08003220   0x00000238   Code   RO          558    i.MX_GPIO_Init      gpio.o
    0x08003458   0x00000054   Code   RO          216    i.MX_QUADSPI_Init   quadspi.o
    0x080034ac   0x0000004c   Code   RO          174    i.MX_RTC_Init       rtc.o
    0x080034f8   0x00000064   Code   RO          626    i.MX_SPI2_Init      spi.o
    0x0800355c   0x00000080   Code   RO            6    i.MX_TIM1_Init      tim.o
    0x080035dc   0x00000060   Code   RO            7    i.MX_TIM6_Init      tim.o
    0x0800363c   0x00000054   Code   RO          584    i.MX_USART2_UART_Init  usart.o
    0x08003690   0x00000002   Code   RO          317    i.MemManage_Handler  stm32f7xx_it.o
    0x08003692   0x00000002   Code   RO          318    i.NMI_Handler       stm32f7xx_it.o
    0x08003694   0x00000002   Code   RO          319    i.PendSV_Handler    stm32f7xx_it.o
    0x08003696   0x00000058   Code   RO         3437    i.QSPI_WaitFlagStateUntilTimeout  stm32f7xx_hal_qspi.o
    0x080036ee   0x00000002   PAD
    0x080036f0   0x0000000c   Code   RO          320    i.SPI2_IRQHandler   stm32f7xx_it.o
    0x080036fc   0x00000012   Code   RO         4380    i.SPI_DMAAbortOnError  stm32f7xx_hal_spi.o
    0x0800370e   0x0000004a   Code   RO         4390    i.SPI_EndRxTxTransaction  stm32f7xx_hal_spi.o
    0x08003758   0x00000068   Code   RO         4393    i.SPI_TxISR_16BIT   stm32f7xx_hal_spi.o
    0x080037c0   0x00000066   Code   RO         4394    i.SPI_TxISR_8BIT    stm32f7xx_hal_spi.o
    0x08003826   0x00000002   PAD
    0x08003828   0x0000009c   Code   RO         4395    i.SPI_WaitFifoStateUntilTimeout  stm32f7xx_hal_spi.o
    0x080038c4   0x0000008c   Code   RO         4396    i.SPI_WaitFlagStateUntilTimeout  stm32f7xx_hal_spi.o
    0x08003950   0x00000002   Code   RO          321    i.SVC_Handler       stm32f7xx_it.o
    0x08003952   0x00000016   Code   RO          322    i.SysTick_Handler   stm32f7xx_it.o
    0x08003968   0x000000c4   Code   RO          496    i.SystemClock_Config  main.o
    0x08003a2c   0x00000060   Code   RO         4653    i.SystemInit        system_stm32f7xx.o
    0x08003a8c   0x0000000c   Code   RO          323    i.TIM1_UP_TIM10_IRQHandler  stm32f7xx_it.o
    0x08003a98   0x000000c8   Code   RO         1553    i.TIM_Base_SetConfig  stm32f7xx_hal_tim.o
    0x08003b60   0x000000da   Code   RO         4114    i.UART_AdvFeatureConfig  stm32f7xx_hal_uart.o
    0x08003c3a   0x00000044   Code   RO         4115    i.UART_CheckIdleState  stm32f7xx_hal_uart.o
    0x08003c7e   0x00000014   Code   RO         4116    i.UART_DMAAbortOnError  stm32f7xx_hal_uart.o
    0x08003c92   0x00000002   PAD
    0x08003c94   0x000002bc   Code   RO         4122    i.UART_SetConfig    stm32f7xx_hal_uart.o
    0x08003f50   0x00000076   Code   RO         4123    i.UART_WaitOnFlagUntilTimeout  stm32f7xx_hal_uart.o
    0x08003fc6   0x00000002   PAD
    0x08003fc8   0x0000000c   Code   RO          324    i.USART2_IRQHandler  stm32f7xx_it.o
    0x08003fd4   0x00000002   Code   RO          325    i.UsageFault_Handler  stm32f7xx_it.o
    0x08003fd6   0x00000002   Code   RO          497    i._Error_Handler    main.o
    0x08003fd8   0x0000000e   Code   RO         5918    i.__scatterload_copy  mc_w.l(handlers.o)
    0x08003fe6   0x00000002   Code   RO         5919    i.__scatterload_null  mc_w.l(handlers.o)
    0x08003fe8   0x0000000e   Code   RO         5920    i.__scatterload_zeroinit  mc_w.l(handlers.o)
    0x08003ff6   0x00000002   PAD
    0x08003ff8   0x00000218   Code   RO         5282    i.boardIO           boardio.o
    0x08004210   0x0000006c   Code   RO         5624    i.dpm_mergeDWord    Comm_Layer.lib(dataparsermerger.o)
    0x0800427c   0x00000060   Code   RO         5625    i.dpm_mergeFloat    Comm_Layer.lib(dataparsermerger.o)
    0x080042dc   0x00000052   Code   RO         5626    i.dpm_parseDWord    Comm_Layer.lib(dataparsermerger.o)
    0x0800432e   0x00000002   PAD
    0x08004330   0x00000060   Code   RO         5627    i.dpm_parseFloat    Comm_Layer.lib(dataparsermerger.o)
    0x08004390   0x0000001c   Code   RO         4803    i.fc27_init         fc27.o
    0x080043ac   0x00000002   Code   RO         4935    i.fc37_init         fc37.o
    0x080043ae   0x00000002   PAD
    0x080043b0   0x0000005c   Code   RO         4860    i.fc46_init         fc46.o
    0x0800440c   0x00000058   Code   RO         4882    i.fc49_init         fc49.o
    0x08004464   0x00000020   Code   RO         4734    i.fc50N_init        fc50n.o
    0x08004484   0x00000030   Code   RO         4705    i.fc50_init         fc50.o
    0x080044b4   0x00000058   Code   RO         4781    i.fc51N_init        fc51n.o
    0x0800450c   0x00000054   Code   RO         4756    i.fc51_init         fc51.o
    0x08004560   0x0000001c   Code   RO         4837    i.fc59_init         fc59.o
    0x0800457c   0x00000038   Code   RO         4913    i.fcBF_init         fcbf.o
    0x080045b4   0x00000060   Code   RO         4989    i.fcPVP_init        fcpvp.o
    0x08004614   0x00000034   Code   RO         4957    i.fcUNB_init        fcunb.o
    0x08004648   0x00000036   Code   RO         5173    i.initFunctions     initfunctions.o
    0x0800467e   0x00000002   PAD
    0x08004680   0x000000ac   Code   RO          498    i.main              main.o
    0x0800472c   0x0000008a   Code   RO          666    i.prefilter         measurement_functions.o
    0x080047b6   0x00000002   PAD
    0x080047b8   0x000002e0   Code   RO         5319    i.pushDataToMaster  commparams.o
    0x08004a98   0x00000002   Code   RO         5377    i.spi_initComApp    Comm_Layer.lib(spi_masterslave.o)
    0x08004a9a   0x00000002   PAD
    0x08004a9c   0x00000384   Code   RO         5378    i.spi_runComApp     Comm_Layer.lib(spi_masterslave.o)
    0x08004e20   0x00000044   Code   RO         5379    i.spi_sysTickCallApp  Comm_Layer.lib(spi_masterslave.o)
    0x08004e64   0x00000020   Code   RO         5210    i.tickFunctions     tickfunctions.o
    0x08004e84   0x00000014   Code   RO         5568    i.uart_initComApp   Comm_Layer.lib(uart_masterslave.o)
    0x08004e98   0x0000018c   Code   RO         5569    i.uart_runComApp    Comm_Layer.lib(uart_masterslave.o)
    0x08005024   0x00000040   Code   RO         5570    i.uart_sysTickCallApp  Comm_Layer.lib(uart_masterslave.o)
    0x08005064   0x00000008   Data   RO         2473    .constdata          stm32f7xx_hal_dma.o
    0x0800506c   0x00000010   Data   RO         4654    .constdata          system_stm32f7xx.o
    0x0800507c   0x00000008   Data   RO         4655    .constdata          system_stm32f7xx.o
    0x08005084   0x00000010   Data   RO         4707    .constdata          fc50.o
    0x08005094   0x00000010   Data   RO         4736    .constdata          fc50n.o
    0x080050a4   0x00000014   Data   RO         4761    .constdata          fc51.o
    0x080050b8   0x00000014   Data   RO         4783    .constdata          fc51n.o
    0x080050cc   0x00000010   Data   RO         4805    .constdata          fc27.o
    0x080050dc   0x0000000c   Data   RO         4839    .constdata          fc59.o
    0x080050e8   0x00000024   Data   RO         4862    .constdata          fc46.o
    0x0800510c   0x00000024   Data   RO         4884    .constdata          fc49.o
    0x08005130   0x00000018   Data   RO         4915    .constdata          fcbf.o
    0x08005148   0x00000014   Data   RO         4960    .constdata          fcunb.o
    0x0800515c   0x00000020   Data   RO         4991    .constdata          fcpvp.o
    0x0800517c   0x00000020   Data   RO         5916    Region$$Table       anon$$obj.o


    Execution Region RW_IRAM1 (Base: 0x20000000, Size: 0x00005968, Max: 0x00080000, ABSOLUTE)

    Base Addr    Size         Type   Attr      Idx    E Section Name        Object

    0x20000000   0x00000004   Data   RW         2300    .data               stm32f7xx_hal.o
    0x20000004   0x00000004   Data   RW         4656    .data               system_stm32f7xx.o
    0x20000008   0x00000084   Data   RW         4690    .data               init_protection.o
    0x2000008c   0x00000001   Data   RW         4691    .data               init_protection.o
    0x2000008d   0x00000003   PAD
    0x20000090   0x00000010   Data   RW         4961    .data               fcunb.o
    0x200000a0   0x00000001   Data   RW         5141    .data               conversion.o
    0x200000a1   0x00000001   Data   RW         5212    .data               tickfunctions.o
    0x200000a2   0x00000002   PAD
    0x200000a4   0x00000008   Data   RW         5283    .data               boardio.o
    0x200000ac   0x00000004   Data   RW         5628    .data               Comm_Layer.lib(dataparsermerger.o)
    0x200000b0   0x00000080   Zero   RW            8    .bss                tim.o
    0x20000130   0x00000020   Zero   RW          175    .bss                rtc.o
    0x20000150   0x0000004c   Zero   RW          217    .bss                quadspi.o
    0x2000019c   0x000001f8   Zero   RW          447    .bss                adc.o
    0x20000394   0x0000003c   Zero   RW          499    .bss                main.o
    0x200003d0   0x00000070   Zero   RW          585    .bss                usart.o
    0x20000440   0x00000064   Zero   RW          627    .bss                spi.o
    0x200004a4   0x00000018   Zero   RW         4689    .bss                init_protection.o
    0x200004bc   0x00000138   Zero   RW         4706    .bss                fc50.o
    0x200005f4   0x00000054   Zero   RW         4735    .bss                fc50n.o
    0x20000648   0x0000004c   Zero   RW         4757    .bss                fc51.o
    0x20000694   0x00000020   Zero   RW         4782    .bss                fc51n.o
    0x200006b4   0x00000020   Zero   RW         4804    .bss                fc27.o
    0x200006d4   0x00000018   Zero   RW         4838    .bss                fc59.o
    0x200006ec   0x0000003c   Zero   RW         4861    .bss                fc46.o
    0x20000728   0x00000068   Zero   RW         4883    .bss                fc49.o
    0x20000790   0x00000024   Zero   RW         4914    .bss                fcbf.o
    0x200007b4   0x0000010c   Zero   RW         4959    .bss                fcunb.o
    0x200008c0   0x000002cc   Zero   RW         4990    .bss                fcpvp.o
    0x20000b8c   0x00000124   Zero   RW         5012    .bss                pickup_handles.o
    0x20000cb0   0x00001430   Zero   RW         5036    .bss                cs_handles.o
    0x200020e0   0x000009d8   Zero   RW         5082    .bss                truerms.o
    0x20002ab8   0x0000045c   Zero   RW         5105    .bss                spectra.o
    0x20002f14   0x000002dc   Zero   RW         5140    .bss                conversion.o
    0x200031f0   0x00000010   Zero   RW         5188    .bss                powersysdata.o
    0x20003200   0x00000018   Zero   RW         5322    .bss                commparams.o
    0x20003218   0x00001790   Zero   RW         5380    .bss                Comm_Layer.lib(spi_masterslave.o)
    0x200049a8   0x00000bc0   Zero   RW         5571    .bss                Comm_Layer.lib(uart_masterslave.o)
    0x20005568   0x00000400   Zero   RW          867    STACK               startup_stm32f767xx.o


==============================================================================

Image component sizes


      Code (inc. data)   RO Data    RW Data    ZI Data      Debug   Object Name

      1076        136          0          0        504       3777   adc.o
       536         30          0          8          0       1862   boardio.o
       736         82          0          0         24      11964   commparams.o
       472          8          0          1        732       4217   conversion.o
         0          0          0          0       5168       4018   cs_handles.o
        44          4          0          0          0        770   dma.o
        28         10         16          0         32       1752   fc27.o
         2          0          0          0          0        420   fc37.o
        92         20         36          0         60        948   fc46.o
        88         16         36          0        104       1706   fc49.o
        48          8         16          0        312       4776   fc50.o
        32         10         16          0         84        952   fc50n.o
        84         22         20          0         76       1088   fc51.o
        88         20         20          0         32        804   fc51n.o
        28         10         12          0         24       1064   fc59.o
        56         14         24          0         36        775   fcbf.o
        96         20         32          0        716       1937   fcpvp.o
        52         14         20         16        268       1766   fcunb.o
       568         38          0          0          0       1247   gpio.o
         0          0          0        133         24       3204   init_protection.o
        54          0          0          0          0        528   initfunctions.o
       370         34          0          0         60       2901   main.o
       138          0          0          0          0        992   measurement_functions.o
         0          0          0          0        292       6390   pickup_handles.o
         0          0          0          0         16        726   powersysdata.o
       220         48          0          0         76       1745   quadspi.o
       108         30          0          0         32       1467   rtc.o
         0          0          0          0       1116        721   spectra.o
       200         36          0          0        100       1693   spi.o
        36          8        504          0       1024        812   startup_stm32f767xx.o
        90         18          0          4          0       3251   stm32f7xx_hal.o
      1116         42          0          0          0       4818   stm32f7xx_hal_adc.o
       600         34          0          0          0       4338   stm32f7xx_hal_adc_ex.o
       228         14          0          0          0      36717   stm32f7xx_hal_cortex.o
      1032         26          8          0          0       5154   stm32f7xx_hal_dma.o
       638         24          0          0          0       4363   stm32f7xx_hal_gpio.o
        88          0          0          0          0        534   stm32f7xx_hal_msp.o
       124          8          0          0          0       1272   stm32f7xx_hal_pwr_ex.o
       292          4          0          0          0       2904   stm32f7xx_hal_qspi.o
      1572        112          0          0          0       5854   stm32f7xx_hal_rcc.o
      1500         36          0          0          0       2328   stm32f7xx_hal_rcc_ex.o
       202          0          0          0          0       1605   stm32f7xx_hal_rtc.o
      1214         14          0          0          0       9207   stm32f7xx_hal_spi.o
      1144         20          0          0          0       9915   stm32f7xx_hal_tim.o
        98          0          0          0          0       2790   stm32f7xx_hal_tim_ex.o
      2042         42          0          0          0       9200   stm32f7xx_hal_uart.o
       118         36          0          0          0       7544   stm32f7xx_it.o
        96         20         24          4          0       1255   system_stm32f7xx.o
        32          4          0          1          0       1125   tickfunctions.o
       316         60          0          0        128     902123   tim.o
         0          0          0          0       2520       3294   truerms.o
       180         32          0          0        112       1706   usart.o

    ----------------------------------------------------------------------
     18008       1164        816        172      13672    1088319   Object Totals
         0          0         32          0          0          0   (incl. Generated)
        34          0          0          5          0          0   (incl. Padding)

    ----------------------------------------------------------------------

      Code (inc. data)   RO Data    RW Data    ZI Data      Debug   Library Member Name

       382          8          0          4          0       4170   dataparsermerger.o
      1002         28          0          0       6032     707382   spi_masterslave.o
       592         42          0          0       3008       6554   uart_masterslave.o
         0          0          0          0          0          0   entry.o
         0          0          0          0          0          0   entry10a.o
         0          0          0          0          0          0   entry11a.o
         8          4          0          0          0          0   entry2.o
         4          0          0          0          0          0   entry5.o
         0          0          0          0          0          0   entry7b.o
         0          0          0          0          0          0   entry8b.o
         8          4          0          0          0          0   entry9a.o
        30          0          0          0          0          0   handlers.o
        36          8          0          0          0         68   init.o

    ----------------------------------------------------------------------
      2068         94          0          4       9040     718174   Library Totals
         6          0          0          0          0          0   (incl. Padding)

    ----------------------------------------------------------------------

      Code (inc. data)   RO Data    RW Data    ZI Data      Debug   Library Name

      1976         78          0          4       9040     718106   Comm_Layer.lib
        86         16          0          0          0         68   mc_w.l

    ----------------------------------------------------------------------
      2068         94          0          4       9040     718174   Library Totals

    ----------------------------------------------------------------------

==============================================================================


      Code (inc. data)   RO Data    RW Data    ZI Data      Debug   

     20076       1258        816        176      22712    1793497   Grand Totals
     20076       1258        816        176      22712    1793497   ELF Image Totals
     20076       1258        816        176          0          0   ROM Totals

==============================================================================

    Total RO  Size (Code + RO Data)                20892 (  20.40kB)
    Total RW  Size (RW Data + ZI Data)             22888 (  22.35kB)
    Total ROM Size (Code + RO Data + RW Data)      21068 (  20.57kB)

==============================================================================

