Component: ARM Compiler 5.06 update 3 (build 300) Tool: armlink [4d35c9]

==============================================================================

Section Cross References

    tim.o(i.HAL_TIM_Base_MspDeInit) refers to stm32f7xx_hal_cortex.o(i.HAL_NVIC_DisableIRQ) for HAL_NVIC_DisableIRQ
    tim.o(i.HAL_TIM_Base_MspInit) refers to stm32f7xx_hal_cortex.o(i.HAL_NVIC_SetPriority) for HAL_NVIC_SetPriority
    tim.o(i.HAL_TIM_Base_MspInit) refers to stm32f7xx_hal_cortex.o(i.HAL_NVIC_EnableIRQ) for HAL_NVIC_EnableIRQ
    tim.o(i.MX_TIM1_Init) refers to stm32f7xx_hal_tim.o(i.HAL_TIM_Base_Init) for HAL_TIM_Base_Init
    tim.o(i.MX_TIM1_Init) refers to main.o(i._Error_Handler) for _Error_Handler
    tim.o(i.MX_TIM1_Init) refers to stm32f7xx_hal_tim.o(i.HAL_TIM_ConfigClockSource) for HAL_TIM_ConfigClockSource
    tim.o(i.MX_TIM1_Init) refers to stm32f7xx_hal_tim_ex.o(i.HAL_TIMEx_MasterConfigSynchronization) for HAL_TIMEx_MasterConfigSynchronization
    tim.o(i.MX_TIM1_Init) refers to tim.o(.bss) for .bss
    tim.o(i.MX_TIM6_Init) refers to stm32f7xx_hal_tim.o(i.HAL_TIM_Base_Init) for HAL_TIM_Base_Init
    tim.o(i.MX_TIM6_Init) refers to main.o(i._Error_Handler) for _Error_Handler
    tim.o(i.MX_TIM6_Init) refers to stm32f7xx_hal_tim_ex.o(i.HAL_TIMEx_MasterConfigSynchronization) for HAL_TIMEx_MasterConfigSynchronization
    tim.o(i.MX_TIM6_Init) refers to tim.o(.bss) for .bss
    rtc.o(i.MX_RTC_Init) refers to stm32f7xx_hal_rtc.o(i.HAL_RTC_Init) for HAL_RTC_Init
    rtc.o(i.MX_RTC_Init) refers to main.o(i._Error_Handler) for _Error_Handler
    rtc.o(i.MX_RTC_Init) refers to rtc.o(.bss) for .bss
    quadspi.o(i.HAL_QSPI_MspDeInit) refers to stm32f7xx_hal_gpio.o(i.HAL_GPIO_DeInit) for HAL_GPIO_DeInit
    quadspi.o(i.HAL_QSPI_MspInit) refers to stm32f7xx_hal_gpio.o(i.HAL_GPIO_Init) for HAL_GPIO_Init
    quadspi.o(i.MX_QUADSPI_Init) refers to stm32f7xx_hal_qspi.o(i.HAL_QSPI_Init) for HAL_QSPI_Init
    quadspi.o(i.MX_QUADSPI_Init) refers to main.o(i._Error_Handler) for _Error_Handler
    quadspi.o(i.MX_QUADSPI_Init) refers to quadspi.o(.bss) for .bss
    dma.o(i.MX_DMA_Init) refers to stm32f7xx_hal_cortex.o(i.HAL_NVIC_SetPriority) for HAL_NVIC_SetPriority
    dma.o(i.MX_DMA_Init) refers to stm32f7xx_hal_cortex.o(i.HAL_NVIC_EnableIRQ) for HAL_NVIC_EnableIRQ
    stm32f7xx_hal_msp.o(i.HAL_MspInit) refers to stm32f7xx_hal_cortex.o(i.HAL_NVIC_SetPriorityGrouping) for HAL_NVIC_SetPriorityGrouping
    stm32f7xx_hal_msp.o(i.HAL_MspInit) refers to stm32f7xx_hal_cortex.o(i.HAL_NVIC_SetPriority) for HAL_NVIC_SetPriority
    stm32f7xx_it.o(i.DMA2_Stream0_IRQHandler) refers to stm32f7xx_hal_dma.o(i.HAL_DMA_IRQHandler) for HAL_DMA_IRQHandler
    stm32f7xx_it.o(i.DMA2_Stream0_IRQHandler) refers to adc.o(.bss) for hdma_adc1
    stm32f7xx_it.o(i.DMA2_Stream1_IRQHandler) refers to stm32f7xx_hal_dma.o(i.HAL_DMA_IRQHandler) for HAL_DMA_IRQHandler
    stm32f7xx_it.o(i.DMA2_Stream1_IRQHandler) refers to adc.o(.bss) for hdma_adc3
    stm32f7xx_it.o(i.DMA2_Stream2_IRQHandler) refers to stm32f7xx_hal_dma.o(i.HAL_DMA_IRQHandler) for HAL_DMA_IRQHandler
    stm32f7xx_it.o(i.DMA2_Stream2_IRQHandler) refers to adc.o(.bss) for hdma_adc2
    stm32f7xx_it.o(i.EXTI15_10_IRQHandler) refers to stm32f7xx_hal_gpio.o(i.HAL_GPIO_EXTI_IRQHandler) for HAL_GPIO_EXTI_IRQHandler
    stm32f7xx_it.o(i.EXTI15_10_IRQHandler) refers to main.o(.data) for incoming_data_flag
    stm32f7xx_it.o(i.SPI2_IRQHandler) refers to stm32f7xx_hal_spi.o(i.HAL_SPI_IRQHandler) for HAL_SPI_IRQHandler
    stm32f7xx_it.o(i.SPI2_IRQHandler) refers to spi.o(.bss) for hspi2
    stm32f7xx_it.o(i.SysTick_Handler) refers to stm32f7xx_hal.o(i.HAL_IncTick) for HAL_IncTick
    stm32f7xx_it.o(i.SysTick_Handler) refers to stm32f7xx_hal_cortex.o(i.HAL_SYSTICK_IRQHandler) for HAL_SYSTICK_IRQHandler
    stm32f7xx_it.o(i.SysTick_Handler) refers to uart_masterslave.o(i.uart_sysTickCallApp) for uart_sysTickCallApp
    stm32f7xx_it.o(i.SysTick_Handler) refers to spi_masterslave.o(i.spi_sysTickCallApp) for spi_sysTickCallApp
    stm32f7xx_it.o(i.TIM1_UP_TIM10_IRQHandler) refers to stm32f7xx_hal_tim.o(i.HAL_TIM_IRQHandler) for HAL_TIM_IRQHandler
    stm32f7xx_it.o(i.TIM1_UP_TIM10_IRQHandler) refers to tim.o(.bss) for htim1
    stm32f7xx_it.o(i.USART2_IRQHandler) refers to stm32f7xx_hal_uart.o(i.HAL_UART_IRQHandler) for HAL_UART_IRQHandler
    stm32f7xx_it.o(i.USART2_IRQHandler) refers to usart.o(.bss) for huart2
    adc.o(i.HAL_ADC_MspDeInit) refers to stm32f7xx_hal_gpio.o(i.HAL_GPIO_DeInit) for HAL_GPIO_DeInit
    adc.o(i.HAL_ADC_MspDeInit) refers to stm32f7xx_hal_dma.o(i.HAL_DMA_DeInit) for HAL_DMA_DeInit
    adc.o(i.HAL_ADC_MspInit) refers to stm32f7xx_hal_gpio.o(i.HAL_GPIO_Init) for HAL_GPIO_Init
    adc.o(i.HAL_ADC_MspInit) refers to stm32f7xx_hal_dma.o(i.HAL_DMA_Init) for HAL_DMA_Init
    adc.o(i.HAL_ADC_MspInit) refers to main.o(i._Error_Handler) for _Error_Handler
    adc.o(i.HAL_ADC_MspInit) refers to adc.o(.bss) for .bss
[...]
    i.fc51_init                              0x08005354   Section        0  fc51.o(i.fc51_init)
    i.fc59_init                              0x080053b4   Section        0  fc59.o(i.fc59_init)
    i.fcBF_init                              0x080053cc   Section        0  fcbf.o(i.fcBF_init)
    i.fcPVP_init                             0x08005410   Section        0  fcpvp.o(i.fcPVP_init)
    i.fcUNB_init                             0x08005474   Section        0  fcunb.o(i.fcUNB_init)
    i.initFunctions                          0x08005498   Section        0  initfunctions.o(i.initFunctions)
    i.init_conversion                        0x080054d4   Section        0  conversion.o(i.init_conversion)
    i.init_protection                        0x0800554c   Section        0  init_protection.o(i.init_protection)
    i.main                                   0x08005d88   Section        0  main.o(i.main)
    i.main_flow                              0x08005ec4   Section        0  main_flow.o(i.main_flow)
    i.off_delay                              0x08005ee6   Section        0  protection_functions.o(i.off_delay)
    i.pullDataFromMaster                     0x08005f20   Section        0  configparams.o(i.pullDataFromMaster)
    i.pushDataToMaster                       0x0800634c   Section        0  commparams.o(i.pushDataToMaster)
    i.signal_spectra                         0x08006aa4   Section        0  measurement_functions.o(i.signal_spectra)
    i.signal_thd                             0x08006b48   Section        0  measurement_functions.o(i.signal_thd)
    i.spectral_analysis                      0x08006bac   Section        0  spectra.o(i.spectral_analysis)
    i.spi_crcCalculation                     0x08006c70   Section        0  spi_masterslave.o(i.spi_crcCalculation)
    spi_crcCalculation                       0x08006c71   Thumb Code    62  spi_masterslave.o(i.spi_crcCalculation)
    i.spi_initComApp                         0x08006cb4   Section        0  spi_masterslave.o(i.spi_initComApp)
    i.spi_preparePushData                    0x08006cb8   Section        0  spi_masterslave.o(i.spi_preparePushData)
    spi_preparePushData                      0x08006cb9   Thumb Code   264  spi_masterslave.o(i.spi_preparePushData)
    i.spi_prepareReceiveData                 0x08006dcc   Section        0  spi_masterslave.o(i.spi_prepareReceiveData)
    spi_prepareReceiveData                   0x08006dcd   Thumb Code   260  spi_masterslave.o(i.spi_prepareReceiveData)
    i.spi_runComApp                          0x08006edc   Section        0  spi_masterslave.o(i.spi_runComApp)
    i.spi_sysTickCallApp                     0x08006f1c   Section        0  spi_masterslave.o(i.spi_sysTickCallApp)
    i.sym_comp                               0x08006f5c   Section        0  measurement_functions.o(i.sym_comp)
    i.sym_mag                                0x08006fec   Section        0  measurement_functions.o(i.sym_mag)
    i.trueRMS                                0x08007170   Section        0  truerms.o(i.trueRMS)
    i.true_rms                               0x08007270   Section        0  measurement_functions.o(i.true_rms)
    i.uart_initComApp                        0x080072c4   Section        0  uart_masterslave.o(i.uart_initComApp)
    i.uart_prepareReceiveData                0x080072d8   Section        0  uart_masterslave.o(i.uart_prepareReceiveData)
    uart_prepareReceiveData                  0x080072d9   Thumb Code   226  uart_masterslave.o(i.uart_prepareReceiveData)
    i.uart_runComApp                         0x080073c8   Section        0  uart_masterslave.o(i.uart_runComApp)
    i.uart_sysTickCallApp                    0x0800740c   Section        0  uart_masterslave.o(i.uart_sysTickCallApp)
    .constdata                               0x0800744c   Section        8  stm32f7xx_hal_dma.o(.constdata)
    flagBitshiftOffset                       0x0800744c   Data           8  stm32f7xx_hal_dma.o(.constdata)
    .constdata                               0x08007454   Section       16  system_stm32f7xx.o(.constdata)
    .constdata                               0x08007464   Section        8  system_stm32f7xx.o(.constdata)
    .constdata                               0x0800746c   Section       16  fc50.o(.constdata)
    .constdata                               0x0800747c   Section       16  fc50n.o(.constdata)
    .constdata                               0x0800748c   Section       20  fc51.o(.constdata)
    .constdata                               0x080074a0   Section       20  fc51n.o(.constdata)
    .constdata                               0x080074b4   Section       16  fc27.o(.constdata)
    .constdata                               0x080074c4   Section       12  fc59.o(.constdata)
    .constdata                               0x080074d0   Section       36  fc46.o(.constdata)
    .constdata                               0x080074f4   Section       36  fc49.o(.constdata)
    .constdata                               0x08007518   Section       24  fcbf.o(.constdata)
    .constdata                               0x08007530   Section       20  fcunb.o(.constdata)
    .constdata                               0x08007544   Section       32  fcpvp.o(.constdata)
    .constdata                               0x08007564   Section      320  powf.o(.constdata)
    table                                    0x08007564   Data         128  powf.o(.constdata)
    powersof2to1over16top                    0x080075e4   Data          64  powf.o(.constdata)
    powersof2to1over16bot                    0x08007624   Data          64  powf.o(.constdata)
    powersof2to1over16all                    0x08007664   Data          64  powf.o(.constdata)
    .constdata                               0x080076a8   Section      152  atan.o(.constdata)
    atanhi                                   0x080076a8   Data          32  atan.o(.constdata)
    atanlo                                   0x080076c8   Data          32  atan.o(.constdata)
    aTodd                                    0x080076e8   Data          40  atan.o(.constdata)
    aTeven                                   0x08007710   Data          48  atan.o(.constdata)
    .constdata                               0x08007740   Section        8  qnan.o(.constdata)
    .data                                    0x20000000   Section        1  main.o(.data)
    .data                                    0x20000004   Section        4  stm32f7xx_hal.o(.data)
    .data                                    0x20000008   Section        4  system_stm32f7xx.o(.data)
    .data                                    0x2000000c   Section      108  init_protection.o(.data)
    .data                                    0x20000078   Section       16  fcunb.o(.data)
    counter                                  0x20000078   Data           1  fcunb.o(.data)
    .data                                    0x20000088   Section      424  cs_handles.o(.data)
    .data                                    0x20000230   Section        1  truerms.o(.data)
    counter                                  0x20000230   Data           1  truerms.o(.data)
    .data                                    0x20000234   Section      404  spectra.o(.data)
    count                                    0x20000234   Data           4  spectra.o(.data)
    .data                                    0x200003c8   Section        8  conversion.o(.data)
    .data                                    0x200003d0   Section        4  conversion.o(.data)
    .data                                    0x200003d4   Section        8  boardio.o(.data)
    .data                                    0x200003dc   Section        4  dataparsermerger.o(.data)
    .data                                    0x200003e0   Section       12  configparams.o(.data)
    .data                                    0x200003ec   Section        4  errno.o(.data)
    _errno                                   0x200003ec   Data           4  errno.o(.data)
    .bss                                     0x200003f0   Section      128  tim.o(.bss)
    .bss                                     0x20000470   Section       32  rtc.o(.bss)
    .bss                                     0x20000490   Section       76  quadspi.o(.bss)
    .bss                                     0x200004dc   Section      504  adc.o(.bss)
    .bss                                     0x200006d4   Section       60  main.o(.bss)
    .bss                                     0x20000710   Section      112  usart.o(.bss)
    .bss                                     0x20000780   Section      100  spi.o(.bss)
    .bss                                     0x200007e4   Section      116  init_protection.o(.bss)
    .bss                                     0x20000858   Section      312  fc50.o(.bss)
    .bss                                     0x20000990   Section       84  fc50n.o(.bss)
    .bss                                     0x200009e4   Section       76  fc51.o(.bss)
    .bss                                     0x20000a30   Section       32  fc51n.o(.bss)
    .bss                                     0x20000a50   Section       32  fc27.o(.bss)
    .bss                                     0x20000a70   Section       24  fc59.o(.bss)
    .bss                                     0x20000a88   Section       60  fc46.o(.bss)
    .bss                                     0x20000ac4   Section      104  fc49.o(.bss)
    .bss                                     0x20000b2c   Section       36  fcbf.o(.bss)
    .bss                                     0x20000b50   Section       32  fc37.o(.bss)
    .bss                                     0x20000b70   Section      268  fcunb.o(.bss)
    UNBa_buffer                              0x20000ba8   Data         100  fcunb.o(.bss)
    UNBb_buffer                              0x20000c0c   Data         100  fcunb.o(.bss)
    .bss                                     0x20000c7c   Section      716  fcpvp.o(.bss)
    peakBuffer                               0x20000cd0   Data         600  fcpvp.o(.bss)
    .bss                                     0x20000f48   Section      292  pickup_handles.o(.bss)
    pick_buffer                              0x20000f60   Data         268  pickup_handles.o(.bss)
    .bss                                     0x2000106c   Section     5168  cs_handles.o(.bss)
    .bss                                     0x2000249c   Section     3120  truerms.o(.bss)
    .bss                                     0x200030cc   Section     1116  spectra.o(.bss)
    .bss                                     0x20003528   Section      240  conversion.o(.bss)
    .bss                                     0x20003618   Section       48  conversion.o(.bss)
    .bss                                     0x20003648   Section       36  powersysdata.o(.bss)
    .bss                                     0x2000366c   Section     6032  spi_masterslave.o(.bss)
    .bss                                     0x20004dfc   Section     3008  uart_masterslave.o(.bss)
    .bss                                     0x200059bc   Section       24  commparams.o(.bss)
    STACK                                    0x200059d8   Section     1024  startup_stm32f767xx.o(STACK)

    Global Symbols

    Symbol Name                              Value     Ov Type        Size  Object(Section)

    BuildAttributes$$THM_ISAv4$E$P$D$K$B$S$7EM$VFPv5_D16$PE$PLD8$A:L22UL41UL21$X:L11$S22US41US21$IEEE1$IW$USESV6$~STKCKD$USESV7$~SHL$OTIME$ROPI$IEEEX$EBA8$MICROLIB$REQ8$PRES8$EABIv2 0x00000000   Number         0  anon$$obj.o ABSOLUTE
    __ARM_use_no_argv                        0x00000000   Number         0  main.o ABSOLUTE
    __cpp_initialize__aeabi_                  - Undefined Weak Reference
    __cxa_finalize                            - Undefined Weak Reference
    _clock_init                               - Undefined Weak Reference
    _microlib_exit                            - Undefined Weak Reference
    __Vectors_Size                           0x000001f8   Number         0  startup_stm32f767xx.o ABSOLUTE
    __Vectors                                0x08000000   Data           4  startup_stm32f767xx.o(RESET)
    __Vectors_End                            0x080001f8   Data           0  startup_stm32f767xx.o(RESET)
    __main                                   0x080001f9   Thumb Code     0  entry.o(.ARM.Collect$$$$00000000)
    _main_stk                                0x080001f9   Thumb Code     0  entry2.o(.ARM.Collect$$$$00000001)
    _main_scatterload                        0x080001fd   Thumb Code     0  entry5.o(.ARM.Collect$$$$00000004)
    __main_after_scatterload                 0x08000201   Thumb Code     0  entry5.o(.ARM.Collect$$$$00000004)
    _main_clock                              0x08000201   Thumb Code     0  entry7b.o(.ARM.Collect$$$$00000008)
    _main_cpp_init                           0x08000201   Thumb Code     0  entry8b.o(.ARM.Collect$$$$0000000A)
    _main_init                               0x08000201   Thumb Code     0  entry9a.o(.ARM.Collect$$$$0000000B)
    __rt_final_cpp                           0x08000209   Thumb Code     0  entry10a.o(.ARM.Collect$$$$0000000D)
    __rt_final_exit                          0x08000209   Thumb Code     0  entry11a.o(.ARM.Collect$$$$0000000F)
    Reset_Handler                            0x0800020d   Thumb Code     8  startup_stm32f767xx.o(.text)
    ADC_IRQHandler                           0x08000227   Thumb Code     0  startup_stm32f767xx.o(.text)
    CAN1_RX0_IRQHandler                      0x08000227   Thumb Code     0  startup_stm32f767xx.o(.text)
    CAN1_RX1_IRQHandler                      0x08000227   Thumb Code     0  startup_stm32f767xx.o(.text)
    CAN1_SCE_IRQHandler                      0x08000227   Thumb Code     0  startup_stm32f767xx.o(.text)
    CAN1_TX_IRQHandler                       0x08000227   Thumb Code     0  startup_stm32f767xx.o(.text)
    CAN2_RX0_IRQHandler                      0x08000227   Thumb Code     0  startup_stm32f767xx.o(.text)
    CAN2_RX1_IRQHandler                      0x08000227   Thumb Code     0  startup_stm32f767xx.o(.text)
    CAN2_SCE_IRQHandler                      0x08000227   Thumb Code     0  startup_stm32f767xx.o(.text)
    CAN2_TX_IRQHandler                       0x08000227   Thumb Code     0  startup_stm32f767xx.o(.text)
    CAN3_RX0_IRQHandler                      0x08000227   Thumb Code     0  startup_stm32f767xx.o(.text)
    CAN3_RX1_IRQHandler                      0x08000227   Thumb Code     0  startup_stm32f767xx.o(.text)
    CAN3_SCE_IRQHandler                      0x08000227   Thumb Code     0  startup_stm32f767xx.o(.text)
    CAN3_TX_IRQHandler                       0x08000227   Thumb Code     0  startup_stm32f767xx.o(.text)
    CEC_IRQHandler                           0x08000227   Thumb Code     0  startup_stm32f767xx.o(.text)
    DCMI_IRQHandler                          0x08000227   Thumb Code     0  startup_stm32f767xx.o(.text)
    DFSDM1_FLT0_IRQHandler                   0x08000227   Thumb Code     0  startup_stm32f767xx.o(.text)
    DFSDM1_FLT1_IRQHandler                   0x08000227   Thumb Code     0  startup_stm32f767xx.o(.text)
    DFSDM1_FLT2_IRQHandler                   0x08000227   Thumb Code     0  startup_stm32f767xx.o(.text)
    DFSDM1_FLT3_IRQHandler                   0x08000227   Thumb Code     0  startup_stm32f767xx.o(.text)
    DMA1_Stream0_IRQHandler                  0x08000227   Thumb Code     0  startup_stm32f767xx.o(.text)
    DMA1_Stream1_IRQHandler                  0x08000227   Thumb Code     0  startup_stm32f767xx.o(.text)
    DMA1_Stream2_IRQHandler                  0x08000227   Thumb Code     0  startup_stm32f767xx.o(.text)
    DMA1_Stream3_IRQHandler                  0x08000227   Thumb Code     0  startup_stm32f767xx.o(.text)
    DMA1_Stream4_IRQHandler                  0x08000227   Thumb Code     0  startup_stm32f767xx.o(.text)
    DMA1_Stream5_IRQHandler                  0x08000227   Thumb Code     0  startup_stm32f767xx.o(.text)
    DMA1_Stream6_IRQHandler                  0x08000227   Thumb Code     0  startup_stm32f767xx.o(.text)
    DMA1_Stream7_IRQHandler                  0x08000227   Thumb Code     0  startup_stm32f767xx.o(.text)
    DMA2D_IRQHandler                         0x08000227   Thumb Code     0  startup_stm32f767xx.o(.text)
    DMA2_Stream3_IRQHandler                  0x08000227   Thumb Code     0  startup_stm32f767xx.o(.text)
    DMA2_Stream4_IRQHandler                  0x08000227   Thumb Code     0  startup_stm32f767xx.o(.text)
    DMA2_Stream5_IRQHandler                  0x08000227   Thumb Code     0  startup_stm32f767xx.o(.text)
    DMA2_Stream6_IRQHandler                  0x08000227   Thumb Code     0  startup_stm32f767xx.o(.text)
    DMA2_Stream7_IRQHandler                  0x08000227   Thumb Code     0  startup_stm32f767xx.o(.text)
    ETH_IRQHandler                           0x08000227   Thumb Code     0  startup_stm32f767xx.o(.text)
    ETH_WKUP_IRQHandler                      0x08000227   Thumb Code     0  startup_stm32f767xx.o(.text)
    EXTI0_IRQHandler                         0x08000227   Thumb Code     0  startup_stm32f767xx.o(.text)
    EXTI1_IRQHandler                         0x08000227   Thumb Code     0  startup_stm32f767xx.o(.text)
    EXTI2_IRQHandler                         0x08000227   Thumb Code     0  startup_stm32f767xx.o(.text)
    EXTI3_IRQHandler                         0x08000227   Thumb Code     0  startup_stm32f767xx.o(.text)
    EXTI4_IRQHandler                         0x08000227   Thumb Code     0  startup_stm32f767xx.o(.text)
    EXTI9_5_IRQHandler                       0x08000227   Thumb Code     0  startup_stm32f767xx.o(.text)
    FLASH_IRQHandler                         0x08000227   Thumb Code     0  startup_stm32f767xx.o(.text)
    FMC_IRQHandler                           0x08000227   Thumb Code     0  startup_stm32f767xx.o(.text)
    FPU_IRQHandler                           0x08000227   Thumb Code     0  startup_stm32f767xx.o(.text)
    I2C1_ER_IRQHandler                       0x08000227   Thumb Code     0  startup_stm32f767xx.o(.text)
    I2C1_EV_IRQHandler                       0x08000227   Thumb Code     0  startup_stm32f767xx.o(.text)
    I2C2_ER_IRQHandler                       0x08000227   Thumb Code     0  startup_stm32f767xx.o(.text)
    I2C2_EV_IRQHandler                       0x08000227   Thumb Code     0  startup_stm32f767xx.o(.text)
    I2C3_ER_IRQHandler                       0x08000227   Thumb Code     0  startup_stm32f767xx.o(.text)
    I2C3_EV_IRQHandler                       0x08000227   Thumb Code     0  startup_stm32f767xx.o(.text)
    I2C4_ER_IRQHandler                       0x08000227   Thumb Code     0  startup_stm32f767xx.o(.text)
    I2C4_EV_IRQHandler                       0x08000227   Thumb Code     0  startup_stm32f767xx.o(.text)
    JPEG_IRQHandler                          0x08000227   Thumb Code     0  startup_stm32f767xx.o(.text)
    LPTIM1_IRQHandler                        0x08000227   Thumb Code     0  startup_stm32f767xx.o(.text)
    LTDC_ER_IRQHandler                       0x08000227   Thumb Code     0  startup_stm32f767xx.o(.text)
    LTDC_IRQHandler                          0x08000227   Thumb Code     0  startup_stm32f767xx.o(.text)
    MDIOS_IRQHandler                         0x08000227   Thumb Code     0  startup_stm32f767xx.o(.text)
    OTG_FS_IRQHandler                        0x08000227   Thumb Code     0  startup_stm32f767xx.o(.text)
    OTG_FS_WKUP_IRQHandler                   0x08000227   Thumb Code     0  startup_stm32f767xx.o(.text)
    OTG_HS_EP1_IN_IRQHandler                 0x08000227   Thumb Code     0  startup_stm32f767xx.o(.text)
    OTG_HS_EP1_OUT_IRQHandler                0x08000227   Thumb Code     0  startup_stm32f767xx.o(.text)
    OTG_HS_IRQHandler                        0x08000227   Thumb Code     0  startup_stm32f767xx.o(.text)
    OTG_HS_WKUP_IRQHandler                   0x08000227   Thumb Code     0  startup_stm32f767xx.o(.text)
    PVD_IRQHandler                           0x08000227   Thumb Code     0  startup_stm32f767xx.o(.text)
    QUADSPI_IRQHandler                       0x08000227   Thumb Code     0  startup_stm32f767xx.o(.text)
    RCC_IRQHandler                           0x08000227   Thumb Code     0  startup_stm32f767xx.o(.text)
    RNG_IRQHandler                           0x08000227   Thumb Code     0  startup_stm32f767xx.o(.text)
    RTC_Alarm_IRQHandler                     0x08000227   Thumb Code     0  startup_stm32f767xx.o(.text)
    RTC_WKUP_IRQHandler                      0x08000227   Thumb Code     0  startup_stm32f767xx.o(.text)
    SAI1_IRQHandler                          0x08000227   Thumb Code     0  startup_stm32f767xx.o(.text)
    SAI2_IRQHandler                          0x08000227   Thumb Code     0  startup_stm32f767xx.o(.text)
    SDMMC1_IRQHandler                        0x08000227   Thumb Code     0  startup_stm32f767xx.o(.text)
    SDMMC2_IRQHandler                        0x08000227   Thumb Code     0  startup_stm32f767xx.o(.text)
    SPDIF_RX_IRQHandler                      0x08000227   Thumb Code     0  startup_stm32f767xx.o(.text)
    SPI1_IRQHandler                          0x08000227   Thumb Code     0  startup_stm32f767xx.o(.text)
    SPI3_IRQHandler                          0x08000227   Thumb Code     0  startup_stm32f767xx.o(.text)
    SPI4_IRQHandler                          0x08000227   Thumb Code     0  startup_stm32f767xx.o(.text)
    SPI5_IRQHandler                          0x08000227   Thumb Code     0  startup_stm32f767xx.o(.text)
    SPI6_IRQHandler                          0x08000227   Thumb Code     0  startup_stm32f767xx.o(.text)
    TAMP_STAMP_IRQHandler                    0x08000227   Thumb Code     0  startup_stm32f767xx.o(.text)
    TIM1_BRK_TIM9_IRQHandler                 0x08000227   Thumb Code     0  startup_stm32f767xx.o(.text)
    TIM1_CC_IRQHandler                       0x08000227   Thumb Code     0  startup_stm32f767xx.o(.text)
    TIM1_TRG_COM_TIM11_IRQHandler            0x08000227   Thumb Code     0  startup_stm32f767xx.o(.text)
    TIM2_IRQHandler                          0x08000227   Thumb Code     0  startup_stm32f767xx.o(.text)
    TIM3_IRQHandler                          0x08000227   Thumb Code     0  startup_stm32f767xx.o(.text)
    TIM4_IRQHandler                          0x08000227   Thumb Code     0  startup_stm32f767xx.o(.text)
    TIM5_IRQHandler                          0x08000227   Thumb Code     0  startup_stm32f767xx.o(.text)
    TIM6_DAC_IRQHandler                      0x08000227   Thumb Code     0  startup_stm32f767xx.o(.text)
    TIM7_IRQHandler                          0x08000227   Thumb Code     0  startup_stm32f767xx.o(.text)
    TIM8_BRK_TIM12_IRQHandler                0x08000227   Thumb Code     0  startup_stm32f767xx.o(.text)
    TIM8_CC_IRQHandler                       0x08000227   Thumb Code     0  startup_stm32f767xx.o(.text)
    TIM8_TRG_COM_TIM14_IRQHandler            0x08000227   Thumb Code     0  startup_stm32f767xx.o(.text)
    TIM8_UP_TIM13_IRQHandler                 0x08000227   Thumb Code     0  startup_stm32f767xx.o(.text)
    UART4_IRQHandler                         0x08000227   Thumb Code     0  startup_stm32f767xx.o(.text)
    UART5_IRQHandler                         0x08000227   Thumb Code     0  startup_stm32f767xx.o(.text)
    UART7_IRQHandler                         0x08000227   Thumb Code     0  startup_stm32f767xx.o(.text)
    UART8_IRQHandler                         0x08000227   Thumb Code     0  startup_stm32f767xx.o(.text)
    USART1_IRQHandler                        0x08000227   Thumb Code     0  startup_stm32f767xx.o(.text)
    USART3_IRQHandler                        0x08000227   Thumb Code     0  startup_stm32f767xx.o(.text)
    USART6_IRQHandler                        0x08000227   Thumb Code     0  startup_stm32f767xx.o(.text)
    WWDG_IRQHandler                          0x08000227   Thumb Code     0  startup_stm32f767xx.o(.text)
    __aeabi_memcpy                           0x08000231   Thumb Code    36  memcpya.o(.text)
    __aeabi_memcpy4                          0x08000231   Thumb Code     0  memcpya.o(.text)
    __aeabi_memcpy8                          0x08000231   Thumb Code     0  memcpya.o(.text)
    __I$use$fp                               0x08000255   Thumb Code     0  iusefp.o(.text)
    __fp_status                              0x08000255   Thumb Code     4  fpstat.o(.text)
    __ieee_status                            0x08000255   Thumb Code     0  fpstat.o(.text)
    __scatterload                            0x08000259   Thumb Code    28  init.o(.text)
    __scatterload_rt2                        0x08000259   Thumb Code     0  init.o(.text)
    __decompress                             0x0800027d   Thumb Code     0  __dclz77c.o(.text)
    __decompress2                            0x0800027d   Thumb Code    94  __dclz77c.o(.text)
    BusFault_Handler                         0x0800047b   Thumb Code     2  stm32f7xx_it.o(i.BusFault_Handler)
    DMA2_Stream0_IRQHandler                  0x0800047d   Thumb Code     6  stm32f7xx_it.o(i.DMA2_Stream0_IRQHandler)
    DMA2_Stream1_IRQHandler                  0x08000489   Thumb Code     6  stm32f7xx_it.o(i.DMA2_Stream1_IRQHandler)
    DMA2_Stream2_IRQHandler                  0x08000495   Thumb Code     6  stm32f7xx_it.o(i.DMA2_Stream2_IRQHandler)
    DebugMon_Handler                         0x08000545   Thumb Code     2  stm32f7xx_it.o(i.DebugMon_Handler)
    EXTI15_10_IRQHandler                     0x08000549   Thumb Code    12  stm32f7xx_it.o(i.EXTI15_10_IRQHandler)
    HAL_ADCEx_MultiModeConfigChannel         0x08000559   Thumb Code   102  stm32f7xx_hal_adc_ex.o(i.HAL_ADCEx_MultiModeConfigChannel)
    HAL_ADCEx_MultiModeStart_DMA             0x080005c5   Thumb Code   226  stm32f7xx_hal_adc_ex.o(i.HAL_ADCEx_MultiModeStart_DMA)
    HAL_ADC_ConfigChannel                    0x080006c5   Thumb Code   340  stm32f7xx_hal_adc.o(i.HAL_ADC_ConfigChannel)
    HAL_ADC_ConvCpltCallback                 0x08000829   Thumb Code   440  conversion.o(i.HAL_ADC_ConvCpltCallback)
    HAL_ADC_ConvHalfCpltCallback             0x080009f5   Thumb Code     2  stm32f7xx_hal_adc.o(i.HAL_ADC_ConvHalfCpltCallback)
    HAL_ADC_ErrorCallback                    0x080009f7   Thumb Code     2  stm32f7xx_hal_adc.o(i.HAL_ADC_ErrorCallback)
    HAL_ADC_Init                             0x080009f9   Thumb Code    84  stm32f7xx_hal_adc.o(i.HAL_ADC_Init)
    HAL_ADC_MspInit                          0x08000a4d   Thumb Code   350  adc.o(i.HAL_ADC_MspInit)
    HAL_ADC_Start                            0x08000be1   Thumb Code   170  stm32f7xx_hal_adc.o(i.HAL_ADC_Start)
    HAL_DMA_Abort_IT                         0x08000c99   Thumb Code    36  stm32f7xx_hal_dma.o(i.HAL_DMA_Abort_IT)
    HAL_DMA_IRQHandler                       0x08000cbd   Thumb Code   416  stm32f7xx_hal_dma.o(i.HAL_DMA_IRQHandler)
    HAL_DMA_Init                             0x08000e65   Thumb Code   206  stm32f7xx_hal_dma.o(i.HAL_DMA_Init)
    HAL_DMA_Start_IT                         0x08000f39   Thumb Code   120  stm32f7xx_hal_dma.o(i.HAL_DMA_Start_IT)
    HAL_GPIO_EXTI_Callback                   0x08000fb1   Thumb Code     2  stm32f7xx_hal_gpio.o(i.HAL_GPIO_EXTI_Callback)
    HAL_GPIO_EXTI_IRQHandler                 0x08000fb5   Thumb Code    18  stm32f7xx_hal_gpio.o(i.HAL_GPIO_EXTI_IRQHandler)
    HAL_GPIO_Init                            0x08000fcd   Thumb Code   422  stm32f7xx_hal_gpio.o(i.HAL_GPIO_Init)
    HAL_GPIO_WritePin                        0x080011a9   Thumb Code    10  stm32f7xx_hal_gpio.o(i.HAL_GPIO_WritePin)
    HAL_GetTick                              0x080011b5   Thumb Code     6  stm32f7xx_hal.o(i.HAL_GetTick)
    HAL_IncTick                              0x080011c1   Thumb Code    10  stm32f7xx_hal.o(i.HAL_IncTick)
    HAL_Init                                 0x080011d1   Thumb Code    22  stm32f7xx_hal.o(i.HAL_Init)
    HAL_InitTick                             0x080011e9   Thumb Code    34  stm32f7xx_hal.o(i.HAL_InitTick)
    HAL_MspInit                              0x08001211   Thumb Code    88  stm32f7xx_hal_msp.o(i.HAL_MspInit)
    HAL_NVIC_EnableIRQ                       0x08001269   Thumb Code    22  stm32f7xx_hal_cortex.o(i.HAL_NVIC_EnableIRQ)
    HAL_NVIC_SetPriority                     0x08001281   Thumb Code    60  stm32f7xx_hal_cortex.o(i.HAL_NVIC_SetPriority)
    HAL_NVIC_SetPriorityGrouping             0x080012c1   Thumb Code    26  stm32f7xx_hal_cortex.o(i.HAL_NVIC_SetPriorityGrouping)
    HAL_PWREx_EnableOverDrive                0x080012e5   Thumb Code    98  stm32f7xx_hal_pwr_ex.o(i.HAL_PWREx_EnableOverDrive)
    HAL_QSPI_Init                            0x08001351   Thumb Code   174  stm32f7xx_hal_qspi.o(i.HAL_QSPI_Init)
    HAL_QSPI_MspInit                         0x08001409   Thumb Code   102  quadspi.o(i.HAL_QSPI_MspInit)
    HAL_RCCEx_PeriphCLKConfig                0x08001481   Thumb Code  1332  stm32f7xx_hal_rcc_ex.o(i.HAL_RCCEx_PeriphCLKConfig)
    HAL_RCC_ClockConfig                      0x080019b9   Thumb Code   268  stm32f7xx_hal_rcc.o(i.HAL_RCC_ClockConfig)
    HAL_RCC_GetHCLKFreq                      0x08001ad5   Thumb Code     6  stm32f7xx_hal_rcc.o(i.HAL_RCC_GetHCLKFreq)
    HAL_RCC_GetPCLK1Freq                     0x08001ae1   Thumb Code    20  stm32f7xx_hal_rcc.o(i.HAL_RCC_GetPCLK1Freq)
    HAL_RCC_GetPCLK2Freq                     0x08001b01   Thumb Code    20  stm32f7xx_hal_rcc.o(i.HAL_RCC_GetPCLK2Freq)
    HAL_RCC_GetSysClockFreq                  0x08001b21   Thumb Code    78  stm32f7xx_hal_rcc.o(i.HAL_RCC_GetSysClockFreq)
    HAL_RCC_OscConfig                        0x08001b7d   Thumb Code   790  stm32f7xx_hal_rcc.o(i.HAL_RCC_OscConfig)
    HAL_RTC_Init                             0x08001ea1   Thumb Code   150  stm32f7xx_hal_rtc.o(i.HAL_RTC_Init)
    HAL_RTC_MspInit                          0x08001f3d   Thumb Code    20  rtc.o(i.HAL_RTC_MspInit)
    HAL_SPI_ErrorCallback                    0x08001f59   Thumb Code     2  stm32f7xx_hal_spi.o(i.HAL_SPI_ErrorCallback)
    HAL_SPI_IRQHandler                       0x08001f5d   Thumb Code   208  stm32f7xx_hal_spi.o(i.HAL_SPI_IRQHandler)
    HAL_SPI_Init                             0x08002031   Thumb Code   182  stm32f7xx_hal_spi.o(i.HAL_SPI_Init)
    HAL_SPI_MspInit                          0x080020e9   Thumb Code    80  spi.o(i.HAL_SPI_MspInit)
    HAL_SPI_Transmit_IT                      0x08002145   Thumb Code   138  stm32f7xx_hal_spi.o(i.HAL_SPI_Transmit_IT)
    HAL_SPI_TxCpltCallback                   0x080021d9   Thumb Code    22  spi_masterslave.o(i.HAL_SPI_TxCpltCallback)
    HAL_SYSTICK_CLKSourceConfig              0x080021f9   Thumb Code    24  stm32f7xx_hal_cortex.o(i.HAL_SYSTICK_CLKSourceConfig)
    HAL_SYSTICK_Callback                     0x08002211   Thumb Code     2  stm32f7xx_hal_cortex.o(i.HAL_SYSTICK_Callback)
    HAL_SYSTICK_Config                       0x08002213   Thumb Code    40  stm32f7xx_hal_cortex.o(i.HAL_SYSTICK_Config)
    HAL_SYSTICK_IRQHandler                   0x0800223b   Thumb Code     8  stm32f7xx_hal_cortex.o(i.HAL_SYSTICK_IRQHandler)
    HAL_TIMEx_BreakCallback                  0x08002243   Thumb Code     2  stm32f7xx_hal_tim_ex.o(i.HAL_TIMEx_BreakCallback)
    HAL_TIMEx_CommutationCallback            0x08002245   Thumb Code     2  stm32f7xx_hal_tim_ex.o(i.HAL_TIMEx_CommutationCallback)
    HAL_TIMEx_MasterConfigSynchronization    0x08002249   Thumb Code    78  stm32f7xx_hal_tim_ex.o(i.HAL_TIMEx_MasterConfigSynchronization)
    HAL_TIM_Base_Init                        0x080022a1   Thumb Code    54  stm32f7xx_hal_tim.o(i.HAL_TIM_Base_Init)
    HAL_TIM_Base_MspInit                     0x080022d9   Thumb Code    76  tim.o(i.HAL_TIM_Base_MspInit)
    HAL_TIM_Base_Start_IT                    0x08002331   Thumb Code    24  stm32f7xx_hal_tim.o(i.HAL_TIM_Base_Start_IT)
    HAL_TIM_ConfigClockSource                0x08002349   Thumb Code   244  stm32f7xx_hal_tim.o(i.HAL_TIM_ConfigClockSource)
    HAL_TIM_IC_CaptureCallback               0x08002441   Thumb Code     2  stm32f7xx_hal_tim.o(i.HAL_TIM_IC_CaptureCallback)
    HAL_TIM_IRQHandler                       0x08002443   Thumb Code   384  stm32f7xx_hal_tim.o(i.HAL_TIM_IRQHandler)
    HAL_TIM_OC_DelayElapsedCallback          0x080025c3   Thumb Code     2  stm32f7xx_hal_tim.o(i.HAL_TIM_OC_DelayElapsedCallback)
    HAL_TIM_PWM_PulseFinishedCallback        0x080025c5   Thumb Code     2  stm32f7xx_hal_tim.o(i.HAL_TIM_PWM_PulseFinishedCallback)
    HAL_TIM_PeriodElapsedCallback            0x080025c7   Thumb Code     2  stm32f7xx_hal_tim.o(i.HAL_TIM_PeriodElapsedCallback)
    HAL_TIM_TriggerCallback                  0x080025c9   Thumb Code     2  stm32f7xx_hal_tim.o(i.HAL_TIM_TriggerCallback)
    HAL_UART_ErrorCallback                   0x080025cb   Thumb Code     2  stm32f7xx_hal_uart.o(i.HAL_UART_ErrorCallback)
    HAL_UART_IRQHandler                      0x080025cd   Thumb Code   370  stm32f7xx_hal_uart.o(i.HAL_UART_IRQHandler)
    HAL_UART_Init                            0x08002745   Thumb Code   106  stm32f7xx_hal_uart.o(i.HAL_UART_Init)
    HAL_UART_MspInit                         0x080027b1   Thumb Code    78  usart.o(i.HAL_UART_MspInit)
    HAL_UART_Receive_IT                      0x0800280d   Thumb Code   140  stm32f7xx_hal_uart.o(i.HAL_UART_Receive_IT)
    HAL_UART_RxCpltCallback                  0x08002899   Thumb Code    66  uart_masterslave.o(i.HAL_UART_RxCpltCallback)
    HAL_UART_TxCpltCallback                  0x080028e9   Thumb Code    20  uart_masterslave.o(i.HAL_UART_TxCpltCallback)
    HardFault_Handler                        0x08002905   Thumb Code     2  stm32f7xx_it.o(i.HardFault_Handler)
    MX_ADC1_Init                             0x08002909   Thumb Code   220  adc.o(i.MX_ADC1_Init)
    MX_ADC2_Init                             0x080029fd   Thumb Code   176  adc.o(i.MX_ADC2_Init)
    MX_ADC3_Init                             0x08002ac5   Thumb Code   178  adc.o(i.MX_ADC3_Init)
    MX_DMA_Init                              0x08002b91   Thumb Code    40  dma.o(i.MX_DMA_Init)
    MX_GPIO_Init                             0x08002bbd   Thumb Code   514  gpio.o(i.MX_GPIO_Init)
    MX_QUADSPI_Init                          0x08002de5   Thumb Code    52  quadspi.o(i.MX_QUADSPI_Init)
    MX_RTC_Init                              0x08002e35   Thumb Code    48  rtc.o(i.MX_RTC_Init)
    MX_SPI2_Init                             0x08002e7d   Thumb Code    74  spi.o(i.MX_SPI2_Init)
    MX_TIM1_Init                             0x08002ee1   Thumb Code   100  tim.o(i.MX_TIM1_Init)
    MX_TIM6_Init                             0x08002f5d   Thumb Code    62  tim.o(i.MX_TIM6_Init)
    MX_USART2_UART_Init                      0x08002fb5   Thumb Code    56  usart.o(i.MX_USART2_UART_Init)
    MemManage_Handler                        0x08003005   Thumb Code     2  stm32f7xx_it.o(i.MemManage_Handler)
    NMI_Handler                              0x08003007   Thumb Code     2  stm32f7xx_it.o(i.NMI_Handler)
    PendSV_Handler                           0x08003029   Thumb Code     2  stm32f7xx_it.o(i.PendSV_Handler)
    RTC_EnterInitMode                        0x08003073   Thumb Code    56  stm32f7xx_hal_rtc.o(i.RTC_EnterInitMode)
    SPI2_IRQHandler                          0x080030ad   Thumb Code     6  stm32f7xx_it.o(i.SPI2_IRQHandler)
    SVC_Handler                              0x080032c9   Thumb Code     2  stm32f7xx_it.o(i.SVC_Handler)
    SysTick_Handler                          0x080032cb   Thumb Code    22  stm32f7xx_it.o(i.SysTick_Handler)
    SystemClock_Config                       0x080032e1   Thumb Code   186  main.o(i.SystemClock_Config)
    SystemInit                               0x080033a5   Thumb Code    66  system_stm32f7xx.o(i.SystemInit)
    TIM1_UP_TIM10_IRQHandler                 0x080033f9   Thumb Code     6  stm32f7xx_it.o(i.TIM1_UP_TIM10_IRQHandler)
    TIM_Base_SetConfig                       0x08003405   Thumb Code   156  stm32f7xx_hal_tim.o(i.TIM_Base_SetConfig)
    TIM_ETR_SetConfig                        0x080034cd   Thumb Code    20  stm32f7xx_hal_tim.o(i.TIM_ETR_SetConfig)
    UART_AdvFeatureConfig                    0x08003537   Thumb Code   200  stm32f7xx_hal_uart.o(i.UART_AdvFeatureConfig)
    UART_CheckIdleState                      0x080035ff   Thumb Code    64  stm32f7xx_hal_uart.o(i.UART_CheckIdleState)
    UART_SetConfig                           0x080036e9   Thumb Code   518  stm32f7xx_hal_uart.o(i.UART_SetConfig)
    UART_WaitOnFlagUntilTimeout              0x08003921   Thumb Code    98  stm32f7xx_hal_uart.o(i.UART_WaitOnFlagUntilTimeout)
    USART2_IRQHandler                        0x08003985   Thumb Code     6  stm32f7xx_it.o(i.USART2_IRQHandler)
    UsageFault_Handler                       0x08003991   Thumb Code     2  stm32f7xx_it.o(i.UsageFault_Handler)
    _Error_Handler                           0x08003993   Thumb Code     2  main.o(i._Error_Handler)
    __ARM_fpclassify                         0x08003995   Thumb Code    48  fpclassify.o(i.__ARM_fpclassify)
    __ARM_fpclassifyf                        0x080039c5   Thumb Code    38  fpclassifyf.o(i.__ARM_fpclassifyf)
    __hardfp_atan                            0x080039f1   Thumb Code   402  atan.o(i.__hardfp_atan)
    __hardfp_atan2                           0x08003bf1   Thumb Code   380  atan2.o(i.__hardfp_atan2)
    __hardfp_powf                            0x08003db1   Thumb Code  1590  powf.o(i.__hardfp_powf)
    __mathlib_powf                           0x08003db1   Thumb Code     0  powf.o(i.__hardfp_powf)
    __hardfp_sqrt                            0x08004409   Thumb Code   102  sqrt.o(i.__hardfp_sqrt)
    __hardfp_sqrtf                           0x0800446f   Thumb Code    58  sqrtf.o(i.__hardfp_sqrtf)
    __kernel_poly                            0x080044a9   Thumb Code   112  poly.o(i.__kernel_poly)
    __mathlib_dbl_infnan                     0x08004519   Thumb Code     6  dunder.o(i.__mathlib_dbl_infnan)
    __mathlib_dbl_infnan2                    0x0800451f   Thumb Code     6  dunder.o(i.__mathlib_dbl_infnan2)
    __mathlib_dbl_underflow                  0x08004529   Thumb Code    10  dunder.o(i.__mathlib_dbl_underflow)
    __mathlib_flt_divzero                    0x08004541   Thumb Code    14  funder.o(i.__mathlib_flt_divzero)
    __mathlib_flt_infnan2                    0x08004559   Thumb Code     6  funder.o(i.__mathlib_flt_infnan2)
    __mathlib_flt_invalid                    0x08004561   Thumb Code    10  funder.o(i.__mathlib_flt_invalid)
    __mathlib_flt_overflow                   0x08004571   Thumb Code    10  funder.o(i.__mathlib_flt_overflow)
    __mathlib_flt_underflow                  0x08004581   Thumb Code    10  funder.o(i.__mathlib_flt_underflow)
    __scatterload_copy                       0x08004591   Thumb Code    14  handlers.o(i.__scatterload_copy)
    __scatterload_null                       0x0800459f   Thumb Code     2  handlers.o(i.__scatterload_null)
    __scatterload_zeroinit                   0x080045a1   Thumb Code    14  handlers.o(i.__scatterload_zeroinit)
    __set_errno                              0x080045b1   Thumb Code     6  errno.o(i.__set_errno)
    atan                                     0x080045bd   Thumb Code    16  atan.o(i.atan)
    cs_PQ_combination                        0x080045cd   Thumb Code   152  cs_handles.o(i.cs_PQ_combination)
    cs_computations                          0x08004671   Thumb Code   316  measurement_functions.o(i.cs_computations)
    cs_generation                            0x080047c9   Thumb Code    78  measurement_functions.o(i.cs_generation)
    cs_handles                               0x08004819   Thumb Code   718  cs_handles.o(i.cs_handles)
    dpm_mergeDWord                           0x08004b01   Thumb Code    76  dataparsermerger.o(i.dpm_mergeDWord)
    dpm_mergeFloat                           0x08004b4d   Thumb Code    68  dataparsermerger.o(i.dpm_mergeFloat)
    dpm_parseDWord                           0x08004b95   Thumb Code    58  dataparsermerger.o(i.dpm_parseDWord)
    dpm_parseFloat                           0x08004bd1   Thumb Code    66  dataparsermerger.o(i.dpm_parseFloat)
    fabs                                     0x08004c19   Thumb Code    24  fabs.o(i.fabs)
    fc27_init                                0x08004c31   Thumb Code    32  fc27.o(i.fc27_init)
    fc37_init                                0x08004c59   Thumb Code     2  fc37.o(i.fc37_init)
    fc46_init                                0x08004c5d   Thumb Code    84  fc46.o(i.fc46_init)
    fc49_init                                0x08004cc1   Thumb Code    84  fc49.o(i.fc49_init)
    fc50                                     0x08004d21   Thumb Code   198  protection_functions.o(i.fc50)
    fc50N_all                                0x08004ded   Thumb Code   126  fc50n.o(i.fc50N_all)
    fc50N_init                               0x08004e81   Thumb Code    40  fc50n.o(i.fc50N_init)
    fc50_all                                 0x08004eb1   Thumb Code   510  fc50.o(i.fc50_all)
    fc50_init                                0x080050c5   Thumb Code    28  fc50.o(i.fc50_init)
    fc51                                     0x080050e9   Thumb Code   226  protection_functions.o(i.fc51)
    fc51N_all                                0x080051dd   Thumb Code    44  fc51n.o(i.fc51N_all)
    fc51N_init                               0x0800521d   Thumb Code    68  fc51n.o(i.fc51N_init)
    fc51_all                                 0x08005271   Thumb Code   208  fc51.o(i.fc51_all)
    fc51_init                                0x08005355   Thumb Code    80  fc51.o(i.fc51_init)
    fc59_init                                0x080053b5   Thumb Code    14  fc59.o(i.fc59_init)
    fcBF_init                                0x080053cd   Thumb Code    54  fcbf.o(i.fcBF_init)
    fcPVP_init                               0x08005411   Thumb Code    84  fcpvp.o(i.fcPVP_init)
    fcUNB_init                               0x08005475   Thumb Code    22  fcunb.o(i.fcUNB_init)
    initFunctions                            0x08005499   Thumb Code    58  initfunctions.o(i.initFunctions)
    init_conversion                          0x080054d5   Thumb Code   110  conversion.o(i.init_conversion)
    init_protection                          0x0800554d   Thumb Code  2082  init_protection.o(i.init_protection)
    main                                     0x08005d89   Thumb Code   274  main.o(i.main)
    main_flow                                0x08005ec5   Thumb Code    34  main_flow.o(i.main_flow)
    off_delay                                0x08005ee7   Thumb Code    56  protection_functions.o(i.off_delay)
    pullDataFromMaster                       0x08005f21   Thumb Code   924  configparams.o(i.pullDataFromMaster)
    pushDataToMaster                         0x0800634d   Thumb Code  1780  commparams.o(i.pushDataToMaster)
    signal_spectra                           0x08006aa5   Thumb Code   158  measurement_functions.o(i.signal_spectra)
    signal_thd                               0x08006b49   Thumb Code    92  measurement_functions.o(i.signal_thd)
    spectral_analysis                        0x08006bad   Thumb Code   170  spectra.o(i.spectral_analysis)
    spi_initComApp                           0x08006cb5   Thumb Code     2  spi_masterslave.o(i.spi_initComApp)
    spi_runComApp                            0x08006edd   Thumb Code    56  spi_masterslave.o(i.spi_runComApp)
    spi_sysTickCallApp                       0x08006f1d   Thumb Code    58  spi_masterslave.o(i.spi_sysTickCallApp)
    sym_comp                                 0x08006f5d   Thumb Code   134  measurement_functions.o(i.sym_comp)
    sym_mag                                  0x08006fed   Thumb Code   378  measurement_functions.o(i.sym_mag)
    trueRMS                                  0x08007171   Thumb Code   238  truerms.o(i.trueRMS)
    true_rms                                 0x08007271   Thumb Code    78  measurement_functions.o(i.true_rms)
    uart_initComApp                          0x080072c5   Thumb Code    10  uart_masterslave.o(i.uart_initComApp)
    uart_runComApp                           0x080073c9   Thumb Code    60  uart_masterslave.o(i.uart_runComApp)
    uart_sysTickCallApp                      0x0800740d   Thumb Code    58  uart_masterslave.o(i.uart_sysTickCallApp)
    AHBPrescTable                            0x08007454   Data          16  system_stm32f7xx.o(.constdata)
    APBPrescTable                            0x08007464   Data           8  system_stm32f7xx.o(.constdata)
    __mathlib_zero                           0x08007740   Data           8  qnan.o(.constdata)
    Region$$Table$$Base                      0x08007748   Number         0  anon$$obj.o(Region$$Table)
    Region$$Table$$Limit                     0x08007768   Number         0  anon$$obj.o(Region$$Table)
    incoming_data_flag                       0x20000000   Data           1  main.o(.data)
    uwTick                                   0x20000004   Data           4  stm32f7xx_hal.o(.data)
    SystemCoreClock                          0x20000008   Data           4  system_stm32f7xx.o(.data)
    curve                                    0x2000000c   Data           1  init_protection.o(.data)
    cSelect1                                 0x20000010   Data           4  init_protection.o(.data)
    cSelect2                                 0x20000014   Data           4  init_protection.o(.data)
    curve_data                               0x20000018   Data          96  init_protection.o(.data)
    UNBpcorrection                           0x2000007c   Data           4  fcunb.o(.data)
    fcUNBi_obj1_L1_in                        0x20000080   Data           8  fcunb.o(.data)
    n                                        0x20000088   Data           8  cs_handles.o(.data)
    UNBa                                     0x20000090   Data           8  cs_handles.o(.data)
    UNBb                                     0x20000098   Data           8  cs_handles.o(.data)
    sin_coeffs                               0x200000a0   Data         200  cs_handles.o(.data)
    cos_coeffs                               0x20000168   Data         200  cs_handles.o(.data)
    coeffs_real                              0x20000238   Data         200  spectra.o(.data)
    coeffs_imag                              0x20000300   Data         200  spectra.o(.data)
    conversion_completed                     0x200003c8   Data           1  conversion.o(.data)
    cycle_count_1                            0x200003cc   Data           4  conversion.o(.data)
    cycle_count_2                            0x200003d0   Data           4  conversion.o(.data)
    DI                                       0x200003d4   Data           4  boardio.o(.data)
    DO                                       0x200003d8   Data           4  boardio.o(.data)
    typeCnv                                  0x200003dc   Data           4  dataparsermerger.o(.data)
    mSelect                                  0x200003e0   Data           4  configparams.o(.data)
    pFlag                                    0x200003e4   Data           4  configparams.o(.data)
    pEN                                      0x200003e8   Data           4  configparams.o(.data)
    htim1                                    0x200003f0   Data          64  tim.o(.bss)
    htim6                                    0x20000430   Data          64  tim.o(.bss)
    hrtc                                     0x20000470   Data          32  rtc.o(.bss)
    hqspi                                    0x20000490   Data          76  quadspi.o(.bss)
    hadc1                                    0x200004dc   Data          72  adc.o(.bss)
    hadc2                                    0x20000524   Data          72  adc.o(.bss)
    hadc3                                    0x2000056c   Data          72  adc.o(.bss)
    hdma_adc1                                0x200005b4   Data          96  adc.o(.bss)
    hdma_adc2                                0x20000614   Data          96  adc.o(.bss)
    hdma_adc3                                0x20000674   Data          96  adc.o(.bss)
    adc_values                               0x200006d4   Data          60  main.o(.bss)
    huart2                                   0x20000710   Data         112  usart.o(.bss)
    hspi2                                    0x20000780   Data         100  spi.o(.bss)
    EN                                       0x200007e4   Data         116  init_protection.o(.bss)
    fc50_obj1_L1_out_a                       0x20000858   Data          12  fc50.o(.bss)
    fc50_obj1_L1_out_b                       0x20000864   Data          12  fc50.o(.bss)
    fc50_obj1_L1_out_c                       0x20000870   Data          12  fc50.o(.bss)
    fc50_obj1_L2_out_a                       0x2000087c   Data          12  fc50.o(.bss)
    fc50_obj1_L2_out_b                       0x20000888   Data          12  fc50.o(.bss)
    fc50_obj1_L2_out_c                       0x20000894   Data          12  fc50.o(.bss)
    fc50_obj1_L3_out_a                       0x200008a0   Data          12  fc50.o(.bss)
    fc50_obj1_L3_out_b                       0x200008ac   Data          12  fc50.o(.bss)
    fc50_obj1_L3_out_c                       0x200008b8   Data          12  fc50.o(.bss)
    fc50_obj2_L1_out_a                       0x200008c4   Data          12  fc50.o(.bss)
    fc50_obj2_L1_out_b                       0x200008d0   Data          12  fc50.o(.bss)
    fc50_obj2_L1_out_c                       0x200008dc   Data          12  fc50.o(.bss)
    fc50_obj2_L2_out_a                       0x200008e8   Data          12  fc50.o(.bss)
    fc50_obj2_L2_out_b                       0x200008f4   Data          12  fc50.o(.bss)
    fc50_obj2_L2_out_c                       0x20000900   Data          12  fc50.o(.bss)
    fc50_obj2_L3_out_a                       0x2000090c   Data          12  fc50.o(.bss)
    fc50_obj2_L3_out_b                       0x20000918   Data          12  fc50.o(.bss)
    fc50_obj2_L3_out_c                       0x20000924   Data          12  fc50.o(.bss)
    fc50_obj1_L1_in                          0x20000930   Data          16  fc50.o(.bss)
    fc50_obj1_L2_in                          0x20000940   Data          16  fc50.o(.bss)
    fc50_obj1_L3_in                          0x20000950   Data          16  fc50.o(.bss)
    fc50_obj2_L1_in                          0x20000960   Data          16  fc50.o(.bss)
    fc50_obj2_L2_in                          0x20000970   Data          16  fc50.o(.bss)
    fc50_obj2_L3_in                          0x20000980   Data          16  fc50.o(.bss)
    fc50N_obj1_L1_out                        0x20000990   Data          12  fc50n.o(.bss)
    fc50N_obj1_L2_out                        0x2000099c   Data          12  fc50n.o(.bss)
    fc50N_obj1_L3_out                        0x200009a8   Data          12  fc50n.o(.bss)
    fc50N_obj1_L1_in                         0x200009b4   Data          16  fc50n.o(.bss)
    fc50N_obj1_L2_in                         0x200009c4   Data          16  fc50n.o(.bss)
    fc50N_obj1_L3_in                         0x200009d4   Data          16  fc50n.o(.bss)
    fc51_obj1_out_a                          0x200009e4   Data          12  fc51.o(.bss)
    fc51_obj1_out_b                          0x200009f0   Data          12  fc51.o(.bss)
    fc51_obj1_out_c                          0x200009fc   Data          12  fc51.o(.bss)
    fc51_obj1_in                             0x20000a08   Data          20  fc51.o(.bss)
    fc51_obj2_in                             0x20000a1c   Data          20  fc51.o(.bss)
    fc51N_obj1_out                           0x20000a30   Data          12  fc51n.o(.bss)
    fc51N_obj1_in                            0x20000a3c   Data          20  fc51n.o(.bss)
    fc27_obj1_L1_in                          0x20000a50   Data          16  fc27.o(.bss)
    fc27_obj1_L2_in                          0x20000a60   Data          16  fc27.o(.bss)
    fc59_obj1_L1_in                          0x20000a70   Data          12  fc59.o(.bss)
    fc59_obj1_L2_in                          0x20000a7c   Data          12  fc59.o(.bss)
    fc46d_obj1_L1_out                        0x20000a88   Data          12  fc46.o(.bss)
    fc46i_obj1_L1_out                        0x20000a94   Data          12  fc46.o(.bss)
    fc46d_obj1_L1_in                         0x20000aa0   Data          16  fc46.o(.bss)
    fc46i_obj1_L1_in                         0x20000ab0   Data          20  fc46.o(.bss)
    fc49_obj1_therm                          0x20000ac4   Data          20  fc49.o(.bss)
    fc49_obj2_therm                          0x20000ad8   Data          20  fc49.o(.bss)
    fc49_obj1_L1_in                          0x20000aec   Data          16  fc49.o(.bss)
    fc49_obj1_L2_in                          0x20000afc   Data          16  fc49.o(.bss)
    fc49_obj2_L1_in                          0x20000b0c   Data          16  fc49.o(.bss)
    fc49_obj2_L2_in                          0x20000b1c   Data          16  fc49.o(.bss)
    fcBF_out                                 0x20000b2c   Data          12  fcbf.o(.bss)
    fcBF_in                                  0x20000b38   Data          24  fcbf.o(.bss)
    fc37_obj1_L1_in                          0x20000b50   Data          16  fc37.o(.bss)
    fc37_obj2_L1_in                          0x20000b60   Data          16  fc37.o(.bss)
    fcUNBd_obj1_L1_out_a                     0x20000b70   Data          16  fcunb.o(.bss)
    fcUNBd_obj1_L1_out_b                     0x20000b80   Data          16  fcunb.o(.bss)
    fcUNBi_obj1_L1_out_a                     0x20000b90   Data          12  fcunb.o(.bss)
    fcUNBi_obj1_L1_out_b                     0x20000b9c   Data          12  fcunb.o(.bss)
    fcUNBd_obj1_L1_in                        0x20000c70   Data          12  fcunb.o(.bss)
    pvp_in                                   0x20000c7c   Data          12  fcpvp.o(.bss)
    pvp_in_back                              0x20000c88   Data          12  fcpvp.o(.bss)
    pvp_out                                  0x20000c94   Data          12  fcpvp.o(.bss)
    pvp_out_back                             0x20000ca0   Data          12  fcpvp.o(.bss)
    fcPVPi_obj1_L1_out_a                     0x20000cac   Data          12  fcpvp.o(.bss)
    fcPVPi_obj1_L1_out_b                     0x20000cb8   Data          12  fcpvp.o(.bss)
    fcPVPi_obj1_L1_out_c                     0x20000cc4   Data          12  fcpvp.o(.bss)
    fcPVPd_obj1_L1_in                        0x20000f28   Data          12  fcpvp.o(.bss)
    fcPVPi_obj1_L1_in                        0x20000f34   Data          20  fcpvp.o(.bss)
    pick                                     0x20000f48   Data          12  pickup_handles.o(.bss)
    trip                                     0x20000f54   Data          12  pickup_handles.o(.bss)
    phase_cs_A                               0x2000106c   Data          16  cs_handles.o(.bss)
    phase_cs_B                               0x2000107c   Data          16  cs_handles.o(.bss)
    phase_cs_C                               0x2000108c   Data          16  cs_handles.o(.bss)
    phase_cs_A_out                           0x2000109c   Data          44  cs_handles.o(.bss)
    phase_cs_B_out                           0x200010c8   Data          44  cs_handles.o(.bss)
    phase_cs_C_out                           0x200010f4   Data          44  cs_handles.o(.bss)
    sym                                      0x20001120   Data          24  cs_handles.o(.bss)
    sym_hist                                 0x20001138   Data          24  cs_handles.o(.bss)
    mag_sym                                  0x20001150   Data          24  cs_handles.o(.bss)
    c_buffer                                 0x20001168   Data        2400  cs_handles.o(.bss)
    s_buffer                                 0x20001ac8   Data        2400  cs_handles.o(.bss)
    P                                        0x20002428   Data          28  cs_handles.o(.bss)
    Q                                        0x20002444   Data          28  cs_handles.o(.bss)
    fRMS                                     0x20002460   Data          60  cs_handles.o(.bss)
    tRMS                                     0x2000249c   Data          60  truerms.o(.bss)
    backRMS                                  0x200024d8   Data          60  truerms.o(.bss)
    bufferRMS                                0x20002514   Data        3000  truerms.o(.bss)
    spect_Ia                                 0x200030cc   Data         368  spectra.o(.bss)
    spect_Ib                                 0x2000323c   Data         368  spectra.o(.bss)
    spect_Ic                                 0x200033ac   Data         368  spectra.o(.bss)
    thd                                      0x2000351c   Data          12  spectra.o(.bss)
    rawAdc                                   0x20003528   Data          60  conversion.o(.bss)
    fAdc                                     0x20003564   Data          60  conversion.o(.bss)
    offset                                   0x200035a0   Data          60  conversion.o(.bss)
    scale                                    0x200035dc   Data          60  conversion.o(.bss)
    TR                                       0x20003618   Data          48  conversion.o(.bss)
    Sys                                      0x20003648   Data          36  powersysdata.o(.bss)
    comParams                                0x2000366c   Data        6020  spi_masterslave.o(.bss)
    spiCRC                                   0x20004df0   Data          12  spi_masterslave.o(.bss)
    comParams_uart                           0x20004dfc   Data        2996  uart_masterslave.o(.bss)
    uartCRC                                  0x200059b0   Data          12  uart_masterslave.o(.bss)
    pick_words                               0x200059bc   Data          12  commparams.o(.bss)
    trip_words                               0x200059c8   Data          12  commparams.o(.bss)
    __initial_sp                             0x20005dd8   Data           0  startup_stm32f767xx.o(STACK)



==============================================================================

Memory Map of the image

  Image Entry point : 0x080001f9

  Load Region LR_IROM1 (Base: 0x08000000, Size: 0x00007b58, Max: 0x00200000, ABSOLUTE, COMPRESSED[0x000078f8])

    Execution Region ER_IROM1 (Base: 0x08000000, Size: 0x00007768, Max: 0x00200000, ABSOLUTE)

    Base Addr    Size         Type   Attr      Idx    E Section Name        Object

    0x08000000   0x000001f8   Data   RO          869    RESET               startup_stm32f767xx.o
    0x080001f8   0x00000000   Code   RO         5847  * .ARM.Collect$$$$00000000  mc_w.l(entry.o)
    0x080001f8   0x00000004   Code   RO         5919    .ARM.Collect$$$$00000001  mc_w.l(entry2.o)
    0x080001fc   0x00000004   Code   RO         5922    .ARM.Collect$$$$00000004  mc_w.l(entry5.o)
    0x08000200   0x00000000   Code   RO         5924    .ARM.Collect$$$$00000008  mc_w.l(entry7b.o)
    0x08000200   0x00000000   Code   RO         5926    .ARM.Collect$$$$0000000A  mc_w.l(entry8b.o)
    0x08000200   0x00000008   Code   RO         5927    .ARM.Collect$$$$0000000B  mc_w.l(entry9a.o)
    0x08000208   0x00000000   Code   RO         5929    .ARM.Collect$$$$0000000D  mc_w.l(entry10a.o)
    0x08000208   0x00000000   Code   RO         5931    .ARM.Collect$$$$0000000F  mc_w.l(entry11a.o)
    0x08000208   0x00000004   Code   RO         5920    .ARM.Collect$$$$00002712  mc_w.l(entry2.o)
    0x0800020c   0x00000024   Code   RO          870    .text               startup_stm32f767xx.o
    0x08000230   0x00000024   Code   RO         5850    .text               mc_w.l(memcpya.o)
    0x08000254   0x00000000   Code   RO         5940    .text               mc_w.l(iusefp.o)
    0x08000254   0x00000004   Code   RO         5941    .text               mf_w.l(fpstat.o)
    0x08000258   0x00000024   Code   RO         5947    .text               mc_w.l(init.o)
    0x0800027c   0x0000005e   Code   RO         5957    .text               mc_w.l(__dclz77c.o)
    0x080002da   0x00000002   PAD
    0x080002dc   0x0000012c   Code   RO          880    i.ADC_Init          stm32f7xx_hal_adc.o
    0x08000408   0x0000005a   Code   RO         2137    i.ADC_MultiModeDMAConvCplt  stm32f7xx_hal_adc_ex.o
    0x08000462   0x00000012   Code   RO         2138    i.ADC_MultiModeDMAError  stm32f7xx_hal_adc_ex.o
    0x08000474   0x00000006   Code   RO         2139    i.ADC_MultiModeDMAHalfConvCplt  stm32f7xx_hal_adc_ex.o
    0x0800047a   0x00000002   Code   RO          310    i.BusFault_Handler  stm32f7xx_it.o
    0x0800047c   0x0000000c   Code   RO          311    i.DMA2_Stream0_IRQHandler  stm32f7xx_it.o
    0x08000488   0x0000000c   Code   RO          312    i.DMA2_Stream1_IRQHandler  stm32f7xx_it.o
    0x08000494   0x0000000c   Code   RO          313    i.DMA2_Stream2_IRQHandler  stm32f7xx_it.o
    0x080004a0   0x00000028   Code   RO         2527    i.DMA_CalcBaseAndBitshift  stm32f7xx_hal_dma.o
    0x080004c8   0x00000054   Code   RO         2528    i.DMA_CheckFifoParam  stm32f7xx_hal_dma.o
    0x0800051c   0x00000028   Code   RO         2529    i.DMA_SetConfig     stm32f7xx_hal_dma.o
    0x08000544   0x00000002   Code   RO          314    i.DebugMon_Handler  stm32f7xx_it.o
    0x08000546   0x00000002   PAD
    0x08000548   0x00000010   Code   RO          315    i.EXTI15_10_IRQHandler  stm32f7xx_it.o
    0x08000558   0x0000006c   Code   RO         2148    i.HAL_ADCEx_MultiModeConfigChannel  stm32f7xx_hal_adc_ex.o
    0x080005c4   0x00000100   Code   RO         2150    i.HAL_ADCEx_MultiModeStart_DMA  stm32f7xx_hal_adc_ex.o
    0x080006c4   0x00000164   Code   RO          882    i.HAL_ADC_ConfigChannel  stm32f7xx_hal_adc.o
    0x08000828   0x000001cc   Code   RO         5329    i.HAL_ADC_ConvCpltCallback  conversion.o
    0x080009f4   0x00000002   Code   RO          884    i.HAL_ADC_ConvHalfCpltCallback  stm32f7xx_hal_adc.o
    0x080009f6   0x00000002   Code   RO          886    i.HAL_ADC_ErrorCallback  stm32f7xx_hal_adc.o
    0x080009f8   0x00000054   Code   RO          891    i.HAL_ADC_Init      stm32f7xx_hal_adc.o
    0x08000a4c   0x00000194   Code   RO          443    i.HAL_ADC_MspInit   adc.o
    0x08000be0   0x000000b8   Code   RO          897    i.HAL_ADC_Start     stm32f7xx_hal_adc.o
    0x08000c98   0x00000024   Code   RO         2531    i.HAL_DMA_Abort_IT  stm32f7xx_hal_dma.o
    0x08000cbc   0x000001a8   Code   RO         2535    i.HAL_DMA_IRQHandler  stm32f7xx_hal_dma.o
    0x08000e64   0x000000d4   Code   RO         2536    i.HAL_DMA_Init      stm32f7xx_hal_dma.o
    0x08000f38   0x00000078   Code   RO         2540    i.HAL_DMA_Start_IT  stm32f7xx_hal_dma.o
    0x08000fb0   0x00000002   Code   RO         1438    i.HAL_GPIO_EXTI_Callback  stm32f7xx_hal_gpio.o
    0x08000fb2   0x00000002   PAD
    0x08000fb4   0x00000018   Code   RO         1439    i.HAL_GPIO_EXTI_IRQHandler  stm32f7xx_hal_gpio.o
    0x08000fcc   0x000001dc   Code   RO         1440    i.HAL_GPIO_Init     stm32f7xx_hal_gpio.o
    0x080011a8   0x0000000a   Code   RO         1444    i.HAL_GPIO_WritePin  stm32f7xx_hal_gpio.o
    0x080011b2   0x00000002   PAD
    0x080011b4   0x0000000c   Code   RO         2355    i.HAL_GetTick       stm32f7xx_hal.o
    0x080011c0   0x00000010   Code   RO         2359    i.HAL_IncTick       stm32f7xx_hal.o
    0x080011d0   0x00000016   Code   RO         2360    i.HAL_Init          stm32f7xx_hal.o
    0x080011e6   0x00000002   PAD
    0x080011e8   0x00000028   Code   RO         2361    i.HAL_InitTick      stm32f7xx_hal.o
    0x08001210   0x00000058   Code   RO          286    i.HAL_MspInit       stm32f7xx_hal_msp.o
    0x08001268   0x00000016   Code   RO         1307    i.HAL_NVIC_EnableIRQ  stm32f7xx_hal_cortex.o
    0x0800127e   0x00000002   PAD
    0x08001280   0x00000040   Code   RO         1313    i.HAL_NVIC_SetPriority  stm32f7xx_hal_cortex.o
    0x080012c0   0x00000024   Code   RO         1314    i.HAL_NVIC_SetPriorityGrouping  stm32f7xx_hal_cortex.o
    0x080012e4   0x0000006c   Code   RO         2252    i.HAL_PWREx_EnableOverDrive  stm32f7xx_hal_pwr_ex.o
    0x08001350   0x000000b8   Code   RO         3530    i.HAL_QSPI_Init     stm32f7xx_hal_qspi.o
    0x08001408   0x00000078   Code   RO          215    i.HAL_QSPI_MspInit  quadspi.o
    0x08001480   0x00000538   Code   RO         2755    i.HAL_RCCEx_PeriphCLKConfig  stm32f7xx_hal_rcc_ex.o
    0x080019b8   0x0000011c   Code   RO         3030    i.HAL_RCC_ClockConfig  stm32f7xx_hal_rcc.o
    0x08001ad4   0x0000000c   Code   RO         3035    i.HAL_RCC_GetHCLKFreq  stm32f7xx_hal_rcc.o
    0x08001ae0   0x00000020   Code   RO         3037    i.HAL_RCC_GetPCLK1Freq  stm32f7xx_hal_rcc.o
    0x08001b00   0x00000020   Code   RO         3038    i.HAL_RCC_GetPCLK2Freq  stm32f7xx_hal_rcc.o
    0x08001b20   0x0000005c   Code   RO         3039    i.HAL_RCC_GetSysClockFreq  stm32f7xx_hal_rcc.o
    0x08001b7c   0x00000324   Code   RO         3042    i.HAL_RCC_OscConfig  stm32f7xx_hal_rcc.o
    0x08001ea0   0x0000009c   Code   RO         1055    i.HAL_RTC_Init      stm32f7xx_hal_rtc.o
    0x08001f3c   0x0000001c   Code   RO          173    i.HAL_RTC_MspInit   rtc.o
    0x08001f58   0x00000002   Code   RO         4527    i.HAL_SPI_ErrorCallback  stm32f7xx_hal_spi.o
    0x08001f5a   0x00000002   PAD
    0x08001f5c   0x000000d4   Code   RO         4530    i.HAL_SPI_IRQHandler  stm32f7xx_hal_spi.o
    0x08002030   0x000000b6   Code   RO         4531    i.HAL_SPI_Init      stm32f7xx_hal_spi.o
    0x080020e6   0x00000002   PAD
    0x080020e8   0x0000005c   Code   RO          631    i.HAL_SPI_MspInit   spi.o
    0x08002144   0x00000094   Code   RO         4544    i.HAL_SPI_Transmit_IT  stm32f7xx_hal_spi.o
    0x080021d8   0x00000020   Code   RO         5558    i.HAL_SPI_TxCpltCallback  spi_masterslave.o
    0x080021f8   0x00000018   Code   RO         1316    i.HAL_SYSTICK_CLKSourceConfig  stm32f7xx_hal_cortex.o
    0x08002210   0x00000002   Code   RO         1317    i.HAL_SYSTICK_Callback  stm32f7xx_hal_cortex.o
    0x08002212   0x00000028   Code   RO         1318    i.HAL_SYSTICK_Config  stm32f7xx_hal_cortex.o
    0x0800223a   0x00000008   Code   RO         1319    i.HAL_SYSTICK_IRQHandler  stm32f7xx_hal_cortex.o
    0x08002242   0x00000002   Code   RO         3172    i.HAL_TIMEx_BreakCallback  stm32f7xx_hal_tim_ex.o
    0x08002244   0x00000002   Code   RO         3173    i.HAL_TIMEx_CommutationCallback  stm32f7xx_hal_tim_ex.o
    0x08002246   0x00000002   PAD
    0x08002248   0x00000058   Code   RO         3191    i.HAL_TIMEx_MasterConfigSynchronization  stm32f7xx_hal_tim_ex.o
    0x080022a0   0x00000036   Code   RO         1505    i.HAL_TIM_Base_Init  stm32f7xx_hal_tim.o
    0x080022d6   0x00000002   PAD
    0x080022d8   0x00000058   Code   RO            5    i.HAL_TIM_Base_MspInit  tim.o
    0x08002330   0x00000018   Code   RO         1510    i.HAL_TIM_Base_Start_IT  stm32f7xx_hal_tim.o
    0x08002348   0x000000f8   Code   RO         1514    i.HAL_TIM_ConfigClockSource  stm32f7xx_hal_tim.o
    0x08002440   0x00000002   Code   RO         1534    i.HAL_TIM_IC_CaptureCallback  stm32f7xx_hal_tim.o
    0x08002442   0x00000180   Code   RO         1547    i.HAL_TIM_IRQHandler  stm32f7xx_hal_tim.o
    0x080025c2   0x00000002   Code   RO         1550    i.HAL_TIM_OC_DelayElapsedCallback  stm32f7xx_hal_tim.o
    0x080025c4   0x00000002   Code   RO         1577    i.HAL_TIM_PWM_PulseFinishedCallback  stm32f7xx_hal_tim.o
    0x080025c6   0x00000002   Code   RO         1584    i.HAL_TIM_PeriodElapsedCallback  stm32f7xx_hal_tim.o
    0x080025c8   0x00000002   Code   RO         1588    i.HAL_TIM_TriggerCallback  stm32f7xx_hal_tim.o
    0x080025ca   0x00000002   Code   RO         4256    i.HAL_UART_ErrorCallback  stm32f7xx_hal_uart.o
    0x080025cc   0x00000178   Code   RO         4259    i.HAL_UART_IRQHandler  stm32f7xx_hal_uart.o
    0x08002744   0x0000006a   Code   RO         4260    i.HAL_UART_Init     stm32f7xx_hal_uart.o
    0x080027ae   0x00000002   PAD
    0x080027b0   0x0000005c   Code   RO          589    i.HAL_UART_MspInit  usart.o
    0x0800280c   0x0000008c   Code   RO         4265    i.HAL_UART_Receive_IT  stm32f7xx_hal_uart.o
    0x08002898   0x00000050   Code   RO         5626    i.HAL_UART_RxCpltCallback  uart_masterslave.o
    0x080028e8   0x0000001c   Code   RO         5627    i.HAL_UART_TxCpltCallback  uart_masterslave.o
    0x08002904   0x00000002   Code   RO          316    i.HardFault_Handler  stm32f7xx_it.o
    0x08002906   0x00000002   PAD
    0x08002908   0x000000f4   Code   RO          444    i.MX_ADC1_Init      adc.o
    0x080029fc   0x000000c8   Code   RO          445    i.MX_ADC2_Init      adc.o
    0x08002ac4   0x000000cc   Code   RO          446    i.MX_ADC3_Init      adc.o
    0x08002b90   0x0000002c   Code   RO          259    i.MX_DMA_Init       dma.o
    0x08002bbc   0x00000228   Code   RO          564    i.MX_GPIO_Init      gpio.o
    0x08002de4   0x00000050   Code   RO          216    i.MX_QUADSPI_Init   quadspi.o
    0x08002e34   0x00000048   Code   RO          174    i.MX_RTC_Init       rtc.o
    0x08002e7c   0x00000064   Code   RO          632    i.MX_SPI2_Init      spi.o
    0x08002ee0   0x0000007c   Code   RO            6    i.MX_TIM1_Init      tim.o
    0x08002f5c   0x00000058   Code   RO            7    i.MX_TIM6_Init      tim.o
    0x08002fb4   0x00000050   Code   RO          590    i.MX_USART2_UART_Init  usart.o
    0x08003004   0x00000002   Code   RO          317    i.MemManage_Handler  stm32f7xx_it.o
    0x08003006   0x00000002   Code   RO          318    i.NMI_Handler       stm32f7xx_it.o
    0x08003008   0x00000020   Code   RO         1320    i.NVIC_SetPriority  stm32f7xx_hal_cortex.o
    0x08003028   0x00000002   Code   RO          319    i.PendSV_Handler    stm32f7xx_it.o
    0x0800302a   0x00000048   Code   RO         3555    i.QSPI_WaitFlagStateUntilTimeout  stm32f7xx_hal_qspi.o
    0x08003072   0x00000038   Code   RO         1066    i.RTC_EnterInitMode  stm32f7xx_hal_rtc.o
    0x080030aa   0x00000002   PAD
    0x080030ac   0x0000000c   Code   RO          320    i.SPI2_IRQHandler   stm32f7xx_it.o
    0x080030b8   0x0000004c   Code   RO         4557    i.SPI_CloseTx_ISR   stm32f7xx_hal_spi.o
    0x08003104   0x00000012   Code   RO         4558    i.SPI_DMAAbortOnError  stm32f7xx_hal_spi.o
    0x08003116   0x00000048   Code   RO         4569    i.SPI_EndRxTxTransaction  stm32f7xx_hal_spi.o
    0x0800315e   0x00000020   Code   RO         4572    i.SPI_TxISR_16BIT   stm32f7xx_hal_spi.o
    0x0800317e   0x0000001e   Code   RO         4573    i.SPI_TxISR_8BIT    stm32f7xx_hal_spi.o
    0x0800319c   0x000000a0   Code   RO         4574    i.SPI_WaitFifoStateUntilTimeout  stm32f7xx_hal_spi.o
    0x0800323c   0x0000008c   Code   RO         4575    i.SPI_WaitFlagStateUntilTimeout  stm32f7xx_hal_spi.o
    0x080032c8   0x00000002   Code   RO          321    i.SVC_Handler       stm32f7xx_it.o
    0x080032ca   0x00000016   Code   RO          322    i.SysTick_Handler   stm32f7xx_it.o
    0x080032e0   0x000000c4   Code   RO          496    i.SystemClock_Config  main.o
    0x080033a4   0x00000054   Code   RO         4848    i.SystemInit        system_stm32f7xx.o
    0x080033f8   0x0000000c   Code   RO          323    i.TIM1_UP_TIM10_IRQHandler  stm32f7xx_it.o
    0x08003404   0x000000c8   Code   RO         1589    i.TIM_Base_SetConfig  stm32f7xx_hal_tim.o
    0x080034cc   0x00000014   Code   RO         1596    i.TIM_ETR_SetConfig  stm32f7xx_hal_tim.o
    0x080034e0   0x00000010   Code   RO         1597    i.TIM_ITRx_SetConfig  stm32f7xx_hal_tim.o
    0x080034f0   0x00000022   Code   RO         1603    i.TIM_TI1_ConfigInputStage  stm32f7xx_hal_tim.o
    0x08003512   0x00000024   Code   RO         1605    i.TIM_TI2_ConfigInputStage  stm32f7xx_hal_tim.o
    0x08003536   0x000000c8   Code   RO         4273    i.UART_AdvFeatureConfig  stm32f7xx_hal_uart.o
    0x080035fe   0x00000040   Code   RO         4274    i.UART_CheckIdleState  stm32f7xx_hal_uart.o
    0x0800363e   0x00000014   Code   RO         4275    i.UART_DMAAbortOnError  stm32f7xx_hal_uart.o
    0x08003652   0x0000001c   Code   RO         4281    i.UART_EndRxTransfer  stm32f7xx_hal_uart.o
    0x0800366e   0x00000078   Code   RO         4283    i.UART_Receive_IT   stm32f7xx_hal_uart.o
    0x080036e6   0x00000002   PAD
    0x080036e8   0x00000238   Code   RO         4284    i.UART_SetConfig    stm32f7xx_hal_uart.o
    0x08003920   0x00000062   Code   RO         4285    i.UART_WaitOnFlagUntilTimeout  stm32f7xx_hal_uart.o
    0x08003982   0x00000002   PAD
    0x08003984   0x0000000c   Code   RO          324    i.USART2_IRQHandler  stm32f7xx_it.o
    0x08003990   0x00000002   Code   RO          325    i.UsageFault_Handler  stm32f7xx_it.o
    0x08003992   0x00000002   Code   RO          497    i._Error_Handler    main.o
    0x08003994   0x00000030   Code   RO         5943    i.__ARM_fpclassify  m_wv.l(fpclassify.o)
    0x080039c4   0x00000026   Code   RO         5891    i.__ARM_fpclassifyf  m_wv.l(fpclassifyf.o)
    0x080039ea   0x00000006   PAD
    0x080039f0   0x00000200   Code   RO         5854    i.__hardfp_atan     m_wv.l(atan.o)
    0x08003bf0   0x000001c0   Code   RO         5773    i.__hardfp_atan2    m_wv.l(atan2.o)
    0x08003db0   0x00000658   Code   RO         5797    i.__hardfp_powf     m_wv.l(powf.o)
    0x08004408   0x00000066   Code   RO         5823    i.__hardfp_sqrt     m_wv.l(sqrt.o)
    0x0800446e   0x0000003a   Code   RO         5835    i.__hardfp_sqrtf    m_wv.l(sqrtf.o)
    0x080044a8   0x00000070   Code   RO         5945    i.__kernel_poly     m_wv.l(poly.o)
    0x08004518   0x00000006   Code   RO         5872    i.__mathlib_dbl_infnan  m_wv.l(dunder.o)
    0x0800451e   0x00000006   Code   RO         5873    i.__mathlib_dbl_infnan2  m_wv.l(dunder.o)
    0x08004524   0x00000004   PAD
    0x08004528   0x00000018   Code   RO         5877    i.__mathlib_dbl_underflow  m_wv.l(dunder.o)
    0x08004540   0x00000018   Code   RO         5893    i.__mathlib_flt_divzero  m_wv.l(funder.o)
    0x08004558   0x00000006   Code   RO         5895    i.__mathlib_flt_infnan2  m_wv.l(funder.o)
    0x0800455e   0x00000002   PAD
    0x08004560   0x00000010   Code   RO         5896    i.__mathlib_flt_invalid  m_wv.l(funder.o)
    0x08004570   0x00000010   Code   RO         5897    i.__mathlib_flt_overflow  m_wv.l(funder.o)
    0x08004580   0x00000010   Code   RO         5899    i.__mathlib_flt_underflow  m_wv.l(funder.o)
    0x08004590   0x0000000e   Code   RO         5951    i.__scatterload_copy  mc_w.l(handlers.o)
    0x0800459e   0x00000002   Code   RO         5952    i.__scatterload_null  mc_w.l(handlers.o)
    0x080045a0   0x0000000e   Code   RO         5953    i.__scatterload_zeroinit  mc_w.l(handlers.o)
    0x080045ae   0x00000002   PAD
    0x080045b0   0x0000000c   Code   RO         5935    i.__set_errno       mc_w.l(errno.o)
    0x080045bc   0x00000010   Code   RO         5856    i.atan              m_wv.l(atan.o)
    0x080045cc   0x000000a0   Code   RO         5255    i.cs_PQ_combination  cs_handles.o
    0x0800466c   0x00000004   PAD
    0x08004670   0x00000158   Code   RO          669    i.cs_computations   measurement_functions.o
    0x080047c8   0x0000004e   Code   RO          670    i.cs_generation     measurement_functions.o
    0x08004816   0x00000002   PAD
    0x08004818   0x000002e8   Code   RO         5256    i.cs_handles        cs_handles.o
    0x08004b00   0x0000004c   Code   RO         5437    i.dpm_mergeDWord    dataparsermerger.o
    0x08004b4c   0x00000048   Code   RO         5438    i.dpm_mergeFloat    dataparsermerger.o
    0x08004b94   0x0000003a   Code   RO         5439    i.dpm_parseDWord    dataparsermerger.o
    0x08004bce   0x00000002   PAD
    0x08004bd0   0x00000048   Code   RO         5440    i.dpm_parseFloat    dataparsermerger.o
    0x08004c18   0x00000018   Code   RO         5887    i.fabs              m_wv.l(fabs.o)
    0x08004c30   0x00000028   Code   RO         5021    i.fc27_init         fc27.o
    0x08004c58   0x00000002   Code   RO         5155    i.fc37_init         fc37.o
    0x08004c5a   0x00000002   PAD
    0x08004c5c   0x00000064   Code   RO         5078    i.fc46_init         fc46.o
    0x08004cc0   0x00000060   Code   RO         5100    i.fc49_init         fc49.o
    0x08004d20   0x000000cc   Code   RO          756    i.fc50              protection_functions.o
    0x08004dec   0x00000094   Code   RO         4939    i.fc50N_all         fc50n.o
    0x08004e80   0x00000030   Code   RO         4940    i.fc50N_init        fc50n.o
    0x08004eb0   0x00000214   Code   RO         4909    i.fc50_all          fc50.o
    0x080050c4   0x00000024   Code   RO         4910    i.fc50_init         fc50.o
    0x080050e8   0x000000f4   Code   RO          757    i.fc51              protection_functions.o
    0x080051dc   0x00000040   Code   RO         4994    i.fc51N_all         fc51n.o
    0x0800521c   0x00000054   Code   RO         4995    i.fc51N_init        fc51n.o
    0x08005270   0x000000e4   Code   RO         4965    i.fc51_all          fc51.o
    0x08005354   0x00000060   Code   RO         4966    i.fc51_init         fc51.o
    0x080053b4   0x00000018   Code   RO         5055    i.fc59_init         fc59.o
    0x080053cc   0x00000044   Code   RO         5133    i.fcBF_init         fcbf.o
    0x08005410   0x00000064   Code   RO         5209    i.fcPVP_init        fcpvp.o
    0x08005474   0x00000024   Code   RO         5177    i.fcUNB_init        fcunb.o
    0x08005498   0x0000003a   Code   RO         5371    i.initFunctions     initfunctions.o
    0x080054d2   0x00000002   PAD
    0x080054d4   0x00000078   Code   RO         5330    i.init_conversion   conversion.o
    0x0800554c   0x0000083c   Code   RO         4882    i.init_protection   init_protection.o
    0x08005d88   0x0000013c   Code   RO          498    i.main              main.o
    0x08005ec4   0x00000022   Code   RO         5758    i.main_flow         main_flow.o
    0x08005ee6   0x00000038   Code   RO          766    i.off_delay         protection_functions.o
    0x08005f1e   0x00000002   PAD
    0x08005f20   0x0000042c   Code   RO         5734    i.pullDataFromMaster  configparams.o
    0x0800634c   0x00000758   Code   RO         5685    i.pushDataToMaster  commparams.o
    0x08006aa4   0x000000a4   Code   RO          674    i.signal_spectra    measurement_functions.o
    0x08006b48   0x00000064   Code   RO          675    i.signal_thd        measurement_functions.o
    0x08006bac   0x000000c4   Code   RO         5310    i.spectral_analysis  spectra.o
    0x08006c70   0x00000044   Code   RO         5559    i.spi_crcCalculation  spi_masterslave.o
    0x08006cb4   0x00000002   Code   RO         5560    i.spi_initComApp    spi_masterslave.o
    0x08006cb6   0x00000002   PAD
    0x08006cb8   0x00000114   Code   RO         5561    i.spi_preparePushData  spi_masterslave.o
    0x08006dcc   0x00000110   Code   RO         5562    i.spi_prepareReceiveData  spi_masterslave.o
    0x08006edc   0x00000040   Code   RO         5563    i.spi_runComApp     spi_masterslave.o
    0x08006f1c   0x00000040   Code   RO         5564    i.spi_sysTickCallApp  spi_masterslave.o
    0x08006f5c   0x00000090   Code   RO          676    i.sym_comp          measurement_functions.o
    0x08006fec   0x00000184   Code   RO          677    i.sym_mag           measurement_functions.o
    0x08007170   0x00000100   Code   RO         5290    i.trueRMS           truerms.o
    0x08007270   0x00000054   Code   RO          679    i.true_rms          measurement_functions.o
    0x080072c4   0x00000014   Code   RO         5628    i.uart_initComApp   uart_masterslave.o
    0x080072d8   0x000000f0   Code   RO         5629    i.uart_prepareReceiveData  uart_masterslave.o
    0x080073c8   0x00000044   Code   RO         5630    i.uart_runComApp    uart_masterslave.o
    0x0800740c   0x00000040   Code   RO         5631    i.uart_sysTickCallApp  uart_masterslave.o
    0x0800744c   0x00000008   Data   RO         2542    .constdata          stm32f7xx_hal_dma.o
    0x08007454   0x00000010   Data   RO         4849    .constdata          system_stm32f7xx.o
    0x08007464   0x00000008   Data   RO         4850    .constdata          system_stm32f7xx.o
    0x0800746c   0x00000010   Data   RO         4912    .constdata          fc50.o
    0x0800747c   0x00000010   Data   RO         4942    .constdata          fc50n.o
    0x0800748c   0x00000014   Data   RO         4971    .constdata          fc51.o
    0x080074a0   0x00000014   Data   RO         4997    .constdata          fc51n.o
    0x080074b4   0x00000010   Data   RO         5023    .constdata          fc27.o
    0x080074c4   0x0000000c   Data   RO         5057    .constdata          fc59.o
    0x080074d0   0x00000024   Data   RO         5080    .constdata          fc46.o
    0x080074f4   0x00000024   Data   RO         5102    .constdata          fc49.o
    0x08007518   0x00000018   Data   RO         5135    .constdata          fcbf.o
    0x08007530   0x00000014   Data   RO         5180    .constdata          fcunb.o
    0x08007544   0x00000020   Data   RO         5211    .constdata          fcpvp.o
    0x08007564   0x00000140   Data   RO         5800    .constdata          m_wv.l(powf.o)
    0x080076a4   0x00000004   PAD
    0x080076a8   0x00000098   Data   RO         5857    .constdata          m_wv.l(atan.o)
    0x08007740   0x00000008   Data   RO         5907    .constdata          m_wv.l(qnan.o)
    0x08007748   0x00000020   Data   RO         5949    Region$$Table       anon$$obj.o


    Execution Region RW_IRAM1 (Base: 0x20000000, Size: 0x00005dd8, Max: 0x0001ffff, ABSOLUTE, COMPRESSED[0x00000190])

    Base Addr    Size         Type   Attr      Idx    E Section Name        Object

    0x20000000   0x00000001   Data   RW          500    .data               main.o
    0x20000001   0x00000003   PAD
    0x20000004   0x00000004   Data   RW         2366    .data               stm32f7xx_hal.o
    0x20000008   0x00000004   Data   RW         4851    .data               system_stm32f7xx.o
    0x2000000c   0x0000006c   Data   RW         4884    .data               init_protection.o
    0x20000078   0x00000010   Data   RW         5181    .data               fcunb.o
    0x20000088   0x000001a8   Data   RW         5261    .data               cs_handles.o
    0x20000230   0x00000001   Data   RW         5292    .data               truerms.o
    0x20000231   0x00000003   PAD
    0x20000234   0x00000194   Data   RW         5312    .data               spectra.o
    0x200003c8   0x00000008   Data   RW         5333    .data               conversion.o
    0x200003d0   0x00000004   Data   RW         5334    .data               conversion.o
    0x200003d4   0x00000008   Data   RW         5402    .data               boardio.o
    0x200003dc   0x00000004   Data   RW         5441    .data               dataparsermerger.o
    0x200003e0   0x0000000c   Data   RW         5735    .data               configparams.o
    0x200003ec   0x00000004   Data   RW         5936    .data               mc_w.l(errno.o)
    0x200003f0   0x00000080   Zero   RW            8    .bss                tim.o
    0x20000470   0x00000020   Zero   RW          175    .bss                rtc.o
    0x20000490   0x0000004c   Zero   RW          217    .bss                quadspi.o
    0x200004dc   0x000001f8   Zero   RW          447    .bss                adc.o
    0x200006d4   0x0000003c   Zero   RW          499    .bss                main.o
    0x20000710   0x00000070   Zero   RW          591    .bss                usart.o
    0x20000780   0x00000064   Zero   RW          633    .bss                spi.o
    0x200007e4   0x00000074   Zero   RW         4883    .bss                init_protection.o
    0x20000858   0x00000138   Zero   RW         4911    .bss                fc50.o
    0x20000990   0x00000054   Zero   RW         4941    .bss                fc50n.o
    0x200009e4   0x0000004c   Zero   RW         4967    .bss                fc51.o
    0x20000a30   0x00000020   Zero   RW         4996    .bss                fc51n.o
    0x20000a50   0x00000020   Zero   RW         5022    .bss                fc27.o
    0x20000a70   0x00000018   Zero   RW         5056    .bss                fc59.o
    0x20000a88   0x0000003c   Zero   RW         5079    .bss                fc46.o
    0x20000ac4   0x00000068   Zero   RW         5101    .bss                fc49.o
    0x20000b2c   0x00000024   Zero   RW         5134    .bss                fcbf.o
    0x20000b50   0x00000020   Zero   RW         5156    .bss                fc37.o
    0x20000b70   0x0000010c   Zero   RW         5179    .bss                fcunb.o
    0x20000c7c   0x000002cc   Zero   RW         5210    .bss                fcpvp.o
    0x20000f48   0x00000124   Zero   RW         5236    .bss                pickup_handles.o
    0x2000106c   0x00001430   Zero   RW         5257    .bss                cs_handles.o
    0x2000249c   0x00000c30   Zero   RW         5291    .bss                truerms.o
    0x200030cc   0x0000045c   Zero   RW         5311    .bss                spectra.o
    0x20003528   0x000000f0   Zero   RW         5331    .bss                conversion.o
    0x20003618   0x00000030   Zero   RW         5332    .bss                conversion.o
    0x20003648   0x00000024   Zero   RW         5386    .bss                powersysdata.o
    0x2000366c   0x00001790   Zero   RW         5565    .bss                spi_masterslave.o
    0x20004dfc   0x00000bc0   Zero   RW         5632    .bss                uart_masterslave.o
    0x200059bc   0x00000018   Zero   RW         5688    .bss                commparams.o
    0x200059d4   0x00000004   PAD
    0x200059d8   0x00000400   Zero   RW          867    STACK               startup_stm32f767xx.o


==============================================================================

Image component sizes


      Code (inc. data)   RO Data    RW Data    ZI Data      Debug   Object Name

      1052        128          0          0        504       3401   adc.o
         0          0          0          8          0       1288   boardio.o
      1880        228          0          0         24       6398   commparams.o
      1068        144          0         12          0       6980   configparams.o
       580         30          0         12        288       4061   conversion.o
       904         34          0        424       5168       4668   cs_handles.o
       278         10          0          4          0       3954   dataparsermerger.o
        44          4          0          0          0        738   dma.o
        40          8         16          0         32       1732   fc27.o
         2          0          0          0         32        984   fc37.o
       100         16         36          0         60        940   fc46.o
        96         12         36          0        104       1686   fc49.o
       568         30         16          0        312       2687   fc50.o
       196         30         16          0         84       1504   fc50n.o
       324         36         20          0         76       1695   fc51.o
       148         36         20          0         32       1248   fc51n.o
        24         10         12          0         24       1028   fc59.o
        68         14         24          0         36        727   fcbf.o
       100         16         32          0        716       1897   fcpvp.o
        36         14         20         16        268       1698   fcunb.o
       552         38          0          0          0       1255   gpio.o
      2108        138          0        108        116      12904   init_protection.o
        58          0          0          0          0        516   initfunctions.o
       514         52          0          1         60      34783   main.o
        34          0          0          0          0        480   main_flow.o
      1302         68          0          0          0       7500   measurement_functions.o
         0          0          0          0        292       6342   pickup_handles.o
         0          0          0          0         36        790   powersysdata.o
       504         24          0          0          0       6071   protection_functions.o
       200         46          0          0         76       1649   quadspi.o
       100         32          0          0         32       1407   rtc.o
       196         26          0        404       1116       1269   spectra.o
       192         38          0          0        100       1601   spi.o
       778         54          0          0       6032       7430   spi_masterslave.o
        36          8        504          0       1024        796   startup_stm32f767xx.o
        90         18          0          4          0       3151   stm32f7xx_hal.o
       928         42          0          0          0       4734   stm32f7xx_hal_adc.o
       478         36          0          0          0       3898   stm32f7xx_hal_adc_ex.o
       228         14          0          0          0      37073   stm32f7xx_hal_cortex.o
       956         20          8          0          0       6474   stm32f7xx_hal_dma.o
       512         60          0          0          0       3812   stm32f7xx_hal_gpio.o
        88          0          0          0          0        518   stm32f7xx_hal_msp.o
       108         10          0          0          0       1276   stm32f7xx_hal_pwr_ex.o
       256         10          0          0          0       2714   stm32f7xx_hal_qspi.o
      1256         74          0          0          0       5668   stm32f7xx_hal_rcc.o
      1336         28          0          0          0       2488   stm32f7xx_hal_rcc_ex.o
       212          6          0          0          0       2071   stm32f7xx_hal_rtc.o
      1072         14          0          0          0       8878   stm32f7xx_hal_spi.o
      1026         48          0          0          0      10821   stm32f7xx_hal_tim.o
        92         10          0          0          0       2614   stm32f7xx_hal_tim_ex.o
      1722         76          0          0          0       9594   stm32f7xx_hal_uart.o
       126         40          0          0          0       7312   stm32f7xx_it.o
        84         18         24          4          0       1131   system_stm32f7xx.o
       300         62          0          0        128     901715   tim.o
       256         18          0          1       3120       3165   truerms.o
       500         60          0          0       3008       6750   uart_masterslave.o
       172         38          0          0        112       1622   usart.o

    ----------------------------------------------------------------------
     25924       2030        816       1004      23016    1161586   Object Totals
         0          0         32          0          0          0   (incl. Generated)
        44          4          0          6          4          0   (incl. Padding)

    ----------------------------------------------------------------------

      Code (inc. data)   RO Data    RW Data    ZI Data      Debug   Library Member Name

       528        110        152          0          0        348   atan.o
       448         68          0          0          0        180   atan2.o
        36         14          0          0          0        348   dunder.o
        24          0          0          0          0        124   fabs.o
        48          0          0          0          0        124   fpclassify.o
        38          0          0          0          0        116   fpclassifyf.o
        78         28          0          0          0        580   funder.o
       112          0          0          0          0        116   poly.o
      1624        130        320          0          0        400   powf.o
         0          0          8          0          0          0   qnan.o
       102          0          0          0          0        140   sqrt.o
        58          0          0          0          0        136   sqrtf.o
        94          0          0          0          0          0   __dclz77c.o
         0          0          0          0          0          0   entry.o
         0          0          0          0          0          0   entry10a.o
         0          0          0          0          0          0   entry11a.o
         8          4          0          0          0          0   entry2.o
         4          0          0          0          0          0   entry5.o
         0          0          0          0          0          0   entry7b.o
         0          0          0          0          0          0   entry8b.o
         8          4          0          0          0          0   entry9a.o
        12          6          0          4          0         68   errno.o
        30          0          0          0          0          0   handlers.o
        36          8          0          0          0         68   init.o
         0          0          0          0          0          0   iusefp.o
        36          0          0          0          0         68   memcpya.o
         4          0          0          0          0         68   fpstat.o

    ----------------------------------------------------------------------
      3344        372        484          4          0       2884   Library Totals
        16          0          4          0          0          0   (incl. Padding)

    ----------------------------------------------------------------------

      Code (inc. data)   RO Data    RW Data    ZI Data      Debug   Library Name

      3096        350        480          0          0       2612   m_wv.l
       228         22          0          4          0        204   mc_w.l
         4          0          0          0          0         68   mf_w.l

    ----------------------------------------------------------------------
      3344        372        484          4          0       2884   Library Totals

    ----------------------------------------------------------------------

==============================================================================


      Code (inc. data)   RO Data    RW Data    ZI Data      Debug   

     29268       2402       1300       1008      23016    1146502   Grand Totals
     29268       2402       1300        400      23016    1146502   ELF Image Totals (compressed)
     29268       2402       1300        400          0          0   ROM Totals

==============================================================================

    Total RO  Size (Code + RO Data)                30568 (  29.85kB)
    Total RW  Size (RW Data + ZI Data)             24024 (  23.46kB)
    Total ROM Size (Code + RO Data + RW Data)      30968 (  30.24kB)

==============================================================================

