Component: ARM Compiler 5.06 update 3 (build 300) Tool: armlink [4d35c9]

==============================================================================

Section Cross References

    tim.o(i.HAL_TIM_Base_MspDeInit) refers to stm32f7xx_hal_cortex.o(i.HAL_NVIC_DisableIRQ) for HAL_NVIC_DisableIRQ
    tim.o(i.HAL_TIM_Base_MspInit) refers to stm32f7xx_hal_cortex.o(i.HAL_NVIC_SetPriority) for HAL_NVIC_SetPriority
    tim.o(i.HAL_TIM_Base_MspInit) refers to stm32f7xx_hal_cortex.o(i.HAL_NVIC_EnableIRQ) for HAL_NVIC_EnableIRQ
    tim.o(i.MX_TIM1_Init) refers to stm32f7xx_hal_tim.o(i.HAL_TIM_Base_Init) for HAL_TIM_Base_Init
    tim.o(i.MX_TIM1_Init) refers to main.o(i._Error_Handler) for _Error_Handler
    tim.o(i.MX_TIM1_Init) refers to stm32f7xx_hal_tim.o(i.HAL_TIM_ConfigClockSource) for HAL_TIM_ConfigClockSource
    tim.o(i.MX_TIM1_Init) refers to stm32f7xx_hal_tim_ex.o(i.HAL_TIMEx_MasterConfigSynchronization) for HAL_TIMEx_MasterConfigSynchronization
    tim.o(i.MX_TIM1_Init) refers to tim.o(.bss) for .bss
    tim.o(i.MX_TIM6_Init) refers to stm32f7xx_hal_tim.o(i.HAL_TIM_Base_Init) for HAL_TIM_Base_Init
    tim.o(i.MX_TIM6_Init) refers to main.o(i._Error_Handler) for _Error_Handler
    tim.o(i.MX_TIM6_Init) refers to stm32f7xx_hal_tim_ex.o(i.HAL_TIMEx_MasterConfigSynchronization) for HAL_TIMEx_MasterConfigSynchronization
    tim.o(i.MX_TIM6_Init) refers to tim.o(.bss) for .bss
    rtc.o(i.MX_RTC_Init) refers to stm32f7xx_hal_rtc.o(i.HAL_RTC_Init) for HAL_RTC_Init
    rtc.o(i.MX_RTC_Init) refers to main.o(i._Error_Handler) for _Error_Handler
    rtc.o(i.MX_RTC_Init) refers to rtc.o(.bss) for .bss
    quadspi.o(i.HAL_QSPI_MspDeInit) refers to stm32f7xx_hal_gpio.o(i.HAL_GPIO_DeInit) for HAL_GPIO_DeInit
    quadspi.o(i.HAL_QSPI_MspInit) refers to stm32f7xx_hal_gpio.o(i.HAL_GPIO_Init) for HAL_GPIO_Init
    quadspi.o(i.MX_QUADSPI_Init) refers to stm32f7xx_hal_qspi.o(i.HAL_QSPI_Init) for HAL_QSPI_Init
    quadspi.o(i.MX_QUADSPI_Init) refers to main.o(i._Error_Handler) for _Error_Handler
    quadspi.o(i.MX_QUADSPI_Init) refers to quadspi.o(.bss) for .bss
    dma.o(i.MX_DMA_Init) refers to stm32f7xx_hal_cortex.o(i.HAL_NVIC_SetPriority) for HAL_NVIC_SetPriority
    dma.o(i.MX_DMA_Init) refers to stm32f7xx_hal_cortex.o(i.HAL_NVIC_EnableIRQ) for HAL_NVIC_EnableIRQ
    stm32f7xx_hal_msp.o(i.HAL_MspInit) refers to stm32f7xx_hal_cortex.o(i.HAL_NVIC_SetPriorityGrouping) for HAL_NVIC_SetPriorityGrouping
    stm32f7xx_hal_msp.o(i.HAL_MspInit) refers to stm32f7xx_hal_cortex.o(i.HAL_NVIC_SetPriority) for HAL_NVIC_SetPriority
    stm32f7xx_it.o(i.DMA2_Stream0_IRQHandler) refers to stm32f7xx_hal_dma.o(i.HAL_DMA_IRQHandler) for HAL_DMA_IRQHandler
    stm32f7xx_it.o(i.DMA2_Stream0_IRQHandler) refers to adc.o(.bss) for hdma_adc1
    stm32f7xx_it.o(i.DMA2_Stream1_IRQHandler) refers to stm32f7xx_hal_dma.o(i.HAL_DMA_IRQHandler) for HAL_DMA_IRQHandler
    stm32f7xx_it.o(i.DMA2_Stream1_IRQHandler) refers to adc.o(.bss) for hdma_adc3
    stm32f7xx_it.o(i.DMA2_Stream2_IRQHandler) refers to stm32f7xx_hal_dma.o(i.HAL_DMA_IRQHandler) for HAL_DMA_IRQHandler
    stm32f7xx_it.o(i.DMA2_Stream2_IRQHandler) refers to adc.o(.bss) for hdma_adc2
    stm32f7xx_it.o(i.EXTI15_10_IRQHandler) refers to stm32f7xx_hal_gpio.o(i.HAL_GPIO_EXTI_IRQHandler) for HAL_GPIO_EXTI_IRQHandler
    stm32f7xx_it.o(i.EXTI15_10_IRQHandler) refers to main.o(.data) for incoming_data_flag
    stm32f7xx_it.o(i.SPI2_IRQHandler) refers to stm32f7xx_hal_spi.o(i.HAL_SPI_IRQHandler) for HAL_SPI_IRQHandler
    stm32f7xx_it.o(i.SPI2_IRQHandler) refers to spi.o(.bss) for hspi2
    stm32f7xx_it.o(i.SysTick_Handler) refers to stm32f7xx_hal.o(i.HAL_IncTick) for HAL_IncTick
    stm32f7xx_it.o(i.SysTick_Handler) refers to stm32f7xx_hal_cortex.o(i.HAL_SYSTICK_IRQHandler) for HAL_SYSTICK_IRQHandler
    stm32f7xx_it.o(i.SysTick_Handler) refers to uart_masterslave.o(i.uart_sysTickCallApp) for uart_sysTickCallApp
    stm32f7xx_it.o(i.SysTick_Handler) refers to spi_masterslave.o(i.spi_sysTickCallApp) for spi_sysTickCallApp
    stm32f7xx_it.o(i.TIM1_UP_TIM10_IRQHandler) refers to stm32f7xx_hal_tim.o(i.HAL_TIM_IRQHandler) for HAL_TIM_IRQHandler
    stm32f7xx_it.o(i.TIM1_UP_TIM10_IRQHandler) refers to tim.o(.bss) for htim1
    stm32f7xx_it.o(i.USART2_IRQHandler) refers to stm32f7xx_hal_uart.o(i.HAL_UART_IRQHandler) for HAL_UART_IRQHandler
    stm32f7xx_it.o(i.USART2_IRQHandler) refers to usart.o(.bss) for huart2
    adc.o(i.HAL_ADC_MspDeInit) refers to stm32f7xx_hal_gpio.o(i.HAL_GPIO_DeInit) for HAL_GPIO_DeInit
    adc.o(i.HAL_ADC_MspDeInit) refers to stm32f7xx_hal_dma.o(i.HAL_DMA_DeInit) for HAL_DMA_DeInit
    adc.o(i.HAL_ADC_MspInit) refers to stm32f7xx_hal_gpio.o(i.HAL_GPIO_Init) for HAL_GPIO_Init
    adc.o(i.HAL_ADC_MspInit) refers to stm32f7xx_hal_dma.o(i.HAL_DMA_Init) for HAL_DMA_Init
    adc.o(i.HAL_ADC_MspInit) refers to main.o(i._Error_Handler) for _Error_Handler
    adc.o(i.HAL_ADC_MspInit) refers to adc.o(.bss) for .bss
[...]
    .bss                                     0x200009e0   Section       76  fc51.o(.bss)
    .bss                                     0x20000a2c   Section       32  fc51n.o(.bss)
    .bss                                     0x20000a4c   Section       32  fc27.o(.bss)
    .bss                                     0x20000a6c   Section       24  fc59.o(.bss)
    .bss                                     0x20000a84   Section       60  fc46.o(.bss)
    .bss                                     0x20000ac0   Section      104  fc49.o(.bss)
    .bss                                     0x20000b28   Section       36  fcbf.o(.bss)
    .bss                                     0x20000b4c   Section       32  fc37.o(.bss)
    .bss                                     0x20000b6c   Section      268  fcunb.o(.bss)
    UNBa_buffer                              0x20000ba4   Data         100  fcunb.o(.bss)
    UNBb_buffer                              0x20000c08   Data         100  fcunb.o(.bss)
    .bss                                     0x20000c78   Section      716  fcpvp.o(.bss)
    peakBuffer                               0x20000ccc   Data         600  fcpvp.o(.bss)
    .bss                                     0x20000f44   Section      292  pickup_handles.o(.bss)
    pick_buffer                              0x20000f5c   Data         268  pickup_handles.o(.bss)
    .bss                                     0x20001068   Section     5168  cs_handles.o(.bss)
    .bss                                     0x20002498   Section     3120  truerms.o(.bss)
    .bss                                     0x200030c8   Section     1116  spectra.o(.bss)
    .bss                                     0x20003524   Section      396  conversion.o(.bss)
    dbuffer                                  0x20003650   Data          96  conversion.o(.bss)
    .bss                                     0x200036b0   Section       48  conversion.o(.bss)
    .bss                                     0x200036e0   Section       36  powersysdata.o(.bss)
    .bss                                     0x20003704   Section     6032  spi_masterslave.o(.bss)
    .bss                                     0x20004e94   Section     3008  uart_masterslave.o(.bss)
    .bss                                     0x20005a54   Section       24  commparams.o(.bss)
    .bss                                     0x20005a6c   Section       96  libspace.o(.bss)
    HEAP                                     0x20005ad0   Section      512  startup_stm32f767xx.o(HEAP)
    Heap_Mem                                 0x20005ad0   Data         512  startup_stm32f767xx.o(HEAP)
    STACK                                    0x20005cd0   Section     1024  startup_stm32f767xx.o(STACK)
    Stack_Mem                                0x20005cd0   Data        1024  startup_stm32f767xx.o(STACK)
    __initial_sp                             0x200060d0   Data           0  startup_stm32f767xx.o(STACK)

    Global Symbols

    Symbol Name                              Value     Ov Type        Size  Object(Section)

    BuildAttributes$$THM_ISAv4$E$P$D$K$B$S$7EM$VFPv5_D16$PE$PLD8$A:L22UL41UL21$X:L11$S22US41US21$IEEE1$IW$USESV6$~STKCKD$USESV7$~SHL$OTIME$ROPI$IEEEX$EBA8$UX$STANDARDLIB$REQ8$PRES8$EABIv2 0x00000000   Number         0  anon$$obj.o ABSOLUTE
    __ARM_use_no_argv                        0x00000000   Number         0  main.o ABSOLUTE
    __ARM_exceptions_init                     - Undefined Weak Reference
    __alloca_initialize                       - Undefined Weak Reference
    __arm_preinit_                            - Undefined Weak Reference
    __cpp_initialize__aeabi_                  - Undefined Weak Reference
    __cxa_finalize                            - Undefined Weak Reference
    __rt_locale                               - Undefined Weak Reference
    __sigvec_lookup                           - Undefined Weak Reference
    _atexit_init                              - Undefined Weak Reference
    _call_atexit_fns                          - Undefined Weak Reference
    _clock_init                               - Undefined Weak Reference
    _fp_trap_init                             - Undefined Weak Reference
    _fp_trap_shutdown                         - Undefined Weak Reference
    _get_lc_collate                           - Undefined Weak Reference
    _get_lc_ctype                             - Undefined Weak Reference
    _get_lc_monetary                          - Undefined Weak Reference
    _get_lc_numeric                           - Undefined Weak Reference
    _get_lc_time                              - Undefined Weak Reference
    _getenv_init                              - Undefined Weak Reference
    _handle_redirection                       - Undefined Weak Reference
    _init_alloc                               - Undefined Weak Reference
    _init_user_alloc                          - Undefined Weak Reference
    _initio                                   - Undefined Weak Reference
    _rand_init                                - Undefined Weak Reference
    _signal_finish                            - Undefined Weak Reference
    _signal_init                              - Undefined Weak Reference
    _terminate_alloc                          - Undefined Weak Reference
    _terminate_user_alloc                     - Undefined Weak Reference
    _terminateio                              - Undefined Weak Reference
    __Vectors_Size                           0x000001f8   Number         0  startup_stm32f767xx.o ABSOLUTE
    __Vectors                                0x08000000   Data           4  startup_stm32f767xx.o(RESET)
    __Vectors_End                            0x080001f8   Data           0  startup_stm32f767xx.o(RESET)
    __main                                   0x080001f9   Thumb Code     8  __main.o(!!!main)
    __scatterload                            0x08000201   Thumb Code     0  __scatter.o(!!!scatter)
    __scatterload_rt2                        0x08000201   Thumb Code    44  __scatter.o(!!!scatter)
    __scatterload_rt2_thumb_only             0x08000201   Thumb Code     0  __scatter.o(!!!scatter)
    __scatterload_null                       0x0800020f   Thumb Code     0  __scatter.o(!!!scatter)
    __decompress                             0x08000235   Thumb Code   100  __dclz77c.o(!!dclz77c)
    __decompress2                            0x08000235   Thumb Code     0  __dclz77c.o(!!dclz77c)
    __scatterload_zeroinit                   0x08000299   Thumb Code    28  __scatter_zi.o(!!handler_zi)
    __rt_lib_init                            0x080002b5   Thumb Code     0  libinit.o(.ARM.Collect$$libinit$$00000000)
    __rt_lib_init_fp_1                       0x080002b7   Thumb Code     0  libinit2.o(.ARM.Collect$$libinit$$00000001)
    __rt_lib_init_alloca_1                   0x080002bb   Thumb Code     0  libinit2.o(.ARM.Collect$$libinit$$0000002E)
    __rt_lib_init_argv_1                     0x080002bb   Thumb Code     0  libinit2.o(.ARM.Collect$$libinit$$0000002C)
    __rt_lib_init_atexit_1                   0x080002bb   Thumb Code     0  libinit2.o(.ARM.Collect$$libinit$$0000001B)
    __rt_lib_init_clock_1                    0x080002bb   Thumb Code     0  libinit2.o(.ARM.Collect$$libinit$$00000021)
    __rt_lib_init_cpp_1                      0x080002bb   Thumb Code     0  libinit2.o(.ARM.Collect$$libinit$$00000032)
    __rt_lib_init_exceptions_1               0x080002bb   Thumb Code     0  libinit2.o(.ARM.Collect$$libinit$$00000030)
    __rt_lib_init_fp_trap_1                  0x080002bb   Thumb Code     0  libinit2.o(.ARM.Collect$$libinit$$0000001F)
    __rt_lib_init_getenv_1                   0x080002bb   Thumb Code     0  libinit2.o(.ARM.Collect$$libinit$$00000023)
    __rt_lib_init_heap_1                     0x080002bb   Thumb Code     0  libinit2.o(.ARM.Collect$$libinit$$0000000A)
    __rt_lib_init_lc_collate_1               0x080002bb   Thumb Code     0  libinit2.o(.ARM.Collect$$libinit$$00000011)
    __rt_lib_init_lc_ctype_1                 0x080002bb   Thumb Code     0  libinit2.o(.ARM.Collect$$libinit$$00000013)
    __rt_lib_init_lc_monetary_1              0x080002bb   Thumb Code     0  libinit2.o(.ARM.Collect$$libinit$$00000015)
    __rt_lib_init_lc_numeric_1               0x080002bb   Thumb Code     0  libinit2.o(.ARM.Collect$$libinit$$00000017)
    __rt_lib_init_lc_time_1                  0x080002bb   Thumb Code     0  libinit2.o(.ARM.Collect$$libinit$$00000019)
    __rt_lib_init_preinit_1                  0x080002bb   Thumb Code     0  libinit2.o(.ARM.Collect$$libinit$$00000004)
    __rt_lib_init_rand_1                     0x080002bb   Thumb Code     0  libinit2.o(.ARM.Collect$$libinit$$0000000E)
    __rt_lib_init_return                     0x080002bb   Thumb Code     0  libinit2.o(.ARM.Collect$$libinit$$00000033)
    __rt_lib_init_signal_1                   0x080002bb   Thumb Code     0  libinit2.o(.ARM.Collect$$libinit$$0000001D)
    __rt_lib_init_stdio_1                    0x080002bb   Thumb Code     0  libinit2.o(.ARM.Collect$$libinit$$00000025)
    __rt_lib_init_user_alloc_1               0x080002bb   Thumb Code     0  libinit2.o(.ARM.Collect$$libinit$$0000000C)
    __rt_lib_shutdown                        0x080002bd   Thumb Code     0  libshutdown.o(.ARM.Collect$$libshutdown$$00000000)
    __rt_lib_shutdown_cpp_1                  0x080002bf   Thumb Code     0  libshutdown2.o(.ARM.Collect$$libshutdown$$00000002)
    __rt_lib_shutdown_fp_trap_1              0x080002bf   Thumb Code     0  libshutdown2.o(.ARM.Collect$$libshutdown$$00000007)
    __rt_lib_shutdown_heap_1                 0x080002bf   Thumb Code     0  libshutdown2.o(.ARM.Collect$$libshutdown$$0000000F)
    __rt_lib_shutdown_return                 0x080002bf   Thumb Code     0  libshutdown2.o(.ARM.Collect$$libshutdown$$00000010)
    __rt_lib_shutdown_signal_1               0x080002bf   Thumb Code     0  libshutdown2.o(.ARM.Collect$$libshutdown$$0000000A)
    __rt_lib_shutdown_stdio_1                0x080002bf   Thumb Code     0  libshutdown2.o(.ARM.Collect$$libshutdown$$00000004)
    __rt_lib_shutdown_user_alloc_1           0x080002bf   Thumb Code     0  libshutdown2.o(.ARM.Collect$$libshutdown$$0000000C)
    __rt_entry                               0x080002c1   Thumb Code     0  __rtentry.o(.ARM.Collect$$rtentry$$00000000)
    __rt_entry_presh_1                       0x080002c1   Thumb Code     0  __rtentry2.o(.ARM.Collect$$rtentry$$00000002)
    __rt_entry_sh                            0x080002c1   Thumb Code     0  __rtentry4.o(.ARM.Collect$$rtentry$$00000004)
    __rt_entry_li                            0x080002c7   Thumb Code     0  __rtentry2.o(.ARM.Collect$$rtentry$$0000000A)
    __rt_entry_postsh_1                      0x080002c7   Thumb Code     0  __rtentry2.o(.ARM.Collect$$rtentry$$00000009)
    __rt_entry_main                          0x080002cb   Thumb Code     0  __rtentry2.o(.ARM.Collect$$rtentry$$0000000D)
    __rt_entry_postli_1                      0x080002cb   Thumb Code     0  __rtentry2.o(.ARM.Collect$$rtentry$$0000000C)
    __rt_exit                                0x080002d3   Thumb Code     0  rtexit.o(.ARM.Collect$$rtexit$$00000000)
    __rt_exit_ls                             0x080002d5   Thumb Code     0  rtexit2.o(.ARM.Collect$$rtexit$$00000003)
    __rt_exit_prels_1                        0x080002d5   Thumb Code     0  rtexit2.o(.ARM.Collect$$rtexit$$00000002)
    __rt_exit_exit                           0x080002d9   Thumb Code     0  rtexit2.o(.ARM.Collect$$rtexit$$00000004)
    Reset_Handler                            0x080002e1   Thumb Code     8  startup_stm32f767xx.o(.text)
    ADC_IRQHandler                           0x080002fb   Thumb Code     0  startup_stm32f767xx.o(.text)
    CAN1_RX0_IRQHandler                      0x080002fb   Thumb Code     0  startup_stm32f767xx.o(.text)
    CAN1_RX1_IRQHandler                      0x080002fb   Thumb Code     0  startup_stm32f767xx.o(.text)
    CAN1_SCE_IRQHandler                      0x080002fb   Thumb Code     0  startup_stm32f767xx.o(.text)
    CAN1_TX_IRQHandler                       0x080002fb   Thumb Code     0  startup_stm32f767xx.o(.text)
    CAN2_RX0_IRQHandler                      0x080002fb   Thumb Code     0  startup_stm32f767xx.o(.text)
    CAN2_RX1_IRQHandler                      0x080002fb   Thumb Code     0  startup_stm32f767xx.o(.text)
    CAN2_SCE_IRQHandler                      0x080002fb   Thumb Code     0  startup_stm32f767xx.o(.text)
    CAN2_TX_IRQHandler                       0x080002fb   Thumb Code     0  startup_stm32f767xx.o(.text)
    CAN3_RX0_IRQHandler                      0x080002fb   Thumb Code     0  startup_stm32f767xx.o(.text)
    CAN3_RX1_IRQHandler                      0x080002fb   Thumb Code     0  startup_stm32f767xx.o(.text)
    CAN3_SCE_IRQHandler                      0x080002fb   Thumb Code     0  startup_stm32f767xx.o(.text)
    CAN3_TX_IRQHandler                       0x080002fb   Thumb Code     0  startup_stm32f767xx.o(.text)
    CEC_IRQHandler                           0x080002fb   Thumb Code     0  startup_stm32f767xx.o(.text)
    DCMI_IRQHandler                          0x080002fb   Thumb Code     0  startup_stm32f767xx.o(.text)
    DFSDM1_FLT0_IRQHandler                   0x080002fb   Thumb Code     0  startup_stm32f767xx.o(.text)
    DFSDM1_FLT1_IRQHandler                   0x080002fb   Thumb Code     0  startup_stm32f767xx.o(.text)
    DFSDM1_FLT2_IRQHandler                   0x080002fb   Thumb Code     0  startup_stm32f767xx.o(.text)
    DFSDM1_FLT3_IRQHandler                   0x080002fb   Thumb Code     0  startup_stm32f767xx.o(.text)
    DMA1_Stream0_IRQHandler                  0x080002fb   Thumb Code     0  startup_stm32f767xx.o(.text)
    DMA1_Stream1_IRQHandler                  0x080002fb   Thumb Code     0  startup_stm32f767xx.o(.text)
    DMA1_Stream2_IRQHandler                  0x080002fb   Thumb Code     0  startup_stm32f767xx.o(.text)
    DMA1_Stream3_IRQHandler                  0x080002fb   Thumb Code     0  startup_stm32f767xx.o(.text)
    DMA1_Stream4_IRQHandler                  0x080002fb   Thumb Code     0  startup_stm32f767xx.o(.text)
    DMA1_Stream5_IRQHandler                  0x080002fb   Thumb Code     0  startup_stm32f767xx.o(.text)
    DMA1_Stream6_IRQHandler                  0x080002fb   Thumb Code     0  startup_stm32f767xx.o(.text)
    DMA1_Stream7_IRQHandler                  0x080002fb   Thumb Code     0  startup_stm32f767xx.o(.text)
    DMA2D_IRQHandler                         0x080002fb   Thumb Code     0  startup_stm32f767xx.o(.text)
    DMA2_Stream3_IRQHandler                  0x080002fb   Thumb Code     0  startup_stm32f767xx.o(.text)
    DMA2_Stream4_IRQHandler                  0x080002fb   Thumb Code     0  startup_stm32f767xx.o(.text)
    DMA2_Stream5_IRQHandler                  0x080002fb   Thumb Code     0  startup_stm32f767xx.o(.text)
    DMA2_Stream6_IRQHandler                  0x080002fb   Thumb Code     0  startup_stm32f767xx.o(.text)
    DMA2_Stream7_IRQHandler                  0x080002fb   Thumb Code     0  startup_stm32f767xx.o(.text)
    ETH_IRQHandler                           0x080002fb   Thumb Code     0  startup_stm32f767xx.o(.text)
    ETH_WKUP_IRQHandler                      0x080002fb   Thumb Code     0  startup_stm32f767xx.o(.text)
    EXTI0_IRQHandler                         0x080002fb   Thumb Code     0  startup_stm32f767xx.o(.text)
    EXTI1_IRQHandler                         0x080002fb   Thumb Code     0  startup_stm32f767xx.o(.text)
    EXTI2_IRQHandler                         0x080002fb   Thumb Code     0  startup_stm32f767xx.o(.text)
    EXTI3_IRQHandler                         0x080002fb   Thumb Code     0  startup_stm32f767xx.o(.text)
    EXTI4_IRQHandler                         0x080002fb   Thumb Code     0  startup_stm32f767xx.o(.text)
    EXTI9_5_IRQHandler                       0x080002fb   Thumb Code     0  startup_stm32f767xx.o(.text)
    FLASH_IRQHandler                         0x080002fb   Thumb Code     0  startup_stm32f767xx.o(.text)
    FMC_IRQHandler                           0x080002fb   Thumb Code     0  startup_stm32f767xx.o(.text)
    FPU_IRQHandler                           0x080002fb   Thumb Code     0  startup_stm32f767xx.o(.text)
    I2C1_ER_IRQHandler                       0x080002fb   Thumb Code     0  startup_stm32f767xx.o(.text)
    I2C1_EV_IRQHandler                       0x080002fb   Thumb Code     0  startup_stm32f767xx.o(.text)
    I2C2_ER_IRQHandler                       0x080002fb   Thumb Code     0  startup_stm32f767xx.o(.text)
    I2C2_EV_IRQHandler                       0x080002fb   Thumb Code     0  startup_stm32f767xx.o(.text)
    I2C3_ER_IRQHandler                       0x080002fb   Thumb Code     0  startup_stm32f767xx.o(.text)
    I2C3_EV_IRQHandler                       0x080002fb   Thumb Code     0  startup_stm32f767xx.o(.text)
    I2C4_ER_IRQHandler                       0x080002fb   Thumb Code     0  startup_stm32f767xx.o(.text)
    I2C4_EV_IRQHandler                       0x080002fb   Thumb Code     0  startup_stm32f767xx.o(.text)
    JPEG_IRQHandler                          0x080002fb   Thumb Code     0  startup_stm32f767xx.o(.text)
    LPTIM1_IRQHandler                        0x080002fb   Thumb Code     0  startup_stm32f767xx.o(.text)
    LTDC_ER_IRQHandler                       0x080002fb   Thumb Code     0  startup_stm32f767xx.o(.text)
    LTDC_IRQHandler                          0x080002fb   Thumb Code     0  startup_stm32f767xx.o(.text)
    MDIOS_IRQHandler                         0x080002fb   Thumb Code     0  startup_stm32f767xx.o(.text)
    OTG_FS_IRQHandler                        0x080002fb   Thumb Code     0  startup_stm32f767xx.o(.text)
    OTG_FS_WKUP_IRQHandler                   0x080002fb   Thumb Code     0  startup_stm32f767xx.o(.text)
    OTG_HS_EP1_IN_IRQHandler                 0x080002fb   Thumb Code     0  startup_stm32f767xx.o(.text)
    OTG_HS_EP1_OUT_IRQHandler                0x080002fb   Thumb Code     0  startup_stm32f767xx.o(.text)
    OTG_HS_IRQHandler                        0x080002fb   Thumb Code     0  startup_stm32f767xx.o(.text)
    OTG_HS_WKUP_IRQHandler                   0x080002fb   Thumb Code     0  startup_stm32f767xx.o(.text)
    PVD_IRQHandler                           0x080002fb   Thumb Code     0  startup_stm32f767xx.o(.text)
    QUADSPI_IRQHandler                       0x080002fb   Thumb Code     0  startup_stm32f767xx.o(.text)
    RCC_IRQHandler                           0x080002fb   Thumb Code     0  startup_stm32f767xx.o(.text)
    RNG_IRQHandler                           0x080002fb   Thumb Code     0  startup_stm32f767xx.o(.text)
    RTC_Alarm_IRQHandler                     0x080002fb   Thumb Code     0  startup_stm32f767xx.o(.text)
    RTC_WKUP_IRQHandler                      0x080002fb   Thumb Code     0  startup_stm32f767xx.o(.text)
    SAI1_IRQHandler                          0x080002fb   Thumb Code     0  startup_stm32f767xx.o(.text)
    SAI2_IRQHandler                          0x080002fb   Thumb Code     0  startup_stm32f767xx.o(.text)
    SDMMC1_IRQHandler                        0x080002fb   Thumb Code     0  startup_stm32f767xx.o(.text)
    SDMMC2_IRQHandler                        0x080002fb   Thumb Code     0  startup_stm32f767xx.o(.text)
    SPDIF_RX_IRQHandler                      0x080002fb   Thumb Code     0  startup_stm32f767xx.o(.text)
    SPI1_IRQHandler                          0x080002fb   Thumb Code     0  startup_stm32f767xx.o(.text)
    SPI3_IRQHandler                          0x080002fb   Thumb Code     0  startup_stm32f767xx.o(.text)
    SPI4_IRQHandler                          0x080002fb   Thumb Code     0  startup_stm32f767xx.o(.text)
    SPI5_IRQHandler                          0x080002fb   Thumb Code     0  startup_stm32f767xx.o(.text)
    SPI6_IRQHandler                          0x080002fb   Thumb Code     0  startup_stm32f767xx.o(.text)
    TAMP_STAMP_IRQHandler                    0x080002fb   Thumb Code     0  startup_stm32f767xx.o(.text)
    TIM1_BRK_TIM9_IRQHandler                 0x080002fb   Thumb Code     0  startup_stm32f767xx.o(.text)
    TIM1_CC_IRQHandler                       0x080002fb   Thumb Code     0  startup_stm32f767xx.o(.text)
    TIM1_TRG_COM_TIM11_IRQHandler            0x080002fb   Thumb Code     0  startup_stm32f767xx.o(.text)
    TIM2_IRQHandler                          0x080002fb   Thumb Code     0  startup_stm32f767xx.o(.text)
    TIM3_IRQHandler                          0x080002fb   Thumb Code     0  startup_stm32f767xx.o(.text)
    TIM4_IRQHandler                          0x080002fb   Thumb Code     0  startup_stm32f767xx.o(.text)
    TIM5_IRQHandler                          0x080002fb   Thumb Code     0  startup_stm32f767xx.o(.text)
    TIM6_DAC_IRQHandler                      0x080002fb   Thumb Code     0  startup_stm32f767xx.o(.text)
    TIM7_IRQHandler                          0x080002fb   Thumb Code     0  startup_stm32f767xx.o(.text)
    TIM8_BRK_TIM12_IRQHandler                0x080002fb   Thumb Code     0  startup_stm32f767xx.o(.text)
    TIM8_CC_IRQHandler                       0x080002fb   Thumb Code     0  startup_stm32f767xx.o(.text)
    TIM8_TRG_COM_TIM14_IRQHandler            0x080002fb   Thumb Code     0  startup_stm32f767xx.o(.text)
    TIM8_UP_TIM13_IRQHandler                 0x080002fb   Thumb Code     0  startup_stm32f767xx.o(.text)
    UART4_IRQHandler                         0x080002fb   Thumb Code     0  startup_stm32f767xx.o(.text)
    UART5_IRQHandler                         0x080002fb   Thumb Code     0  startup_stm32f767xx.o(.text)
    UART7_IRQHandler                         0x080002fb   Thumb Code     0  startup_stm32f767xx.o(.text)
    UART8_IRQHandler                         0x080002fb   Thumb Code     0  startup_stm32f767xx.o(.text)
    USART1_IRQHandler                        0x080002fb   Thumb Code     0  startup_stm32f767xx.o(.text)
    USART3_IRQHandler                        0x080002fb   Thumb Code     0  startup_stm32f767xx.o(.text)
    USART6_IRQHandler                        0x080002fb   Thumb Code     0  startup_stm32f767xx.o(.text)
    WWDG_IRQHandler                          0x080002fb   Thumb Code     0  startup_stm32f767xx.o(.text)
    __user_initial_stackheap                 0x080002fd   Thumb Code     0  startup_stm32f767xx.o(.text)
    __aeabi_memcpy4                          0x08000321   Thumb Code     0  rt_memcpy_w.o(.text)
    __aeabi_memcpy8                          0x08000321   Thumb Code     0  rt_memcpy_w.o(.text)
    __rt_memcpy_w                            0x08000321   Thumb Code   100  rt_memcpy_w.o(.text)
    _memcpy_lastbytes_aligned                0x08000369   Thumb Code     0  rt_memcpy_w.o(.text)
    __use_two_region_memory                  0x08000385   Thumb Code     2  heapauxi.o(.text)
    __rt_heap_escrow$2region                 0x08000387   Thumb Code     2  heapauxi.o(.text)
    __rt_heap_expand$2region                 0x08000389   Thumb Code     2  heapauxi.o(.text)
    __read_errno                             0x0800038b   Thumb Code    10  _rserrno.o(.text)
    __set_errno                              0x08000395   Thumb Code    12  _rserrno.o(.text)
    __aeabi_errno_addr                       0x080003a1   Thumb Code     8  rt_errno_addr_intlibspace.o(.text)
    __errno$intlibspace                      0x080003a1   Thumb Code     0  rt_errno_addr_intlibspace.o(.text)
    __rt_errno_addr$intlibspace              0x080003a1   Thumb Code     0  rt_errno_addr_intlibspace.o(.text)
    __user_libspace                          0x080003a9   Thumb Code     8  libspace.o(.text)
    __user_perproc_libspace                  0x080003a9   Thumb Code     0  libspace.o(.text)
    __user_perthread_libspace                0x080003a9   Thumb Code     0  libspace.o(.text)
    __user_setup_stackheap                   0x080003b1   Thumb Code    74  sys_stackheap_outer.o(.text)
    exit                                     0x080003fb   Thumb Code    18  exit.o(.text)
    _sys_exit                                0x0800040d   Thumb Code     8  sys_exit.o(.text)
    __I$use$semihosting                      0x08000419   Thumb Code     0  use_no_semi.o(.text)
    __use_no_semihosting_swi                 0x08000419   Thumb Code     2  use_no_semi.o(.text)
    __semihosting_library_function           0x0800041b   Thumb Code     0  indicate_semi.o(.text)
    BusFault_Handler                         0x08000493   Thumb Code     2  stm32f7xx_it.o(i.BusFault_Handler)
    DMA2_Stream0_IRQHandler                  0x08000495   Thumb Code     6  stm32f7xx_it.o(i.DMA2_Stream0_IRQHandler)
    DMA2_Stream1_IRQHandler                  0x080004a1   Thumb Code     6  stm32f7xx_it.o(i.DMA2_Stream1_IRQHandler)
    DMA2_Stream2_IRQHandler                  0x080004ad   Thumb Code     6  stm32f7xx_it.o(i.DMA2_Stream2_IRQHandler)
    DebugMon_Handler                         0x080004b9   Thumb Code     2  stm32f7xx_it.o(i.DebugMon_Handler)
    EXTI15_10_IRQHandler                     0x080004bd   Thumb Code    12  stm32f7xx_it.o(i.EXTI15_10_IRQHandler)
    HAL_ADCEx_MultiModeConfigChannel         0x080004cd   Thumb Code   110  stm32f7xx_hal_adc_ex.o(i.HAL_ADCEx_MultiModeConfigChannel)
    HAL_ADCEx_MultiModeStart_DMA             0x08000541   Thumb Code   246  stm32f7xx_hal_adc_ex.o(i.HAL_ADCEx_MultiModeStart_DMA)
    HAL_ADC_ConfigChannel                    0x08000655   Thumb Code   368  stm32f7xx_hal_adc.o(i.HAL_ADC_ConfigChannel)
    HAL_ADC_ConvCpltCallback                 0x080007d5   Thumb Code   524  conversion.o(i.HAL_ADC_ConvCpltCallback)
    HAL_ADC_ConvHalfCpltCallback             0x080009f5   Thumb Code     2  stm32f7xx_hal_adc.o(i.HAL_ADC_ConvHalfCpltCallback)
    HAL_ADC_ErrorCallback                    0x080009f7   Thumb Code     2  stm32f7xx_hal_adc.o(i.HAL_ADC_ErrorCallback)
    HAL_ADC_Init                             0x080009f9   Thumb Code   368  stm32f7xx_hal_adc.o(i.HAL_ADC_Init)
    HAL_ADC_MspInit                          0x08000b79   Thumb Code   368  adc.o(i.HAL_ADC_MspInit)
    HAL_ADC_Start                            0x08000d25   Thumb Code   194  stm32f7xx_hal_adc.o(i.HAL_ADC_Start)
    HAL_DMA_Abort_IT                         0x08000df5   Thumb Code    36  stm32f7xx_hal_dma.o(i.HAL_DMA_Abort_IT)
    HAL_DMA_IRQHandler                       0x08000e19   Thumb Code   468  stm32f7xx_hal_dma.o(i.HAL_DMA_IRQHandler)
    HAL_DMA_Init                             0x08000ff9   Thumb Code   320  stm32f7xx_hal_dma.o(i.HAL_DMA_Init)
    HAL_DMA_Start_IT                         0x08001145   Thumb Code   170  stm32f7xx_hal_dma.o(i.HAL_DMA_Start_IT)
    HAL_GPIO_EXTI_Callback                   0x080011ef   Thumb Code     2  stm32f7xx_hal_gpio.o(i.HAL_GPIO_EXTI_Callback)
    HAL_GPIO_EXTI_IRQHandler                 0x080011f1   Thumb Code    20  stm32f7xx_hal_gpio.o(i.HAL_GPIO_EXTI_IRQHandler)
    HAL_GPIO_Init                            0x08001209   Thumb Code   544  stm32f7xx_hal_gpio.o(i.HAL_GPIO_Init)
    HAL_GPIO_WritePin                        0x08001439   Thumb Code    10  stm32f7xx_hal_gpio.o(i.HAL_GPIO_WritePin)
    HAL_GetTick                              0x08001445   Thumb Code     6  stm32f7xx_hal.o(i.HAL_GetTick)
    HAL_IncTick                              0x08001451   Thumb Code    10  stm32f7xx_hal.o(i.HAL_IncTick)
    HAL_Init                                 0x08001461   Thumb Code    22  stm32f7xx_hal.o(i.HAL_Init)
    HAL_InitTick                             0x08001479   Thumb Code    34  stm32f7xx_hal.o(i.HAL_InitTick)
    HAL_MspInit                              0x080014a1   Thumb Code    88  stm32f7xx_hal_msp.o(i.HAL_MspInit)
    HAL_NVIC_EnableIRQ                       0x080014f9   Thumb Code    24  stm32f7xx_hal_cortex.o(i.HAL_NVIC_EnableIRQ)
    HAL_NVIC_SetPriority                     0x08001511   Thumb Code    94  stm32f7xx_hal_cortex.o(i.HAL_NVIC_SetPriority)
    HAL_NVIC_SetPriorityGrouping             0x08001575   Thumb Code    30  stm32f7xx_hal_cortex.o(i.HAL_NVIC_SetPriorityGrouping)
    HAL_PWREx_EnableOverDrive                0x08001599   Thumb Code   114  stm32f7xx_hal_pwr_ex.o(i.HAL_PWREx_EnableOverDrive)
    HAL_QSPI_Init                            0x08001615   Thumb Code   188  stm32f7xx_hal_qspi.o(i.HAL_QSPI_Init)
    HAL_QSPI_MspInit                         0x080016d5   Thumb Code   112  quadspi.o(i.HAL_QSPI_MspInit)
    HAL_RCCEx_PeriphCLKConfig                0x08001755   Thumb Code  1478  stm32f7xx_hal_rcc_ex.o(i.HAL_RCCEx_PeriphCLKConfig)
    HAL_RCC_ClockConfig                      0x08001d21   Thumb Code   310  stm32f7xx_hal_rcc.o(i.HAL_RCC_ClockConfig)
    HAL_RCC_GetHCLKFreq                      0x08001e6d   Thumb Code     6  stm32f7xx_hal_rcc.o(i.HAL_RCC_GetHCLKFreq)
    HAL_RCC_GetPCLK1Freq                     0x08001e79   Thumb Code    20  stm32f7xx_hal_rcc.o(i.HAL_RCC_GetPCLK1Freq)
    HAL_RCC_GetPCLK2Freq                     0x08001e99   Thumb Code    20  stm32f7xx_hal_rcc.o(i.HAL_RCC_GetPCLK2Freq)
    HAL_RCC_GetSysClockFreq                  0x08001eb9   Thumb Code    82  stm32f7xx_hal_rcc.o(i.HAL_RCC_GetSysClockFreq)
    HAL_RCC_OscConfig                        0x08001f1d   Thumb Code   990  stm32f7xx_hal_rcc.o(i.HAL_RCC_OscConfig)
    HAL_RTC_Init                             0x08002315   Thumb Code   158  stm32f7xx_hal_rtc.o(i.HAL_RTC_Init)
    HAL_RTC_MspInit                          0x080023b5   Thumb Code    26  rtc.o(i.HAL_RTC_MspInit)
    HAL_SPI_ErrorCallback                    0x080023d5   Thumb Code     2  stm32f7xx_hal_spi.o(i.HAL_SPI_ErrorCallback)
    HAL_SPI_IRQHandler                       0x080023d9   Thumb Code   240  stm32f7xx_hal_spi.o(i.HAL_SPI_IRQHandler)
    HAL_SPI_Init                             0x080024cd   Thumb Code   188  stm32f7xx_hal_spi.o(i.HAL_SPI_Init)
    HAL_SPI_MspInit                          0x08002589   Thumb Code    94  spi.o(i.HAL_SPI_MspInit)
    HAL_SPI_Transmit_IT                      0x080025f1   Thumb Code   162  stm32f7xx_hal_spi.o(i.HAL_SPI_Transmit_IT)
    HAL_SPI_TxCpltCallback                   0x0800269d   Thumb Code    24  spi_masterslave.o(i.HAL_SPI_TxCpltCallback)
    HAL_SYSTICK_CLKSourceConfig              0x080026bd   Thumb Code    22  stm32f7xx_hal_cortex.o(i.HAL_SYSTICK_CLKSourceConfig)
    HAL_SYSTICK_Callback                     0x080026d3   Thumb Code     2  stm32f7xx_hal_cortex.o(i.HAL_SYSTICK_Callback)
    HAL_SYSTICK_Config                       0x080026d5   Thumb Code    38  stm32f7xx_hal_cortex.o(i.HAL_SYSTICK_Config)
    HAL_SYSTICK_IRQHandler                   0x08002701   Thumb Code     8  stm32f7xx_hal_cortex.o(i.HAL_SYSTICK_IRQHandler)
    HAL_TIMEx_BreakCallback                  0x08002709   Thumb Code     2  stm32f7xx_hal_tim_ex.o(i.HAL_TIMEx_BreakCallback)
    HAL_TIMEx_CommutationCallback            0x0800270b   Thumb Code     2  stm32f7xx_hal_tim_ex.o(i.HAL_TIMEx_CommutationCallback)
    HAL_TIMEx_MasterConfigSynchronization    0x0800270d   Thumb Code    96  stm32f7xx_hal_tim_ex.o(i.HAL_TIMEx_MasterConfigSynchronization)
    HAL_TIM_Base_Init                        0x0800276d   Thumb Code    54  stm32f7xx_hal_tim.o(i.HAL_TIM_Base_Init)
    HAL_TIM_Base_MspInit                     0x080027a5   Thumb Code    84  tim.o(i.HAL_TIM_Base_MspInit)
    HAL_TIM_Base_Start_IT                    0x08002801   Thumb Code    24  stm32f7xx_hal_tim.o(i.HAL_TIM_Base_Start_IT)
    HAL_TIM_ConfigClockSource                0x08002819   Thumb Code   456  stm32f7xx_hal_tim.o(i.HAL_TIM_ConfigClockSource)
    HAL_TIM_IC_CaptureCallback               0x080029e1   Thumb Code     2  stm32f7xx_hal_tim.o(i.HAL_TIM_IC_CaptureCallback)
    HAL_TIM_IRQHandler                       0x080029e3   Thumb Code   390  stm32f7xx_hal_tim.o(i.HAL_TIM_IRQHandler)
    HAL_TIM_OC_DelayElapsedCallback          0x08002b69   Thumb Code     2  stm32f7xx_hal_tim.o(i.HAL_TIM_OC_DelayElapsedCallback)
    HAL_TIM_PWM_PulseFinishedCallback        0x08002b6b   Thumb Code     2  stm32f7xx_hal_tim.o(i.HAL_TIM_PWM_PulseFinishedCallback)
    HAL_TIM_PeriodElapsedCallback            0x08002b6d   Thumb Code     2  stm32f7xx_hal_tim.o(i.HAL_TIM_PeriodElapsedCallback)
    HAL_TIM_TriggerCallback                  0x08002b6f   Thumb Code     2  stm32f7xx_hal_tim.o(i.HAL_TIM_TriggerCallback)
    HAL_UART_ErrorCallback                   0x08002b71   Thumb Code     2  stm32f7xx_hal_uart.o(i.HAL_UART_ErrorCallback)
    HAL_UART_IRQHandler                      0x08002b75   Thumb Code   436  stm32f7xx_hal_uart.o(i.HAL_UART_IRQHandler)
    HAL_UART_Init                            0x08002d2d   Thumb Code   110  stm32f7xx_hal_uart.o(i.HAL_UART_Init)
    HAL_UART_MspInit                         0x08002d9d   Thumb Code    92  usart.o(i.HAL_UART_MspInit)
    HAL_UART_Receive_IT                      0x08002e01   Thumb Code   150  stm32f7xx_hal_uart.o(i.HAL_UART_Receive_IT)
    HAL_UART_RxCpltCallback                  0x08002e99   Thumb Code    72  uart_masterslave.o(i.HAL_UART_RxCpltCallback)
    HAL_UART_TxCpltCallback                  0x08002ee9   Thumb Code    26  uart_masterslave.o(i.HAL_UART_TxCpltCallback)
    HardFault_Handler                        0x08002f09   Thumb Code     2  stm32f7xx_it.o(i.HardFault_Handler)
    MX_ADC1_Init                             0x08002f0d   Thumb Code   224  adc.o(i.MX_ADC1_Init)
    MX_ADC2_Init                             0x08003005   Thumb Code   184  adc.o(i.MX_ADC2_Init)
    MX_ADC3_Init                             0x080030d5   Thumb Code   186  adc.o(i.MX_ADC3_Init)
    MX_DMA_Init                              0x080031a9   Thumb Code    40  dma.o(i.MX_DMA_Init)
    MX_GPIO_Init                             0x080031d5   Thumb Code   530  gpio.o(i.MX_GPIO_Init)
    MX_QUADSPI_Init                          0x0800340d   Thumb Code    52  quadspi.o(i.MX_QUADSPI_Init)
    MX_RTC_Init                              0x0800345d   Thumb Code    48  rtc.o(i.MX_RTC_Init)
    MX_SPI2_Init                             0x080034a5   Thumb Code    74  spi.o(i.MX_SPI2_Init)
    MX_TIM1_Init                             0x08003509   Thumb Code   104  tim.o(i.MX_TIM1_Init)
    MX_TIM6_Init                             0x08003589   Thumb Code    70  tim.o(i.MX_TIM6_Init)
    MX_USART2_UART_Init                      0x080035e9   Thumb Code    56  usart.o(i.MX_USART2_UART_Init)
    MemManage_Handler                        0x08003639   Thumb Code     2  stm32f7xx_it.o(i.MemManage_Handler)
    NMI_Handler                              0x0800363b   Thumb Code     2  stm32f7xx_it.o(i.NMI_Handler)
    PendSV_Handler                           0x0800363d   Thumb Code     2  stm32f7xx_it.o(i.PendSV_Handler)
    RTC_EnterInitMode                        0x08003699   Thumb Code    66  stm32f7xx_hal_rtc.o(i.RTC_EnterInitMode)
    SPI2_IRQHandler                          0x080036dd   Thumb Code     6  stm32f7xx_it.o(i.SPI2_IRQHandler)
    SVC_Handler                              0x08003911   Thumb Code     2  stm32f7xx_it.o(i.SVC_Handler)
    SysTick_Handler                          0x08003913   Thumb Code    22  stm32f7xx_it.o(i.SysTick_Handler)
    SystemClock_Config                       0x08003929   Thumb Code   186  main.o(i.SystemClock_Config)
    SystemInit                               0x080039ed   Thumb Code    64  system_stm32f7xx.o(i.SystemInit)
    TIM1_UP_TIM10_IRQHandler                 0x08003a45   Thumb Code     6  stm32f7xx_it.o(i.TIM1_UP_TIM10_IRQHandler)
    TIM_Base_SetConfig                       0x08003a51   Thumb Code   180  stm32f7xx_hal_tim.o(i.TIM_Base_SetConfig)
    UART_AdvFeatureConfig                    0x08003b19   Thumb Code   218  stm32f7xx_hal_uart.o(i.UART_AdvFeatureConfig)
    UART_CheckIdleState                      0x08003bf3   Thumb Code    68  stm32f7xx_hal_uart.o(i.UART_CheckIdleState)
    UART_SetConfig                           0x08003cc9   Thumb Code   664  stm32f7xx_hal_uart.o(i.UART_SetConfig)
    UART_WaitOnFlagUntilTimeout              0x08003f71   Thumb Code   116  stm32f7xx_hal_uart.o(i.UART_WaitOnFlagUntilTimeout)
    USART2_IRQHandler                        0x08003fe5   Thumb Code     6  stm32f7xx_it.o(i.USART2_IRQHandler)
    UsageFault_Handler                       0x08003ff1   Thumb Code     2  stm32f7xx_it.o(i.UsageFault_Handler)
    _Error_Handler                           0x08003ff3   Thumb Code     2  main.o(i._Error_Handler)
    __ARM_fpclassify                         0x08003ff5   Thumb Code    48  fpclassify.o(i.__ARM_fpclassify)
    __hardfp_atan                            0x08004029   Thumb Code   402  atan.o(i.__hardfp_atan)
    __hardfp_atan2                           0x08004229   Thumb Code   380  atan2.o(i.__hardfp_atan2)
    __hardfp_sqrt                            0x080043e9   Thumb Code   102  sqrt.o(i.__hardfp_sqrt)
    __hardfp_sqrtf                           0x0800444f   Thumb Code    58  sqrtf.o(i.__hardfp_sqrtf)
    __kernel_poly                            0x08004489   Thumb Code   112  poly.o(i.__kernel_poly)
    __mathlib_dbl_infnan                     0x080044f9   Thumb Code     6  dunder.o(i.__mathlib_dbl_infnan)
    __mathlib_dbl_infnan2                    0x080044ff   Thumb Code     6  dunder.o(i.__mathlib_dbl_infnan2)
    __mathlib_dbl_underflow                  0x08004509   Thumb Code    10  dunder.o(i.__mathlib_dbl_underflow)
    atan                                     0x08004521   Thumb Code    16  atan.o(i.atan)
    cs_PQ_combination                        0x08004531   Thumb Code   152  cs_handles.o(i.cs_PQ_combination)
    cs_computations                          0x080045d1   Thumb Code   316  measurement_functions.o(i.cs_computations)
    cs_generation                            0x08004729   Thumb Code    78  measurement_functions.o(i.cs_generation)
    cs_handles                               0x08004779   Thumb Code   734  cs_handles.o(i.cs_handles)
    dpm_mergeDWord                           0x08004a79   Thumb Code   108  dataparsermerger.o(i.dpm_mergeDWord)
    dpm_mergeFloat                           0x08004ae5   Thumb Code    94  dataparsermerger.o(i.dpm_mergeFloat)
    dpm_parseDWord                           0x08004b49   Thumb Code    88  dataparsermerger.o(i.dpm_parseDWord)
    dpm_parseFloat                           0x08004ba1   Thumb Code    88  dataparsermerger.o(i.dpm_parseFloat)
    fabs                                     0x08004bfd   Thumb Code    24  fabs.o(i.fabs)
    fc27_init                                0x08004c15   Thumb Code    18  fc27.o(i.fc27_init)
    fc37_init                                0x08004c31   Thumb Code     2  fc37.o(i.fc37_init)
    fc46_init                                0x08004c35   Thumb Code    62  fc46.o(i.fc46_init)
    fc49_init                                0x08004c89   Thumb Code    72  fc49.o(i.fc49_init)
    fc50N_init                               0x08004ce1   Thumb Code    22  fc50n.o(i.fc50N_init)
    fc50_init                                0x08004d01   Thumb Code    40  fc50.o(i.fc50_init)
    fc51N_init                               0x08004d31   Thumb Code    62  fc51n.o(i.fc51N_init)
    fc51_init                                0x08004d81   Thumb Code    66  fc51.o(i.fc51_init)
    fc59_init                                0x08004dd5   Thumb Code    18  fc59.o(i.fc59_init)
    fcBF_init                                0x08004df1   Thumb Code    42  fcbf.o(i.fcBF_init)
    fcPVP_init                               0x08004e29   Thumb Code    58  fcpvp.o(i.fcPVP_init)
    fcUNB_init                               0x08004e79   Thumb Code    32  fcunb.o(i.fcUNB_init)
    initFunctions                            0x08004ea5   Thumb Code    58  initfunctions.o(i.initFunctions)
    init_conversion                          0x08004ee1   Thumb Code   110  conversion.o(i.init_conversion)
    init_protection                          0x08004f59   Thumb Code  1956  init_protection.o(i.init_protection)
    main                                     0x08005705   Thumb Code   270  main.o(i.main)
    main_flow                                0x08005845   Thumb Code    18  main_flow.o(i.main_flow)
    prefilter                                0x08005857   Thumb Code    68  measurement_functions.o(i.prefilter)
    pullDataFromMaster                       0x0800589d   Thumb Code   924  configparams.o(i.pullDataFromMaster)
    pushDataToMaster                         0x08005ccd   Thumb Code  1824  commparams.o(i.pushDataToMaster)
    signal_spectra                           0x08006459   Thumb Code   158  measurement_functions.o(i.signal_spectra)
    signal_thd                               0x080064fd   Thumb Code    92  measurement_functions.o(i.signal_thd)
    spectral_analysis                        0x08006561   Thumb Code   188  spectra.o(i.spectral_analysis)
    spi_initComApp                           0x08006631   Thumb Code     2  spi_masterslave.o(i.spi_initComApp)
    spi_runComApp                            0x08006635   Thumb Code   742  spi_masterslave.o(i.spi_runComApp)
    spi_sysTickCallApp                       0x08006929   Thumb Code    62  spi_masterslave.o(i.spi_sysTickCallApp)
    sym_comp                                 0x0800696d   Thumb Code   134  measurement_functions.o(i.sym_comp)
    sym_mag                                  0x080069fd   Thumb Code   378  measurement_functions.o(i.sym_mag)
    trueRMS                                  0x08006b81   Thumb Code   262  truerms.o(i.trueRMS)
    true_rms                                 0x08006c99   Thumb Code    78  measurement_functions.o(i.true_rms)
    uart_initComApp                          0x08006ced   Thumb Code    10  uart_masterslave.o(i.uart_initComApp)
    uart_runComApp                           0x08006d01   Thumb Code   310  uart_masterslave.o(i.uart_runComApp)
    uart_sysTickCallApp                      0x08006e45   Thumb Code    60  uart_masterslave.o(i.uart_sysTickCallApp)
    _fp_init                                 0x08006e85   Thumb Code    10  fpinit.o(x$fpl$fpinit)
    __fplib_config_fpu_vfp                   0x08006e8d   Thumb Code     0  fpinit.o(x$fpl$fpinit)
    __fplib_config_pureend_doubles           0x08006e8d   Thumb Code     0  fpinit.o(x$fpl$fpinit)
    __I$use$fp                               0x08006e8e   Number         0  usenofp.o(x$fpl$usenofp)
    AHBPrescTable                            0x08006e96   Data          16  system_stm32f7xx.o(.constdata)
    APBPrescTable                            0x08006ea6   Data           8  system_stm32f7xx.o(.constdata)
    __mathlib_zero                           0x08007040   Data           8  qnan.o(.constdata)
    Region$$Table$$Base                      0x08007048   Number         0  anon$$obj.o(Region$$Table)
    Region$$Table$$Limit                     0x08007068   Number         0  anon$$obj.o(Region$$Table)
    incoming_data_flag                       0x20000000   Data           1  main.o(.data)
    uwTick                                   0x20000004   Data           4  stm32f7xx_hal.o(.data)
    SystemCoreClock                          0x20000008   Data           4  system_stm32f7xx.o(.data)
    curve                                    0x2000000c   Data           1  init_protection.o(.data)
    cSelect1                                 0x20000010   Data           4  init_protection.o(.data)
    cSelect2                                 0x20000014   Data           4  init_protection.o(.data)
    curve_data                               0x20000018   Data          96  init_protection.o(.data)
    UNBpcorrection                           0x2000007c   Data           4  fcunb.o(.data)
    fcUNBi_obj1_L1_in                        0x20000080   Data           8  fcunb.o(.data)
    n                                        0x20000088   Data           8  cs_handles.o(.data)
    UNBa                                     0x20000090   Data           8  cs_handles.o(.data)
    UNBb                                     0x20000098   Data           8  cs_handles.o(.data)
    sin_coeffs                               0x200000a0   Data         200  cs_handles.o(.data)
    cos_coeffs                               0x20000168   Data         200  cs_handles.o(.data)
    coeffs_real                              0x20000238   Data         200  spectra.o(.data)
    coeffs_imag                              0x20000300   Data         200  spectra.o(.data)
    conversion_completed                     0x200003c8   Data           1  conversion.o(.data)
    cycle_count_1                            0x200003cc   Data           4  conversion.o(.data)
    cycle_count_2                            0x200003d0   Data           4  conversion.o(.data)
    DI                                       0x200003d4   Data           4  boardio.o(.data)
    DO                                       0x200003d8   Data           4  boardio.o(.data)
    typeCnv                                  0x200003dc   Data           4  dataparsermerger.o(.data)
    mSelect                                  0x200003e0   Data           4  configparams.o(.data)
    pFlag                                    0x200003e4   Data           4  configparams.o(.data)
    pEN                                      0x200003e8   Data           4  configparams.o(.data)
    htim1                                    0x200003ec   Data          64  tim.o(.bss)
    htim6                                    0x2000042c   Data          64  tim.o(.bss)
    hrtc                                     0x2000046c   Data          32  rtc.o(.bss)
    hqspi                                    0x2000048c   Data          76  quadspi.o(.bss)
    hadc1                                    0x200004d8   Data          72  adc.o(.bss)
    hadc2                                    0x20000520   Data          72  adc.o(.bss)
    hadc3                                    0x20000568   Data          72  adc.o(.bss)
    hdma_adc1                                0x200005b0   Data          96  adc.o(.bss)
    hdma_adc2                                0x20000610   Data          96  adc.o(.bss)
    hdma_adc3                                0x20000670   Data          96  adc.o(.bss)
    adc_values                               0x200006d0   Data          60  main.o(.bss)
    huart2                                   0x2000070c   Data         112  usart.o(.bss)
    hspi2                                    0x2000077c   Data         100  spi.o(.bss)
    EN                                       0x200007e0   Data         116  init_protection.o(.bss)
    fc50_obj1_L1_out_a                       0x20000854   Data          12  fc50.o(.bss)
    fc50_obj1_L1_out_b                       0x20000860   Data          12  fc50.o(.bss)
    fc50_obj1_L1_out_c                       0x2000086c   Data          12  fc50.o(.bss)
    fc50_obj1_L2_out_a                       0x20000878   Data          12  fc50.o(.bss)
    fc50_obj1_L2_out_b                       0x20000884   Data          12  fc50.o(.bss)
    fc50_obj1_L2_out_c                       0x20000890   Data          12  fc50.o(.bss)
    fc50_obj1_L3_out_a                       0x2000089c   Data          12  fc50.o(.bss)
    fc50_obj1_L3_out_b                       0x200008a8   Data          12  fc50.o(.bss)
    fc50_obj1_L3_out_c                       0x200008b4   Data          12  fc50.o(.bss)
    fc50_obj2_L1_out_a                       0x200008c0   Data          12  fc50.o(.bss)
    fc50_obj2_L1_out_b                       0x200008cc   Data          12  fc50.o(.bss)
    fc50_obj2_L1_out_c                       0x200008d8   Data          12  fc50.o(.bss)
    fc50_obj2_L2_out_a                       0x200008e4   Data          12  fc50.o(.bss)
    fc50_obj2_L2_out_b                       0x200008f0   Data          12  fc50.o(.bss)
    fc50_obj2_L2_out_c                       0x200008fc   Data          12  fc50.o(.bss)
    fc50_obj2_L3_out_a                       0x20000908   Data          12  fc50.o(.bss)
    fc50_obj2_L3_out_b                       0x20000914   Data          12  fc50.o(.bss)
    fc50_obj2_L3_out_c                       0x20000920   Data          12  fc50.o(.bss)
    fc50_obj1_L1_in                          0x2000092c   Data          16  fc50.o(.bss)
    fc50_obj1_L2_in                          0x2000093c   Data          16  fc50.o(.bss)
    fc50_obj1_L3_in                          0x2000094c   Data          16  fc50.o(.bss)
    fc50_obj2_L1_in                          0x2000095c   Data          16  fc50.o(.bss)
    fc50_obj2_L2_in                          0x2000096c   Data          16  fc50.o(.bss)
    fc50_obj2_L3_in                          0x2000097c   Data          16  fc50.o(.bss)
    fc50N_obj1_L1_out                        0x2000098c   Data          12  fc50n.o(.bss)
    fc50N_obj1_L2_out                        0x20000998   Data          12  fc50n.o(.bss)
    fc50N_obj1_L3_out                        0x200009a4   Data          12  fc50n.o(.bss)
    fc50N_obj1_L1_in                         0x200009b0   Data          16  fc50n.o(.bss)
    fc50N_obj1_L2_in                         0x200009c0   Data          16  fc50n.o(.bss)
    fc50N_obj1_L3_in                         0x200009d0   Data          16  fc50n.o(.bss)
    fc51_obj1_out_a                          0x200009e0   Data          12  fc51.o(.bss)
    fc51_obj1_out_b                          0x200009ec   Data          12  fc51.o(.bss)
    fc51_obj1_out_c                          0x200009f8   Data          12  fc51.o(.bss)
    fc51_obj1_in                             0x20000a04   Data          20  fc51.o(.bss)
    fc51_obj2_in                             0x20000a18   Data          20  fc51.o(.bss)
    fc51N_obj1_out                           0x20000a2c   Data          12  fc51n.o(.bss)
    fc51N_obj1_in                            0x20000a38   Data          20  fc51n.o(.bss)
    fc27_obj1_L1_in                          0x20000a4c   Data          16  fc27.o(.bss)
    fc27_obj1_L2_in                          0x20000a5c   Data          16  fc27.o(.bss)
    fc59_obj1_L1_in                          0x20000a6c   Data          12  fc59.o(.bss)
    fc59_obj1_L2_in                          0x20000a78   Data          12  fc59.o(.bss)
    fc46d_obj1_L1_out                        0x20000a84   Data          12  fc46.o(.bss)
    fc46i_obj1_L1_out                        0x20000a90   Data          12  fc46.o(.bss)
    fc46d_obj1_L1_in                         0x20000a9c   Data          16  fc46.o(.bss)
    fc46i_obj1_L1_in                         0x20000aac   Data          20  fc46.o(.bss)
    fc49_obj1_therm                          0x20000ac0   Data          20  fc49.o(.bss)
    fc49_obj2_therm                          0x20000ad4   Data          20  fc49.o(.bss)
    fc49_obj1_L1_in                          0x20000ae8   Data          16  fc49.o(.bss)
    fc49_obj1_L2_in                          0x20000af8   Data          16  fc49.o(.bss)
    fc49_obj2_L1_in                          0x20000b08   Data          16  fc49.o(.bss)
    fc49_obj2_L2_in                          0x20000b18   Data          16  fc49.o(.bss)
    fcBF_out                                 0x20000b28   Data          12  fcbf.o(.bss)
    fcBF_in                                  0x20000b34   Data          24  fcbf.o(.bss)
    fc37_obj1_L1_in                          0x20000b4c   Data          16  fc37.o(.bss)
    fc37_obj2_L1_in                          0x20000b5c   Data          16  fc37.o(.bss)
    fcUNBd_obj1_L1_out_a                     0x20000b6c   Data          16  fcunb.o(.bss)
    fcUNBd_obj1_L1_out_b                     0x20000b7c   Data          16  fcunb.o(.bss)
    fcUNBi_obj1_L1_out_a                     0x20000b8c   Data          12  fcunb.o(.bss)
    fcUNBi_obj1_L1_out_b                     0x20000b98   Data          12  fcunb.o(.bss)
    fcUNBd_obj1_L1_in                        0x20000c6c   Data          12  fcunb.o(.bss)
    pvp_in                                   0x20000c78   Data          12  fcpvp.o(.bss)
    pvp_in_back                              0x20000c84   Data          12  fcpvp.o(.bss)
    pvp_out                                  0x20000c90   Data          12  fcpvp.o(.bss)
    pvp_out_back                             0x20000c9c   Data          12  fcpvp.o(.bss)
    fcPVPi_obj1_L1_out_a                     0x20000ca8   Data          12  fcpvp.o(.bss)
    fcPVPi_obj1_L1_out_b                     0x20000cb4   Data          12  fcpvp.o(.bss)
    fcPVPi_obj1_L1_out_c                     0x20000cc0   Data          12  fcpvp.o(.bss)
    fcPVPd_obj1_L1_in                        0x20000f24   Data          12  fcpvp.o(.bss)
    fcPVPi_obj1_L1_in                        0x20000f30   Data          20  fcpvp.o(.bss)
    pick                                     0x20000f44   Data          12  pickup_handles.o(.bss)
    trip                                     0x20000f50   Data          12  pickup_handles.o(.bss)
    phase_cs_A                               0x20001068   Data          16  cs_handles.o(.bss)
    phase_cs_B                               0x20001078   Data          16  cs_handles.o(.bss)
    phase_cs_C                               0x20001088   Data          16  cs_handles.o(.bss)
    phase_cs_A_out                           0x20001098   Data          44  cs_handles.o(.bss)
    phase_cs_B_out                           0x200010c4   Data          44  cs_handles.o(.bss)
    phase_cs_C_out                           0x200010f0   Data          44  cs_handles.o(.bss)
    sym                                      0x2000111c   Data          24  cs_handles.o(.bss)
    sym_hist                                 0x20001134   Data          24  cs_handles.o(.bss)
    mag_sym                                  0x2000114c   Data          24  cs_handles.o(.bss)
    c_buffer                                 0x20001164   Data        2400  cs_handles.o(.bss)
    s_buffer                                 0x20001ac4   Data        2400  cs_handles.o(.bss)
    P                                        0x20002424   Data          28  cs_handles.o(.bss)
    Q                                        0x20002440   Data          28  cs_handles.o(.bss)
    fRMS                                     0x2000245c   Data          60  cs_handles.o(.bss)
    tRMS                                     0x20002498   Data          60  truerms.o(.bss)
    backRMS                                  0x200024d4   Data          60  truerms.o(.bss)
    bufferRMS                                0x20002510   Data        3000  truerms.o(.bss)
    spect_Ia                                 0x200030c8   Data         368  spectra.o(.bss)
    spect_Ib                                 0x20003238   Data         368  spectra.o(.bss)
    spect_Ic                                 0x200033a8   Data         368  spectra.o(.bss)
    thd                                      0x20003518   Data          12  spectra.o(.bss)
    rawAdc                                   0x20003524   Data          60  conversion.o(.bss)
    smAdc                                    0x20003560   Data          60  conversion.o(.bss)
    fAdc                                     0x2000359c   Data          60  conversion.o(.bss)
    offset                                   0x200035d8   Data          60  conversion.o(.bss)
    scale                                    0x20003614   Data          60  conversion.o(.bss)
    TR                                       0x200036b0   Data          48  conversion.o(.bss)
    Sys                                      0x200036e0   Data          36  powersysdata.o(.bss)
    comParams                                0x20003704   Data        6020  spi_masterslave.o(.bss)
    spiCRC                                   0x20004e88   Data          12  spi_masterslave.o(.bss)
    comParams_uart                           0x20004e94   Data        2996  uart_masterslave.o(.bss)
    uartCRC                                  0x20005a48   Data          12  uart_masterslave.o(.bss)
    pick_words                               0x20005a54   Data          12  commparams.o(.bss)
    trip_words                               0x20005a60   Data          12  commparams.o(.bss)
    __libspace_start                         0x20005a6c   Data          96  libspace.o(.bss)
    __temporary_stack_top$libspace           0x20005acc   Data           0  libspace.o(.bss)



==============================================================================

Memory Map of the image

  Image Entry point : 0x080001f9

  Load Region LR_IROM1 (Base: 0x08000000, Size: 0x00007454, Max: 0x00200000, ABSOLUTE, COMPRESSED[0x000071f8])

    Execution Region ER_IROM1 (Base: 0x08000000, Size: 0x00007068, Max: 0x00200000, ABSOLUTE)

    Base Addr    Size         Type   Attr      Idx    E Section Name        Object

    0x08000000   0x000001f8   Data   RO          875    RESET               startup_stm32f767xx.o
    0x080001f8   0x00000008   Code   RO         5626  * !!!main             c_w.l(__main.o)
    0x08000200   0x00000034   Code   RO         5938    !!!scatter          c_w.l(__scatter.o)
    0x08000234   0x00000064   Code   RO         5936    !!dclz77c           c_w.l(__dclz77c.o)
    0x08000298   0x0000001c   Code   RO         5940    !!handler_zi        c_w.l(__scatter_zi.o)
    0x080002b4   0x00000002   Code   RO         5809    .ARM.Collect$$libinit$$00000000  c_w.l(libinit.o)
    0x080002b6   0x00000004   Code   RO         5812    .ARM.Collect$$libinit$$00000001  c_w.l(libinit2.o)
    0x080002ba   0x00000000   Code   RO         5815    .ARM.Collect$$libinit$$00000004  c_w.l(libinit2.o)
    0x080002ba   0x00000000   Code   RO         5818    .ARM.Collect$$libinit$$0000000A  c_w.l(libinit2.o)
    0x080002ba   0x00000000   Code   RO         5820    .ARM.Collect$$libinit$$0000000C  c_w.l(libinit2.o)
    0x080002ba   0x00000000   Code   RO         5822    .ARM.Collect$$libinit$$0000000E  c_w.l(libinit2.o)
    0x080002ba   0x00000000   Code   RO         5825    .ARM.Collect$$libinit$$00000011  c_w.l(libinit2.o)
    0x080002ba   0x00000000   Code   RO         5827    .ARM.Collect$$libinit$$00000013  c_w.l(libinit2.o)
    0x080002ba   0x00000000   Code   RO         5829    .ARM.Collect$$libinit$$00000015  c_w.l(libinit2.o)
    0x080002ba   0x00000000   Code   RO         5831    .ARM.Collect$$libinit$$00000017  c_w.l(libinit2.o)
    0x080002ba   0x00000000   Code   RO         5833    .ARM.Collect$$libinit$$00000019  c_w.l(libinit2.o)
    0x080002ba   0x00000000   Code   RO         5835    .ARM.Collect$$libinit$$0000001B  c_w.l(libinit2.o)
    0x080002ba   0x00000000   Code   RO         5837    .ARM.Collect$$libinit$$0000001D  c_w.l(libinit2.o)
    0x080002ba   0x00000000   Code   RO         5839    .ARM.Collect$$libinit$$0000001F  c_w.l(libinit2.o)
    0x080002ba   0x00000000   Code   RO         5841    .ARM.Collect$$libinit$$00000021  c_w.l(libinit2.o)
    0x080002ba   0x00000000   Code   RO         5843    .ARM.Collect$$libinit$$00000023  c_w.l(libinit2.o)
    0x080002ba   0x00000000   Code   RO         5845    .ARM.Collect$$libinit$$00000025  c_w.l(libinit2.o)
    0x080002ba   0x00000000   Code   RO         5849    .ARM.Collect$$libinit$$0000002C  c_w.l(libinit2.o)
    0x080002ba   0x00000000   Code   RO         5851    .ARM.Collect$$libinit$$0000002E  c_w.l(libinit2.o)
    0x080002ba   0x00000000   Code   RO         5853    .ARM.Collect$$libinit$$00000030  c_w.l(libinit2.o)
    0x080002ba   0x00000000   Code   RO         5855    .ARM.Collect$$libinit$$00000032  c_w.l(libinit2.o)
    0x080002ba   0x00000002   Code   RO         5856    .ARM.Collect$$libinit$$00000033  c_w.l(libinit2.o)
    0x080002bc   0x00000002   Code   RO         5876    .ARM.Collect$$libshutdown$$00000000  c_w.l(libshutdown.o)
    0x080002be   0x00000000   Code   RO         5889    .ARM.Collect$$libshutdown$$00000002  c_w.l(libshutdown2.o)
    0x080002be   0x00000000   Code   RO         5891    .ARM.Collect$$libshutdown$$00000004  c_w.l(libshutdown2.o)
    0x080002be   0x00000000   Code   RO         5894    .ARM.Collect$$libshutdown$$00000007  c_w.l(libshutdown2.o)
    0x080002be   0x00000000   Code   RO         5897    .ARM.Collect$$libshutdown$$0000000A  c_w.l(libshutdown2.o)
    0x080002be   0x00000000   Code   RO         5899    .ARM.Collect$$libshutdown$$0000000C  c_w.l(libshutdown2.o)
    0x080002be   0x00000000   Code   RO         5902    .ARM.Collect$$libshutdown$$0000000F  c_w.l(libshutdown2.o)
    0x080002be   0x00000002   Code   RO         5903    .ARM.Collect$$libshutdown$$00000010  c_w.l(libshutdown2.o)
    0x080002c0   0x00000000   Code   RO         5702    .ARM.Collect$$rtentry$$00000000  c_w.l(__rtentry.o)
    0x080002c0   0x00000000   Code   RO         5774    .ARM.Collect$$rtentry$$00000002  c_w.l(__rtentry2.o)
    0x080002c0   0x00000006   Code   RO         5786    .ARM.Collect$$rtentry$$00000004  c_w.l(__rtentry4.o)
    0x080002c6   0x00000000   Code   RO         5776    .ARM.Collect$$rtentry$$00000009  c_w.l(__rtentry2.o)
    0x080002c6   0x00000004   Code   RO         5777    .ARM.Collect$$rtentry$$0000000A  c_w.l(__rtentry2.o)
    0x080002ca   0x00000000   Code   RO         5779    .ARM.Collect$$rtentry$$0000000C  c_w.l(__rtentry2.o)
    0x080002ca   0x00000008   Code   RO         5780    .ARM.Collect$$rtentry$$0000000D  c_w.l(__rtentry2.o)
    0x080002d2   0x00000002   Code   RO         5810    .ARM.Collect$$rtexit$$00000000  c_w.l(rtexit.o)
    0x080002d4   0x00000000   Code   RO         5858    .ARM.Collect$$rtexit$$00000002  c_w.l(rtexit2.o)
    0x080002d4   0x00000004   Code   RO         5859    .ARM.Collect$$rtexit$$00000003  c_w.l(rtexit2.o)
    0x080002d8   0x00000006   Code   RO         5860    .ARM.Collect$$rtexit$$00000004  c_w.l(rtexit2.o)
    0x080002de   0x00000002   PAD
    0x080002e0   0x00000040   Code   RO          876    .text               startup_stm32f767xx.o
    0x08000320   0x00000064   Code   RO         5622    .text               c_w.l(rt_memcpy_w.o)
    0x08000384   0x00000006   Code   RO         5624    .text               c_w.l(heapauxi.o)
    0x0800038a   0x00000016   Code   RO         5703    .text               c_w.l(_rserrno.o)
    0x080003a0   0x00000008   Code   RO         5791    .text               c_w.l(rt_errno_addr_intlibspace.o)
    0x080003a8   0x00000008   Code   RO         5797    .text               c_w.l(libspace.o)
    0x080003b0   0x0000004a   Code   RO         5800    .text               c_w.l(sys_stackheap_outer.o)
    0x080003fa   0x00000012   Code   RO         5802    .text               c_w.l(exit.o)
    0x0800040c   0x0000000c   Code   RO         5868    .text               c_w.l(sys_exit.o)
    0x08000418   0x00000002   Code   RO         5879    .text               c_w.l(use_no_semi.o)
    0x0800041a   0x00000000   Code   RO         5881    .text               c_w.l(indicate_semi.o)
    0x0800041a   0x00000060   Code   RO         2081    i.ADC_MultiModeDMAConvCplt  stm32f7xx_hal_adc_ex.o
    0x0800047a   0x00000012   Code   RO         2082    i.ADC_MultiModeDMAError  stm32f7xx_hal_adc_ex.o
    0x0800048c   0x00000006   Code   RO         2083    i.ADC_MultiModeDMAHalfConvCplt  stm32f7xx_hal_adc_ex.o
    0x08000492   0x00000002   Code   RO          310    i.BusFault_Handler  stm32f7xx_it.o
    0x08000494   0x0000000c   Code   RO          311    i.DMA2_Stream0_IRQHandler  stm32f7xx_it.o
    0x080004a0   0x0000000c   Code   RO          312    i.DMA2_Stream1_IRQHandler  stm32f7xx_it.o
    0x080004ac   0x0000000c   Code   RO          313    i.DMA2_Stream2_IRQHandler  stm32f7xx_it.o
    0x080004b8   0x00000002   Code   RO          314    i.DebugMon_Handler  stm32f7xx_it.o
    0x080004ba   0x00000002   PAD
    0x080004bc   0x00000010   Code   RO          315    i.EXTI15_10_IRQHandler  stm32f7xx_it.o
    0x080004cc   0x00000074   Code   RO         2092    i.HAL_ADCEx_MultiModeConfigChannel  stm32f7xx_hal_adc_ex.o
    0x08000540   0x00000114   Code   RO         2094    i.HAL_ADCEx_MultiModeStart_DMA  stm32f7xx_hal_adc_ex.o
    0x08000654   0x00000180   Code   RO          887    i.HAL_ADC_ConfigChannel  stm32f7xx_hal_adc.o
    0x080007d4   0x00000220   Code   RO         5195    i.HAL_ADC_ConvCpltCallback  conversion.o
    0x080009f4   0x00000002   Code   RO          889    i.HAL_ADC_ConvHalfCpltCallback  stm32f7xx_hal_adc.o
    0x080009f6   0x00000002   Code   RO          891    i.HAL_ADC_ErrorCallback  stm32f7xx_hal_adc.o
    0x080009f8   0x00000180   Code   RO          896    i.HAL_ADC_Init      stm32f7xx_hal_adc.o
    0x08000b78   0x000001ac   Code   RO          443    i.HAL_ADC_MspInit   adc.o
    0x08000d24   0x000000d0   Code   RO          902    i.HAL_ADC_Start     stm32f7xx_hal_adc.o
    0x08000df4   0x00000024   Code   RO         2472    i.HAL_DMA_Abort_IT  stm32f7xx_hal_dma.o
    0x08000e18   0x000001e0   Code   RO         2476    i.HAL_DMA_IRQHandler  stm32f7xx_hal_dma.o
    0x08000ff8   0x0000014c   Code   RO         2477    i.HAL_DMA_Init      stm32f7xx_hal_dma.o
    0x08001144   0x000000aa   Code   RO         2481    i.HAL_DMA_Start_IT  stm32f7xx_hal_dma.o
    0x080011ee   0x00000002   Code   RO         1412    i.HAL_GPIO_EXTI_Callback  stm32f7xx_hal_gpio.o
    0x080011f0   0x00000018   Code   RO         1413    i.HAL_GPIO_EXTI_IRQHandler  stm32f7xx_hal_gpio.o
    0x08001208   0x00000230   Code   RO         1414    i.HAL_GPIO_Init     stm32f7xx_hal_gpio.o
    0x08001438   0x0000000a   Code   RO         1418    i.HAL_GPIO_WritePin  stm32f7xx_hal_gpio.o
    0x08001442   0x00000002   PAD
    0x08001444   0x0000000c   Code   RO         2299    i.HAL_GetTick       stm32f7xx_hal.o
    0x08001450   0x00000010   Code   RO         2303    i.HAL_IncTick       stm32f7xx_hal.o
    0x08001460   0x00000016   Code   RO         2304    i.HAL_Init          stm32f7xx_hal.o
    0x08001476   0x00000002   PAD
    0x08001478   0x00000028   Code   RO         2305    i.HAL_InitTick      stm32f7xx_hal.o
    0x080014a0   0x00000058   Code   RO          286    i.HAL_MspInit       stm32f7xx_hal_msp.o
    0x080014f8   0x00000018   Code   RO         1286    i.HAL_NVIC_EnableIRQ  stm32f7xx_hal_cortex.o
    0x08001510   0x00000064   Code   RO         1292    i.HAL_NVIC_SetPriority  stm32f7xx_hal_cortex.o
    0x08001574   0x00000024   Code   RO         1293    i.HAL_NVIC_SetPriorityGrouping  stm32f7xx_hal_cortex.o
    0x08001598   0x0000007c   Code   RO         2196    i.HAL_PWREx_EnableOverDrive  stm32f7xx_hal_pwr_ex.o
    0x08001614   0x000000c0   Code   RO         3427    i.HAL_QSPI_Init     stm32f7xx_hal_qspi.o
    0x080016d4   0x00000080   Code   RO          215    i.HAL_QSPI_MspInit  quadspi.o
    0x08001754   0x000005cc   Code   RO         2684    i.HAL_RCCEx_PeriphCLKConfig  stm32f7xx_hal_rcc_ex.o
    0x08001d20   0x0000014c   Code   RO         2959    i.HAL_RCC_ClockConfig  stm32f7xx_hal_rcc.o
    0x08001e6c   0x0000000c   Code   RO         2964    i.HAL_RCC_GetHCLKFreq  stm32f7xx_hal_rcc.o
    0x08001e78   0x00000020   Code   RO         2966    i.HAL_RCC_GetPCLK1Freq  stm32f7xx_hal_rcc.o
    0x08001e98   0x00000020   Code   RO         2967    i.HAL_RCC_GetPCLK2Freq  stm32f7xx_hal_rcc.o
    0x08001eb8   0x00000064   Code   RO         2968    i.HAL_RCC_GetSysClockFreq  stm32f7xx_hal_rcc.o
    0x08001f1c   0x000003f8   Code   RO         2971    i.HAL_RCC_OscConfig  stm32f7xx_hal_rcc.o
    0x08002314   0x0000009e   Code   RO         1056    i.HAL_RTC_Init      stm32f7xx_hal_rtc.o
    0x080023b2   0x00000002   PAD
    0x080023b4   0x00000020   Code   RO          173    i.HAL_RTC_MspInit   rtc.o
    0x080023d4   0x00000002   Code   RO         4398    i.HAL_SPI_ErrorCallback  stm32f7xx_hal_spi.o
    0x080023d6   0x00000002   PAD
    0x080023d8   0x000000f4   Code   RO         4401    i.HAL_SPI_IRQHandler  stm32f7xx_hal_spi.o
    0x080024cc   0x000000bc   Code   RO         4402    i.HAL_SPI_Init      stm32f7xx_hal_spi.o
    0x08002588   0x00000068   Code   RO          631    i.HAL_SPI_MspInit   spi.o
    0x080025f0   0x000000ac   Code   RO         4415    i.HAL_SPI_Transmit_IT  stm32f7xx_hal_spi.o
    0x0800269c   0x00000020   Code   RO         5425    i.HAL_SPI_TxCpltCallback  spi_masterslave.o
    0x080026bc   0x00000016   Code   RO         1295    i.HAL_SYSTICK_CLKSourceConfig  stm32f7xx_hal_cortex.o
    0x080026d2   0x00000002   Code   RO         1296    i.HAL_SYSTICK_Callback  stm32f7xx_hal_cortex.o
    0x080026d4   0x0000002c   Code   RO         1297    i.HAL_SYSTICK_Config  stm32f7xx_hal_cortex.o
    0x08002700   0x00000008   Code   RO         1298    i.HAL_SYSTICK_IRQHandler  stm32f7xx_hal_cortex.o
    0x08002708   0x00000002   Code   RO         3095    i.HAL_TIMEx_BreakCallback  stm32f7xx_hal_tim_ex.o
    0x0800270a   0x00000002   Code   RO         3096    i.HAL_TIMEx_CommutationCallback  stm32f7xx_hal_tim_ex.o
    0x0800270c   0x00000060   Code   RO         3114    i.HAL_TIMEx_MasterConfigSynchronization  stm32f7xx_hal_tim_ex.o
    0x0800276c   0x00000036   Code   RO         1479    i.HAL_TIM_Base_Init  stm32f7xx_hal_tim.o
    0x080027a2   0x00000002   PAD
    0x080027a4   0x0000005c   Code   RO            5    i.HAL_TIM_Base_MspInit  tim.o
    0x08002800   0x00000018   Code   RO         1484    i.HAL_TIM_Base_Start_IT  stm32f7xx_hal_tim.o
    0x08002818   0x000001c8   Code   RO         1488    i.HAL_TIM_ConfigClockSource  stm32f7xx_hal_tim.o
    0x080029e0   0x00000002   Code   RO         1508    i.HAL_TIM_IC_CaptureCallback  stm32f7xx_hal_tim.o
    0x080029e2   0x00000186   Code   RO         1521    i.HAL_TIM_IRQHandler  stm32f7xx_hal_tim.o
    0x08002b68   0x00000002   Code   RO         1524    i.HAL_TIM_OC_DelayElapsedCallback  stm32f7xx_hal_tim.o
    0x08002b6a   0x00000002   Code   RO         1551    i.HAL_TIM_PWM_PulseFinishedCallback  stm32f7xx_hal_tim.o
    0x08002b6c   0x00000002   Code   RO         1558    i.HAL_TIM_PeriodElapsedCallback  stm32f7xx_hal_tim.o
    0x08002b6e   0x00000002   Code   RO         1562    i.HAL_TIM_TriggerCallback  stm32f7xx_hal_tim.o
    0x08002b70   0x00000002   Code   RO         4137    i.HAL_UART_ErrorCallback  stm32f7xx_hal_uart.o
    0x08002b72   0x00000002   PAD
    0x08002b74   0x000001b8   Code   RO         4140    i.HAL_UART_IRQHandler  stm32f7xx_hal_uart.o
    0x08002d2c   0x0000006e   Code   RO         4141    i.HAL_UART_Init     stm32f7xx_hal_uart.o
    0x08002d9a   0x00000002   PAD
    0x08002d9c   0x00000064   Code   RO          589    i.HAL_UART_MspInit  usart.o
    0x08002e00   0x00000096   Code   RO         4146    i.HAL_UART_Receive_IT  stm32f7xx_hal_uart.o
    0x08002e96   0x00000002   PAD
    0x08002e98   0x00000050   Code   RO         5478    i.HAL_UART_RxCpltCallback  uart_masterslave.o
    0x08002ee8   0x00000020   Code   RO         5479    i.HAL_UART_TxCpltCallback  uart_masterslave.o
    0x08002f08   0x00000002   Code   RO          316    i.HardFault_Handler  stm32f7xx_it.o
    0x08002f0a   0x00000002   PAD
    0x08002f0c   0x000000f8   Code   RO          444    i.MX_ADC1_Init      adc.o
    0x08003004   0x000000d0   Code   RO          445    i.MX_ADC2_Init      adc.o
    0x080030d4   0x000000d4   Code   RO          446    i.MX_ADC3_Init      adc.o
    0x080031a8   0x0000002c   Code   RO          259    i.MX_DMA_Init       dma.o
    0x080031d4   0x00000238   Code   RO          564    i.MX_GPIO_Init      gpio.o
    0x0800340c   0x00000050   Code   RO          216    i.MX_QUADSPI_Init   quadspi.o
    0x0800345c   0x00000048   Code   RO          174    i.MX_RTC_Init       rtc.o
    0x080034a4   0x00000064   Code   RO          632    i.MX_SPI2_Init      spi.o
    0x08003508   0x00000080   Code   RO            6    i.MX_TIM1_Init      tim.o
    0x08003588   0x00000060   Code   RO            7    i.MX_TIM6_Init      tim.o
    0x080035e8   0x00000050   Code   RO          590    i.MX_USART2_UART_Init  usart.o
    0x08003638   0x00000002   Code   RO          317    i.MemManage_Handler  stm32f7xx_it.o
    0x0800363a   0x00000002   Code   RO          318    i.NMI_Handler       stm32f7xx_it.o
    0x0800363c   0x00000002   Code   RO          319    i.PendSV_Handler    stm32f7xx_it.o
    0x0800363e   0x0000005a   Code   RO         3452    i.QSPI_WaitFlagStateUntilTimeout  stm32f7xx_hal_qspi.o
    0x08003698   0x00000042   Code   RO         1067    i.RTC_EnterInitMode  stm32f7xx_hal_rtc.o
    0x080036da   0x00000002   PAD
    0x080036dc   0x0000000c   Code   RO          320    i.SPI2_IRQHandler   stm32f7xx_it.o
    0x080036e8   0x0000004c   Code   RO         4427    i.SPI_CloseTx_ISR   stm32f7xx_hal_spi.o
    0x08003734   0x00000012   Code   RO         4428    i.SPI_DMAAbortOnError  stm32f7xx_hal_spi.o
    0x08003746   0x0000004a   Code   RO         4439    i.SPI_EndRxTxTransaction  stm32f7xx_hal_spi.o
    0x08003790   0x00000020   Code   RO         4442    i.SPI_TxISR_16BIT   stm32f7xx_hal_spi.o
    0x080037b0   0x0000001e   Code   RO         4443    i.SPI_TxISR_8BIT    stm32f7xx_hal_spi.o
    0x080037ce   0x000000ae   Code   RO         4444    i.SPI_WaitFifoStateUntilTimeout  stm32f7xx_hal_spi.o
    0x0800387c   0x00000094   Code   RO         4445    i.SPI_WaitFlagStateUntilTimeout  stm32f7xx_hal_spi.o
    0x08003910   0x00000002   Code   RO          321    i.SVC_Handler       stm32f7xx_it.o
    0x08003912   0x00000016   Code   RO          322    i.SysTick_Handler   stm32f7xx_it.o
    0x08003928   0x000000c4   Code   RO          496    i.SystemClock_Config  main.o
    0x080039ec   0x00000058   Code   RO         4714    i.SystemInit        system_stm32f7xx.o
    0x08003a44   0x0000000c   Code   RO          323    i.TIM1_UP_TIM10_IRQHandler  stm32f7xx_it.o
    0x08003a50   0x000000c8   Code   RO         1563    i.TIM_Base_SetConfig  stm32f7xx_hal_tim.o
    0x08003b18   0x000000da   Code   RO         4154    i.UART_AdvFeatureConfig  stm32f7xx_hal_uart.o
    0x08003bf2   0x00000044   Code   RO         4155    i.UART_CheckIdleState  stm32f7xx_hal_uart.o
    0x08003c36   0x00000014   Code   RO         4156    i.UART_DMAAbortOnError  stm32f7xx_hal_uart.o
    0x08003c4a   0x0000007c   Code   RO         4162    i.UART_Receive_IT   stm32f7xx_hal_uart.o
    0x08003cc6   0x00000002   PAD
    0x08003cc8   0x000002a8   Code   RO         4163    i.UART_SetConfig    stm32f7xx_hal_uart.o
    0x08003f70   0x00000074   Code   RO         4164    i.UART_WaitOnFlagUntilTimeout  stm32f7xx_hal_uart.o
    0x08003fe4   0x0000000c   Code   RO          324    i.USART2_IRQHandler  stm32f7xx_it.o
    0x08003ff0   0x00000002   Code   RO          325    i.UsageFault_Handler  stm32f7xx_it.o
    0x08003ff2   0x00000002   Code   RO          497    i._Error_Handler    main.o
    0x08003ff4   0x00000030   Code   RO         5793    i.__ARM_fpclassify  m_wv.l(fpclassify.o)
    0x08004024   0x00000004   PAD
    0x08004028   0x00000200   Code   RO         5708    i.__hardfp_atan     m_wv.l(atan.o)
    0x08004228   0x000001c0   Code   RO         5628    i.__hardfp_atan2    m_wv.l(atan2.o)
    0x080043e8   0x00000066   Code   RO         5678    i.__hardfp_sqrt     m_wv.l(sqrt.o)
    0x0800444e   0x0000003a   Code   RO         5690    i.__hardfp_sqrtf    m_wv.l(sqrtf.o)
    0x08004488   0x00000070   Code   RO         5795    i.__kernel_poly     m_wv.l(poly.o)
    0x080044f8   0x00000006   Code   RO         5726    i.__mathlib_dbl_infnan  m_wv.l(dunder.o)
    0x080044fe   0x00000006   Code   RO         5727    i.__mathlib_dbl_infnan2  m_wv.l(dunder.o)
    0x08004504   0x00000004   PAD
    0x08004508   0x00000018   Code   RO         5731    i.__mathlib_dbl_underflow  m_wv.l(dunder.o)
    0x08004520   0x00000010   Code   RO         5710    i.atan              m_wv.l(atan.o)
    0x08004530   0x000000a0   Code   RO         5121    i.cs_PQ_combination  cs_handles.o
    0x080045d0   0x00000158   Code   RO          669    i.cs_computations   measurement_functions.o
    0x08004728   0x0000004e   Code   RO          670    i.cs_generation     measurement_functions.o
    0x08004776   0x00000002   PAD
    0x08004778   0x00000300   Code   RO         5122    i.cs_handles        cs_handles.o
    0x08004a78   0x0000006c   Code   RO         5304    i.dpm_mergeDWord    dataparsermerger.o
    0x08004ae4   0x00000064   Code   RO         5305    i.dpm_mergeFloat    dataparsermerger.o
    0x08004b48   0x00000058   Code   RO         5306    i.dpm_parseDWord    dataparsermerger.o
    0x08004ba0   0x0000005c   Code   RO         5307    i.dpm_parseFloat    dataparsermerger.o
    0x08004bfc   0x00000018   Code   RO         5741    i.fabs              m_wv.l(fabs.o)
    0x08004c14   0x0000001c   Code   RO         4887    i.fc27_init         fc27.o
    0x08004c30   0x00000002   Code   RO         5021    i.fc37_init         fc37.o
    0x08004c32   0x00000002   PAD
    0x08004c34   0x00000054   Code   RO         4944    i.fc46_init         fc46.o
    0x08004c88   0x00000058   Code   RO         4966    i.fc49_init         fc49.o
    0x08004ce0   0x00000020   Code   RO         4806    i.fc50N_init        fc50n.o
    0x08004d00   0x00000030   Code   RO         4776    i.fc50_init         fc50.o
    0x08004d30   0x00000050   Code   RO         4861    i.fc51N_init        fc51n.o
    0x08004d80   0x00000054   Code   RO         4832    i.fc51_init         fc51.o
    0x08004dd4   0x0000001c   Code   RO         4921    i.fc59_init         fc59.o
    0x08004df0   0x00000038   Code   RO         4999    i.fcBF_init         fcbf.o
    0x08004e28   0x00000050   Code   RO         5075    i.fcPVP_init        fcpvp.o
    0x08004e78   0x0000002c   Code   RO         5043    i.fcUNB_init        fcunb.o
    0x08004ea4   0x0000003a   Code   RO         5238    i.initFunctions     initfunctions.o
    0x08004ede   0x00000002   PAD
    0x08004ee0   0x00000078   Code   RO         5196    i.init_conversion   conversion.o
    0x08004f58   0x000007ac   Code   RO         4748    i.init_protection   init_protection.o
    0x08005704   0x00000140   Code   RO          498    i.main              main.o
    0x08005844   0x00000012   Code   RO         5605    i.main_flow         main_flow.o
    0x08005856   0x00000044   Code   RO          672    i.prefilter         measurement_functions.o
    0x0800589a   0x00000002   PAD
    0x0800589c   0x00000430   Code   RO         5581    i.pullDataFromMaster  configparams.o
    0x08005ccc   0x0000078c   Code   RO         5532    i.pushDataToMaster  commparams.o
    0x08006458   0x000000a4   Code   RO          675    i.signal_spectra    measurement_functions.o
    0x080064fc   0x00000064   Code   RO          676    i.signal_thd        measurement_functions.o
    0x08006560   0x000000d0   Code   RO         5176    i.spectral_analysis  spectra.o
    0x08006630   0x00000002   Code   RO         5426    i.spi_initComApp    spi_masterslave.o
    0x08006632   0x00000002   PAD
    0x08006634   0x000002f4   Code   RO         5427    i.spi_runComApp     spi_masterslave.o
    0x08006928   0x00000044   Code   RO         5428    i.spi_sysTickCallApp  spi_masterslave.o
    0x0800696c   0x00000090   Code   RO          677    i.sym_comp          measurement_functions.o
    0x080069fc   0x00000184   Code   RO          678    i.sym_mag           measurement_functions.o
    0x08006b80   0x00000118   Code   RO         5156    i.trueRMS           truerms.o
    0x08006c98   0x00000054   Code   RO          680    i.true_rms          measurement_functions.o
    0x08006cec   0x00000014   Code   RO         5480    i.uart_initComApp   uart_masterslave.o
    0x08006d00   0x00000144   Code   RO         5481    i.uart_runComApp    uart_masterslave.o
    0x08006e44   0x00000040   Code   RO         5482    i.uart_sysTickCallApp  uart_masterslave.o
    0x08006e84   0x0000000a   Code   RO         5866    x$fpl$fpinit        fz_wv.l(fpinit.o)
    0x08006e8e   0x00000000   Code   RO         5707    x$fpl$usenofp       fz_wv.l(usenofp.o)
    0x08006e8e   0x00000008   Data   RO         2483    .constdata          stm32f7xx_hal_dma.o
    0x08006e96   0x00000010   Data   RO         4715    .constdata          system_stm32f7xx.o
    0x08006ea6   0x00000008   Data   RO         4716    .constdata          system_stm32f7xx.o
    0x08006eae   0x00000002   PAD
    0x08006eb0   0x00000010   Data   RO         4778    .constdata          fc50.o
    0x08006ec0   0x00000010   Data   RO         4808    .constdata          fc50n.o
    0x08006ed0   0x00000014   Data   RO         4837    .constdata          fc51.o
    0x08006ee4   0x00000014   Data   RO         4863    .constdata          fc51n.o
    0x08006ef8   0x00000010   Data   RO         4889    .constdata          fc27.o
    0x08006f08   0x0000000c   Data   RO         4923    .constdata          fc59.o
    0x08006f14   0x00000024   Data   RO         4946    .constdata          fc46.o
    0x08006f38   0x00000024   Data   RO         4968    .constdata          fc49.o
    0x08006f5c   0x00000018   Data   RO         5001    .constdata          fcbf.o
    0x08006f74   0x00000014   Data   RO         5046    .constdata          fcunb.o
    0x08006f88   0x00000020   Data   RO         5077    .constdata          fcpvp.o
    0x08006fa8   0x00000098   Data   RO         5711    .constdata          m_wv.l(atan.o)
    0x08007040   0x00000008   Data   RO         5761    .constdata          m_wv.l(qnan.o)
    0x08007048   0x00000020   Data   RO         5934    Region$$Table       anon$$obj.o


    Execution Region RW_IRAM1 (Base: 0x20000000, Size: 0x000060d0, Max: 0x0001ffff, ABSOLUTE, COMPRESSED[0x00000190])

    Base Addr    Size         Type   Attr      Idx    E Section Name        Object

    0x20000000   0x00000001   Data   RW          500    .data               main.o
    0x20000001   0x00000003   PAD
    0x20000004   0x00000004   Data   RW         2310    .data               stm32f7xx_hal.o
    0x20000008   0x00000004   Data   RW         4717    .data               system_stm32f7xx.o
    0x2000000c   0x0000006c   Data   RW         4750    .data               init_protection.o
    0x20000078   0x00000010   Data   RW         5047    .data               fcunb.o
    0x20000088   0x000001a8   Data   RW         5127    .data               cs_handles.o
    0x20000230   0x00000001   Data   RW         5158    .data               truerms.o
    0x20000231   0x00000003   PAD
    0x20000234   0x00000194   Data   RW         5178    .data               spectra.o
    0x200003c8   0x00000008   Data   RW         5199    .data               conversion.o
    0x200003d0   0x00000004   Data   RW         5200    .data               conversion.o
    0x200003d4   0x00000008   Data   RW         5269    .data               boardio.o
    0x200003dc   0x00000004   Data   RW         5308    .data               dataparsermerger.o
    0x200003e0   0x0000000c   Data   RW         5582    .data               configparams.o
    0x200003ec   0x00000080   Zero   RW            8    .bss                tim.o
    0x2000046c   0x00000020   Zero   RW          175    .bss                rtc.o
    0x2000048c   0x0000004c   Zero   RW          217    .bss                quadspi.o
    0x200004d8   0x000001f8   Zero   RW          447    .bss                adc.o
    0x200006d0   0x0000003c   Zero   RW          499    .bss                main.o
    0x2000070c   0x00000070   Zero   RW          591    .bss                usart.o
    0x2000077c   0x00000064   Zero   RW          633    .bss                spi.o
    0x200007e0   0x00000074   Zero   RW         4749    .bss                init_protection.o
    0x20000854   0x00000138   Zero   RW         4777    .bss                fc50.o
    0x2000098c   0x00000054   Zero   RW         4807    .bss                fc50n.o
    0x200009e0   0x0000004c   Zero   RW         4833    .bss                fc51.o
    0x20000a2c   0x00000020   Zero   RW         4862    .bss                fc51n.o
    0x20000a4c   0x00000020   Zero   RW         4888    .bss                fc27.o
    0x20000a6c   0x00000018   Zero   RW         4922    .bss                fc59.o
    0x20000a84   0x0000003c   Zero   RW         4945    .bss                fc46.o
    0x20000ac0   0x00000068   Zero   RW         4967    .bss                fc49.o
    0x20000b28   0x00000024   Zero   RW         5000    .bss                fcbf.o
    0x20000b4c   0x00000020   Zero   RW         5022    .bss                fc37.o
    0x20000b6c   0x0000010c   Zero   RW         5045    .bss                fcunb.o
    0x20000c78   0x000002cc   Zero   RW         5076    .bss                fcpvp.o
    0x20000f44   0x00000124   Zero   RW         5102    .bss                pickup_handles.o
    0x20001068   0x00001430   Zero   RW         5123    .bss                cs_handles.o
    0x20002498   0x00000c30   Zero   RW         5157    .bss                truerms.o
    0x200030c8   0x0000045c   Zero   RW         5177    .bss                spectra.o
    0x20003524   0x0000018c   Zero   RW         5197    .bss                conversion.o
    0x200036b0   0x00000030   Zero   RW         5198    .bss                conversion.o
    0x200036e0   0x00000024   Zero   RW         5253    .bss                powersysdata.o
    0x20003704   0x00001790   Zero   RW         5429    .bss                spi_masterslave.o
    0x20004e94   0x00000bc0   Zero   RW         5483    .bss                uart_masterslave.o
    0x20005a54   0x00000018   Zero   RW         5535    .bss                commparams.o
    0x20005a6c   0x00000060   Zero   RW         5798    .bss                c_w.l(libspace.o)
    0x20005acc   0x00000004   PAD
    0x20005ad0   0x00000200   Zero   RW          874    HEAP                startup_stm32f767xx.o
    0x20005cd0   0x00000400   Zero   RW          873    STACK               startup_stm32f767xx.o


==============================================================================

Image component sizes


      Code (inc. data)   RO Data    RW Data    ZI Data      Debug   Object Name

      1096        134          0          0        504       3665   adc.o
         0          0          0          8          0       1288   boardio.o
      1932        224          0          0         24       6426   commparams.o
      1072        148          0         12          0       6980   configparams.o
       664         30          0         12        444       4251   conversion.o
       928         42          0        424       5168       4660   cs_handles.o
       388         10          0          4          0       4010   dataparsermerger.o
        44          4          0          0          0        738   dma.o
        28         10         16          0         32       1704   fc27.o
         2          0          0          0         32        984   fc37.o
        84         22         36          0         60        924   fc46.o
        88         16         36          0        104       1678   fc49.o
        48          8         16          0        312       1892   fc50.o
        32         10         16          0         84        916   fc50n.o
        84         18         20          0         76       1044   fc51.o
        80         18         20          0         32        756   fc51n.o
        28         10         12          0         24       1032   fc59.o
        56         14         24          0         36        727   fcbf.o
        80         22         32          0        716       1881   fcpvp.o
        44         12         20         16        268       1714   fcunb.o
       568         38          0          0          0       1251   gpio.o
      1964        146          0        108        116      13016   init_protection.o
        58          0          0          0          0        516   initfunctions.o
       518         60          0          1         60      34783   main.o
        18          0          0          0          0        460   main_flow.o
      1370         68          0          0          0       8480   measurement_functions.o
         0          0          0          0        292       6342   pickup_handles.o
         0          0          0          0         36        790   powersysdata.o
       208         44          0          0         76       1677   quadspi.o
       104         30          0          0         32       1399   rtc.o
       208         20          0        404       1116       1269   spectra.o
       204         36          0          0        100       1625   spi.o
       858         28          0          0       6032       6474   spi_masterslave.o
        64         26        504          0       1536        804   startup_stm32f767xx.o
        90         18          0          4          0       3151   stm32f7xx_hal.o
       980         46          0          0          0       4426   stm32f7xx_hal_adc.o
       512         36          0          0          0       3898   stm32f7xx_hal_adc_ex.o
       236         18          0          0          0      36613   stm32f7xx_hal_cortex.o
      1018         24          8          0          0       5070   stm32f7xx_hal_dma.o
       596         20          0          0          0       3800   stm32f7xx_hal_gpio.o
        88          0          0          0          0        518   stm32f7xx_hal_msp.o
       124         10          0          0          0       1276   stm32f7xx_hal_pwr_ex.o
       282          4          0          0          0       2856   stm32f7xx_hal_qspi.o
      1524         96          0          0          0       5870   stm32f7xx_hal_rcc.o
      1484         40          0          0          0       2516   stm32f7xx_hal_rcc_ex.o
       224          0          0          0          0       2208   stm32f7xx_hal_rtc.o
      1158         14          0          0          0       9354   stm32f7xx_hal_spi.o
      1134         20          0          0          0       9847   stm32f7xx_hal_tim.o
       100          0          0          0          0       2794   stm32f7xx_hal_tim_ex.o
      1928         40          0          0          0       9294   stm32f7xx_hal_uart.o
       126         40          0          0          0       7312   stm32f7xx_it.o
        88         24         24          4          0       1131   system_stm32f7xx.o
       316         58          0          0        128     901815   tim.o
       280         18          0          1       3120       3157   truerms.o
       520         42          0          0       3008       6326   uart_masterslave.o
       180         32          0          0        112       1642   usart.o

    ----------------------------------------------------------------------
     25942       1848        818       1004      23680    1151030   Object Totals
         0          0         32          0          0          0   (incl. Generated)
        34          0          2          6          0          0   (incl. Padding)

    ----------------------------------------------------------------------

      Code (inc. data)   RO Data    RW Data    ZI Data      Debug   Library Member Name

       100          0          0          0          0          0   __dclz77c.o
         8          0          0          0          0         68   __main.o
         0          0          0          0          0          0   __rtentry.o
        12          0          0          0          0          0   __rtentry2.o
         6          0          0          0          0          0   __rtentry4.o
        52          8          0          0          0          0   __scatter.o
        28          0          0          0          0          0   __scatter_zi.o
        22          0          0          0          0        100   _rserrno.o
        18          0          0          0          0         80   exit.o
         6          0          0          0          0        152   heapauxi.o
         0          0          0          0          0          0   indicate_semi.o
         2          0          0          0          0          0   libinit.o
         6          0          0          0          0          0   libinit2.o
         2          0          0          0          0          0   libshutdown.o
         2          0          0          0          0          0   libshutdown2.o
         8          4          0          0         96         68   libspace.o
         8          4          0          0          0         68   rt_errno_addr_intlibspace.o
       100          0          0          0          0         80   rt_memcpy_w.o
         2          0          0          0          0          0   rtexit.o
        10          0          0          0          0          0   rtexit2.o
        12          4          0          0          0         68   sys_exit.o
        74          0          0          0          0         80   sys_stackheap_outer.o
         2          0          0          0          0         68   use_no_semi.o
        10          0          0          0          0        116   fpinit.o
         0          0          0          0          0          0   usenofp.o
       528        110        152          0          0        348   atan.o
       448         68          0          0          0        180   atan2.o
        36         14          0          0          0        348   dunder.o
        24          0          0          0          0        124   fabs.o
        48          0          0          0          0        124   fpclassify.o
       112          0          0          0          0        116   poly.o
         0          0          8          0          0          0   qnan.o
       102          0          0          0          0        140   sqrt.o
        58          0          0          0          0        136   sqrtf.o

    ----------------------------------------------------------------------
      1856        212        160          0        100       2464   Library Totals
        10          0          0          0          4          0   (incl. Padding)

    ----------------------------------------------------------------------

      Code (inc. data)   RO Data    RW Data    ZI Data      Debug   Library Name

       480         20          0          0         96        832   c_w.l
        10          0          0          0          0        116   fz_wv.l
      1356        192        160          0          0       1516   m_wv.l

    ----------------------------------------------------------------------
      1856        212        160          0        100       2464   Library Totals

    ----------------------------------------------------------------------

==============================================================================


      Code (inc. data)   RO Data    RW Data    ZI Data      Debug   

     27798       2060        978       1004      23780    1137782   Grand Totals
     27798       2060        978        400      23780    1137782   ELF Image Totals (compressed)
     27798       2060        978        400          0          0   ROM Totals

==============================================================================

    Total RO  Size (Code + RO Data)                28776 (  28.10kB)
    Total RW  Size (RW Data + ZI Data)             24784 (  24.20kB)
    Total ROM Size (Code + RO Data + RW Data)      29176 (  28.49kB)

==============================================================================

