Component: ARM Compiler 5.06 update 4 (build 422) Tool: armlink [4d35d2]

==============================================================================

Section Cross References

    tim.o(i.HAL_TIM_Base_MspDeInit) refers to stm32f7xx_hal_cortex.o(i.HAL_NVIC_DisableIRQ) for HAL_NVIC_DisableIRQ
    tim.o(i.HAL_TIM_Base_MspInit) refers to stm32f7xx_hal_cortex.o(i.HAL_NVIC_SetPriority) for HAL_NVIC_SetPriority
    tim.o(i.HAL_TIM_Base_MspInit) refers to stm32f7xx_hal_cortex.o(i.HAL_NVIC_EnableIRQ) for HAL_NVIC_EnableIRQ
    tim.o(i.MX_TIM1_Init) refers to stm32f7xx_hal_tim.o(i.HAL_TIM_Base_Init) for HAL_TIM_Base_Init
    tim.o(i.MX_TIM1_Init) refers to main.o(i._Error_Handler) for _Error_Handler
    tim.o(i.MX_TIM1_Init) refers to stm32f7xx_hal_tim.o(i.HAL_TIM_ConfigClockSource) for HAL_TIM_ConfigClockSource
    tim.o(i.MX_TIM1_Init) refers to stm32f7xx_hal_tim_ex.o(i.HAL_TIMEx_MasterConfigSynchronization) for HAL_TIMEx_MasterConfigSynchronization
    tim.o(i.MX_TIM1_Init) refers to tim.o(.bss) for .bss
    tim.o(i.MX_TIM6_Init) refers to stm32f7xx_hal_tim.o(i.HAL_TIM_Base_Init) for HAL_TIM_Base_Init
    tim.o(i.MX_TIM6_Init) refers to main.o(i._Error_Handler) for _Error_Handler
    tim.o(i.MX_TIM6_Init) refers to stm32f7xx_hal_tim_ex.o(i.HAL_TIMEx_MasterConfigSynchronization) for HAL_TIMEx_MasterConfigSynchronization
    tim.o(i.MX_TIM6_Init) refers to tim.o(.bss) for .bss
    rtc.o(i.MX_RTC_Init) refers to stm32f7xx_hal_rtc.o(i.HAL_RTC_Init) for HAL_RTC_Init
    rtc.o(i.MX_RTC_Init) refers to main.o(i._Error_Handler) for _Error_Handler
    rtc.o(i.MX_RTC_Init) refers to rtc.o(.bss) for .bss
    quadspi.o(i.HAL_QSPI_MspDeInit) refers to stm32f7xx_hal_gpio.o(i.HAL_GPIO_DeInit) for HAL_GPIO_DeInit
    quadspi.o(i.HAL_QSPI_MspInit) refers to stm32f7xx_hal_gpio.o(i.HAL_GPIO_Init) for HAL_GPIO_Init
    quadspi.o(i.MX_QUADSPI_Init) refers to stm32f7xx_hal_qspi.o(i.HAL_QSPI_Init) for HAL_QSPI_Init
    quadspi.o(i.MX_QUADSPI_Init) refers to main.o(i._Error_Handler) for _Error_Handler
    quadspi.o(i.MX_QUADSPI_Init) refers to quadspi.o(.bss) for .bss
    dma.o(i.MX_DMA_Init) refers to stm32f7xx_hal_cortex.o(i.HAL_NVIC_SetPriority) for HAL_NVIC_SetPriority
    dma.o(i.MX_DMA_Init) refers to stm32f7xx_hal_cortex.o(i.HAL_NVIC_EnableIRQ) for HAL_NVIC_EnableIRQ
    stm32f7xx_hal_msp.o(i.HAL_MspInit) refers to stm32f7xx_hal_cortex.o(i.HAL_NVIC_SetPriorityGrouping) for HAL_NVIC_SetPriorityGrouping
    stm32f7xx_hal_msp.o(i.HAL_MspInit) refers to stm32f7xx_hal_cortex.o(i.HAL_NVIC_SetPriority) for HAL_NVIC_SetPriority
    stm32f7xx_it.o(i.DMA2_Stream0_IRQHandler) refers to stm32f7xx_hal_dma.o(i.HAL_DMA_IRQHandler) for HAL_DMA_IRQHandler
    stm32f7xx_it.o(i.DMA2_Stream0_IRQHandler) refers to adc.o(.bss) for hdma_adc1
    stm32f7xx_it.o(i.DMA2_Stream1_IRQHandler) refers to stm32f7xx_hal_dma.o(i.HAL_DMA_IRQHandler) for HAL_DMA_IRQHandler
    stm32f7xx_it.o(i.DMA2_Stream1_IRQHandler) refers to adc.o(.bss) for hdma_adc3
    stm32f7xx_it.o(i.DMA2_Stream2_IRQHandler) refers to stm32f7xx_hal_dma.o(i.HAL_DMA_IRQHandler) for HAL_DMA_IRQHandler
    stm32f7xx_it.o(i.DMA2_Stream2_IRQHandler) refers to adc.o(.bss) for hdma_adc2
    stm32f7xx_it.o(i.EXTI15_10_IRQHandler) refers to stm32f7xx_hal_gpio.o(i.HAL_GPIO_EXTI_IRQHandler) for HAL_GPIO_EXTI_IRQHandler
    stm32f7xx_it.o(i.SPI2_IRQHandler) refers to stm32f7xx_hal_spi.o(i.HAL_SPI_IRQHandler) for HAL_SPI_IRQHandler
    stm32f7xx_it.o(i.SPI2_IRQHandler) refers to spi.o(.bss) for hspi2
    stm32f7xx_it.o(i.SysTick_Handler) refers to stm32f7xx_hal.o(i.HAL_IncTick) for HAL_IncTick
    stm32f7xx_it.o(i.SysTick_Handler) refers to stm32f7xx_hal_cortex.o(i.HAL_SYSTICK_IRQHandler) for HAL_SYSTICK_IRQHandler
    stm32f7xx_it.o(i.SysTick_Handler) refers to uart_masterslave.o(i.uart_sysTickCallApp) for uart_sysTickCallApp
    stm32f7xx_it.o(i.SysTick_Handler) refers to spi_masterslave.o(i.spi_sysTickCallApp) for spi_sysTickCallApp
    stm32f7xx_it.o(i.TIM1_UP_TIM10_IRQHandler) refers to stm32f7xx_hal_tim.o(i.HAL_TIM_IRQHandler) for HAL_TIM_IRQHandler
    stm32f7xx_it.o(i.TIM1_UP_TIM10_IRQHandler) refers to tim.o(.bss) for htim1
    stm32f7xx_it.o(i.USART2_IRQHandler) refers to stm32f7xx_hal_uart.o(i.HAL_UART_IRQHandler) for HAL_UART_IRQHandler
    stm32f7xx_it.o(i.USART2_IRQHandler) refers to usart.o(.bss) for huart2
    adc.o(i.HAL_ADC_MspDeInit) refers to stm32f7xx_hal_gpio.o(i.HAL_GPIO_DeInit) for HAL_GPIO_DeInit
    adc.o(i.HAL_ADC_MspDeInit) refers to stm32f7xx_hal_dma.o(i.HAL_DMA_DeInit) for HAL_DMA_DeInit
    adc.o(i.HAL_ADC_MspInit) refers to stm32f7xx_hal_gpio.o(i.HAL_GPIO_Init) for HAL_GPIO_Init
    adc.o(i.HAL_ADC_MspInit) refers to stm32f7xx_hal_dma.o(i.HAL_DMA_Init) for HAL_DMA_Init
    adc.o(i.HAL_ADC_MspInit) refers to main.o(i._Error_Handler) for _Error_Handler
    adc.o(i.HAL_ADC_MspInit) refers to adc.o(.bss) for .bss
    adc.o(i.MX_ADC1_Init) refers to stm32f7xx_hal_adc.o(i.HAL_ADC_Init) for HAL_ADC_Init
[...]
    _errno                                   0x20000510   Data           4  errno.o(.data)
    .bss                                     0x20000514   Section      128  tim.o(.bss)
    .bss                                     0x20000594   Section       32  rtc.o(.bss)
    .bss                                     0x200005b4   Section       76  quadspi.o(.bss)
    .bss                                     0x20000600   Section      504  adc.o(.bss)
    .bss                                     0x200007f8   Section       60  main.o(.bss)
    .bss                                     0x20000834   Section      112  usart.o(.bss)
    .bss                                     0x200008a4   Section      100  spi.o(.bss)
    .bss                                     0x20000908   Section      116  init_protection.o(.bss)
    .bss                                     0x2000097c   Section       88  init_protection.o(.bss)
    .bss                                     0x200009d4   Section       24  init_protection.o(.bss)
    .bss                                     0x200009ec   Section      312  fc50.o(.bss)
    .bss                                     0x20000b24   Section       84  fc50n.o(.bss)
    .bss                                     0x20000b78   Section       76  fc51.o(.bss)
    .bss                                     0x20000bc4   Section       12  fc51.o(.bss)
    .bss                                     0x20000bd0   Section       12  fc51.o(.bss)
    .bss                                     0x20000bdc   Section       12  fc51.o(.bss)
    .bss                                     0x20000be8   Section       32  fc51n.o(.bss)
    .bss                                     0x20000c08   Section       32  fc27.o(.bss)
    .bss                                     0x20000c28   Section       24  fc59.o(.bss)
    .bss                                     0x20000c40   Section       60  fc46.o(.bss)
    .bss                                     0x20000c7c   Section      104  fc49.o(.bss)
    .bss                                     0x20000ce4   Section       36  fcbf.o(.bss)
    .bss                                     0x20000d08   Section       32  fc37.o(.bss)
    .bss                                     0x20000d28   Section      268  fcunb.o(.bss)
    UNBa_buffer                              0x20000d60   Data         100  fcunb.o(.bss)
    UNBb_buffer                              0x20000dc4   Data         100  fcunb.o(.bss)
    .bss                                     0x20000e34   Section      716  fcpvp.o(.bss)
    peakBuffer                               0x20000e88   Data         600  fcpvp.o(.bss)
    .bss                                     0x20001100   Section      280  pickup_handles.o(.bss)
    pick_buffer                              0x2000110c   Data         268  pickup_handles.o(.bss)
    .bss                                     0x20001218   Section     5112  cs_handles.o(.bss)
    .bss                                     0x20002610   Section     2520  truerms.o(.bss)
    .bss                                     0x20002fe8   Section     1080  spectra.o(.bss)
    .bss                                     0x20003420   Section      300  conversion.o(.bss)
    adc_values                               0x20003510   Data          60  conversion.o(.bss)
    .bss                                     0x2000354c   Section       16  powersysdata.o(.bss)
    .bss                                     0x2000355c   Section     6032  spi_masterslave.o(.bss)
    .bss                                     0x20004cec   Section     3008  uart_masterslave.o(.bss)
    STACK                                    0x200058b0   Section     1024  startup_stm32f767xx.o(STACK)

    Global Symbols

    Symbol Name                              Value     Ov Type        Size  Object(Section)

    BuildAttributes$$THM_ISAv4$E$P$D$K$B$S$7EM$VFPv5_D16$PE$PLD8$A:L22UL41UL21$X:L11$S22US41US21$IEEE1$IW$USESV6$~STKCKD$USESV7$~SHL$OTIME$ROPI$IEEEX$EBA8$MICROLIB$REQ8$PRES8$EABIv2 0x00000000   Number         0  anon$$obj.o ABSOLUTE
    __ARM_use_no_argv                        0x00000000   Number         0  main.o ABSOLUTE
    __cpp_initialize__aeabi_                  - Undefined Weak Reference
    __cxa_finalize                            - Undefined Weak Reference
    _clock_init                               - Undefined Weak Reference
    _microlib_exit                            - Undefined Weak Reference
    __Vectors_Size                           0x000001f8   Number         0  startup_stm32f767xx.o ABSOLUTE
    __Vectors                                0x08000000   Data           4  startup_stm32f767xx.o(RESET)
    __Vectors_End                            0x080001f8   Data           0  startup_stm32f767xx.o(RESET)
    __main                                   0x080001f9   Thumb Code     0  entry.o(.ARM.Collect$$$$00000000)
    _main_stk                                0x080001f9   Thumb Code     0  entry2.o(.ARM.Collect$$$$00000001)
    _main_scatterload                        0x080001fd   Thumb Code     0  entry5.o(.ARM.Collect$$$$00000004)
    __main_after_scatterload                 0x08000201   Thumb Code     0  entry5.o(.ARM.Collect$$$$00000004)
    _main_clock                              0x08000201   Thumb Code     0  entry7b.o(.ARM.Collect$$$$00000008)
    _main_cpp_init                           0x08000201   Thumb Code     0  entry8b.o(.ARM.Collect$$$$0000000A)
    _main_init                               0x08000201   Thumb Code     0  entry9a.o(.ARM.Collect$$$$0000000B)
    __rt_final_cpp                           0x08000209   Thumb Code     0  entry10a.o(.ARM.Collect$$$$0000000D)
    __rt_final_exit                          0x08000209   Thumb Code     0  entry11a.o(.ARM.Collect$$$$0000000F)
    Reset_Handler                            0x0800020d   Thumb Code     8  startup_stm32f767xx.o(.text)
    ADC_IRQHandler                           0x08000227   Thumb Code     0  startup_stm32f767xx.o(.text)
    CAN1_RX0_IRQHandler                      0x08000227   Thumb Code     0  startup_stm32f767xx.o(.text)
    CAN1_RX1_IRQHandler                      0x08000227   Thumb Code     0  startup_stm32f767xx.o(.text)
    CAN1_SCE_IRQHandler                      0x08000227   Thumb Code     0  startup_stm32f767xx.o(.text)
    CAN1_TX_IRQHandler                       0x08000227   Thumb Code     0  startup_stm32f767xx.o(.text)
    CAN2_RX0_IRQHandler                      0x08000227   Thumb Code     0  startup_stm32f767xx.o(.text)
    CAN2_RX1_IRQHandler                      0x08000227   Thumb Code     0  startup_stm32f767xx.o(.text)
    CAN2_SCE_IRQHandler                      0x08000227   Thumb Code     0  startup_stm32f767xx.o(.text)
    CAN2_TX_IRQHandler                       0x08000227   Thumb Code     0  startup_stm32f767xx.o(.text)
    CAN3_RX0_IRQHandler                      0x08000227   Thumb Code     0  startup_stm32f767xx.o(.text)
    CAN3_RX1_IRQHandler                      0x08000227   Thumb Code     0  startup_stm32f767xx.o(.text)
    CAN3_SCE_IRQHandler                      0x08000227   Thumb Code     0  startup_stm32f767xx.o(.text)
    CAN3_TX_IRQHandler                       0x08000227   Thumb Code     0  startup_stm32f767xx.o(.text)
    CEC_IRQHandler                           0x08000227   Thumb Code     0  startup_stm32f767xx.o(.text)
    DCMI_IRQHandler                          0x08000227   Thumb Code     0  startup_stm32f767xx.o(.text)
    DFSDM1_FLT0_IRQHandler                   0x08000227   Thumb Code     0  startup_stm32f767xx.o(.text)
    DFSDM1_FLT1_IRQHandler                   0x08000227   Thumb Code     0  startup_stm32f767xx.o(.text)
    DFSDM1_FLT2_IRQHandler                   0x08000227   Thumb Code     0  startup_stm32f767xx.o(.text)
    DFSDM1_FLT3_IRQHandler                   0x08000227   Thumb Code     0  startup_stm32f767xx.o(.text)
    DMA1_Stream0_IRQHandler                  0x08000227   Thumb Code     0  startup_stm32f767xx.o(.text)
    DMA1_Stream1_IRQHandler                  0x08000227   Thumb Code     0  startup_stm32f767xx.o(.text)
    DMA1_Stream2_IRQHandler                  0x08000227   Thumb Code     0  startup_stm32f767xx.o(.text)
    DMA1_Stream3_IRQHandler                  0x08000227   Thumb Code     0  startup_stm32f767xx.o(.text)
    DMA1_Stream4_IRQHandler                  0x08000227   Thumb Code     0  startup_stm32f767xx.o(.text)
    DMA1_Stream5_IRQHandler                  0x08000227   Thumb Code     0  startup_stm32f767xx.o(.text)
    DMA1_Stream6_IRQHandler                  0x08000227   Thumb Code     0  startup_stm32f767xx.o(.text)
    DMA1_Stream7_IRQHandler                  0x08000227   Thumb Code     0  startup_stm32f767xx.o(.text)
    DMA2D_IRQHandler                         0x08000227   Thumb Code     0  startup_stm32f767xx.o(.text)
    DMA2_Stream3_IRQHandler                  0x08000227   Thumb Code     0  startup_stm32f767xx.o(.text)
    DMA2_Stream4_IRQHandler                  0x08000227   Thumb Code     0  startup_stm32f767xx.o(.text)
    DMA2_Stream5_IRQHandler                  0x08000227   Thumb Code     0  startup_stm32f767xx.o(.text)
    DMA2_Stream6_IRQHandler                  0x08000227   Thumb Code     0  startup_stm32f767xx.o(.text)
    DMA2_Stream7_IRQHandler                  0x08000227   Thumb Code     0  startup_stm32f767xx.o(.text)
    ETH_IRQHandler                           0x08000227   Thumb Code     0  startup_stm32f767xx.o(.text)
    ETH_WKUP_IRQHandler                      0x08000227   Thumb Code     0  startup_stm32f767xx.o(.text)
    EXTI0_IRQHandler                         0x08000227   Thumb Code     0  startup_stm32f767xx.o(.text)
    EXTI1_IRQHandler                         0x08000227   Thumb Code     0  startup_stm32f767xx.o(.text)
    EXTI2_IRQHandler                         0x08000227   Thumb Code     0  startup_stm32f767xx.o(.text)
    EXTI3_IRQHandler                         0x08000227   Thumb Code     0  startup_stm32f767xx.o(.text)
    EXTI4_IRQHandler                         0x08000227   Thumb Code     0  startup_stm32f767xx.o(.text)
    EXTI9_5_IRQHandler                       0x08000227   Thumb Code     0  startup_stm32f767xx.o(.text)
    FLASH_IRQHandler                         0x08000227   Thumb Code     0  startup_stm32f767xx.o(.text)
    FMC_IRQHandler                           0x08000227   Thumb Code     0  startup_stm32f767xx.o(.text)
    FPU_IRQHandler                           0x08000227   Thumb Code     0  startup_stm32f767xx.o(.text)
    I2C1_ER_IRQHandler                       0x08000227   Thumb Code     0  startup_stm32f767xx.o(.text)
    I2C1_EV_IRQHandler                       0x08000227   Thumb Code     0  startup_stm32f767xx.o(.text)
    I2C2_ER_IRQHandler                       0x08000227   Thumb Code     0  startup_stm32f767xx.o(.text)
    I2C2_EV_IRQHandler                       0x08000227   Thumb Code     0  startup_stm32f767xx.o(.text)
    I2C3_ER_IRQHandler                       0x08000227   Thumb Code     0  startup_stm32f767xx.o(.text)
    I2C3_EV_IRQHandler                       0x08000227   Thumb Code     0  startup_stm32f767xx.o(.text)
    I2C4_ER_IRQHandler                       0x08000227   Thumb Code     0  startup_stm32f767xx.o(.text)
    I2C4_EV_IRQHandler                       0x08000227   Thumb Code     0  startup_stm32f767xx.o(.text)
    JPEG_IRQHandler                          0x08000227   Thumb Code     0  startup_stm32f767xx.o(.text)
    LPTIM1_IRQHandler                        0x08000227   Thumb Code     0  startup_stm32f767xx.o(.text)
    LTDC_ER_IRQHandler                       0x08000227   Thumb Code     0  startup_stm32f767xx.o(.text)
    LTDC_IRQHandler                          0x08000227   Thumb Code     0  startup_stm32f767xx.o(.text)
    MDIOS_IRQHandler                         0x08000227   Thumb Code     0  startup_stm32f767xx.o(.text)
    OTG_FS_IRQHandler                        0x08000227   Thumb Code     0  startup_stm32f767xx.o(.text)
    OTG_FS_WKUP_IRQHandler                   0x08000227   Thumb Code     0  startup_stm32f767xx.o(.text)
    OTG_HS_EP1_IN_IRQHandler                 0x08000227   Thumb Code     0  startup_stm32f767xx.o(.text)
    OTG_HS_EP1_OUT_IRQHandler                0x08000227   Thumb Code     0  startup_stm32f767xx.o(.text)
    OTG_HS_IRQHandler                        0x08000227   Thumb Code     0  startup_stm32f767xx.o(.text)
    OTG_HS_WKUP_IRQHandler                   0x08000227   Thumb Code     0  startup_stm32f767xx.o(.text)
    PVD_IRQHandler                           0x08000227   Thumb Code     0  startup_stm32f767xx.o(.text)
    QUADSPI_IRQHandler                       0x08000227   Thumb Code     0  startup_stm32f767xx.o(.text)
    RCC_IRQHandler                           0x08000227   Thumb Code     0  startup_stm32f767xx.o(.text)
    RNG_IRQHandler                           0x08000227   Thumb Code     0  startup_stm32f767xx.o(.text)
    RTC_Alarm_IRQHandler                     0x08000227   Thumb Code     0  startup_stm32f767xx.o(.text)
    RTC_WKUP_IRQHandler                      0x08000227   Thumb Code     0  startup_stm32f767xx.o(.text)
    SAI1_IRQHandler                          0x08000227   Thumb Code     0  startup_stm32f767xx.o(.text)
    SAI2_IRQHandler                          0x08000227   Thumb Code     0  startup_stm32f767xx.o(.text)
    SDMMC1_IRQHandler                        0x08000227   Thumb Code     0  startup_stm32f767xx.o(.text)
    SDMMC2_IRQHandler                        0x08000227   Thumb Code     0  startup_stm32f767xx.o(.text)
    SPDIF_RX_IRQHandler                      0x08000227   Thumb Code     0  startup_stm32f767xx.o(.text)
    SPI1_IRQHandler                          0x08000227   Thumb Code     0  startup_stm32f767xx.o(.text)
    SPI3_IRQHandler                          0x08000227   Thumb Code     0  startup_stm32f767xx.o(.text)
    SPI4_IRQHandler                          0x08000227   Thumb Code     0  startup_stm32f767xx.o(.text)
    SPI5_IRQHandler                          0x08000227   Thumb Code     0  startup_stm32f767xx.o(.text)
    SPI6_IRQHandler                          0x08000227   Thumb Code     0  startup_stm32f767xx.o(.text)
    TAMP_STAMP_IRQHandler                    0x08000227   Thumb Code     0  startup_stm32f767xx.o(.text)
    TIM1_BRK_TIM9_IRQHandler                 0x08000227   Thumb Code     0  startup_stm32f767xx.o(.text)
    TIM1_CC_IRQHandler                       0x08000227   Thumb Code     0  startup_stm32f767xx.o(.text)
    TIM1_TRG_COM_TIM11_IRQHandler            0x08000227   Thumb Code     0  startup_stm32f767xx.o(.text)
    TIM2_IRQHandler                          0x08000227   Thumb Code     0  startup_stm32f767xx.o(.text)
    TIM3_IRQHandler                          0x08000227   Thumb Code     0  startup_stm32f767xx.o(.text)
    TIM4_IRQHandler                          0x08000227   Thumb Code     0  startup_stm32f767xx.o(.text)
    TIM5_IRQHandler                          0x08000227   Thumb Code     0  startup_stm32f767xx.o(.text)
    TIM6_DAC_IRQHandler                      0x08000227   Thumb Code     0  startup_stm32f767xx.o(.text)
    TIM7_IRQHandler                          0x08000227   Thumb Code     0  startup_stm32f767xx.o(.text)
    TIM8_BRK_TIM12_IRQHandler                0x08000227   Thumb Code     0  startup_stm32f767xx.o(.text)
    TIM8_CC_IRQHandler                       0x08000227   Thumb Code     0  startup_stm32f767xx.o(.text)
    TIM8_TRG_COM_TIM14_IRQHandler            0x08000227   Thumb Code     0  startup_stm32f767xx.o(.text)
    TIM8_UP_TIM13_IRQHandler                 0x08000227   Thumb Code     0  startup_stm32f767xx.o(.text)
    UART4_IRQHandler                         0x08000227   Thumb Code     0  startup_stm32f767xx.o(.text)
    UART5_IRQHandler                         0x08000227   Thumb Code     0  startup_stm32f767xx.o(.text)
    UART7_IRQHandler                         0x08000227   Thumb Code     0  startup_stm32f767xx.o(.text)
    UART8_IRQHandler                         0x08000227   Thumb Code     0  startup_stm32f767xx.o(.text)
    USART1_IRQHandler                        0x08000227   Thumb Code     0  startup_stm32f767xx.o(.text)
    USART3_IRQHandler                        0x08000227   Thumb Code     0  startup_stm32f767xx.o(.text)
    USART6_IRQHandler                        0x08000227   Thumb Code     0  startup_stm32f767xx.o(.text)
    WWDG_IRQHandler                          0x08000227   Thumb Code     0  startup_stm32f767xx.o(.text)
    __I$use$fp                               0x08000231   Thumb Code     0  iusefp.o(.text)
    __fp_status                              0x08000231   Thumb Code     4  fpstat.o(.text)
    __ieee_status                            0x08000231   Thumb Code     0  fpstat.o(.text)
    __scatterload                            0x08000235   Thumb Code    28  init.o(.text)
    __scatterload_rt2                        0x08000235   Thumb Code     0  init.o(.text)
    __decompress                             0x08000259   Thumb Code     0  __dclz77c.o(.text)
    __decompress2                            0x08000259   Thumb Code    94  __dclz77c.o(.text)
    BusFault_Handler                         0x0800032f   Thumb Code     2  stm32f7xx_it.o(i.BusFault_Handler)
    DMA2_Stream0_IRQHandler                  0x08000331   Thumb Code     6  stm32f7xx_it.o(i.DMA2_Stream0_IRQHandler)
    DMA2_Stream1_IRQHandler                  0x0800033d   Thumb Code     6  stm32f7xx_it.o(i.DMA2_Stream1_IRQHandler)
    DMA2_Stream2_IRQHandler                  0x08000349   Thumb Code     6  stm32f7xx_it.o(i.DMA2_Stream2_IRQHandler)
    DebugMon_Handler                         0x08000355   Thumb Code     2  stm32f7xx_it.o(i.DebugMon_Handler)
    EXTI15_10_IRQHandler                     0x08000357   Thumb Code     8  stm32f7xx_it.o(i.EXTI15_10_IRQHandler)
    HAL_ADCEx_MultiModeConfigChannel         0x08000361   Thumb Code   116  stm32f7xx_hal_adc_ex.o(i.HAL_ADCEx_MultiModeConfigChannel)
    HAL_ADCEx_MultiModeStart_DMA             0x080003d9   Thumb Code   330  stm32f7xx_hal_adc_ex.o(i.HAL_ADCEx_MultiModeStart_DMA)
    HAL_ADC_ConfigChannel                    0x08000541   Thumb Code   442  stm32f7xx_hal_adc.o(i.HAL_ADC_ConfigChannel)
    HAL_ADC_ConvCpltCallback                 0x0800070d   Thumb Code   420  conversion.o(i.HAL_ADC_ConvCpltCallback)
    HAL_ADC_ConvHalfCpltCallback             0x080008bd   Thumb Code     2  stm32f7xx_hal_adc.o(i.HAL_ADC_ConvHalfCpltCallback)
    HAL_ADC_ErrorCallback                    0x080008bf   Thumb Code     2  stm32f7xx_hal_adc.o(i.HAL_ADC_ErrorCallback)
    HAL_ADC_Init                             0x080008c1   Thumb Code   368  stm32f7xx_hal_adc.o(i.HAL_ADC_Init)
    HAL_ADC_MspInit                          0x08000a3d   Thumb Code   352  adc.o(i.HAL_ADC_MspInit)
    HAL_ADC_Start                            0x08000bd9   Thumb Code   262  stm32f7xx_hal_adc.o(i.HAL_ADC_Start)
    HAL_DMA_Abort_IT                         0x08000ced   Thumb Code    36  stm32f7xx_hal_dma.o(i.HAL_DMA_Abort_IT)
    HAL_DMA_IRQHandler                       0x08000d11   Thumb Code   470  stm32f7xx_hal_dma.o(i.HAL_DMA_IRQHandler)
    HAL_DMA_Init                             0x08000ef5   Thumb Code   358  stm32f7xx_hal_dma.o(i.HAL_DMA_Init)
    HAL_DMA_Start_IT                         0x08001069   Thumb Code   156  stm32f7xx_hal_dma.o(i.HAL_DMA_Start_IT)
    HAL_GPIO_EXTI_Callback                   0x08001105   Thumb Code     2  stm32f7xx_hal_gpio.o(i.HAL_GPIO_EXTI_Callback)
    HAL_GPIO_EXTI_IRQHandler                 0x08001109   Thumb Code    20  stm32f7xx_hal_gpio.o(i.HAL_GPIO_EXTI_IRQHandler)
    HAL_GPIO_Init                            0x08001121   Thumb Code   580  stm32f7xx_hal_gpio.o(i.HAL_GPIO_Init)
    HAL_GPIO_WritePin                        0x08001379   Thumb Code    10  stm32f7xx_hal_gpio.o(i.HAL_GPIO_WritePin)
    HAL_GetTick                              0x08001385   Thumb Code     6  stm32f7xx_hal.o(i.HAL_GetTick)
    HAL_IncTick                              0x08001391   Thumb Code    10  stm32f7xx_hal.o(i.HAL_IncTick)
    HAL_Init                                 0x080013a1   Thumb Code    22  stm32f7xx_hal.o(i.HAL_Init)
    HAL_InitTick                             0x080013b9   Thumb Code    34  stm32f7xx_hal.o(i.HAL_InitTick)
    HAL_MspInit                              0x080013e1   Thumb Code    88  stm32f7xx_hal_msp.o(i.HAL_MspInit)
    HAL_NVIC_EnableIRQ                       0x08001439   Thumb Code    24  stm32f7xx_hal_cortex.o(i.HAL_NVIC_EnableIRQ)
    HAL_NVIC_SetPriority                     0x08001451   Thumb Code    92  stm32f7xx_hal_cortex.o(i.HAL_NVIC_SetPriority)
    HAL_NVIC_SetPriorityGrouping             0x080014b1   Thumb Code    30  stm32f7xx_hal_cortex.o(i.HAL_NVIC_SetPriorityGrouping)
    HAL_PWREx_EnableOverDrive                0x080014d5   Thumb Code   116  stm32f7xx_hal_pwr_ex.o(i.HAL_PWREx_EnableOverDrive)
    HAL_QSPI_Init                            0x08001551   Thumb Code   200  stm32f7xx_hal_qspi.o(i.HAL_QSPI_Init)
    HAL_QSPI_MspInit                         0x0800161d   Thumb Code   118  quadspi.o(i.HAL_QSPI_MspInit)
    HAL_RCCEx_PeriphCLKConfig                0x080016a5   Thumb Code  1500  stm32f7xx_hal_rcc_ex.o(i.HAL_RCCEx_PeriphCLKConfig)
    HAL_RCC_ClockConfig                      0x08001c85   Thumb Code   392  stm32f7xx_hal_rcc.o(i.HAL_RCC_ClockConfig)
    HAL_RCC_GetHCLKFreq                      0x08001e2d   Thumb Code     6  stm32f7xx_hal_rcc.o(i.HAL_RCC_GetHCLKFreq)
    HAL_RCC_GetPCLK1Freq                     0x08001e39   Thumb Code    20  stm32f7xx_hal_rcc.o(i.HAL_RCC_GetPCLK1Freq)
    HAL_RCC_GetPCLK2Freq                     0x08001e59   Thumb Code    20  stm32f7xx_hal_rcc.o(i.HAL_RCC_GetPCLK2Freq)
    HAL_RCC_GetSysClockFreq                  0x08001e79   Thumb Code    94  stm32f7xx_hal_rcc.o(i.HAL_RCC_GetSysClockFreq)
    HAL_RCC_OscConfig                        0x08001ee9   Thumb Code   932  stm32f7xx_hal_rcc.o(i.HAL_RCC_OscConfig)
    HAL_RTC_Init                             0x080022ad   Thumb Code   202  stm32f7xx_hal_rtc.o(i.HAL_RTC_Init)
    HAL_RTC_MspInit                          0x08002379   Thumb Code    26  rtc.o(i.HAL_RTC_MspInit)
    HAL_SPI_ErrorCallback                    0x08002399   Thumb Code     2  stm32f7xx_hal_spi.o(i.HAL_SPI_ErrorCallback)
    HAL_SPI_IRQHandler                       0x0800239d   Thumb Code   242  stm32f7xx_hal_spi.o(i.HAL_SPI_IRQHandler)
    HAL_SPI_Init                             0x08002495   Thumb Code   214  stm32f7xx_hal_spi.o(i.HAL_SPI_Init)
    HAL_SPI_MspInit                          0x0800256d   Thumb Code    90  spi.o(i.HAL_SPI_MspInit)
    HAL_SPI_Transmit_IT                      0x080025d1   Thumb Code   152  stm32f7xx_hal_spi.o(i.HAL_SPI_Transmit_IT)
    HAL_SPI_TxCpltCallback                   0x08002671   Thumb Code    24  spi_masterslave.o(i.HAL_SPI_TxCpltCallback)
    HAL_SYSTICK_CLKSourceConfig              0x08002691   Thumb Code    22  stm32f7xx_hal_cortex.o(i.HAL_SYSTICK_CLKSourceConfig)
    HAL_SYSTICK_Callback                     0x080026a7   Thumb Code     2  stm32f7xx_hal_cortex.o(i.HAL_SYSTICK_Callback)
    HAL_SYSTICK_Config                       0x080026a9   Thumb Code    36  stm32f7xx_hal_cortex.o(i.HAL_SYSTICK_Config)
    HAL_SYSTICK_IRQHandler                   0x080026d1   Thumb Code     8  stm32f7xx_hal_cortex.o(i.HAL_SYSTICK_IRQHandler)
    HAL_TIMEx_BreakCallback                  0x080026d9   Thumb Code     2  stm32f7xx_hal_tim_ex.o(i.HAL_TIMEx_BreakCallback)
    HAL_TIMEx_CommutationCallback            0x080026db   Thumb Code     2  stm32f7xx_hal_tim_ex.o(i.HAL_TIMEx_CommutationCallback)
    HAL_TIMEx_MasterConfigSynchronization    0x080026dd   Thumb Code    94  stm32f7xx_hal_tim_ex.o(i.HAL_TIMEx_MasterConfigSynchronization)
    HAL_TIM_Base_Init                        0x0800273b   Thumb Code    54  stm32f7xx_hal_tim.o(i.HAL_TIM_Base_Init)
    HAL_TIM_Base_MspInit                     0x08002771   Thumb Code    84  tim.o(i.HAL_TIM_Base_MspInit)
    HAL_TIM_Base_Start_IT                    0x080027cd   Thumb Code    24  stm32f7xx_hal_tim.o(i.HAL_TIM_Base_Start_IT)
    HAL_TIM_ConfigClockSource                0x080027e5   Thumb Code   468  stm32f7xx_hal_tim.o(i.HAL_TIM_ConfigClockSource)
    HAL_TIM_IC_CaptureCallback               0x080029b9   Thumb Code     2  stm32f7xx_hal_tim.o(i.HAL_TIM_IC_CaptureCallback)
    HAL_TIM_IRQHandler                       0x080029bb   Thumb Code   388  stm32f7xx_hal_tim.o(i.HAL_TIM_IRQHandler)
    HAL_TIM_OC_DelayElapsedCallback          0x08002b3f   Thumb Code     2  stm32f7xx_hal_tim.o(i.HAL_TIM_OC_DelayElapsedCallback)
    HAL_TIM_PWM_PulseFinishedCallback        0x08002b41   Thumb Code     2  stm32f7xx_hal_tim.o(i.HAL_TIM_PWM_PulseFinishedCallback)
    HAL_TIM_PeriodElapsedCallback            0x08002b43   Thumb Code     2  stm32f7xx_hal_tim.o(i.HAL_TIM_PeriodElapsedCallback)
    HAL_TIM_TriggerCallback                  0x08002b45   Thumb Code     2  stm32f7xx_hal_tim.o(i.HAL_TIM_TriggerCallback)
    HAL_UART_ErrorCallback                   0x08002b47   Thumb Code     2  stm32f7xx_hal_uart.o(i.HAL_UART_ErrorCallback)
    HAL_UART_IRQHandler                      0x08002b49   Thumb Code   668  stm32f7xx_hal_uart.o(i.HAL_UART_IRQHandler)
    HAL_UART_Init                            0x08002de9   Thumb Code   110  stm32f7xx_hal_uart.o(i.HAL_UART_Init)
    HAL_UART_MspInit                         0x08002e59   Thumb Code    88  usart.o(i.HAL_UART_MspInit)
    HAL_UART_Receive_IT                      0x08002eb9   Thumb Code   150  stm32f7xx_hal_uart.o(i.HAL_UART_Receive_IT)
    HAL_UART_RxCpltCallback                  0x08002f51   Thumb Code    72  uart_masterslave.o(i.HAL_UART_RxCpltCallback)
    HAL_UART_TxCpltCallback                  0x08002fa1   Thumb Code    26  uart_masterslave.o(i.HAL_UART_TxCpltCallback)
    HardFault_Handler                        0x08002fc1   Thumb Code     2  stm32f7xx_it.o(i.HardFault_Handler)
    MX_ADC1_Init                             0x08002fc5   Thumb Code   222  adc.o(i.MX_ADC1_Init)
    MX_ADC2_Init                             0x080030bd   Thumb Code   182  adc.o(i.MX_ADC2_Init)
    MX_ADC3_Init                             0x0800318d   Thumb Code   184  adc.o(i.MX_ADC3_Init)
    MX_DMA_Init                              0x0800325d   Thumb Code    40  dma.o(i.MX_DMA_Init)
    MX_GPIO_Init                             0x08003289   Thumb Code   530  gpio.o(i.MX_GPIO_Init)
    MX_QUADSPI_Init                          0x080034c1   Thumb Code    54  quadspi.o(i.MX_QUADSPI_Init)
    MX_RTC_Init                              0x08003515   Thumb Code    52  rtc.o(i.MX_RTC_Init)
    MX_SPI2_Init                             0x08003561   Thumb Code    74  spi.o(i.MX_SPI2_Init)
    MX_TIM1_Init                             0x080035c5   Thumb Code   102  tim.o(i.MX_TIM1_Init)
    MX_TIM6_Init                             0x08003645   Thumb Code    70  tim.o(i.MX_TIM6_Init)
    MX_USART2_UART_Init                      0x080036a5   Thumb Code    60  usart.o(i.MX_USART2_UART_Init)
    MemManage_Handler                        0x080036f9   Thumb Code     2  stm32f7xx_it.o(i.MemManage_Handler)
    NMI_Handler                              0x080036fb   Thumb Code     2  stm32f7xx_it.o(i.NMI_Handler)
    PendSV_Handler                           0x080036fd   Thumb Code     2  stm32f7xx_it.o(i.PendSV_Handler)
    SPI2_IRQHandler                          0x08003759   Thumb Code     6  stm32f7xx_it.o(i.SPI2_IRQHandler)
    SVC_Handler                              0x080039b9   Thumb Code     2  stm32f7xx_it.o(i.SVC_Handler)
    SysTick_Handler                          0x080039bb   Thumb Code    22  stm32f7xx_it.o(i.SysTick_Handler)
    SystemClock_Config                       0x080039d1   Thumb Code   186  main.o(i.SystemClock_Config)
    SystemInit                               0x08003a95   Thumb Code    76  system_stm32f7xx.o(i.SystemInit)
    TIM1_UP_TIM10_IRQHandler                 0x08003af5   Thumb Code     6  stm32f7xx_it.o(i.TIM1_UP_TIM10_IRQHandler)
    TIM_Base_SetConfig                       0x08003b01   Thumb Code   184  stm32f7xx_hal_tim.o(i.TIM_Base_SetConfig)
    UART_AdvFeatureConfig                    0x08003bcd   Thumb Code   218  stm32f7xx_hal_uart.o(i.UART_AdvFeatureConfig)
    UART_CheckIdleState                      0x08003ca7   Thumb Code    68  stm32f7xx_hal_uart.o(i.UART_CheckIdleState)
    UART_SetConfig                           0x08003d01   Thumb Code   682  stm32f7xx_hal_uart.o(i.UART_SetConfig)
    UART_WaitOnFlagUntilTimeout              0x08003fbd   Thumb Code   118  stm32f7xx_hal_uart.o(i.UART_WaitOnFlagUntilTimeout)
    USART2_IRQHandler                        0x08004035   Thumb Code     6  stm32f7xx_it.o(i.USART2_IRQHandler)
    UsageFault_Handler                       0x08004041   Thumb Code     2  stm32f7xx_it.o(i.UsageFault_Handler)
    _Error_Handler                           0x08004043   Thumb Code     2  main.o(i._Error_Handler)
    __ARM_fpclassify                         0x08004045   Thumb Code    48  fpclassify.o(i.__ARM_fpclassify)
    __ARM_fpclassifyf                        0x08004075   Thumb Code    38  fpclassifyf.o(i.__ARM_fpclassifyf)
    __hardfp_atan2f                          0x0800409d   Thumb Code   502  atan2f.o(i.__hardfp_atan2f)
    __hardfp_powf                            0x080042f5   Thumb Code  1590  powf.o(i.__hardfp_powf)
    __mathlib_powf                           0x080042f5   Thumb Code     0  powf.o(i.__hardfp_powf)
    __hardfp_sin                             0x08004951   Thumb Code   158  sin.o(i.__hardfp_sin)
    __hardfp_sqrtf                           0x08004a01   Thumb Code    58  sqrtf.o(i.__hardfp_sqrtf)
    __ieee754_rem_pio2                       0x08004a41   Thumb Code   646  rred.o(i.__ieee754_rem_pio2)
    __kernel_cos                             0x08004d51   Thumb Code   182  cos_i.o(i.__kernel_cos)
    __kernel_poly                            0x08004e31   Thumb Code   112  poly.o(i.__kernel_poly)
    __kernel_sin                             0x08004ea1   Thumb Code   144  sin_i.o(i.__kernel_sin)
    __mathlib_dbl_invalid                    0x08004f49   Thumb Code    10  dunder.o(i.__mathlib_dbl_invalid)
    __mathlib_dbl_underflow                  0x08004f61   Thumb Code    10  dunder.o(i.__mathlib_dbl_underflow)
    __mathlib_flt_divzero                    0x08004f79   Thumb Code    14  funder.o(i.__mathlib_flt_divzero)
    __mathlib_flt_infnan2                    0x08004f91   Thumb Code     6  funder.o(i.__mathlib_flt_infnan2)
    __mathlib_flt_invalid                    0x08004f99   Thumb Code    10  funder.o(i.__mathlib_flt_invalid)
    __mathlib_flt_overflow                   0x08004fa9   Thumb Code    10  funder.o(i.__mathlib_flt_overflow)
    __mathlib_flt_underflow                  0x08004fb9   Thumb Code    10  funder.o(i.__mathlib_flt_underflow)
    __scatterload_copy                       0x08004fc9   Thumb Code    14  handlers.o(i.__scatterload_copy)
    __scatterload_null                       0x08004fd7   Thumb Code     2  handlers.o(i.__scatterload_null)
    __scatterload_zeroinit                   0x08004fd9   Thumb Code    14  handlers.o(i.__scatterload_zeroinit)
    __set_errno                              0x08004fe9   Thumb Code     6  errno.o(i.__set_errno)
    cs_computations                          0x08004ff5   Thumb Code   292  measurement_functions.o(i.cs_computations)
    cs_generation                            0x08005129   Thumb Code   178  measurement_functions.o(i.cs_generation)
    cs_handle_tick1                          0x080051dd   Thumb Code   156  cs_handles.o(i.cs_handle_tick1)
    cs_handle_tick2                          0x08005295   Thumb Code   176  cs_handles.o(i.cs_handle_tick2)
    cs_handle_tick3                          0x08005359   Thumb Code   176  cs_handles.o(i.cs_handle_tick3)
    cs_handle_tick4                          0x0800541d   Thumb Code   558  cs_handles.o(i.cs_handle_tick4)
    dpm_mergeDWord                           0x08005665   Thumb Code   108  dataparsermerger.o(i.dpm_mergeDWord)
    dpm_mergeFloat                           0x080056d1   Thumb Code    92  dataparsermerger.o(i.dpm_mergeFloat)
    dpm_parseDWord                           0x08005731   Thumb Code    82  dataparsermerger.o(i.dpm_parseDWord)
    dpm_parseFloat                           0x08005785   Thumb Code    92  dataparsermerger.o(i.dpm_parseFloat)
    fabs                                     0x080057e5   Thumb Code    24  fabs.o(i.fabs)
    fc27                                     0x080057fd   Thumb Code   146  protection_functions.o(i.fc27)
    fc27_all                                 0x08005895   Thumb Code   174  fc27.o(i.fc27_all)
    fc27_init                                0x08005969   Thumb Code    18  fc27.o(i.fc27_init)
    fc37                                     0x08005985   Thumb Code   138  protection_functions.o(i.fc37)
    fc37_all                                 0x08005a15   Thumb Code   168  fc37.o(i.fc37_all)
    fc37_init                                0x08005ae1   Thumb Code     2  fc37.o(i.fc37_init)
    fc46_all                                 0x08005ae5   Thumb Code    88  fc46.o(i.fc46_all)
    fc46_init                                0x08005b4d   Thumb Code    72  fc46.o(i.fc46_init)
    fc46d                                    0x08005ba9   Thumb Code   288  protection_functions.o(i.fc46d)
    fc46i                                    0x08005cd1   Thumb Code   262  protection_functions.o(i.fc46i)
    fc49                                     0x08005ded   Thumb Code    68  protection_functions.o(i.fc49)
    fc49_all                                 0x08005e31   Thumb Code   422  fc49.o(i.fc49_all)
    fc49_init                                0x08005fe9   Thumb Code    72  fc49.o(i.fc49_init)
    fc50                                     0x08006041   Thumb Code   252  protection_functions.o(i.fc50)
    fc50N_all                                0x08006141   Thumb Code    98  fc50n.o(i.fc50N_all)
    fc50N_init                               0x080061b9   Thumb Code    22  fc50n.o(i.fc50N_init)
    fc50_all                                 0x080061d9   Thumb Code   604  fc50.o(i.fc50_all)
    fc50_init                                0x08006485   Thumb Code    40  fc50.o(i.fc50_init)
    fc51                                     0x080064b5   Thumb Code   222  protection_functions.o(i.fc51)
    fc51N_all                                0x080065a5   Thumb Code    52  fc51n.o(i.fc51N_all)
    fc51N_init                               0x080065ed   Thumb Code    68  fc51n.o(i.fc51N_init)
    fc51_all                                 0x08006645   Thumb Code   252  fc51.o(i.fc51_all)
    fc51_init                                0x08006755   Thumb Code    62  fc51.o(i.fc51_init)
    fc59                                     0x080067a9   Thumb Code   118  protection_functions.o(i.fc59)
    fc59_all                                 0x08006825   Thumb Code   200  fc59.o(i.fc59_all)
    fc59_init                                0x08006919   Thumb Code    18  fc59.o(i.fc59_init)
    fcBF                                     0x08006935   Thumb Code   278  protection_functions.o(i.fcBF)
    fcBF_all                                 0x08006a51   Thumb Code    76  fcbf.o(i.fcBF_all)
    fcBF_init                                0x08006aa9   Thumb Code    42  fcbf.o(i.fcBF_init)
    fcPVP_all                                0x08006ae1   Thumb Code   368  fcpvp.o(i.fcPVP_all)
    fcPVP_init                               0x08006c65   Thumb Code    76  fcpvp.o(i.fcPVP_init)
    fcPVPd                                   0x08006cc5   Thumb Code   108  protection_functions.o(i.fcPVPd)
    fcPVPi                                   0x08006d35   Thumb Code   194  protection_functions.o(i.fcPVPi)
    fcUNB_all                                0x08006e15   Thumb Code   278  fcunb.o(i.fcUNB_all)
    fcUNB_init                               0x08006f4d   Thumb Code    38  fcunb.o(i.fcUNB_init)
    fcUNB_initial_dt                         0x08006f81   Thumb Code   230  fcunb.o(i.fcUNB_initial_dt)
    fcUNBd                                   0x08007095   Thumb Code   108  protection_functions.o(i.fcUNBd)
    fcUNBi                                   0x08007105   Thumb Code   194  protection_functions.o(i.fcUNBi)
    ftick1                                   0x080071e9   Thumb Code    14  tickfunctions.o(i.ftick1)
    ftick10                                  0x080071f7   Thumb Code     4  tickfunctions.o(i.ftick10)
    ftick2                                   0x080071fb   Thumb Code    14  tickfunctions.o(i.ftick2)
    ftick3                                   0x08007209   Thumb Code    14  tickfunctions.o(i.ftick3)
    ftick4                                   0x08007217   Thumb Code     4  tickfunctions.o(i.ftick4)
    ftick5                                   0x0800721b   Thumb Code     2  tickfunctions.o(i.ftick5)
    ftick6                                   0x0800721d   Thumb Code     2  tickfunctions.o(i.ftick6)
    ftick7                                   0x0800721f   Thumb Code    34  tickfunctions.o(i.ftick7)
    ftick8                                   0x08007241   Thumb Code    26  tickfunctions.o(i.ftick8)
    ftick9                                   0x0800725b   Thumb Code     4  tickfunctions.o(i.ftick9)
    initFunctions                            0x0800725f   Thumb Code    54  initfunctions.o(i.initFunctions)
    main                                     0x08007295   Thumb Code   148  main.o(i.main)
    off_delay                                0x08007341   Thumb Code    66  protection_functions.o(i.off_delay)
    on_off_delay                             0x08007383   Thumb Code    44  protection_functions.o(i.on_off_delay)
    peak_detect_rms                          0x080073b1   Thumb Code   162  measurement_functions.o(i.peak_detect_rms)
    pick_up_handles                          0x0800745d   Thumb Code  2402  pickup_handles.o(i.pick_up_handles)
    pvp_filter                               0x08007dcd   Thumb Code   114  measurement_functions.o(i.pvp_filter)
    signal_spectra                           0x08007e41   Thumb Code   158  measurement_functions.o(i.signal_spectra)
    spectra_tick1                            0x08007ee5   Thumb Code    46  spectra.o(i.spectra_tick1)
    spectra_tick2                            0x08007f21   Thumb Code    46  spectra.o(i.spectra_tick2)
    spectra_tick3                            0x08007f5d   Thumb Code    46  spectra.o(i.spectra_tick3)
    spi_initComApp                           0x08007f99   Thumb Code     2  spi_masterslave.o(i.spi_initComApp)
    spi_runComApp                            0x08007f9d   Thumb Code   886  spi_masterslave.o(i.spi_runComApp)
    spi_sysTickCallApp                       0x08008321   Thumb Code    62  spi_masterslave.o(i.spi_sysTickCallApp)
    sym_comp                                 0x08008365   Thumb Code   126  measurement_functions.o(i.sym_comp)
    sym_mag                                  0x080083ed   Thumb Code   386  measurement_functions.o(i.sym_mag)
    thermal_status                           0x08008579   Thumb Code    80  measurement_functions.o(i.thermal_status)
    tickFunctions                            0x080085c9   Thumb Code    22  tickfunctions.o(i.tickFunctions)
    true_rms                                 0x080085e9   Thumb Code    98  measurement_functions.o(i.true_rms)
    uart_initComApp                          0x08008651   Thumb Code    10  uart_masterslave.o(i.uart_initComApp)
    uart_runComApp                           0x08008665   Thumb Code   382  uart_masterslave.o(i.uart_runComApp)
    uart_sysTickCallApp                      0x080087f1   Thumb Code    60  uart_masterslave.o(i.uart_sysTickCallApp)
    AHBPrescTable                            0x08008838   Data          16  system_stm32f7xx.o(.constdata)
    APBPrescTable                            0x08008848   Data           8  system_stm32f7xx.o(.constdata)
    Region$$Table$$Base                      0x08008ba8   Number         0  anon$$obj.o(Region$$Table)
    Region$$Table$$Limit                     0x08008bc8   Number         0  anon$$obj.o(Region$$Table)
    uwTick                                   0x20000000   Data           4  stm32f7xx_hal.o(.data)
    SystemCoreClock                          0x20000004   Data           4  system_stm32f7xx.o(.data)
    curve_data                               0x20000008   Data         132  init_protection.o(.data)
    curve                                    0x2000008c   Data           1  init_protection.o(.data)
    fc27_obj1_L1_out                         0x20000098   Data           8  fc27.o(.data)
    fc27_obj1_L2_out                         0x200000a0   Data           8  fc27.o(.data)
    fc59_obj1_L1_out_a                       0x200000a8   Data           8  fc59.o(.data)
    fc59_obj1_L1_out_b                       0x200000b0   Data           8  fc59.o(.data)
    fc59_obj1_L1_out_c                       0x200000b8   Data           8  fc59.o(.data)
    fc59_obj1_L2_out_a                       0x200000c0   Data           8  fc59.o(.data)
    fc59_obj1_L2_out_b                       0x200000c8   Data           8  fc59.o(.data)
    fc59_obj1_L2_out_c                       0x200000d0   Data           8  fc59.o(.data)
    fc49_obj1_L1_out_a                       0x200000d8   Data           4  fc49.o(.data)
    fc49_obj1_L2_out_a                       0x200000dc   Data           4  fc49.o(.data)
    fc49_obj2_L1_out_a                       0x200000e0   Data           4  fc49.o(.data)
    fc49_obj2_L2_out_a                       0x200000e4   Data           4  fc49.o(.data)
    fc49_obj1_L1_out_b                       0x20000100   Data           4  fc49.o(.data)
    fc49_obj1_L1_out_c                       0x20000104   Data           4  fc49.o(.data)
    fc49_obj1_L2_out_b                       0x20000108   Data           4  fc49.o(.data)
    fc49_obj1_L2_out_c                       0x2000010c   Data           4  fc49.o(.data)
    fc49_obj2_L1_out_b                       0x20000110   Data           4  fc49.o(.data)
    fc49_obj2_L1_out_c                       0x20000114   Data           4  fc49.o(.data)
    fc49_obj2_L2_out_b                       0x20000118   Data           4  fc49.o(.data)
    fc49_obj2_L2_out_c                       0x2000011c   Data           4  fc49.o(.data)
    fc37_obj1_L1_out_a                       0x20000120   Data           8  fc37.o(.data)
    fc37_obj1_L1_out_b                       0x20000128   Data           8  fc37.o(.data)
    fc37_obj1_L1_out_c                       0x20000130   Data           8  fc37.o(.data)
    fc37_obj2_L1_out_a                       0x20000138   Data           8  fc37.o(.data)
    fc37_obj2_L1_out_b                       0x20000140   Data           8  fc37.o(.data)
    fc37_obj2_L1_out_c                       0x20000148   Data           8  fc37.o(.data)
    UNBpcorrection                           0x20000154   Data           4  fcunb.o(.data)
    fcUNBi_obj1_L1_in                        0x20000158   Data           8  fcunb.o(.data)
    fcPVPd_obj1_L1_out_a                     0x20000164   Data           8  fcpvp.o(.data)
    fcPVPd_obj1_L1_out_b                     0x2000016c   Data           8  fcpvp.o(.data)
    fcPVPd_obj1_L1_out_c                     0x20000174   Data           8  fcpvp.o(.data)
    resA                                     0x20000180   Data           8  cs_handles.o(.data)
    resB                                     0x20000188   Data           8  cs_handles.o(.data)
    resC                                     0x20000190   Data           8  cs_handles.o(.data)
    n                                        0x20000198   Data           8  cs_handles.o(.data)
    UNBa                                     0x200001a0   Data           8  cs_handles.o(.data)
    UNBb                                     0x200001a8   Data           8  cs_handles.o(.data)
    sin_coeffs                               0x200001b0   Data         200  cs_handles.o(.data)
    cos_coeffs                               0x20000278   Data         200  cs_handles.o(.data)
    coeffs_real                              0x2000034c   Data         200  spectra.o(.data)
    coeffs_imag                              0x20000414   Data         200  spectra.o(.data)
    conversion_completed                     0x200004dc   Data           1  conversion.o(.data)
    tick                                     0x200004e0   Data           1  tickfunctions.o(.data)
    ftick                                    0x200004e4   Data          40  tickfunctions.o(.data)
    typeCnv                                  0x2000050c   Data           4  dataparsermerger.o(.data)
    htim1                                    0x20000514   Data          64  tim.o(.bss)
    htim6                                    0x20000554   Data          64  tim.o(.bss)
    hrtc                                     0x20000594   Data          32  rtc.o(.bss)
    hqspi                                    0x200005b4   Data          76  quadspi.o(.bss)
    hadc1                                    0x20000600   Data          72  adc.o(.bss)
    hadc2                                    0x20000648   Data          72  adc.o(.bss)
    hadc3                                    0x20000690   Data          72  adc.o(.bss)
    hdma_adc1                                0x200006d8   Data          96  adc.o(.bss)
    hdma_adc2                                0x20000738   Data          96  adc.o(.bss)
    hdma_adc3                                0x20000798   Data          96  adc.o(.bss)
    adc_values                               0x200007f8   Data          60  main.o(.bss)
    huart2                                   0x20000834   Data         112  usart.o(.bss)
    hspi2                                    0x200008a4   Data         100  spi.o(.bss)
    EN                                       0x20000908   Data         116  init_protection.o(.bss)
    selectRMS                                0x2000097c   Data          88  init_protection.o(.bss)
    selectCURVE                              0x200009d4   Data          24  init_protection.o(.bss)
    fc50_obj1_L1_out_a                       0x200009ec   Data          12  fc50.o(.bss)
    fc50_obj1_L1_out_b                       0x200009f8   Data          12  fc50.o(.bss)
    fc50_obj1_L1_out_c                       0x20000a04   Data          12  fc50.o(.bss)
    fc50_obj1_L2_out_a                       0x20000a10   Data          12  fc50.o(.bss)
    fc50_obj1_L2_out_b                       0x20000a1c   Data          12  fc50.o(.bss)
    fc50_obj1_L2_out_c                       0x20000a28   Data          12  fc50.o(.bss)
    fc50_obj1_L3_out_a                       0x20000a34   Data          12  fc50.o(.bss)
    fc50_obj1_L3_out_b                       0x20000a40   Data          12  fc50.o(.bss)
    fc50_obj1_L3_out_c                       0x20000a4c   Data          12  fc50.o(.bss)
    fc50_obj2_L1_out_a                       0x20000a58   Data          12  fc50.o(.bss)
    fc50_obj2_L1_out_b                       0x20000a64   Data          12  fc50.o(.bss)
    fc50_obj2_L1_out_c                       0x20000a70   Data          12  fc50.o(.bss)
    fc50_obj2_L2_out_a                       0x20000a7c   Data          12  fc50.o(.bss)
    fc50_obj2_L2_out_b                       0x20000a88   Data          12  fc50.o(.bss)
    fc50_obj2_L2_out_c                       0x20000a94   Data          12  fc50.o(.bss)
    fc50_obj2_L3_out_a                       0x20000aa0   Data          12  fc50.o(.bss)
    fc50_obj2_L3_out_b                       0x20000aac   Data          12  fc50.o(.bss)
    fc50_obj2_L3_out_c                       0x20000ab8   Data          12  fc50.o(.bss)
    fc50_obj1_L1_in                          0x20000ac4   Data          16  fc50.o(.bss)
    fc50_obj1_L2_in                          0x20000ad4   Data          16  fc50.o(.bss)
    fc50_obj1_L3_in                          0x20000ae4   Data          16  fc50.o(.bss)
    fc50_obj2_L1_in                          0x20000af4   Data          16  fc50.o(.bss)
    fc50_obj2_L2_in                          0x20000b04   Data          16  fc50.o(.bss)
    fc50_obj2_L3_in                          0x20000b14   Data          16  fc50.o(.bss)
    fc50N_obj1_L1_out                        0x20000b24   Data          12  fc50n.o(.bss)
    fc50N_obj1_L2_out                        0x20000b30   Data          12  fc50n.o(.bss)
    fc50N_obj1_L3_out                        0x20000b3c   Data          12  fc50n.o(.bss)
    fc50N_obj1_L1_in                         0x20000b48   Data          16  fc50n.o(.bss)
    fc50N_obj1_L2_in                         0x20000b58   Data          16  fc50n.o(.bss)
    fc50N_obj1_L3_in                         0x20000b68   Data          16  fc50n.o(.bss)
    fc51_obj1_out_a                          0x20000b78   Data          12  fc51.o(.bss)
    fc51_obj1_out_b                          0x20000b84   Data          12  fc51.o(.bss)
    fc51_obj1_out_c                          0x20000b90   Data          12  fc51.o(.bss)
    fc51_obj1_in                             0x20000b9c   Data          20  fc51.o(.bss)
    fc51_obj2_in                             0x20000bb0   Data          20  fc51.o(.bss)
    fc51_obj2_out_a                          0x20000bc4   Data          12  fc51.o(.bss)
    fc51_obj2_out_b                          0x20000bd0   Data          12  fc51.o(.bss)
    fc51_obj2_out_c                          0x20000bdc   Data          12  fc51.o(.bss)
    fc51N_obj1_out                           0x20000be8   Data          12  fc51n.o(.bss)
    fc51N_obj1_in                            0x20000bf4   Data          20  fc51n.o(.bss)
    fc27_obj1_L1_in                          0x20000c08   Data          16  fc27.o(.bss)
    fc27_obj1_L2_in                          0x20000c18   Data          16  fc27.o(.bss)
    fc59_obj1_L1_in                          0x20000c28   Data          12  fc59.o(.bss)
    fc59_obj1_L2_in                          0x20000c34   Data          12  fc59.o(.bss)
    fc46d_obj1_L1_out                        0x20000c40   Data          12  fc46.o(.bss)
    fc46i_obj1_L1_out                        0x20000c4c   Data          12  fc46.o(.bss)
    fc46d_obj1_L1_in                         0x20000c58   Data          16  fc46.o(.bss)
    fc46i_obj1_L1_in                         0x20000c68   Data          20  fc46.o(.bss)
    fc49_obj1_therm                          0x20000c7c   Data          20  fc49.o(.bss)
    fc49_obj2_therm                          0x20000c90   Data          20  fc49.o(.bss)
    fc49_obj1_L1_in                          0x20000ca4   Data          16  fc49.o(.bss)
    fc49_obj1_L2_in                          0x20000cb4   Data          16  fc49.o(.bss)
    fc49_obj2_L1_in                          0x20000cc4   Data          16  fc49.o(.bss)
    fc49_obj2_L2_in                          0x20000cd4   Data          16  fc49.o(.bss)
    fcBF_out                                 0x20000ce4   Data          12  fcbf.o(.bss)
    fcBF_in                                  0x20000cf0   Data          24  fcbf.o(.bss)
    fc37_obj1_L1_in                          0x20000d08   Data          16  fc37.o(.bss)
    fc37_obj2_L1_in                          0x20000d18   Data          16  fc37.o(.bss)
    fcUNBd_obj1_L1_out_a                     0x20000d28   Data          16  fcunb.o(.bss)
    fcUNBd_obj1_L1_out_b                     0x20000d38   Data          16  fcunb.o(.bss)
    fcUNBi_obj1_L1_out_a                     0x20000d48   Data          12  fcunb.o(.bss)
    fcUNBi_obj1_L1_out_b                     0x20000d54   Data          12  fcunb.o(.bss)
    fcUNBd_obj1_L1_in                        0x20000e28   Data          12  fcunb.o(.bss)
    pvp_in                                   0x20000e34   Data          12  fcpvp.o(.bss)
    pvp_in_back                              0x20000e40   Data          12  fcpvp.o(.bss)
    pvp_out                                  0x20000e4c   Data          12  fcpvp.o(.bss)
    pvp_out_back                             0x20000e58   Data          12  fcpvp.o(.bss)
    fcPVPi_obj1_L1_out_a                     0x20000e64   Data          12  fcpvp.o(.bss)
    fcPVPi_obj1_L1_out_b                     0x20000e70   Data          12  fcpvp.o(.bss)
    fcPVPi_obj1_L1_out_c                     0x20000e7c   Data          12  fcpvp.o(.bss)
    fcPVPd_obj1_L1_in                        0x200010e0   Data          12  fcpvp.o(.bss)
    fcPVPi_obj1_L1_in                        0x200010ec   Data          20  fcpvp.o(.bss)
    pick                                     0x20001100   Data          12  pickup_handles.o(.bss)
    phase_cs_A                               0x20001218   Data          16  cs_handles.o(.bss)
    phase_cs_B                               0x20001228   Data          16  cs_handles.o(.bss)
    phase_cs_C                               0x20001238   Data          16  cs_handles.o(.bss)
    phase_cs_A_out                           0x20001248   Data          44  cs_handles.o(.bss)
    phase_cs_B_out                           0x20001274   Data          44  cs_handles.o(.bss)
    phase_cs_C_out                           0x200012a0   Data          44  cs_handles.o(.bss)
    sym                                      0x200012cc   Data          24  cs_handles.o(.bss)
    sym_hist                                 0x200012e4   Data          24  cs_handles.o(.bss)
    mag_sym                                  0x200012fc   Data          24  cs_handles.o(.bss)
    c_buffer                                 0x20001314   Data        2400  cs_handles.o(.bss)
    s_buffer                                 0x20001c74   Data        2400  cs_handles.o(.bss)
    fRMS                                     0x200025d4   Data          60  cs_handles.o(.bss)
    tRMS                                     0x20002610   Data          60  truerms.o(.bss)
    backRMS                                  0x2000264c   Data          60  truerms.o(.bss)
    bufferRMS                                0x20002688   Data        2400  truerms.o(.bss)
    spect_Ia                                 0x20002fe8   Data         356  spectra.o(.bss)
    spect_Ib                                 0x2000314c   Data         356  spectra.o(.bss)
    spect_Ic                                 0x200032b0   Data         356  spectra.o(.bss)
    thd                                      0x20003414   Data          12  spectra.o(.bss)
    rawAdc                                   0x20003420   Data          60  conversion.o(.bss)
    fAdc                                     0x2000345c   Data          60  conversion.o(.bss)
    offset                                   0x20003498   Data          60  conversion.o(.bss)
    scale                                    0x200034d4   Data          60  conversion.o(.bss)
    Sys                                      0x2000354c   Data          16  powersysdata.o(.bss)
    comParams                                0x2000355c   Data        6020  spi_masterslave.o(.bss)
    spiCRC                                   0x20004ce0   Data          12  spi_masterslave.o(.bss)
    comParams_uart                           0x20004cec   Data        2996  uart_masterslave.o(.bss)
    uartCRC                                  0x200058a0   Data          12  uart_masterslave.o(.bss)
    __initial_sp                             0x20005cb0   Data           0  startup_stm32f767xx.o(STACK)



==============================================================================

Memory Map of the image

  Image Entry point : 0x080001f9

  Load Region LR_IROM1 (Base: 0x08000000, Size: 0x000090dc, Max: 0x00200000, ABSOLUTE, COMPRESSED[0x00008da0])

    Execution Region ER_IROM1 (Base: 0x08000000, Size: 0x00008bc8, Max: 0x00200000, ABSOLUTE)

    Base Addr    Size         Type   Attr      Idx    E Section Name        Object

    0x08000000   0x000001f8   Data   RO          869    RESET               startup_stm32f767xx.o
    0x080001f8   0x00000000   Code   RO         5665  * .ARM.Collect$$$$00000000  mc_w.l(entry.o)
    0x080001f8   0x00000004   Code   RO         5716    .ARM.Collect$$$$00000001  mc_w.l(entry2.o)
    0x080001fc   0x00000004   Code   RO         5719    .ARM.Collect$$$$00000004  mc_w.l(entry5.o)
    0x08000200   0x00000000   Code   RO         5721    .ARM.Collect$$$$00000008  mc_w.l(entry7b.o)
    0x08000200   0x00000000   Code   RO         5723    .ARM.Collect$$$$0000000A  mc_w.l(entry8b.o)
    0x08000200   0x00000008   Code   RO         5724    .ARM.Collect$$$$0000000B  mc_w.l(entry9a.o)
    0x08000208   0x00000000   Code   RO         5726    .ARM.Collect$$$$0000000D  mc_w.l(entry10a.o)
    0x08000208   0x00000000   Code   RO         5728    .ARM.Collect$$$$0000000F  mc_w.l(entry11a.o)
    0x08000208   0x00000004   Code   RO         5717    .ARM.Collect$$$$00002712  mc_w.l(entry2.o)
    0x0800020c   0x00000024   Code   RO          870    .text               startup_stm32f767xx.o
    0x08000230   0x00000000   Code   RO         5737    .text               mc_w.l(iusefp.o)
    0x08000230   0x00000004   Code   RO         5738    .text               mf_w.l(fpstat.o)
    0x08000234   0x00000024   Code   RO         5750    .text               mc_w.l(init.o)
    0x08000258   0x0000005e   Code   RO         5760    .text               mc_w.l(__dclz77c.o)
    0x080002b6   0x00000060   Code   RO         2071    i.ADC_MultiModeDMAConvCplt  stm32f7xx_hal_adc_ex.o
    0x08000316   0x00000012   Code   RO         2072    i.ADC_MultiModeDMAError  stm32f7xx_hal_adc_ex.o
    0x08000328   0x00000006   Code   RO         2073    i.ADC_MultiModeDMAHalfConvCplt  stm32f7xx_hal_adc_ex.o
    0x0800032e   0x00000002   Code   RO          310    i.BusFault_Handler  stm32f7xx_it.o
    0x08000330   0x0000000c   Code   RO          311    i.DMA2_Stream0_IRQHandler  stm32f7xx_it.o
    0x0800033c   0x0000000c   Code   RO          312    i.DMA2_Stream1_IRQHandler  stm32f7xx_it.o
    0x08000348   0x0000000c   Code   RO          313    i.DMA2_Stream2_IRQHandler  stm32f7xx_it.o
    0x08000354   0x00000002   Code   RO          314    i.DebugMon_Handler  stm32f7xx_it.o
    0x08000356   0x00000008   Code   RO          315    i.EXTI15_10_IRQHandler  stm32f7xx_it.o
    0x0800035e   0x00000002   PAD
    0x08000360   0x00000078   Code   RO         2082    i.HAL_ADCEx_MultiModeConfigChannel  stm32f7xx_hal_adc_ex.o
    0x080003d8   0x00000168   Code   RO         2084    i.HAL_ADCEx_MultiModeStart_DMA  stm32f7xx_hal_adc_ex.o
    0x08000540   0x000001cc   Code   RO          881    i.HAL_ADC_ConfigChannel  stm32f7xx_hal_adc.o
    0x0800070c   0x000001b0   Code   RO         5132    i.HAL_ADC_ConvCpltCallback  conversion.o
    0x080008bc   0x00000002   Code   RO          883    i.HAL_ADC_ConvHalfCpltCallback  stm32f7xx_hal_adc.o
    0x080008be   0x00000002   Code   RO          885    i.HAL_ADC_ErrorCallback  stm32f7xx_hal_adc.o
    0x080008c0   0x0000017c   Code   RO          890    i.HAL_ADC_Init      stm32f7xx_hal_adc.o
    0x08000a3c   0x0000019c   Code   RO          443    i.HAL_ADC_MspInit   adc.o
    0x08000bd8   0x00000114   Code   RO          896    i.HAL_ADC_Start     stm32f7xx_hal_adc.o
    0x08000cec   0x00000024   Code   RO         2462    i.HAL_DMA_Abort_IT  stm32f7xx_hal_dma.o
    0x08000d10   0x000001e4   Code   RO         2466    i.HAL_DMA_IRQHandler  stm32f7xx_hal_dma.o
    0x08000ef4   0x00000174   Code   RO         2467    i.HAL_DMA_Init      stm32f7xx_hal_dma.o
    0x08001068   0x0000009c   Code   RO         2471    i.HAL_DMA_Start_IT  stm32f7xx_hal_dma.o
    0x08001104   0x00000002   Code   RO         1402    i.HAL_GPIO_EXTI_Callback  stm32f7xx_hal_gpio.o
    0x08001106   0x00000002   PAD
    0x08001108   0x00000018   Code   RO         1403    i.HAL_GPIO_EXTI_IRQHandler  stm32f7xx_hal_gpio.o
    0x08001120   0x00000258   Code   RO         1404    i.HAL_GPIO_Init     stm32f7xx_hal_gpio.o
    0x08001378   0x0000000a   Code   RO         1408    i.HAL_GPIO_WritePin  stm32f7xx_hal_gpio.o
    0x08001382   0x00000002   PAD
    0x08001384   0x0000000c   Code   RO         2289    i.HAL_GetTick       stm32f7xx_hal.o
    0x08001390   0x00000010   Code   RO         2293    i.HAL_IncTick       stm32f7xx_hal.o
    0x080013a0   0x00000016   Code   RO         2294    i.HAL_Init          stm32f7xx_hal.o
    0x080013b6   0x00000002   PAD
    0x080013b8   0x00000028   Code   RO         2295    i.HAL_InitTick      stm32f7xx_hal.o
    0x080013e0   0x00000058   Code   RO          286    i.HAL_MspInit       stm32f7xx_hal_msp.o
    0x08001438   0x00000018   Code   RO         1276    i.HAL_NVIC_EnableIRQ  stm32f7xx_hal_cortex.o
    0x08001450   0x00000060   Code   RO         1282    i.HAL_NVIC_SetPriority  stm32f7xx_hal_cortex.o
    0x080014b0   0x00000024   Code   RO         1283    i.HAL_NVIC_SetPriorityGrouping  stm32f7xx_hal_cortex.o
    0x080014d4   0x0000007c   Code   RO         2186    i.HAL_PWREx_EnableOverDrive  stm32f7xx_hal_pwr_ex.o
    0x08001550   0x000000cc   Code   RO         3412    i.HAL_QSPI_Init     stm32f7xx_hal_qspi.o
    0x0800161c   0x00000088   Code   RO          215    i.HAL_QSPI_MspInit  quadspi.o
    0x080016a4   0x000005e0   Code   RO         2674    i.HAL_RCCEx_PeriphCLKConfig  stm32f7xx_hal_rcc_ex.o
    0x08001c84   0x000001a8   Code   RO         2949    i.HAL_RCC_ClockConfig  stm32f7xx_hal_rcc.o
    0x08001e2c   0x0000000c   Code   RO         2954    i.HAL_RCC_GetHCLKFreq  stm32f7xx_hal_rcc.o
    0x08001e38   0x00000020   Code   RO         2956    i.HAL_RCC_GetPCLK1Freq  stm32f7xx_hal_rcc.o
    0x08001e58   0x00000020   Code   RO         2957    i.HAL_RCC_GetPCLK2Freq  stm32f7xx_hal_rcc.o
    0x08001e78   0x00000070   Code   RO         2958    i.HAL_RCC_GetSysClockFreq  stm32f7xx_hal_rcc.o
    0x08001ee8   0x000003c4   Code   RO         2961    i.HAL_RCC_OscConfig  stm32f7xx_hal_rcc.o
    0x080022ac   0x000000ca   Code   RO         1050    i.HAL_RTC_Init      stm32f7xx_hal_rtc.o
    0x08002376   0x00000002   PAD
    0x08002378   0x00000020   Code   RO          173    i.HAL_RTC_MspInit   rtc.o
    0x08002398   0x00000002   Code   RO         4352    i.HAL_SPI_ErrorCallback  stm32f7xx_hal_spi.o
    0x0800239a   0x00000002   PAD
    0x0800239c   0x000000f8   Code   RO         4355    i.HAL_SPI_IRQHandler  stm32f7xx_hal_spi.o
    0x08002494   0x000000d6   Code   RO         4356    i.HAL_SPI_Init      stm32f7xx_hal_spi.o
    0x0800256a   0x00000002   PAD
    0x0800256c   0x00000064   Code   RO          625    i.HAL_SPI_MspInit   spi.o
    0x080025d0   0x000000a0   Code   RO         4369    i.HAL_SPI_Transmit_IT  stm32f7xx_hal_spi.o
    0x08002670   0x00000020   Code   RO         5329    i.HAL_SPI_TxCpltCallback  Comm_Layer.lib(spi_masterslave.o)
    0x08002690   0x00000016   Code   RO         1285    i.HAL_SYSTICK_CLKSourceConfig  stm32f7xx_hal_cortex.o
    0x080026a6   0x00000002   Code   RO         1286    i.HAL_SYSTICK_Callback  stm32f7xx_hal_cortex.o
    0x080026a8   0x00000028   Code   RO         1287    i.HAL_SYSTICK_Config  stm32f7xx_hal_cortex.o
    0x080026d0   0x00000008   Code   RO         1288    i.HAL_SYSTICK_IRQHandler  stm32f7xx_hal_cortex.o
    0x080026d8   0x00000002   Code   RO         3085    i.HAL_TIMEx_BreakCallback  stm32f7xx_hal_tim_ex.o
    0x080026da   0x00000002   Code   RO         3086    i.HAL_TIMEx_CommutationCallback  stm32f7xx_hal_tim_ex.o
    0x080026dc   0x0000005e   Code   RO         3104    i.HAL_TIMEx_MasterConfigSynchronization  stm32f7xx_hal_tim_ex.o
    0x0800273a   0x00000036   Code   RO         1469    i.HAL_TIM_Base_Init  stm32f7xx_hal_tim.o
    0x08002770   0x0000005c   Code   RO            5    i.HAL_TIM_Base_MspInit  tim.o
    0x080027cc   0x00000018   Code   RO         1474    i.HAL_TIM_Base_Start_IT  stm32f7xx_hal_tim.o
    0x080027e4   0x000001d4   Code   RO         1478    i.HAL_TIM_ConfigClockSource  stm32f7xx_hal_tim.o
    0x080029b8   0x00000002   Code   RO         1498    i.HAL_TIM_IC_CaptureCallback  stm32f7xx_hal_tim.o
    0x080029ba   0x00000184   Code   RO         1511    i.HAL_TIM_IRQHandler  stm32f7xx_hal_tim.o
    0x08002b3e   0x00000002   Code   RO         1514    i.HAL_TIM_OC_DelayElapsedCallback  stm32f7xx_hal_tim.o
    0x08002b40   0x00000002   Code   RO         1541    i.HAL_TIM_PWM_PulseFinishedCallback  stm32f7xx_hal_tim.o
    0x08002b42   0x00000002   Code   RO         1548    i.HAL_TIM_PeriodElapsedCallback  stm32f7xx_hal_tim.o
    0x08002b44   0x00000002   Code   RO         1552    i.HAL_TIM_TriggerCallback  stm32f7xx_hal_tim.o
    0x08002b46   0x00000002   Code   RO         4097    i.HAL_UART_ErrorCallback  stm32f7xx_hal_uart.o
    0x08002b48   0x000002a0   Code   RO         4100    i.HAL_UART_IRQHandler  stm32f7xx_hal_uart.o
    0x08002de8   0x0000006e   Code   RO         4101    i.HAL_UART_Init     stm32f7xx_hal_uart.o
    0x08002e56   0x00000002   PAD
    0x08002e58   0x00000060   Code   RO          583    i.HAL_UART_MspInit  usart.o
    0x08002eb8   0x00000096   Code   RO         4106    i.HAL_UART_Receive_IT  stm32f7xx_hal_uart.o
    0x08002f4e   0x00000002   PAD
    0x08002f50   0x00000050   Code   RO         5512    i.HAL_UART_RxCpltCallback  Comm_Layer.lib(uart_masterslave.o)
    0x08002fa0   0x00000020   Code   RO         5513    i.HAL_UART_TxCpltCallback  Comm_Layer.lib(uart_masterslave.o)
    0x08002fc0   0x00000002   Code   RO          316    i.HardFault_Handler  stm32f7xx_it.o
    0x08002fc2   0x00000002   PAD
    0x08002fc4   0x000000f8   Code   RO          444    i.MX_ADC1_Init      adc.o
    0x080030bc   0x000000d0   Code   RO          445    i.MX_ADC2_Init      adc.o
    0x0800318c   0x000000d0   Code   RO          446    i.MX_ADC3_Init      adc.o
    0x0800325c   0x0000002c   Code   RO          259    i.MX_DMA_Init       dma.o
    0x08003288   0x00000238   Code   RO          558    i.MX_GPIO_Init      gpio.o
    0x080034c0   0x00000054   Code   RO          216    i.MX_QUADSPI_Init   quadspi.o
    0x08003514   0x0000004c   Code   RO          174    i.MX_RTC_Init       rtc.o
    0x08003560   0x00000064   Code   RO          626    i.MX_SPI2_Init      spi.o
    0x080035c4   0x00000080   Code   RO            6    i.MX_TIM1_Init      tim.o
    0x08003644   0x00000060   Code   RO            7    i.MX_TIM6_Init      tim.o
    0x080036a4   0x00000054   Code   RO          584    i.MX_USART2_UART_Init  usart.o
    0x080036f8   0x00000002   Code   RO          317    i.MemManage_Handler  stm32f7xx_it.o
    0x080036fa   0x00000002   Code   RO          318    i.NMI_Handler       stm32f7xx_it.o
    0x080036fc   0x00000002   Code   RO          319    i.PendSV_Handler    stm32f7xx_it.o
    0x080036fe   0x00000058   Code   RO         3437    i.QSPI_WaitFlagStateUntilTimeout  stm32f7xx_hal_qspi.o
    0x08003756   0x00000002   PAD
    0x08003758   0x0000000c   Code   RO          320    i.SPI2_IRQHandler   stm32f7xx_it.o
    0x08003764   0x00000012   Code   RO         4380    i.SPI_DMAAbortOnError  stm32f7xx_hal_spi.o
    0x08003776   0x0000004a   Code   RO         4390    i.SPI_EndRxTxTransaction  stm32f7xx_hal_spi.o
    0x080037c0   0x00000068   Code   RO         4393    i.SPI_TxISR_16BIT   stm32f7xx_hal_spi.o
    0x08003828   0x00000066   Code   RO         4394    i.SPI_TxISR_8BIT    stm32f7xx_hal_spi.o
    0x0800388e   0x00000002   PAD
    0x08003890   0x0000009c   Code   RO         4395    i.SPI_WaitFifoStateUntilTimeout  stm32f7xx_hal_spi.o
    0x0800392c   0x0000008c   Code   RO         4396    i.SPI_WaitFlagStateUntilTimeout  stm32f7xx_hal_spi.o
    0x080039b8   0x00000002   Code   RO          321    i.SVC_Handler       stm32f7xx_it.o
    0x080039ba   0x00000016   Code   RO          322    i.SysTick_Handler   stm32f7xx_it.o
    0x080039d0   0x000000c4   Code   RO          496    i.SystemClock_Config  main.o
    0x08003a94   0x00000060   Code   RO         4653    i.SystemInit        system_stm32f7xx.o
    0x08003af4   0x0000000c   Code   RO          323    i.TIM1_UP_TIM10_IRQHandler  stm32f7xx_it.o
    0x08003b00   0x000000cc   Code   RO         1553    i.TIM_Base_SetConfig  stm32f7xx_hal_tim.o
    0x08003bcc   0x000000da   Code   RO         4114    i.UART_AdvFeatureConfig  stm32f7xx_hal_uart.o
    0x08003ca6   0x00000044   Code   RO         4115    i.UART_CheckIdleState  stm32f7xx_hal_uart.o
    0x08003cea   0x00000014   Code   RO         4116    i.UART_DMAAbortOnError  stm32f7xx_hal_uart.o
    0x08003cfe   0x00000002   PAD
    0x08003d00   0x000002bc   Code   RO         4122    i.UART_SetConfig    stm32f7xx_hal_uart.o
    0x08003fbc   0x00000076   Code   RO         4123    i.UART_WaitOnFlagUntilTimeout  stm32f7xx_hal_uart.o
    0x08004032   0x00000002   PAD
    0x08004034   0x0000000c   Code   RO          324    i.USART2_IRQHandler  stm32f7xx_it.o
    0x08004040   0x00000002   Code   RO          325    i.UsageFault_Handler  stm32f7xx_it.o
    0x08004042   0x00000002   Code   RO          497    i._Error_Handler    main.o
    0x08004044   0x00000030   Code   RO         5746    i.__ARM_fpclassify  m_wv.l(fpclassify.o)
    0x08004074   0x00000026   Code   RO         5689    i.__ARM_fpclassifyf  m_wv.l(fpclassifyf.o)
    0x0800409a   0x00000002   PAD
    0x0800409c   0x00000258   Code   RO         5615    i.__hardfp_atan2f   m_wv.l(atan2f.o)
    0x080042f4   0x00000658   Code   RO         5627    i.__hardfp_powf     m_wv.l(powf.o)
    0x0800494c   0x00000004   PAD
    0x08004950   0x000000b0   Code   RO         5641    i.__hardfp_sin      m_wv.l(sin.o)
    0x08004a00   0x0000003a   Code   RO         5653    i.__hardfp_sqrtf    m_wv.l(sqrtf.o)
    0x08004a3a   0x00000006   PAD
    0x08004a40   0x00000310   Code   RO         5705    i.__ieee754_rem_pio2  m_wv.l(rred.o)
    0x08004d50   0x000000e0   Code   RO         5672    i.__kernel_cos      m_wv.l(cos_i.o)
    0x08004e30   0x00000070   Code   RO         5748    i.__kernel_poly     m_wv.l(poly.o)
    0x08004ea0   0x000000a8   Code   RO         5710    i.__kernel_sin      m_wv.l(sin_i.o)
    0x08004f48   0x00000018   Code   RO         5678    i.__mathlib_dbl_invalid  m_wv.l(dunder.o)
    0x08004f60   0x00000018   Code   RO         5681    i.__mathlib_dbl_underflow  m_wv.l(dunder.o)
    0x08004f78   0x00000018   Code   RO         5691    i.__mathlib_flt_divzero  m_wv.l(funder.o)
    0x08004f90   0x00000006   Code   RO         5693    i.__mathlib_flt_infnan2  m_wv.l(funder.o)
    0x08004f96   0x00000002   PAD
    0x08004f98   0x00000010   Code   RO         5694    i.__mathlib_flt_invalid  m_wv.l(funder.o)
    0x08004fa8   0x00000010   Code   RO         5695    i.__mathlib_flt_overflow  m_wv.l(funder.o)
    0x08004fb8   0x00000010   Code   RO         5697    i.__mathlib_flt_underflow  m_wv.l(funder.o)
    0x08004fc8   0x0000000e   Code   RO         5754    i.__scatterload_copy  mc_w.l(handlers.o)
    0x08004fd6   0x00000002   Code   RO         5755    i.__scatterload_null  mc_w.l(handlers.o)
    0x08004fd8   0x0000000e   Code   RO         5756    i.__scatterload_zeroinit  mc_w.l(handlers.o)
    0x08004fe6   0x00000002   PAD
    0x08004fe8   0x0000000c   Code   RO         5732    i.__set_errno       mc_w.l(errno.o)
    0x08004ff4   0x00000134   Code   RO          663    i.cs_computations   measurement_functions.o
    0x08005128   0x000000b2   Code   RO          664    i.cs_generation     measurement_functions.o
    0x080051da   0x00000002   PAD
    0x080051dc   0x000000b8   Code   RO         5031    i.cs_handle_tick1   cs_handles.o
    0x08005294   0x000000c4   Code   RO         5032    i.cs_handle_tick2   cs_handles.o
    0x08005358   0x000000c4   Code   RO         5033    i.cs_handle_tick3   cs_handles.o
    0x0800541c   0x00000248   Code   RO         5034    i.cs_handle_tick4   cs_handles.o
    0x08005664   0x0000006c   Code   RO         5570    i.dpm_mergeDWord    Comm_Layer.lib(dataparsermerger.o)
    0x080056d0   0x00000060   Code   RO         5571    i.dpm_mergeFloat    Comm_Layer.lib(dataparsermerger.o)
    0x08005730   0x00000052   Code   RO         5572    i.dpm_parseDWord    Comm_Layer.lib(dataparsermerger.o)
    0x08005782   0x00000002   PAD
    0x08005784   0x00000060   Code   RO         5573    i.dpm_parseFloat    Comm_Layer.lib(dataparsermerger.o)
    0x080057e4   0x00000018   Code   RO         5742    i.fabs              m_wv.l(fabs.o)
    0x080057fc   0x00000098   Code   RO          751    i.fc27              protection_functions.o
    0x08005894   0x000000d4   Code   RO         4802    i.fc27_all          fc27.o
    0x08005968   0x0000001c   Code   RO         4803    i.fc27_init         fc27.o
    0x08005984   0x00000090   Code   RO          752    i.fc37              protection_functions.o
    0x08005a14   0x000000cc   Code   RO         4934    i.fc37_all          fc37.o
    0x08005ae0   0x00000002   Code   RO         4935    i.fc37_init         fc37.o
    0x08005ae2   0x00000002   PAD
    0x08005ae4   0x00000068   Code   RO         4859    i.fc46_all          fc46.o
    0x08005b4c   0x0000005c   Code   RO         4860    i.fc46_init         fc46.o
    0x08005ba8   0x00000128   Code   RO          753    i.fc46d             protection_functions.o
    0x08005cd0   0x0000011c   Code   RO          754    i.fc46i             protection_functions.o
    0x08005dec   0x00000044   Code   RO          755    i.fc49              protection_functions.o
    0x08005e30   0x000001b8   Code   RO         4881    i.fc49_all          fc49.o
    0x08005fe8   0x00000058   Code   RO         4882    i.fc49_init         fc49.o
    0x08006040   0x00000100   Code   RO          756    i.fc50              protection_functions.o
    0x08006140   0x00000078   Code   RO         4733    i.fc50N_all         fc50n.o
    0x080061b8   0x00000020   Code   RO         4734    i.fc50N_init        fc50n.o
    0x080061d8   0x000002ac   Code   RO         4704    i.fc50_all          fc50.o
    0x08006484   0x00000030   Code   RO         4705    i.fc50_init         fc50.o
    0x080064b4   0x000000f0   Code   RO          757    i.fc51              protection_functions.o
    0x080065a4   0x00000048   Code   RO         4780    i.fc51N_all         fc51n.o
    0x080065ec   0x00000058   Code   RO         4781    i.fc51N_init        fc51n.o
    0x08006644   0x00000110   Code   RO         4755    i.fc51_all          fc51.o
    0x08006754   0x00000054   Code   RO         4756    i.fc51_init         fc51.o
    0x080067a8   0x0000007c   Code   RO          758    i.fc59              protection_functions.o
    0x08006824   0x000000f4   Code   RO         4836    i.fc59_all          fc59.o
    0x08006918   0x0000001c   Code   RO         4837    i.fc59_init         fc59.o
    0x08006934   0x0000011c   Code   RO          759    i.fcBF              protection_functions.o
    0x08006a50   0x00000058   Code   RO         4912    i.fcBF_all          fcbf.o
    0x08006aa8   0x00000038   Code   RO         4913    i.fcBF_init         fcbf.o
    0x08006ae0   0x00000184   Code   RO         4988    i.fcPVP_all         fcpvp.o
    0x08006c64   0x00000060   Code   RO         4989    i.fcPVP_init        fcpvp.o
    0x08006cc4   0x00000070   Code   RO          760    i.fcPVPd            protection_functions.o
    0x08006d34   0x000000e0   Code   RO          761    i.fcPVPi            protection_functions.o
    0x08006e14   0x00000138   Code   RO         4956    i.fcUNB_all         fcunb.o
    0x08006f4c   0x00000034   Code   RO         4957    i.fcUNB_init        fcunb.o
    0x08006f80   0x00000114   Code   RO         4958    i.fcUNB_initial_dt  fcunb.o
    0x08007094   0x00000070   Code   RO          762    i.fcUNBd            protection_functions.o
    0x08007104   0x000000e4   Code   RO          763    i.fcUNBi            protection_functions.o
    0x080071e8   0x0000000e   Code   RO         5200    i.ftick1            tickfunctions.o
    0x080071f6   0x00000004   Code   RO         5201    i.ftick10           tickfunctions.o
    0x080071fa   0x0000000e   Code   RO         5202    i.ftick2            tickfunctions.o
    0x08007208   0x0000000e   Code   RO         5203    i.ftick3            tickfunctions.o
    0x08007216   0x00000004   Code   RO         5204    i.ftick4            tickfunctions.o
    0x0800721a   0x00000002   Code   RO         5205    i.ftick5            tickfunctions.o
    0x0800721c   0x00000002   Code   RO         5206    i.ftick6            tickfunctions.o
    0x0800721e   0x00000022   Code   RO         5207    i.ftick7            tickfunctions.o
    0x08007240   0x0000001a   Code   RO         5208    i.ftick8            tickfunctions.o
    0x0800725a   0x00000004   Code   RO         5209    i.ftick9            tickfunctions.o
    0x0800725e   0x00000036   Code   RO         5173    i.initFunctions     initfunctions.o
    0x08007294   0x000000ac   Code   RO          498    i.main              main.o
    0x08007340   0x00000042   Code   RO          766    i.off_delay         protection_functions.o
    0x08007382   0x0000002c   Code   RO          768    i.on_off_delay      protection_functions.o
    0x080073ae   0x00000002   PAD
    0x080073b0   0x000000ac   Code   RO          665    i.peak_detect_rms   measurement_functions.o
    0x0800745c   0x00000970   Code   RO         5011    i.pick_up_handles   pickup_handles.o
    0x08007dcc   0x00000072   Code   RO          667    i.pvp_filter        measurement_functions.o
    0x08007e3e   0x00000002   PAD
    0x08007e40   0x000000a4   Code   RO          669    i.signal_spectra    measurement_functions.o
    0x08007ee4   0x0000003c   Code   RO         5095    i.spectra_tick1     spectra.o
    0x08007f20   0x0000003c   Code   RO         5096    i.spectra_tick2     spectra.o
    0x08007f5c   0x0000003c   Code   RO         5097    i.spectra_tick3     spectra.o
    0x08007f98   0x00000002   Code   RO         5330    i.spi_initComApp    Comm_Layer.lib(spi_masterslave.o)
    0x08007f9a   0x00000002   PAD
    0x08007f9c   0x00000384   Code   RO         5331    i.spi_runComApp     Comm_Layer.lib(spi_masterslave.o)
    0x08008320   0x00000044   Code   RO         5332    i.spi_sysTickCallApp  Comm_Layer.lib(spi_masterslave.o)
    0x08008364   0x00000088   Code   RO          671    i.sym_comp          measurement_functions.o
    0x080083ec   0x0000018c   Code   RO          672    i.sym_mag           measurement_functions.o
    0x08008578   0x00000050   Code   RO          673    i.thermal_status    measurement_functions.o
    0x080085c8   0x00000020   Code   RO         5210    i.tickFunctions     tickfunctions.o
    0x080085e8   0x00000068   Code   RO          674    i.true_rms          measurement_functions.o
    0x08008650   0x00000014   Code   RO         5514    i.uart_initComApp   Comm_Layer.lib(uart_masterslave.o)
    0x08008664   0x0000018c   Code   RO         5515    i.uart_runComApp    Comm_Layer.lib(uart_masterslave.o)
    0x080087f0   0x00000040   Code   RO         5516    i.uart_sysTickCallApp  Comm_Layer.lib(uart_masterslave.o)
    0x08008830   0x00000008   Data   RO         2473    .constdata          stm32f7xx_hal_dma.o
    0x08008838   0x00000010   Data   RO         4654    .constdata          system_stm32f7xx.o
    0x08008848   0x00000008   Data   RO         4655    .constdata          system_stm32f7xx.o
    0x08008850   0x00000010   Data   RO         4707    .constdata          fc50.o
    0x08008860   0x00000010   Data   RO         4736    .constdata          fc50n.o
    0x08008870   0x00000014   Data   RO         4761    .constdata          fc51.o
    0x08008884   0x00000014   Data   RO         4783    .constdata          fc51n.o
    0x08008898   0x00000010   Data   RO         4805    .constdata          fc27.o
    0x080088a8   0x0000000c   Data   RO         4839    .constdata          fc59.o
    0x080088b4   0x00000024   Data   RO         4862    .constdata          fc46.o
    0x080088d8   0x00000024   Data   RO         4884    .constdata          fc49.o
    0x080088fc   0x00000018   Data   RO         4915    .constdata          fcbf.o
    0x08008914   0x00000014   Data   RO         4960    .constdata          fcunb.o
    0x08008928   0x00000020   Data   RO         4991    .constdata          fcpvp.o
    0x08008948   0x00000140   Data   RO         5630    .constdata          m_wv.l(powf.o)
    0x08008a88   0x00000030   Data   RO         5673    .constdata          m_wv.l(cos_i.o)
    0x08008ab8   0x000000c8   Data   RO         5707    .constdata          m_wv.l(rred.o)
    0x08008b80   0x00000028   Data   RO         5711    .constdata          m_wv.l(sin_i.o)
    0x08008ba8   0x00000020   Data   RO         5752    Region$$Table       anon$$obj.o


    Execution Region RW_IRAM1 (Base: 0x20000000, Size: 0x00005cb0, Max: 0x00080000, ABSOLUTE, COMPRESSED[0x000001d8])

    Base Addr    Size         Type   Attr      Idx    E Section Name        Object

    0x20000000   0x00000004   Data   RW         2300    .data               stm32f7xx_hal.o
    0x20000004   0x00000004   Data   RW         4656    .data               system_stm32f7xx.o
    0x20000008   0x00000084   Data   RW         4690    .data               init_protection.o
    0x2000008c   0x00000001   Data   RW         4691    .data               init_protection.o
    0x2000008d   0x00000003   PAD
    0x20000090   0x00000018   Data   RW         4806    .data               fc27.o
    0x200000a8   0x00000030   Data   RW         4840    .data               fc59.o
    0x200000d8   0x00000028   Data   RW         4885    .data               fc49.o
    0x20000100   0x00000004   Data   RW         4886    .data               fc49.o
    0x20000104   0x00000004   Data   RW         4887    .data               fc49.o
    0x20000108   0x00000004   Data   RW         4888    .data               fc49.o
    0x2000010c   0x00000004   Data   RW         4889    .data               fc49.o
    0x20000110   0x00000004   Data   RW         4890    .data               fc49.o
    0x20000114   0x00000004   Data   RW         4891    .data               fc49.o
    0x20000118   0x00000004   Data   RW         4892    .data               fc49.o
    0x2000011c   0x00000004   Data   RW         4893    .data               fc49.o
    0x20000120   0x00000030   Data   RW         4937    .data               fc37.o
    0x20000150   0x00000010   Data   RW         4961    .data               fcunb.o
    0x20000160   0x0000001c   Data   RW         4992    .data               fcpvp.o
    0x2000017c   0x00000001   Data   RW         5013    .data               pickup_handles.o
    0x2000017d   0x00000003   PAD
    0x20000180   0x000001c0   Data   RW         5036    .data               cs_handles.o
    0x20000340   0x0000019c   Data   RW         5100    .data               spectra.o
    0x200004dc   0x00000001   Data   RW         5135    .data               conversion.o
    0x200004dd   0x00000003   PAD
    0x200004e0   0x0000002c   Data   RW         5211    .data               tickfunctions.o
    0x2000050c   0x00000004   Data   RW         5574    .data               Comm_Layer.lib(dataparsermerger.o)
    0x20000510   0x00000004   Data   RW         5733    .data               mc_w.l(errno.o)
    0x20000514   0x00000080   Zero   RW            8    .bss                tim.o
    0x20000594   0x00000020   Zero   RW          175    .bss                rtc.o
    0x200005b4   0x0000004c   Zero   RW          217    .bss                quadspi.o
    0x20000600   0x000001f8   Zero   RW          447    .bss                adc.o
    0x200007f8   0x0000003c   Zero   RW          499    .bss                main.o
    0x20000834   0x00000070   Zero   RW          585    .bss                usart.o
    0x200008a4   0x00000064   Zero   RW          627    .bss                spi.o
    0x20000908   0x00000074   Zero   RW         4687    .bss                init_protection.o
    0x2000097c   0x00000058   Zero   RW         4688    .bss                init_protection.o
    0x200009d4   0x00000018   Zero   RW         4689    .bss                init_protection.o
    0x200009ec   0x00000138   Zero   RW         4706    .bss                fc50.o
    0x20000b24   0x00000054   Zero   RW         4735    .bss                fc50n.o
    0x20000b78   0x0000004c   Zero   RW         4757    .bss                fc51.o
    0x20000bc4   0x0000000c   Zero   RW         4758    .bss                fc51.o
    0x20000bd0   0x0000000c   Zero   RW         4759    .bss                fc51.o
    0x20000bdc   0x0000000c   Zero   RW         4760    .bss                fc51.o
    0x20000be8   0x00000020   Zero   RW         4782    .bss                fc51n.o
    0x20000c08   0x00000020   Zero   RW         4804    .bss                fc27.o
    0x20000c28   0x00000018   Zero   RW         4838    .bss                fc59.o
    0x20000c40   0x0000003c   Zero   RW         4861    .bss                fc46.o
    0x20000c7c   0x00000068   Zero   RW         4883    .bss                fc49.o
    0x20000ce4   0x00000024   Zero   RW         4914    .bss                fcbf.o
    0x20000d08   0x00000020   Zero   RW         4936    .bss                fc37.o
    0x20000d28   0x0000010c   Zero   RW         4959    .bss                fcunb.o
    0x20000e34   0x000002cc   Zero   RW         4990    .bss                fcpvp.o
    0x20001100   0x00000118   Zero   RW         5012    .bss                pickup_handles.o
    0x20001218   0x000013f8   Zero   RW         5035    .bss                cs_handles.o
    0x20002610   0x000009d8   Zero   RW         5076    .bss                truerms.o
    0x20002fe8   0x00000438   Zero   RW         5099    .bss                spectra.o
    0x20003420   0x0000012c   Zero   RW         5134    .bss                conversion.o
    0x2000354c   0x00000010   Zero   RW         5188    .bss                powersysdata.o
    0x2000355c   0x00001790   Zero   RW         5333    .bss                Comm_Layer.lib(spi_masterslave.o)
    0x20004cec   0x00000bc0   Zero   RW         5517    .bss                Comm_Layer.lib(uart_masterslave.o)
    0x200058ac   0x00000004   PAD
    0x200058b0   0x00000400   Zero   RW          867    STACK               startup_stm32f767xx.o


==============================================================================

Image component sizes


      Code (inc. data)   RO Data    RW Data    ZI Data      Debug   Object Name

      1076        136          0          0        504       3817   adc.o
       432         12          0          1        300       5051   conversion.o
      1160         94          0        448       5112       7332   cs_handles.o
        44          4          0          0          0        782   dma.o
       240         48         16         24         32       2431   fc27.o
       206         36          0         48         32       1623   fc37.o
       196         36         36          0         60       1515   fc46.o
       528         34         36         72        104       2401   fc49.o
       732         88         16          0        312       5639   fc50.o
       152         32         16          0         84       1512   fc50n.o
       356         42         20          0        112       1787   fc51.o
       160         40         20          0         32       1332   fc51n.o
       272         54         12         48         24       1687   fc59.o
       144         26         24          0         36       1290   fcbf.o
       484         40         32         28        716       2089   fcpvp.o
       640         94         20         16        268       2513   fcunb.o
       568         38          0          0          0       1263   gpio.o
         0          0          0        133        228       4090   init_protection.o
        54          0          0          0          0        528   initfunctions.o
       370         34          0          0         60       2929   main.o
      1652         58          0          0          0       9675   measurement_functions.o
      2416        308          0          1        280       7395   pickup_handles.o
         0          0          0          0         16        722   powersysdata.o
      2634        148          0          0          0      16465   protection_functions.o
       220         48          0          0         76       1769   quadspi.o
       108         30          0          0         32       1491   rtc.o
       180         42          0        412       1080       2253   spectra.o
       200         36          0          0        100       1713   spi.o
        36          8        504          0       1024        816   startup_stm32f767xx.o
        90         18          0          4          0       3279   stm32f7xx_hal.o
      1120         44          0          0          0       4858   stm32f7xx_hal_adc.o
       600         34          0          0          0       4378   stm32f7xx_hal_adc_ex.o
       228         14          0          0          0      36773   stm32f7xx_hal_cortex.o
      1048         28          8          0          0       5186   stm32f7xx_hal_dma.o
       636         24          0          0          0       3740   stm32f7xx_hal_gpio.o
        88          0          0          0          0        542   stm32f7xx_hal_msp.o
       124          8          0          0          0       1284   stm32f7xx_hal_pwr_ex.o
       292          4          0          0          0       2924   stm32f7xx_hal_qspi.o
      1576        112          0          0          0       5906   stm32f7xx_hal_rcc.o
      1504         36          0          0          0       2344   stm32f7xx_hal_rcc_ex.o
       202          0          0          0          0       1617   stm32f7xx_hal_rtc.o
      1218         14          0          0          0       9275   stm32f7xx_hal_spi.o
      1148         20          0          0          0       9983   stm32f7xx_hal_tim.o
        98          0          0          0          0       2814   stm32f7xx_hal_tim_ex.o
      2058         42          0          0          0       9260   stm32f7xx_hal_uart.o
       118         36          0          0          0       7652   stm32f7xx_it.o
        96         20         24          4          0       1267   system_stm32f7xx.o
       150         10          0         44          0       5648   tickfunctions.o
       316         60          0          0        128     902239   tim.o
         0          0          0          0       2520       4188   truerms.o
       180         32          0          0        112       1734   usart.o

    ----------------------------------------------------------------------
     28186       2122        816       1292      13384    1120801   Object Totals
         0          0         32          0          0          0   (incl. Generated)
        36          0          0          9          0          0   (incl. Padding)

    ----------------------------------------------------------------------

      Code (inc. data)   RO Data    RW Data    ZI Data      Debug   Library Member Name

       382          8          0          4          0       4170   dataparsermerger.o
      1002         28          0          0       6032     704318   spi_masterslave.o
       592         42          0          0       3008       6554   uart_masterslave.o
       600         98          0          0          0        184   atan2f.o
       224         42         48          0          0        184   cos_i.o
        48         28          0          0          0        232   dunder.o
        24          0          0          0          0        124   fabs.o
        48          0          0          0          0        124   fpclassify.o
        38          0          0          0          0        116   fpclassifyf.o
        78         28          0          0          0        580   funder.o
       112          0          0          0          0        116   poly.o
      1624        130        320          0          0        400   powf.o
       784        138        200          0          0        172   rred.o
       176         18          0          0          0        160   sin.o
       168         24         40          0          0        196   sin_i.o
        58          0          0          0          0        136   sqrtf.o
        94          0          0          0          0          0   __dclz77c.o
         0          0          0          0          0          0   entry.o
         0          0          0          0          0          0   entry10a.o
         0          0          0          0          0          0   entry11a.o
         8          4          0          0          0          0   entry2.o
         4          0          0          0          0          0   entry5.o
         0          0          0          0          0          0   entry7b.o
         0          0          0          0          0          0   entry8b.o
         8          4          0          0          0          0   entry9a.o
        12          6          0          4          0         68   errno.o
        30          0          0          0          0          0   handlers.o
        36          8          0          0          0         68   init.o
         0          0          0          0          0          0   iusefp.o
         4          0          0          0          0         68   fpstat.o

    ----------------------------------------------------------------------
      6174        610        608          8       9044     717970   Library Totals
        20          4          0          0          4          0   (incl. Padding)

    ----------------------------------------------------------------------

      Code (inc. data)   RO Data    RW Data    ZI Data      Debug   Library Name

      1976         78          0          4       9040     715042   Comm_Layer.lib
      3982        506        608          0          0       2724   m_wv.l
       192         22          0          4          0        136   mc_w.l
         4          0          0          0          0         68   mf_w.l

    ----------------------------------------------------------------------
      6174        610        608          8       9044     717970   Library Totals

    ----------------------------------------------------------------------

==============================================================================


      Code (inc. data)   RO Data    RW Data    ZI Data      Debug   

     34360       2732       1424       1300      22428    1819503   Grand Totals
     34360       2732       1424        472      22428    1819503   ELF Image Totals (compressed)
     34360       2732       1424        472          0          0   ROM Totals

==============================================================================

    Total RO  Size (Code + RO Data)                35784 (  34.95kB)
    Total RW  Size (RW Data + ZI Data)             23728 (  23.17kB)
    Total ROM Size (Code + RO Data + RW Data)      36256 (  35.41kB)

==============================================================================

