Component: ARM Compiler 5.06 update 3 (build 300) Tool: armlink [4d35c9]

==============================================================================

Section Cross References

    tim.o(i.HAL_TIM_Base_MspDeInit) refers to stm32f7xx_hal_cortex.o(i.HAL_NVIC_DisableIRQ) for HAL_NVIC_DisableIRQ
    tim.o(i.HAL_TIM_Base_MspInit) refers to stm32f7xx_hal_cortex.o(i.HAL_NVIC_SetPriority) for HAL_NVIC_SetPriority
    tim.o(i.HAL_TIM_Base_MspInit) refers to stm32f7xx_hal_cortex.o(i.HAL_NVIC_EnableIRQ) for HAL_NVIC_EnableIRQ
    tim.o(i.MX_TIM1_Init) refers to stm32f7xx_hal_tim.o(i.HAL_TIM_Base_Init) for HAL_TIM_Base_Init
    tim.o(i.MX_TIM1_Init) refers to main.o(i._Error_Handler) for _Error_Handler
    tim.o(i.MX_TIM1_Init) refers to stm32f7xx_hal_tim.o(i.HAL_TIM_ConfigClockSource) for HAL_TIM_ConfigClockSource
    tim.o(i.MX_TIM1_Init) refers to stm32f7xx_hal_tim_ex.o(i.HAL_TIMEx_MasterConfigSynchronization) for HAL_TIMEx_MasterConfigSynchronization
    tim.o(i.MX_TIM1_Init) refers to tim.o(.bss) for .bss
    tim.o(i.MX_TIM6_Init) refers to stm32f7xx_hal_tim.o(i.HAL_TIM_Base_Init) for HAL_TIM_Base_Init
    tim.o(i.MX_TIM6_Init) refers to main.o(i._Error_Handler) for _Error_Handler
    tim.o(i.MX_TIM6_Init) refers to stm32f7xx_hal_tim_ex.o(i.HAL_TIMEx_MasterConfigSynchronization) for HAL_TIMEx_MasterConfigSynchronization
    tim.o(i.MX_TIM6_Init) refers to tim.o(.bss) for .bss
    rtc.o(i.MX_RTC_Init) refers to stm32f7xx_hal_rtc.o(i.HAL_RTC_Init) for HAL_RTC_Init
    rtc.o(i.MX_RTC_Init) refers to main.o(i._Error_Handler) for _Error_Handler
    rtc.o(i.MX_RTC_Init) refers to rtc.o(.bss) for .bss
    quadspi.o(i.HAL_QSPI_MspDeInit) refers to stm32f7xx_hal_gpio.o(i.HAL_GPIO_DeInit) for HAL_GPIO_DeInit
    quadspi.o(i.HAL_QSPI_MspInit) refers to stm32f7xx_hal_gpio.o(i.HAL_GPIO_Init) for HAL_GPIO_Init
    quadspi.o(i.MX_QUADSPI_Init) refers to stm32f7xx_hal_qspi.o(i.HAL_QSPI_Init) for HAL_QSPI_Init
    quadspi.o(i.MX_QUADSPI_Init) refers to main.o(i._Error_Handler) for _Error_Handler
    quadspi.o(i.MX_QUADSPI_Init) refers to quadspi.o(.bss) for .bss
    dma.o(i.MX_DMA_Init) refers to stm32f7xx_hal_cortex.o(i.HAL_NVIC_SetPriority) for HAL_NVIC_SetPriority
    dma.o(i.MX_DMA_Init) refers to stm32f7xx_hal_cortex.o(i.HAL_NVIC_EnableIRQ) for HAL_NVIC_EnableIRQ
    stm32f7xx_hal_msp.o(i.HAL_MspInit) refers to stm32f7xx_hal_cortex.o(i.HAL_NVIC_SetPriorityGrouping) for HAL_NVIC_SetPriorityGrouping
    stm32f7xx_hal_msp.o(i.HAL_MspInit) refers to stm32f7xx_hal_cortex.o(i.HAL_NVIC_SetPriority) for HAL_NVIC_SetPriority
    stm32f7xx_it.o(i.DMA2_Stream0_IRQHandler) refers to stm32f7xx_hal_dma.o(i.HAL_DMA_IRQHandler) for HAL_DMA_IRQHandler
    stm32f7xx_it.o(i.DMA2_Stream0_IRQHandler) refers to adc.o(.bss) for hdma_adc1
    stm32f7xx_it.o(i.DMA2_Stream1_IRQHandler) refers to stm32f7xx_hal_dma.o(i.HAL_DMA_IRQHandler) for HAL_DMA_IRQHandler
    stm32f7xx_it.o(i.DMA2_Stream1_IRQHandler) refers to adc.o(.bss) for hdma_adc3
    stm32f7xx_it.o(i.DMA2_Stream2_IRQHandler) refers to stm32f7xx_hal_dma.o(i.HAL_DMA_IRQHandler) for HAL_DMA_IRQHandler
    stm32f7xx_it.o(i.DMA2_Stream2_IRQHandler) refers to adc.o(.bss) for hdma_adc2
    stm32f7xx_it.o(i.EXTI15_10_IRQHandler) refers to stm32f7xx_hal_gpio.o(i.HAL_GPIO_EXTI_IRQHandler) for HAL_GPIO_EXTI_IRQHandler
    stm32f7xx_it.o(i.EXTI15_10_IRQHandler) refers to main.o(.data) for incoming_data_flag
    stm32f7xx_it.o(i.SPI2_IRQHandler) refers to stm32f7xx_hal_spi.o(i.HAL_SPI_IRQHandler) for HAL_SPI_IRQHandler
    stm32f7xx_it.o(i.SPI2_IRQHandler) refers to spi.o(.bss) for hspi2
    stm32f7xx_it.o(i.SysTick_Handler) refers to stm32f7xx_hal.o(i.HAL_IncTick) for HAL_IncTick
    stm32f7xx_it.o(i.SysTick_Handler) refers to stm32f7xx_hal_cortex.o(i.HAL_SYSTICK_IRQHandler) for HAL_SYSTICK_IRQHandler
    stm32f7xx_it.o(i.SysTick_Handler) refers to uart_masterslave.o(i.uart_sysTickCallApp) for uart_sysTickCallApp
    stm32f7xx_it.o(i.SysTick_Handler) refers to spi_masterslave.o(i.spi_sysTickCallApp) for spi_sysTickCallApp
    stm32f7xx_it.o(i.TIM1_UP_TIM10_IRQHandler) refers to stm32f7xx_hal_tim.o(i.HAL_TIM_IRQHandler) for HAL_TIM_IRQHandler
    stm32f7xx_it.o(i.TIM1_UP_TIM10_IRQHandler) refers to tim.o(.bss) for htim1
    stm32f7xx_it.o(i.USART2_IRQHandler) refers to stm32f7xx_hal_uart.o(i.HAL_UART_IRQHandler) for HAL_UART_IRQHandler
    stm32f7xx_it.o(i.USART2_IRQHandler) refers to usart.o(.bss) for huart2
    adc.o(i.HAL_ADC_MspDeInit) refers to stm32f7xx_hal_gpio.o(i.HAL_GPIO_DeInit) for HAL_GPIO_DeInit
    adc.o(i.HAL_ADC_MspDeInit) refers to stm32f7xx_hal_dma.o(i.HAL_DMA_DeInit) for HAL_DMA_DeInit
    adc.o(i.HAL_ADC_MspInit) refers to stm32f7xx_hal_gpio.o(i.HAL_GPIO_Init) for HAL_GPIO_Init
    adc.o(i.HAL_ADC_MspInit) refers to stm32f7xx_hal_dma.o(i.HAL_DMA_Init) for HAL_DMA_Init
    adc.o(i.HAL_ADC_MspInit) refers to main.o(i._Error_Handler) for _Error_Handler
    adc.o(i.HAL_ADC_MspInit) refers to adc.o(.bss) for .bss
[...]
    .bss                                     0x20000554   Section       32  rtc.o(.bss)
    .bss                                     0x20000574   Section       76  quadspi.o(.bss)
    .bss                                     0x200005c0   Section      504  adc.o(.bss)
    .bss                                     0x200007b8   Section       60  main.o(.bss)
    .bss                                     0x200007f4   Section      112  usart.o(.bss)
    .bss                                     0x20000864   Section      100  spi.o(.bss)
    .bss                                     0x200008c8   Section      116  init_protection.o(.bss)
    .bss                                     0x2000093c   Section      312  fc50.o(.bss)
    .bss                                     0x20000a74   Section       84  fc50n.o(.bss)
    .bss                                     0x20000ac8   Section       88  fc51.o(.bss)
    .bss                                     0x20000b20   Section       12  fc51.o(.bss)
    .bss                                     0x20000b2c   Section       12  fc51.o(.bss)
    .bss                                     0x20000b38   Section       32  fc51n.o(.bss)
    .bss                                     0x20000b58   Section       32  fc27.o(.bss)
    .bss                                     0x20000b78   Section       24  fc59.o(.bss)
    .bss                                     0x20000b90   Section       60  fc46.o(.bss)
    .bss                                     0x20000bcc   Section      104  fc49.o(.bss)
    .bss                                     0x20000c34   Section       36  fcbf.o(.bss)
    .bss                                     0x20000c58   Section       32  fc37.o(.bss)
    .bss                                     0x20000c78   Section      268  fcunb.o(.bss)
    UNBa_buffer                              0x20000cb0   Data         100  fcunb.o(.bss)
    UNBb_buffer                              0x20000d14   Data         100  fcunb.o(.bss)
    .bss                                     0x20000d84   Section      716  fcpvp.o(.bss)
    peakBuffer                               0x20000dd8   Data         600  fcpvp.o(.bss)
    .bss                                     0x20001050   Section      296  pickup_handles.o(.bss)
    pick_buffer                              0x20001080   Data         248  pickup_handles.o(.bss)
    .bss                                     0x20001178   Section     5168  cs_handles.o(.bss)
    .bss                                     0x200025a8   Section     3120  truerms.o(.bss)
    .bss                                     0x200031d8   Section     1116  spectra.o(.bss)
    .bss                                     0x20003634   Section      240  conversion.o(.bss)
    .bss                                     0x20003724   Section       48  conversion.o(.bss)
    .bss                                     0x20003754   Section       36  powersysdata.o(.bss)
    .bss                                     0x20003778   Section     6032  spi_masterslave.o(.bss)
    .bss                                     0x20004f08   Section     3008  uart_masterslave.o(.bss)
    STACK                                    0x20005ac8   Section     2048  startup_stm32f767xx.o(STACK)

    Global Symbols

    Symbol Name                              Value     Ov Type        Size  Object(Section)

    Long Thumb to Thumb Veneer to __hardfp_sqrt 0x00000001   Thumb Code    10  anon$$obj.o(Veneer$$Code)
    BuildAttributes$$THM_ISAv4$E$P$D$K$B$S$7EM$VFPv5_D16$PE$PLD8$A:L22UL41UL21$X:L11$S22US41US21$IEEE1$IW$USESV6$~STKCKD$USESV7$~SHL$OTIME$ROPI$IEEEX$EBA8$MICROLIB$REQ8$PRES8$EABIv2 0x00000000   Number         0  anon$$obj.o ABSOLUTE
    __ARM_use_no_argv                        0x00000000   Number         0  main.o ABSOLUTE
    __cpp_initialize__aeabi_                  - Undefined Weak Reference
    __cxa_finalize                            - Undefined Weak Reference
    _clock_init                               - Undefined Weak Reference
    _microlib_exit                            - Undefined Weak Reference
    Long Thumb to Thumb Veneer to __hardfp_atan2 0x0000000b   Thumb Code    10  anon$$obj.o(Veneer$$Code)
    Long Thumb to Thumb Veneer to __hardfp_powf 0x00000015   Thumb Code    10  anon$$obj.o(Veneer$$Code)
    Long Thumb to Thumb Veneer to __hardfp_sqrtf 0x0000001f   Thumb Code    10  anon$$obj.o(Veneer$$Code)
    cs_computations                          0x00000029   Thumb Code   316  measurement_functions.o(i.cs_computations)
    cs_generation                            0x00000181   Thumb Code    78  measurement_functions.o(i.cs_generation)
    fc27                                     0x000001d1   Thumb Code   148  protection_functions.o(i.fc27)
    __Vectors_Size                           0x000001f8   Number         0  startup_stm32f767xx.o ABSOLUTE
    fc37                                     0x00000269   Thumb Code   138  protection_functions.o(i.fc37)
    fc46d                                    0x000002f9   Thumb Code   246  protection_functions.o(i.fc46d)
    fc46i                                    0x000003f9   Thumb Code   266  protection_functions.o(i.fc46i)
    fc49                                     0x00000519   Thumb Code    68  protection_functions.o(i.fc49)
    fc50                                     0x0000055d   Thumb Code   198  protection_functions.o(i.fc50)
    fc51                                     0x00000629   Thumb Code   226  protection_functions.o(i.fc51)
    fc59                                     0x0000071d   Thumb Code   116  protection_functions.o(i.fc59)
    fcBF                                     0x00000795   Thumb Code   248  protection_functions.o(i.fcBF)
    fcPVPd                                   0x00000891   Thumb Code   108  protection_functions.o(i.fcPVPd)
    fcPVPi                                   0x00000901   Thumb Code   196  protection_functions.o(i.fcPVPi)
    fcUNBd                                   0x000009e1   Thumb Code   108  protection_functions.o(i.fcUNBd)
    fcUNBi                                   0x00000a51   Thumb Code   196  protection_functions.o(i.fcUNBi)
    maxSelector_3p                           0x00000b35   Thumb Code    30  protection_functions.o(i.maxSelector_3p)
    off_delay                                0x00000b53   Thumb Code    56  protection_functions.o(i.off_delay)
    on_off_delay                             0x00000b8b   Thumb Code    38  protection_functions.o(i.on_off_delay)
    peak_detect_rms                          0x00000bb1   Thumb Code    78  measurement_functions.o(i.peak_detect_rms)
    pvp_filter                               0x00000c09   Thumb Code   114  measurement_functions.o(i.pvp_filter)
    signal_spectra                           0x00000c7d   Thumb Code   158  measurement_functions.o(i.signal_spectra)
    signal_thd                               0x00000d21   Thumb Code    92  measurement_functions.o(i.signal_thd)
    sym_comp                                 0x00000d85   Thumb Code   134  measurement_functions.o(i.sym_comp)
    sym_mag                                  0x00000e15   Thumb Code   378  measurement_functions.o(i.sym_mag)
    thermal_status                           0x00000f99   Thumb Code    80  measurement_functions.o(i.thermal_status)
    true_rms                                 0x00000fe9   Thumb Code    78  measurement_functions.o(i.true_rms)
    __Vectors                                0x08000000   Data           4  startup_stm32f767xx.o(RESET)
    __Vectors_End                            0x080001f8   Data           0  startup_stm32f767xx.o(RESET)
    __main                                   0x080001f9   Thumb Code     0  entry.o(.ARM.Collect$$$$00000000)
    _main_stk                                0x080001f9   Thumb Code     0  entry2.o(.ARM.Collect$$$$00000001)
    _main_scatterload                        0x080001fd   Thumb Code     0  entry5.o(.ARM.Collect$$$$00000004)
    __main_after_scatterload                 0x08000201   Thumb Code     0  entry5.o(.ARM.Collect$$$$00000004)
    _main_clock                              0x08000201   Thumb Code     0  entry7b.o(.ARM.Collect$$$$00000008)
    _main_cpp_init                           0x08000201   Thumb Code     0  entry8b.o(.ARM.Collect$$$$0000000A)
    _main_init                               0x08000201   Thumb Code     0  entry9a.o(.ARM.Collect$$$$0000000B)
    __rt_final_cpp                           0x08000209   Thumb Code     0  entry10a.o(.ARM.Collect$$$$0000000D)
    __rt_final_exit                          0x08000209   Thumb Code     0  entry11a.o(.ARM.Collect$$$$0000000F)
    Reset_Handler                            0x0800020d   Thumb Code     8  startup_stm32f767xx.o(.text)
    ADC_IRQHandler                           0x08000227   Thumb Code     0  startup_stm32f767xx.o(.text)
    CAN1_RX0_IRQHandler                      0x08000227   Thumb Code     0  startup_stm32f767xx.o(.text)
    CAN1_RX1_IRQHandler                      0x08000227   Thumb Code     0  startup_stm32f767xx.o(.text)
    CAN1_SCE_IRQHandler                      0x08000227   Thumb Code     0  startup_stm32f767xx.o(.text)
    CAN1_TX_IRQHandler                       0x08000227   Thumb Code     0  startup_stm32f767xx.o(.text)
    CAN2_RX0_IRQHandler                      0x08000227   Thumb Code     0  startup_stm32f767xx.o(.text)
    CAN2_RX1_IRQHandler                      0x08000227   Thumb Code     0  startup_stm32f767xx.o(.text)
    CAN2_SCE_IRQHandler                      0x08000227   Thumb Code     0  startup_stm32f767xx.o(.text)
    CAN2_TX_IRQHandler                       0x08000227   Thumb Code     0  startup_stm32f767xx.o(.text)
    CAN3_RX0_IRQHandler                      0x08000227   Thumb Code     0  startup_stm32f767xx.o(.text)
    CAN3_RX1_IRQHandler                      0x08000227   Thumb Code     0  startup_stm32f767xx.o(.text)
    CAN3_SCE_IRQHandler                      0x08000227   Thumb Code     0  startup_stm32f767xx.o(.text)
    CAN3_TX_IRQHandler                       0x08000227   Thumb Code     0  startup_stm32f767xx.o(.text)
    CEC_IRQHandler                           0x08000227   Thumb Code     0  startup_stm32f767xx.o(.text)
    DCMI_IRQHandler                          0x08000227   Thumb Code     0  startup_stm32f767xx.o(.text)
    DFSDM1_FLT0_IRQHandler                   0x08000227   Thumb Code     0  startup_stm32f767xx.o(.text)
    DFSDM1_FLT1_IRQHandler                   0x08000227   Thumb Code     0  startup_stm32f767xx.o(.text)
    DFSDM1_FLT2_IRQHandler                   0x08000227   Thumb Code     0  startup_stm32f767xx.o(.text)
    DFSDM1_FLT3_IRQHandler                   0x08000227   Thumb Code     0  startup_stm32f767xx.o(.text)
    DMA1_Stream0_IRQHandler                  0x08000227   Thumb Code     0  startup_stm32f767xx.o(.text)
    DMA1_Stream1_IRQHandler                  0x08000227   Thumb Code     0  startup_stm32f767xx.o(.text)
    DMA1_Stream2_IRQHandler                  0x08000227   Thumb Code     0  startup_stm32f767xx.o(.text)
    DMA1_Stream3_IRQHandler                  0x08000227   Thumb Code     0  startup_stm32f767xx.o(.text)
    DMA1_Stream4_IRQHandler                  0x08000227   Thumb Code     0  startup_stm32f767xx.o(.text)
    DMA1_Stream5_IRQHandler                  0x08000227   Thumb Code     0  startup_stm32f767xx.o(.text)
    DMA1_Stream6_IRQHandler                  0x08000227   Thumb Code     0  startup_stm32f767xx.o(.text)
    DMA1_Stream7_IRQHandler                  0x08000227   Thumb Code     0  startup_stm32f767xx.o(.text)
    DMA2D_IRQHandler                         0x08000227   Thumb Code     0  startup_stm32f767xx.o(.text)
    DMA2_Stream3_IRQHandler                  0x08000227   Thumb Code     0  startup_stm32f767xx.o(.text)
    DMA2_Stream4_IRQHandler                  0x08000227   Thumb Code     0  startup_stm32f767xx.o(.text)
    DMA2_Stream5_IRQHandler                  0x08000227   Thumb Code     0  startup_stm32f767xx.o(.text)
    DMA2_Stream6_IRQHandler                  0x08000227   Thumb Code     0  startup_stm32f767xx.o(.text)
    DMA2_Stream7_IRQHandler                  0x08000227   Thumb Code     0  startup_stm32f767xx.o(.text)
    ETH_IRQHandler                           0x08000227   Thumb Code     0  startup_stm32f767xx.o(.text)
    ETH_WKUP_IRQHandler                      0x08000227   Thumb Code     0  startup_stm32f767xx.o(.text)
    EXTI0_IRQHandler                         0x08000227   Thumb Code     0  startup_stm32f767xx.o(.text)
    EXTI1_IRQHandler                         0x08000227   Thumb Code     0  startup_stm32f767xx.o(.text)
    EXTI2_IRQHandler                         0x08000227   Thumb Code     0  startup_stm32f767xx.o(.text)
    EXTI3_IRQHandler                         0x08000227   Thumb Code     0  startup_stm32f767xx.o(.text)
    EXTI4_IRQHandler                         0x08000227   Thumb Code     0  startup_stm32f767xx.o(.text)
    EXTI9_5_IRQHandler                       0x08000227   Thumb Code     0  startup_stm32f767xx.o(.text)
    FLASH_IRQHandler                         0x08000227   Thumb Code     0  startup_stm32f767xx.o(.text)
    FMC_IRQHandler                           0x08000227   Thumb Code     0  startup_stm32f767xx.o(.text)
    FPU_IRQHandler                           0x08000227   Thumb Code     0  startup_stm32f767xx.o(.text)
    I2C1_ER_IRQHandler                       0x08000227   Thumb Code     0  startup_stm32f767xx.o(.text)
    I2C1_EV_IRQHandler                       0x08000227   Thumb Code     0  startup_stm32f767xx.o(.text)
    I2C2_ER_IRQHandler                       0x08000227   Thumb Code     0  startup_stm32f767xx.o(.text)
    I2C2_EV_IRQHandler                       0x08000227   Thumb Code     0  startup_stm32f767xx.o(.text)
    I2C3_ER_IRQHandler                       0x08000227   Thumb Code     0  startup_stm32f767xx.o(.text)
    I2C3_EV_IRQHandler                       0x08000227   Thumb Code     0  startup_stm32f767xx.o(.text)
    I2C4_ER_IRQHandler                       0x08000227   Thumb Code     0  startup_stm32f767xx.o(.text)
    I2C4_EV_IRQHandler                       0x08000227   Thumb Code     0  startup_stm32f767xx.o(.text)
    JPEG_IRQHandler                          0x08000227   Thumb Code     0  startup_stm32f767xx.o(.text)
    LPTIM1_IRQHandler                        0x08000227   Thumb Code     0  startup_stm32f767xx.o(.text)
    LTDC_ER_IRQHandler                       0x08000227   Thumb Code     0  startup_stm32f767xx.o(.text)
    LTDC_IRQHandler                          0x08000227   Thumb Code     0  startup_stm32f767xx.o(.text)
    MDIOS_IRQHandler                         0x08000227   Thumb Code     0  startup_stm32f767xx.o(.text)
    OTG_FS_IRQHandler                        0x08000227   Thumb Code     0  startup_stm32f767xx.o(.text)
    OTG_FS_WKUP_IRQHandler                   0x08000227   Thumb Code     0  startup_stm32f767xx.o(.text)
    OTG_HS_EP1_IN_IRQHandler                 0x08000227   Thumb Code     0  startup_stm32f767xx.o(.text)
    OTG_HS_EP1_OUT_IRQHandler                0x08000227   Thumb Code     0  startup_stm32f767xx.o(.text)
    OTG_HS_IRQHandler                        0x08000227   Thumb Code     0  startup_stm32f767xx.o(.text)
    OTG_HS_WKUP_IRQHandler                   0x08000227   Thumb Code     0  startup_stm32f767xx.o(.text)
    PVD_IRQHandler                           0x08000227   Thumb Code     0  startup_stm32f767xx.o(.text)
    QUADSPI_IRQHandler                       0x08000227   Thumb Code     0  startup_stm32f767xx.o(.text)
    RCC_IRQHandler                           0x08000227   Thumb Code     0  startup_stm32f767xx.o(.text)
    RNG_IRQHandler                           0x08000227   Thumb Code     0  startup_stm32f767xx.o(.text)
    RTC_Alarm_IRQHandler                     0x08000227   Thumb Code     0  startup_stm32f767xx.o(.text)
    RTC_WKUP_IRQHandler                      0x08000227   Thumb Code     0  startup_stm32f767xx.o(.text)
    SAI1_IRQHandler                          0x08000227   Thumb Code     0  startup_stm32f767xx.o(.text)
    SAI2_IRQHandler                          0x08000227   Thumb Code     0  startup_stm32f767xx.o(.text)
    SDMMC1_IRQHandler                        0x08000227   Thumb Code     0  startup_stm32f767xx.o(.text)
    SDMMC2_IRQHandler                        0x08000227   Thumb Code     0  startup_stm32f767xx.o(.text)
    SPDIF_RX_IRQHandler                      0x08000227   Thumb Code     0  startup_stm32f767xx.o(.text)
    SPI1_IRQHandler                          0x08000227   Thumb Code     0  startup_stm32f767xx.o(.text)
    SPI3_IRQHandler                          0x08000227   Thumb Code     0  startup_stm32f767xx.o(.text)
    SPI4_IRQHandler                          0x08000227   Thumb Code     0  startup_stm32f767xx.o(.text)
    SPI5_IRQHandler                          0x08000227   Thumb Code     0  startup_stm32f767xx.o(.text)
    SPI6_IRQHandler                          0x08000227   Thumb Code     0  startup_stm32f767xx.o(.text)
    TAMP_STAMP_IRQHandler                    0x08000227   Thumb Code     0  startup_stm32f767xx.o(.text)
    TIM1_BRK_TIM9_IRQHandler                 0x08000227   Thumb Code     0  startup_stm32f767xx.o(.text)
    TIM1_CC_IRQHandler                       0x08000227   Thumb Code     0  startup_stm32f767xx.o(.text)
    TIM1_TRG_COM_TIM11_IRQHandler            0x08000227   Thumb Code     0  startup_stm32f767xx.o(.text)
    TIM2_IRQHandler                          0x08000227   Thumb Code     0  startup_stm32f767xx.o(.text)
    TIM3_IRQHandler                          0x08000227   Thumb Code     0  startup_stm32f767xx.o(.text)
    TIM4_IRQHandler                          0x08000227   Thumb Code     0  startup_stm32f767xx.o(.text)
    TIM5_IRQHandler                          0x08000227   Thumb Code     0  startup_stm32f767xx.o(.text)
    TIM6_DAC_IRQHandler                      0x08000227   Thumb Code     0  startup_stm32f767xx.o(.text)
    TIM7_IRQHandler                          0x08000227   Thumb Code     0  startup_stm32f767xx.o(.text)
    TIM8_BRK_TIM12_IRQHandler                0x08000227   Thumb Code     0  startup_stm32f767xx.o(.text)
    TIM8_CC_IRQHandler                       0x08000227   Thumb Code     0  startup_stm32f767xx.o(.text)
    TIM8_TRG_COM_TIM14_IRQHandler            0x08000227   Thumb Code     0  startup_stm32f767xx.o(.text)
    TIM8_UP_TIM13_IRQHandler                 0x08000227   Thumb Code     0  startup_stm32f767xx.o(.text)
    UART4_IRQHandler                         0x08000227   Thumb Code     0  startup_stm32f767xx.o(.text)
    UART5_IRQHandler                         0x08000227   Thumb Code     0  startup_stm32f767xx.o(.text)
    UART7_IRQHandler                         0x08000227   Thumb Code     0  startup_stm32f767xx.o(.text)
    UART8_IRQHandler                         0x08000227   Thumb Code     0  startup_stm32f767xx.o(.text)
    USART1_IRQHandler                        0x08000227   Thumb Code     0  startup_stm32f767xx.o(.text)
    USART3_IRQHandler                        0x08000227   Thumb Code     0  startup_stm32f767xx.o(.text)
    USART6_IRQHandler                        0x08000227   Thumb Code     0  startup_stm32f767xx.o(.text)
    WWDG_IRQHandler                          0x08000227   Thumb Code     0  startup_stm32f767xx.o(.text)
    __aeabi_memcpy                           0x08000231   Thumb Code    36  memcpya.o(.text)
    __aeabi_memcpy4                          0x08000231   Thumb Code     0  memcpya.o(.text)
    __aeabi_memcpy8                          0x08000231   Thumb Code     0  memcpya.o(.text)
    __I$use$fp                               0x08000255   Thumb Code     0  iusefp.o(.text)
    __fp_status                              0x08000255   Thumb Code     4  fpstat.o(.text)
    __ieee_status                            0x08000255   Thumb Code     0  fpstat.o(.text)
    __scatterload                            0x08000259   Thumb Code    28  init.o(.text)
    __scatterload_rt2                        0x08000259   Thumb Code     0  init.o(.text)
    __decompress                             0x0800027d   Thumb Code     0  __dclz77c.o(.text)
    __decompress2                            0x0800027d   Thumb Code    94  __dclz77c.o(.text)
    Long Thumb to Thumb Veneer to cs_generation 0x080002db   Thumb Code    10  anon$$obj.o(Veneer$$Code)
    Long Thumb to Thumb Veneer to cs_computations 0x080002e5   Thumb Code    10  anon$$obj.o(Veneer$$Code)
    Long Thumb to Thumb Veneer to sym_comp   0x080002ef   Thumb Code    10  anon$$obj.o(Veneer$$Code)
    Long Thumb to Thumb Veneer to sym_mag    0x080002f9   Thumb Code    10  anon$$obj.o(Veneer$$Code)
    Long Thumb to Thumb Veneer to on_off_delay 0x08000303   Thumb Code    10  anon$$obj.o(Veneer$$Code)
    Long Thumb to Thumb Veneer to fc27       0x0800030d   Thumb Code    10  anon$$obj.o(Veneer$$Code)
    Long Thumb to Thumb Veneer to maxSelector_3p 0x08000317   Thumb Code    10  anon$$obj.o(Veneer$$Code)
    Long Thumb to Thumb Veneer to off_delay  0x08000321   Thumb Code    10  anon$$obj.o(Veneer$$Code)
    Long Thumb to Thumb Veneer to fc37       0x0800032b   Thumb Code    10  anon$$obj.o(Veneer$$Code)
    Long Thumb to Thumb Veneer to fc46d      0x08000335   Thumb Code    10  anon$$obj.o(Veneer$$Code)
    Long Thumb to Thumb Veneer to fc46i      0x0800033f   Thumb Code    10  anon$$obj.o(Veneer$$Code)
    Long Thumb to Thumb Veneer to thermal_status 0x08000349   Thumb Code    10  anon$$obj.o(Veneer$$Code)
    Long Thumb to Thumb Veneer to fc49       0x08000353   Thumb Code    10  anon$$obj.o(Veneer$$Code)
    Long Thumb to Thumb Veneer to fc50       0x0800035d   Thumb Code    10  anon$$obj.o(Veneer$$Code)
    Long Thumb to Thumb Veneer to fc51       0x08000367   Thumb Code    10  anon$$obj.o(Veneer$$Code)
    Long Thumb to Thumb Veneer to fc59       0x08000371   Thumb Code    10  anon$$obj.o(Veneer$$Code)
    Long Thumb to Thumb Veneer to fcBF       0x0800037b   Thumb Code    10  anon$$obj.o(Veneer$$Code)
    Long Thumb to Thumb Veneer to pvp_filter 0x08000385   Thumb Code    10  anon$$obj.o(Veneer$$Code)
    Long Thumb to Thumb Veneer to peak_detect_rms 0x0800038f   Thumb Code    10  anon$$obj.o(Veneer$$Code)
    Long Thumb to Thumb Veneer to fcPVPd     0x08000399   Thumb Code    10  anon$$obj.o(Veneer$$Code)
    Long Thumb to Thumb Veneer to fcPVPi     0x080003a3   Thumb Code    10  anon$$obj.o(Veneer$$Code)
    Long Thumb to Thumb Veneer to true_rms   0x080003ad   Thumb Code    10  anon$$obj.o(Veneer$$Code)
    Long Thumb to Thumb Veneer to fcUNBd     0x080003b7   Thumb Code    10  anon$$obj.o(Veneer$$Code)
    Long Thumb to Thumb Veneer to fcUNBi     0x080003c1   Thumb Code    10  anon$$obj.o(Veneer$$Code)
    Long Thumb to Thumb Veneer to signal_spectra 0x080003cb   Thumb Code    10  anon$$obj.o(Veneer$$Code)
    Long Thumb to Thumb Veneer to signal_thd 0x080003d5   Thumb Code    10  anon$$obj.o(Veneer$$Code)
    BusFault_Handler                         0x0800057f   Thumb Code     2  stm32f7xx_it.o(i.BusFault_Handler)
    DMA2_Stream0_IRQHandler                  0x08000581   Thumb Code     6  stm32f7xx_it.o(i.DMA2_Stream0_IRQHandler)
    DMA2_Stream1_IRQHandler                  0x0800058d   Thumb Code     6  stm32f7xx_it.o(i.DMA2_Stream1_IRQHandler)
    DMA2_Stream2_IRQHandler                  0x08000599   Thumb Code     6  stm32f7xx_it.o(i.DMA2_Stream2_IRQHandler)
    DebugMon_Handler                         0x08000649   Thumb Code     2  stm32f7xx_it.o(i.DebugMon_Handler)
    EXTI15_10_IRQHandler                     0x0800064d   Thumb Code    12  stm32f7xx_it.o(i.EXTI15_10_IRQHandler)
    HAL_ADCEx_MultiModeConfigChannel         0x0800065d   Thumb Code   102  stm32f7xx_hal_adc_ex.o(i.HAL_ADCEx_MultiModeConfigChannel)
    HAL_ADCEx_MultiModeStart_DMA             0x080006c9   Thumb Code   226  stm32f7xx_hal_adc_ex.o(i.HAL_ADCEx_MultiModeStart_DMA)
    HAL_ADC_ConfigChannel                    0x080007c9   Thumb Code   340  stm32f7xx_hal_adc.o(i.HAL_ADC_ConfigChannel)
    HAL_ADC_ConvCpltCallback                 0x0800092d   Thumb Code   448  conversion.o(i.HAL_ADC_ConvCpltCallback)
    HAL_ADC_ConvHalfCpltCallback             0x08000b01   Thumb Code     2  stm32f7xx_hal_adc.o(i.HAL_ADC_ConvHalfCpltCallback)
    HAL_ADC_ErrorCallback                    0x08000b03   Thumb Code     2  stm32f7xx_hal_adc.o(i.HAL_ADC_ErrorCallback)
    HAL_ADC_Init                             0x08000b05   Thumb Code    84  stm32f7xx_hal_adc.o(i.HAL_ADC_Init)
    HAL_ADC_MspInit                          0x08000b59   Thumb Code   350  adc.o(i.HAL_ADC_MspInit)
    HAL_ADC_Start                            0x08000ced   Thumb Code   170  stm32f7xx_hal_adc.o(i.HAL_ADC_Start)
    HAL_DMA_Abort_IT                         0x08000da5   Thumb Code    36  stm32f7xx_hal_dma.o(i.HAL_DMA_Abort_IT)
    HAL_DMA_IRQHandler                       0x08000dc9   Thumb Code   416  stm32f7xx_hal_dma.o(i.HAL_DMA_IRQHandler)
    HAL_DMA_Init                             0x08000f71   Thumb Code   206  stm32f7xx_hal_dma.o(i.HAL_DMA_Init)
    HAL_DMA_Start_IT                         0x08001045   Thumb Code   120  stm32f7xx_hal_dma.o(i.HAL_DMA_Start_IT)
    HAL_GPIO_EXTI_Callback                   0x080010bd   Thumb Code     2  stm32f7xx_hal_gpio.o(i.HAL_GPIO_EXTI_Callback)
    HAL_GPIO_EXTI_IRQHandler                 0x080010c1   Thumb Code    18  stm32f7xx_hal_gpio.o(i.HAL_GPIO_EXTI_IRQHandler)
    HAL_GPIO_Init                            0x080010d9   Thumb Code   422  stm32f7xx_hal_gpio.o(i.HAL_GPIO_Init)
    HAL_GPIO_ReadPin                         0x080012b5   Thumb Code    10  stm32f7xx_hal_gpio.o(i.HAL_GPIO_ReadPin)
    HAL_GPIO_WritePin                        0x080012bf   Thumb Code    10  stm32f7xx_hal_gpio.o(i.HAL_GPIO_WritePin)
    HAL_GetTick                              0x080012c9   Thumb Code     6  stm32f7xx_hal.o(i.HAL_GetTick)
    HAL_IncTick                              0x080012d5   Thumb Code    10  stm32f7xx_hal.o(i.HAL_IncTick)
    HAL_Init                                 0x080012e5   Thumb Code    22  stm32f7xx_hal.o(i.HAL_Init)
    HAL_InitTick                             0x080012fd   Thumb Code    34  stm32f7xx_hal.o(i.HAL_InitTick)
    HAL_MspInit                              0x08001325   Thumb Code    88  stm32f7xx_hal_msp.o(i.HAL_MspInit)
    HAL_NVIC_EnableIRQ                       0x0800137d   Thumb Code    22  stm32f7xx_hal_cortex.o(i.HAL_NVIC_EnableIRQ)
    HAL_NVIC_SetPriority                     0x08001395   Thumb Code    60  stm32f7xx_hal_cortex.o(i.HAL_NVIC_SetPriority)
    HAL_NVIC_SetPriorityGrouping             0x080013d5   Thumb Code    26  stm32f7xx_hal_cortex.o(i.HAL_NVIC_SetPriorityGrouping)
    HAL_PWREx_EnableOverDrive                0x080013f9   Thumb Code    98  stm32f7xx_hal_pwr_ex.o(i.HAL_PWREx_EnableOverDrive)
    HAL_QSPI_Init                            0x08001465   Thumb Code   174  stm32f7xx_hal_qspi.o(i.HAL_QSPI_Init)
    HAL_QSPI_MspInit                         0x0800151d   Thumb Code   102  quadspi.o(i.HAL_QSPI_MspInit)
    HAL_RCCEx_PeriphCLKConfig                0x08001595   Thumb Code  1332  stm32f7xx_hal_rcc_ex.o(i.HAL_RCCEx_PeriphCLKConfig)
    HAL_RCC_ClockConfig                      0x08001acd   Thumb Code   268  stm32f7xx_hal_rcc.o(i.HAL_RCC_ClockConfig)
    HAL_RCC_GetHCLKFreq                      0x08001be9   Thumb Code     6  stm32f7xx_hal_rcc.o(i.HAL_RCC_GetHCLKFreq)
    HAL_RCC_GetPCLK1Freq                     0x08001bf5   Thumb Code    20  stm32f7xx_hal_rcc.o(i.HAL_RCC_GetPCLK1Freq)
    HAL_RCC_GetPCLK2Freq                     0x08001c15   Thumb Code    20  stm32f7xx_hal_rcc.o(i.HAL_RCC_GetPCLK2Freq)
    HAL_RCC_GetSysClockFreq                  0x08001c35   Thumb Code    78  stm32f7xx_hal_rcc.o(i.HAL_RCC_GetSysClockFreq)
    HAL_RCC_OscConfig                        0x08001c91   Thumb Code   790  stm32f7xx_hal_rcc.o(i.HAL_RCC_OscConfig)
    HAL_RTC_Init                             0x08001fb5   Thumb Code   150  stm32f7xx_hal_rtc.o(i.HAL_RTC_Init)
    HAL_RTC_MspInit                          0x08002051   Thumb Code    20  rtc.o(i.HAL_RTC_MspInit)
    HAL_SPI_ErrorCallback                    0x0800206d   Thumb Code     2  stm32f7xx_hal_spi.o(i.HAL_SPI_ErrorCallback)
    HAL_SPI_IRQHandler                       0x08002071   Thumb Code   208  stm32f7xx_hal_spi.o(i.HAL_SPI_IRQHandler)
    HAL_SPI_Init                             0x08002145   Thumb Code   182  stm32f7xx_hal_spi.o(i.HAL_SPI_Init)
    HAL_SPI_MspInit                          0x080021fd   Thumb Code    80  spi.o(i.HAL_SPI_MspInit)
    HAL_SPI_Transmit_IT                      0x08002259   Thumb Code   138  stm32f7xx_hal_spi.o(i.HAL_SPI_Transmit_IT)
    HAL_SPI_TxCpltCallback                   0x080022ed   Thumb Code    22  spi_masterslave.o(i.HAL_SPI_TxCpltCallback)
    HAL_SYSTICK_CLKSourceConfig              0x0800230d   Thumb Code    24  stm32f7xx_hal_cortex.o(i.HAL_SYSTICK_CLKSourceConfig)
    HAL_SYSTICK_Callback                     0x08002325   Thumb Code     2  stm32f7xx_hal_cortex.o(i.HAL_SYSTICK_Callback)
    HAL_SYSTICK_Config                       0x08002327   Thumb Code    40  stm32f7xx_hal_cortex.o(i.HAL_SYSTICK_Config)
    HAL_SYSTICK_IRQHandler                   0x0800234f   Thumb Code     8  stm32f7xx_hal_cortex.o(i.HAL_SYSTICK_IRQHandler)
    HAL_TIMEx_BreakCallback                  0x08002357   Thumb Code     2  stm32f7xx_hal_tim_ex.o(i.HAL_TIMEx_BreakCallback)
    HAL_TIMEx_CommutationCallback            0x08002359   Thumb Code     2  stm32f7xx_hal_tim_ex.o(i.HAL_TIMEx_CommutationCallback)
    HAL_TIMEx_MasterConfigSynchronization    0x0800235d   Thumb Code    78  stm32f7xx_hal_tim_ex.o(i.HAL_TIMEx_MasterConfigSynchronization)
    HAL_TIM_Base_Init                        0x080023b5   Thumb Code    54  stm32f7xx_hal_tim.o(i.HAL_TIM_Base_Init)
    HAL_TIM_Base_MspInit                     0x080023ed   Thumb Code    76  tim.o(i.HAL_TIM_Base_MspInit)
    HAL_TIM_Base_Start_IT                    0x08002445   Thumb Code    24  stm32f7xx_hal_tim.o(i.HAL_TIM_Base_Start_IT)
    HAL_TIM_ConfigClockSource                0x0800245d   Thumb Code   244  stm32f7xx_hal_tim.o(i.HAL_TIM_ConfigClockSource)
    HAL_TIM_IC_CaptureCallback               0x08002555   Thumb Code     2  stm32f7xx_hal_tim.o(i.HAL_TIM_IC_CaptureCallback)
    HAL_TIM_IRQHandler                       0x08002557   Thumb Code   384  stm32f7xx_hal_tim.o(i.HAL_TIM_IRQHandler)
    HAL_TIM_OC_DelayElapsedCallback          0x080026d7   Thumb Code     2  stm32f7xx_hal_tim.o(i.HAL_TIM_OC_DelayElapsedCallback)
    HAL_TIM_PWM_PulseFinishedCallback        0x080026d9   Thumb Code     2  stm32f7xx_hal_tim.o(i.HAL_TIM_PWM_PulseFinishedCallback)
    HAL_TIM_PeriodElapsedCallback            0x080026db   Thumb Code     2  stm32f7xx_hal_tim.o(i.HAL_TIM_PeriodElapsedCallback)
    HAL_TIM_TriggerCallback                  0x080026dd   Thumb Code     2  stm32f7xx_hal_tim.o(i.HAL_TIM_TriggerCallback)
    HAL_UART_ErrorCallback                   0x080026df   Thumb Code     2  stm32f7xx_hal_uart.o(i.HAL_UART_ErrorCallback)
    HAL_UART_IRQHandler                      0x080026e1   Thumb Code   370  stm32f7xx_hal_uart.o(i.HAL_UART_IRQHandler)
    HAL_UART_Init                            0x08002859   Thumb Code   106  stm32f7xx_hal_uart.o(i.HAL_UART_Init)
    HAL_UART_MspInit                         0x080028c5   Thumb Code    78  usart.o(i.HAL_UART_MspInit)
    HAL_UART_Receive_IT                      0x08002921   Thumb Code   140  stm32f7xx_hal_uart.o(i.HAL_UART_Receive_IT)
    HAL_UART_RxCpltCallback                  0x080029ad   Thumb Code    66  uart_masterslave.o(i.HAL_UART_RxCpltCallback)
    HAL_UART_TxCpltCallback                  0x080029fd   Thumb Code    20  uart_masterslave.o(i.HAL_UART_TxCpltCallback)
    HardFault_Handler                        0x08002a19   Thumb Code     2  stm32f7xx_it.o(i.HardFault_Handler)
    MX_ADC1_Init                             0x08002a1d   Thumb Code   220  adc.o(i.MX_ADC1_Init)
    MX_ADC2_Init                             0x08002b11   Thumb Code   176  adc.o(i.MX_ADC2_Init)
    MX_ADC3_Init                             0x08002bd9   Thumb Code   178  adc.o(i.MX_ADC3_Init)
    MX_DMA_Init                              0x08002ca5   Thumb Code    40  dma.o(i.MX_DMA_Init)
    MX_GPIO_Init                             0x08002cd1   Thumb Code   514  gpio.o(i.MX_GPIO_Init)
    MX_QUADSPI_Init                          0x08002ef9   Thumb Code    52  quadspi.o(i.MX_QUADSPI_Init)
    MX_RTC_Init                              0x08002f49   Thumb Code    48  rtc.o(i.MX_RTC_Init)
    MX_SPI2_Init                             0x08002f91   Thumb Code    74  spi.o(i.MX_SPI2_Init)
    MX_TIM1_Init                             0x08002ff5   Thumb Code   100  tim.o(i.MX_TIM1_Init)
    MX_TIM6_Init                             0x08003071   Thumb Code    62  tim.o(i.MX_TIM6_Init)
    MX_USART2_UART_Init                      0x080030c9   Thumb Code    56  usart.o(i.MX_USART2_UART_Init)
    MemManage_Handler                        0x08003119   Thumb Code     2  stm32f7xx_it.o(i.MemManage_Handler)
    NMI_Handler                              0x0800311b   Thumb Code     2  stm32f7xx_it.o(i.NMI_Handler)
    PendSV_Handler                           0x0800313d   Thumb Code     2  stm32f7xx_it.o(i.PendSV_Handler)
    RTC_EnterInitMode                        0x08003187   Thumb Code    56  stm32f7xx_hal_rtc.o(i.RTC_EnterInitMode)
    SPI2_IRQHandler                          0x080031c1   Thumb Code     6  stm32f7xx_it.o(i.SPI2_IRQHandler)
    SVC_Handler                              0x080033dd   Thumb Code     2  stm32f7xx_it.o(i.SVC_Handler)
    SysTick_Handler                          0x080033df   Thumb Code    22  stm32f7xx_it.o(i.SysTick_Handler)
    SystemClock_Config                       0x080033f5   Thumb Code   186  main.o(i.SystemClock_Config)
    SystemInit                               0x080034b9   Thumb Code    66  system_stm32f7xx.o(i.SystemInit)
    TIM1_UP_TIM10_IRQHandler                 0x0800350d   Thumb Code     6  stm32f7xx_it.o(i.TIM1_UP_TIM10_IRQHandler)
    TIM_Base_SetConfig                       0x08003519   Thumb Code   156  stm32f7xx_hal_tim.o(i.TIM_Base_SetConfig)
    TIM_ETR_SetConfig                        0x080035e1   Thumb Code    20  stm32f7xx_hal_tim.o(i.TIM_ETR_SetConfig)
    UART_AdvFeatureConfig                    0x0800364b   Thumb Code   200  stm32f7xx_hal_uart.o(i.UART_AdvFeatureConfig)
    UART_CheckIdleState                      0x08003713   Thumb Code    64  stm32f7xx_hal_uart.o(i.UART_CheckIdleState)
    UART_SetConfig                           0x080037fd   Thumb Code   518  stm32f7xx_hal_uart.o(i.UART_SetConfig)
    UART_WaitOnFlagUntilTimeout              0x08003a35   Thumb Code    98  stm32f7xx_hal_uart.o(i.UART_WaitOnFlagUntilTimeout)
    USART2_IRQHandler                        0x08003a99   Thumb Code     6  stm32f7xx_it.o(i.USART2_IRQHandler)
    UsageFault_Handler                       0x08003aa5   Thumb Code     2  stm32f7xx_it.o(i.UsageFault_Handler)
    _Error_Handler                           0x08003aa7   Thumb Code     2  main.o(i._Error_Handler)
    __ARM_fpclassify                         0x08003aa9   Thumb Code    48  fpclassify.o(i.__ARM_fpclassify)
    __ARM_fpclassifyf                        0x08003ad9   Thumb Code    38  fpclassifyf.o(i.__ARM_fpclassifyf)
    __hardfp_atan                            0x08003b01   Thumb Code   402  atan.o(i.__hardfp_atan)
    __hardfp_atan2                           0x08003d01   Thumb Code   380  atan2.o(i.__hardfp_atan2)
    __hardfp_powf                            0x08003ec1   Thumb Code  1590  powf.o(i.__hardfp_powf)
    __mathlib_powf                           0x08003ec1   Thumb Code     0  powf.o(i.__hardfp_powf)
    __hardfp_sin                             0x08004519   Thumb Code   158  sin.o(i.__hardfp_sin)
    __hardfp_sqrt                            0x080045c9   Thumb Code   102  sqrt.o(i.__hardfp_sqrt)
    __hardfp_sqrtf                           0x0800462f   Thumb Code    58  sqrtf.o(i.__hardfp_sqrtf)
    __ieee754_rem_pio2                       0x08004669   Thumb Code   646  rred.o(i.__ieee754_rem_pio2)
    __kernel_cos                             0x08004979   Thumb Code   182  cos_i.o(i.__kernel_cos)
    __kernel_poly                            0x08004a59   Thumb Code   112  poly.o(i.__kernel_poly)
    __kernel_sin                             0x08004ac9   Thumb Code   144  sin_i.o(i.__kernel_sin)
    __mathlib_dbl_infnan                     0x08004b71   Thumb Code     6  dunder.o(i.__mathlib_dbl_infnan)
    __mathlib_dbl_infnan2                    0x08004b77   Thumb Code     6  dunder.o(i.__mathlib_dbl_infnan2)
    __mathlib_dbl_invalid                    0x08004b81   Thumb Code    10  dunder.o(i.__mathlib_dbl_invalid)
    __mathlib_dbl_underflow                  0x08004b99   Thumb Code    10  dunder.o(i.__mathlib_dbl_underflow)
    __mathlib_flt_divzero                    0x08004bb1   Thumb Code    14  funder.o(i.__mathlib_flt_divzero)
    __mathlib_flt_infnan2                    0x08004bc9   Thumb Code     6  funder.o(i.__mathlib_flt_infnan2)
    __mathlib_flt_invalid                    0x08004bd1   Thumb Code    10  funder.o(i.__mathlib_flt_invalid)
    __mathlib_flt_overflow                   0x08004be1   Thumb Code    10  funder.o(i.__mathlib_flt_overflow)
    __mathlib_flt_underflow                  0x08004bf1   Thumb Code    10  funder.o(i.__mathlib_flt_underflow)
    __scatterload_copy                       0x08004c01   Thumb Code    14  handlers.o(i.__scatterload_copy)
    __scatterload_null                       0x08004c0f   Thumb Code     2  handlers.o(i.__scatterload_null)
    __scatterload_zeroinit                   0x08004c11   Thumb Code    14  handlers.o(i.__scatterload_zeroinit)
    __set_errno                              0x08004c21   Thumb Code     6  errno.o(i.__set_errno)
    atan                                     0x08004c2d   Thumb Code    16  atan.o(i.atan)
    averager                                 0x08004c3d   Thumb Code    70  conversion.o(i.averager)
    boardIO                                  0x08004c95   Thumb Code   518  boardio.o(i.boardIO)
    cs_PQ_combination                        0x08004eb9   Thumb Code   152  cs_handles.o(i.cs_PQ_combination)
    cs_handles                               0x08004f59   Thumb Code   738  cs_handles.o(i.cs_handles)
    dpm_mergeDWord                           0x08005255   Thumb Code    76  dataparsermerger.o(i.dpm_mergeDWord)
    dpm_mergeFloat                           0x080052a1   Thumb Code    68  dataparsermerger.o(i.dpm_mergeFloat)
    dpm_parseDWord                           0x080052e9   Thumb Code    58  dataparsermerger.o(i.dpm_parseDWord)
    dpm_parseFloat                           0x08005325   Thumb Code    66  dataparsermerger.o(i.dpm_parseFloat)
    fabs                                     0x0800536d   Thumb Code    24  fabs.o(i.fabs)
    fc27_all                                 0x08005385   Thumb Code   180  fc27.o(i.fc27_all)
    fc27_init                                0x08005451   Thumb Code    32  fc27.o(i.fc27_init)
    fc37_all                                 0x08005479   Thumb Code   228  fc37.o(i.fc37_all)
    fc37_init                                0x08005575   Thumb Code    32  fc37.o(i.fc37_init)
    fc46_all                                 0x0800559d   Thumb Code    90  fc46.o(i.fc46_all)
    fc46_init                                0x08005609   Thumb Code    72  fc46.o(i.fc46_init)
    fc49_all                                 0x0800565d   Thumb Code   290  fc49.o(i.fc49_all)
    fc49_init                                0x08005791   Thumb Code    84  fc49.o(i.fc49_init)
    fc50N_all                                0x080057f1   Thumb Code   126  fc50n.o(i.fc50N_all)
    fc50N_init                               0x08005885   Thumb Code    40  fc50n.o(i.fc50N_init)
    fc50_all                                 0x080058b5   Thumb Code   510  fc50.o(i.fc50_all)
    fc50_init                                0x08005ac9   Thumb Code    28  fc50.o(i.fc50_init)
    fc51N_all                                0x08005aed   Thumb Code    44  fc51n.o(i.fc51N_all)
    fc51N_init                               0x08005b2d   Thumb Code    56  fc51n.o(i.fc51N_init)
    fc51_all                                 0x08005b71   Thumb Code   212  fc51.o(i.fc51_all)
    fc51_init                                0x08005c59   Thumb Code    76  fc51.o(i.fc51_init)
    fc59_all                                 0x08005cb1   Thumb Code   128  fc59.o(i.fc59_all)
    fc59_init                                0x08005d41   Thumb Code    14  fc59.o(i.fc59_init)
    fcBF_all                                 0x08005d59   Thumb Code   118  fcbf.o(i.fcBF_all)
    fcBF_init                                0x08005de5   Thumb Code    54  fcbf.o(i.fcBF_init)
    fcPVP_all                                0x08005e29   Thumb Code   344  fcpvp.o(i.fcPVP_all)
    fcPVP_init                               0x08005f99   Thumb Code    72  fcpvp.o(i.fcPVP_init)
    fcUNB_all                                0x08005fed   Thumb Code   266  fcunb.o(i.fcUNB_all)
    fcUNB_init                               0x08006115   Thumb Code    22  fcunb.o(i.fcUNB_init)
    inhibition                               0x08006139   Thumb Code    64  fc37.o(i.inhibition)
    initFunctions                            0x08006189   Thumb Code    58  initfunctions.o(i.initFunctions)
    init_conversion                          0x080061c5   Thumb Code   110  conversion.o(i.init_conversion)
    init_protection                          0x0800623d   Thumb Code  2082  init_protection.o(i.init_protection)
    main                                     0x08006a79   Thumb Code   274  main.o(i.main)
    main_flow                                0x08006bb5   Thumb Code    74  main_flow.o(i.main_flow)
    pick_trip_reset_handles                  0x08006bff   Thumb Code    18  pickup_handles.o(i.pick_trip_reset_handles)
    pick_up_handles                          0x08006c11   Thumb Code  2912  pickup_handles.o(i.pick_up_handles)
    pullDataFromMaster                       0x080077ad   Thumb Code   924  configparams.o(i.pullDataFromMaster)
    pushDataToMaster                         0x08007bd9   Thumb Code  1816  commparams.o(i.pushDataToMaster)
    reset_handles                            0x08008355   Thumb Code   872  pickup_handles.o(i.reset_handles)
    spectral_analysis                        0x080087ad   Thumb Code   170  spectra.o(i.spectral_analysis)
    spi_initComApp                           0x080088b5   Thumb Code     2  spi_masterslave.o(i.spi_initComApp)
    spi_runComApp                            0x08008add   Thumb Code    56  spi_masterslave.o(i.spi_runComApp)
    spi_sysTickCallApp                       0x08008b1d   Thumb Code    58  spi_masterslave.o(i.spi_sysTickCallApp)
    trip_handles                             0x08008b5d   Thumb Code   666  pickup_handles.o(i.trip_handles)
    trueRMS                                  0x08008e05   Thumb Code   238  truerms.o(i.trueRMS)
    uart_initComApp                          0x08008f05   Thumb Code    10  uart_masterslave.o(i.uart_initComApp)
    uart_runComApp                           0x08009009   Thumb Code    60  uart_masterslave.o(i.uart_runComApp)
    uart_sysTickCallApp                      0x0800904d   Thumb Code    58  uart_masterslave.o(i.uart_sysTickCallApp)
    AHBPrescTable                            0x08009094   Data          16  system_stm32f7xx.o(.constdata)
    APBPrescTable                            0x080090a4   Data           8  system_stm32f7xx.o(.constdata)
    __mathlib_zero                           0x080093c0   Data           8  qnan.o(.constdata)
    Region$$Table$$Base                      0x080094b8   Number         0  anon$$obj.o(Region$$Table)
    Region$$Table$$Limit                     0x080094e8   Number         0  anon$$obj.o(Region$$Table)
    incoming_data_flag                       0x20000000   Data           1  main.o(.data)
    uwTick                                   0x20000004   Data           4  stm32f7xx_hal.o(.data)
    SystemCoreClock                          0x20000008   Data           4  system_stm32f7xx.o(.data)
    curve                                    0x2000000c   Data           1  init_protection.o(.data)
    cSelect1                                 0x20000010   Data           4  init_protection.o(.data)
    cSelect2                                 0x20000014   Data           4  init_protection.o(.data)
    curve_data                               0x20000018   Data          96  init_protection.o(.data)
    fc27_obj1_L1_out                         0x20000080   Data           8  fc27.o(.data)
    fc27_obj1_L2_out                         0x20000088   Data           8  fc27.o(.data)
    fc59_obj1_L1_out_a                       0x20000090   Data           8  fc59.o(.data)
    fc59_obj1_L1_out_b                       0x20000098   Data           8  fc59.o(.data)
    fc59_obj1_L1_out_c                       0x200000a0   Data           8  fc59.o(.data)
    fc59_obj1_L2_out_a                       0x200000a8   Data           8  fc59.o(.data)
    fc59_obj1_L2_out_b                       0x200000b0   Data           8  fc59.o(.data)
    fc59_obj1_L2_out_c                       0x200000b8   Data           8  fc59.o(.data)
    fc49_obj1_L1_out_a                       0x200000c0   Data           4  fc49.o(.data)
    fc49_obj2_L1_out_a                       0x200000c4   Data           4  fc49.o(.data)
    fc49_obj1_L1_out_b                       0x200000e0   Data           4  fc49.o(.data)
    fc49_obj1_L1_out_c                       0x200000e4   Data           4  fc49.o(.data)
    fc49_obj2_L1_out_b                       0x200000e8   Data           4  fc49.o(.data)
    fc49_obj2_L1_out_c                       0x200000ec   Data           4  fc49.o(.data)
    fc37_obj1_L1_out_a                       0x200000fc   Data           8  fc37.o(.data)
    fc37_obj1_L1_out_b                       0x20000104   Data           8  fc37.o(.data)
    fc37_obj1_L1_out_c                       0x2000010c   Data           8  fc37.o(.data)
    fc37_obj2_L1_out_a                       0x20000114   Data           8  fc37.o(.data)
    fc37_obj2_L1_out_b                       0x2000011c   Data           8  fc37.o(.data)
    fc37_obj2_L1_out_c                       0x20000124   Data           8  fc37.o(.data)
    UNBpcorrection                           0x20000130   Data           4  fcunb.o(.data)
    fcUNBi_obj1_L1_in                        0x20000134   Data           8  fcunb.o(.data)
    fcPVPd_obj1_L1_out_a                     0x20000140   Data           8  fcpvp.o(.data)
    fcPVPd_obj1_L1_out_b                     0x20000148   Data           8  fcpvp.o(.data)
    fcPVPd_obj1_L1_out_c                     0x20000150   Data           8  fcpvp.o(.data)
    fault_code                               0x20000158   Data           1  pickup_handles.o(.data)
    n                                        0x2000015c   Data           8  cs_handles.o(.data)
    UNBa                                     0x20000164   Data           8  cs_handles.o(.data)
    UNBb                                     0x2000016c   Data           8  cs_handles.o(.data)
    sin_coeffs                               0x20000174   Data         200  cs_handles.o(.data)
    cos_coeffs                               0x2000023c   Data         200  cs_handles.o(.data)
    coeffs_real                              0x2000030c   Data         200  spectra.o(.data)
    coeffs_imag                              0x200003d4   Data         200  spectra.o(.data)
    conversion_completed                     0x2000049c   Data           1  conversion.o(.data)
    ch                                       0x2000049d   Data           1  conversion.o(.data)
    cycle_count_1                            0x200004a0   Data           4  conversion.o(.data)
    calc_offset                              0x200004a4   Data           4  conversion.o(.data)
    cycle_count_2                            0x200004b4   Data           4  conversion.o(.data)
    DI                                       0x200004b8   Data           4  boardio.o(.data)
    DO                                       0x200004bc   Data           4  boardio.o(.data)
    typeCnv                                  0x200004c0   Data           4  dataparsermerger.o(.data)
    mSelect                                  0x200004c4   Data           4  configparams.o(.data)
    pFlag                                    0x200004c8   Data           4  configparams.o(.data)
    pEN                                      0x200004cc   Data           4  configparams.o(.data)
    htim1                                    0x200004d4   Data          64  tim.o(.bss)
    htim6                                    0x20000514   Data          64  tim.o(.bss)
    hrtc                                     0x20000554   Data          32  rtc.o(.bss)
    hqspi                                    0x20000574   Data          76  quadspi.o(.bss)
    hadc1                                    0x200005c0   Data          72  adc.o(.bss)
    hadc2                                    0x20000608   Data          72  adc.o(.bss)
    hadc3                                    0x20000650   Data          72  adc.o(.bss)
    hdma_adc1                                0x20000698   Data          96  adc.o(.bss)
    hdma_adc2                                0x200006f8   Data          96  adc.o(.bss)
    hdma_adc3                                0x20000758   Data          96  adc.o(.bss)
    adc_values                               0x200007b8   Data          60  main.o(.bss)
    huart2                                   0x200007f4   Data         112  usart.o(.bss)
    hspi2                                    0x20000864   Data         100  spi.o(.bss)
    EN                                       0x200008c8   Data         116  init_protection.o(.bss)
    fc50_obj1_L1_out_a                       0x2000093c   Data          12  fc50.o(.bss)
    fc50_obj1_L1_out_b                       0x20000948   Data          12  fc50.o(.bss)
    fc50_obj1_L1_out_c                       0x20000954   Data          12  fc50.o(.bss)
    fc50_obj1_L2_out_a                       0x20000960   Data          12  fc50.o(.bss)
    fc50_obj1_L2_out_b                       0x2000096c   Data          12  fc50.o(.bss)
    fc50_obj1_L2_out_c                       0x20000978   Data          12  fc50.o(.bss)
    fc50_obj1_L3_out_a                       0x20000984   Data          12  fc50.o(.bss)
    fc50_obj1_L3_out_b                       0x20000990   Data          12  fc50.o(.bss)
    fc50_obj1_L3_out_c                       0x2000099c   Data          12  fc50.o(.bss)
    fc50_obj2_L1_out_a                       0x200009a8   Data          12  fc50.o(.bss)
    fc50_obj2_L1_out_b                       0x200009b4   Data          12  fc50.o(.bss)
    fc50_obj2_L1_out_c                       0x200009c0   Data          12  fc50.o(.bss)
    fc50_obj2_L2_out_a                       0x200009cc   Data          12  fc50.o(.bss)
    fc50_obj2_L2_out_b                       0x200009d8   Data          12  fc50.o(.bss)
    fc50_obj2_L2_out_c                       0x200009e4   Data          12  fc50.o(.bss)
    fc50_obj2_L3_out_a                       0x200009f0   Data          12  fc50.o(.bss)
    fc50_obj2_L3_out_b                       0x200009fc   Data          12  fc50.o(.bss)
    fc50_obj2_L3_out_c                       0x20000a08   Data          12  fc50.o(.bss)
    fc50_obj1_L1_in                          0x20000a14   Data          16  fc50.o(.bss)
    fc50_obj1_L2_in                          0x20000a24   Data          16  fc50.o(.bss)
    fc50_obj1_L3_in                          0x20000a34   Data          16  fc50.o(.bss)
    fc50_obj2_L1_in                          0x20000a44   Data          16  fc50.o(.bss)
    fc50_obj2_L2_in                          0x20000a54   Data          16  fc50.o(.bss)
    fc50_obj2_L3_in                          0x20000a64   Data          16  fc50.o(.bss)
    fc50N_obj1_L1_out                        0x20000a74   Data          12  fc50n.o(.bss)
    fc50N_obj1_L2_out                        0x20000a80   Data          12  fc50n.o(.bss)
    fc50N_obj1_L3_out                        0x20000a8c   Data          12  fc50n.o(.bss)
    fc50N_obj1_L1_in                         0x20000a98   Data          16  fc50n.o(.bss)
    fc50N_obj1_L2_in                         0x20000aa8   Data          16  fc50n.o(.bss)
    fc50N_obj1_L3_in                         0x20000ab8   Data          16  fc50n.o(.bss)
    fc51_obj1_out_a                          0x20000ac8   Data          12  fc51.o(.bss)
    fc51_obj1_out_b                          0x20000ad4   Data          12  fc51.o(.bss)
    fc51_obj1_out_c                          0x20000ae0   Data          12  fc51.o(.bss)
    fc51_obj2_out_a                          0x20000aec   Data          12  fc51.o(.bss)
    fc51_obj1_in                             0x20000af8   Data          20  fc51.o(.bss)
    fc51_obj2_in                             0x20000b0c   Data          20  fc51.o(.bss)
    fc51_obj2_out_b                          0x20000b20   Data          12  fc51.o(.bss)
    fc51_obj2_out_c                          0x20000b2c   Data          12  fc51.o(.bss)
    fc51N_obj1_out                           0x20000b38   Data          12  fc51n.o(.bss)
    fc51N_obj1_in                            0x20000b44   Data          20  fc51n.o(.bss)
    fc27_obj1_L1_in                          0x20000b58   Data          16  fc27.o(.bss)
    fc27_obj1_L2_in                          0x20000b68   Data          16  fc27.o(.bss)
    fc59_obj1_L1_in                          0x20000b78   Data          12  fc59.o(.bss)
    fc59_obj1_L2_in                          0x20000b84   Data          12  fc59.o(.bss)
    fc46d_obj1_L1_out                        0x20000b90   Data          12  fc46.o(.bss)
    fc46i_obj1_L1_out                        0x20000b9c   Data          12  fc46.o(.bss)
    fc46d_obj1_L1_in                         0x20000ba8   Data          16  fc46.o(.bss)
    fc46i_obj1_L1_in                         0x20000bb8   Data          20  fc46.o(.bss)
    fc49_obj1_therm                          0x20000bcc   Data          20  fc49.o(.bss)
    fc49_obj2_therm                          0x20000be0   Data          20  fc49.o(.bss)
    fc49_obj1_L1_in                          0x20000bf4   Data          16  fc49.o(.bss)
    fc49_obj1_L2_in                          0x20000c04   Data          16  fc49.o(.bss)
    fc49_obj2_L1_in                          0x20000c14   Data          16  fc49.o(.bss)
    fc49_obj2_L2_in                          0x20000c24   Data          16  fc49.o(.bss)
    fcBF_out                                 0x20000c34   Data          12  fcbf.o(.bss)
    fcBF_in                                  0x20000c40   Data          24  fcbf.o(.bss)
    fc37_obj1_L1_in                          0x20000c58   Data          16  fc37.o(.bss)
    fc37_obj2_L1_in                          0x20000c68   Data          16  fc37.o(.bss)
    fcUNBd_obj1_L1_out_a                     0x20000c78   Data          16  fcunb.o(.bss)
    fcUNBd_obj1_L1_out_b                     0x20000c88   Data          16  fcunb.o(.bss)
    fcUNBi_obj1_L1_out_a                     0x20000c98   Data          12  fcunb.o(.bss)
    fcUNBi_obj1_L1_out_b                     0x20000ca4   Data          12  fcunb.o(.bss)
    fcUNBd_obj1_L1_in                        0x20000d78   Data          12  fcunb.o(.bss)
    pvp_in                                   0x20000d84   Data          12  fcpvp.o(.bss)
    pvp_in_back                              0x20000d90   Data          12  fcpvp.o(.bss)
    pvp_out                                  0x20000d9c   Data          12  fcpvp.o(.bss)
    pvp_out_back                             0x20000da8   Data          12  fcpvp.o(.bss)
    fcPVPi_obj1_L1_out_a                     0x20000db4   Data          12  fcpvp.o(.bss)
    fcPVPi_obj1_L1_out_b                     0x20000dc0   Data          12  fcpvp.o(.bss)
    fcPVPi_obj1_L1_out_c                     0x20000dcc   Data          12  fcpvp.o(.bss)
    fcPVPd_obj1_L1_in                        0x20001030   Data          12  fcpvp.o(.bss)
    fcPVPi_obj1_L1_in                        0x2000103c   Data          20  fcpvp.o(.bss)
    pick                                     0x20001050   Data          12  pickup_handles.o(.bss)
    trip                                     0x2000105c   Data          12  pickup_handles.o(.bss)
    pick_words                               0x20001068   Data          12  pickup_handles.o(.bss)
    trip_words                               0x20001074   Data          12  pickup_handles.o(.bss)
    phase_cs_A                               0x20001178   Data          16  cs_handles.o(.bss)
    phase_cs_B                               0x20001188   Data          16  cs_handles.o(.bss)
    phase_cs_C                               0x20001198   Data          16  cs_handles.o(.bss)
    phase_cs_A_out                           0x200011a8   Data          44  cs_handles.o(.bss)
    phase_cs_B_out                           0x200011d4   Data          44  cs_handles.o(.bss)
    phase_cs_C_out                           0x20001200   Data          44  cs_handles.o(.bss)
    sym                                      0x2000122c   Data          24  cs_handles.o(.bss)
    sym_hist                                 0x20001244   Data          24  cs_handles.o(.bss)
    mag_sym                                  0x2000125c   Data          24  cs_handles.o(.bss)
    c_buffer                                 0x20001274   Data        2400  cs_handles.o(.bss)
    s_buffer                                 0x20001bd4   Data        2400  cs_handles.o(.bss)
    P                                        0x20002534   Data          28  cs_handles.o(.bss)
    Q                                        0x20002550   Data          28  cs_handles.o(.bss)
    fRMS                                     0x2000256c   Data          60  cs_handles.o(.bss)
    tRMS                                     0x200025a8   Data          60  truerms.o(.bss)
    backRMS                                  0x200025e4   Data          60  truerms.o(.bss)
    bufferRMS                                0x20002620   Data        3000  truerms.o(.bss)
    spect_Ia                                 0x200031d8   Data         368  spectra.o(.bss)
    spect_Ib                                 0x20003348   Data         368  spectra.o(.bss)
    spect_Ic                                 0x200034b8   Data         368  spectra.o(.bss)
    thd                                      0x20003628   Data          12  spectra.o(.bss)
    rawAdc                                   0x20003634   Data          60  conversion.o(.bss)
    fAdc                                     0x20003670   Data          60  conversion.o(.bss)
    offset                                   0x200036ac   Data          60  conversion.o(.bss)
    scale                                    0x200036e8   Data          60  conversion.o(.bss)
    TR                                       0x20003724   Data          48  conversion.o(.bss)
    Sys                                      0x20003754   Data          36  powersysdata.o(.bss)
    comParams                                0x20003778   Data        6020  spi_masterslave.o(.bss)
    spiCRC                                   0x20004efc   Data          12  spi_masterslave.o(.bss)
    comParams_uart                           0x20004f08   Data        2996  uart_masterslave.o(.bss)
    uartCRC                                  0x20005abc   Data          12  uart_masterslave.o(.bss)
    __initial_sp                             0x200062c8   Data           0  startup_stm32f767xx.o(STACK)



==============================================================================

Memory Map of the image

  Image Entry point : 0x080001f9

  Load Region LR_IROM1 (Base: 0x08000000, Size: 0x0000a9f8, Max: 0x00200000, ABSOLUTE, COMPRESSED[0x0000a6b8])

    Execution Region RW_IRAM2 (Base: 0x00000000, Size: 0x0000103c, Max: 0x00003fff, ABSOLUTE)

    Base Addr    Size         Type   Attr      Idx    E Section Name        Object

    0x00000000   0x0000000a   Ven    RO         6057    Veneer$$Code        anon$$obj.o
    0x0000000a   0x0000000a   Ven    RO         6058    Veneer$$Code        anon$$obj.o
    0x00000014   0x0000000a   Ven    RO         6059    Veneer$$Code        anon$$obj.o
    0x0000001e   0x0000000a   Ven    RO         6060    Veneer$$Code        anon$$obj.o
    0x00000028   0x00000158   Code   RO          669    i.cs_computations   measurement_functions.o
    0x00000180   0x0000004e   Code   RO          670    i.cs_generation     measurement_functions.o
    0x000001ce   0x00000002   PAD
    0x000001d0   0x00000098   Code   RO          751    i.fc27              protection_functions.o
    0x00000268   0x00000090   Code   RO          752    i.fc37              protection_functions.o
    0x000002f8   0x00000100   Code   RO          753    i.fc46d             protection_functions.o
    0x000003f8   0x00000120   Code   RO          754    i.fc46i             protection_functions.o
    0x00000518   0x00000044   Code   RO          755    i.fc49              protection_functions.o
    0x0000055c   0x000000cc   Code   RO          756    i.fc50              protection_functions.o
    0x00000628   0x000000f4   Code   RO          757    i.fc51              protection_functions.o
    0x0000071c   0x00000078   Code   RO          758    i.fc59              protection_functions.o
    0x00000794   0x000000fc   Code   RO          759    i.fcBF              protection_functions.o
    0x00000890   0x00000070   Code   RO          760    i.fcPVPd            protection_functions.o
    0x00000900   0x000000e0   Code   RO          761    i.fcPVPi            protection_functions.o
    0x000009e0   0x00000070   Code   RO          762    i.fcUNBd            protection_functions.o
    0x00000a50   0x000000e4   Code   RO          763    i.fcUNBi            protection_functions.o
    0x00000b34   0x0000001e   Code   RO          764    i.maxSelector_3p    protection_functions.o
    0x00000b52   0x00000038   Code   RO          766    i.off_delay         protection_functions.o
    0x00000b8a   0x00000026   Code   RO          768    i.on_off_delay      protection_functions.o
    0x00000bb0   0x00000058   Code   RO          671    i.peak_detect_rms   measurement_functions.o
    0x00000c08   0x00000072   Code   RO          672    i.pvp_filter        measurement_functions.o
    0x00000c7a   0x00000002   PAD
    0x00000c7c   0x000000a4   Code   RO          674    i.signal_spectra    measurement_functions.o
    0x00000d20   0x00000064   Code   RO          675    i.signal_thd        measurement_functions.o
    0x00000d84   0x00000090   Code   RO          676    i.sym_comp          measurement_functions.o
    0x00000e14   0x00000184   Code   RO          677    i.sym_mag           measurement_functions.o
    0x00000f98   0x00000050   Code   RO          678    i.thermal_status    measurement_functions.o
    0x00000fe8   0x00000054   Code   RO          679    i.true_rms          measurement_functions.o


    Execution Region ER_IROM1 (Base: 0x08000000, Size: 0x000094e8, Max: 0x00200000, ABSOLUTE)

    Base Addr    Size         Type   Attr      Idx    E Section Name        Object

    0x08000000   0x000001f8   Data   RO          869    RESET               startup_stm32f767xx.o
    0x080001f8   0x00000000   Code   RO         5919  * .ARM.Collect$$$$00000000  mc_w.l(entry.o)
    0x080001f8   0x00000004   Code   RO         5991    .ARM.Collect$$$$00000001  mc_w.l(entry2.o)
    0x080001fc   0x00000004   Code   RO         5994    .ARM.Collect$$$$00000004  mc_w.l(entry5.o)
    0x08000200   0x00000000   Code   RO         5996    .ARM.Collect$$$$00000008  mc_w.l(entry7b.o)
    0x08000200   0x00000000   Code   RO         5998    .ARM.Collect$$$$0000000A  mc_w.l(entry8b.o)
    0x08000200   0x00000008   Code   RO         5999    .ARM.Collect$$$$0000000B  mc_w.l(entry9a.o)
    0x08000208   0x00000000   Code   RO         6001    .ARM.Collect$$$$0000000D  mc_w.l(entry10a.o)
    0x08000208   0x00000000   Code   RO         6003    .ARM.Collect$$$$0000000F  mc_w.l(entry11a.o)
    0x08000208   0x00000004   Code   RO         5992    .ARM.Collect$$$$00002712  mc_w.l(entry2.o)
    0x0800020c   0x00000024   Code   RO          870    .text               startup_stm32f767xx.o
    0x08000230   0x00000024   Code   RO         5922    .text               mc_w.l(memcpya.o)
    0x08000254   0x00000000   Code   RO         6012    .text               mc_w.l(iusefp.o)
    0x08000254   0x00000004   Code   RO         6013    .text               mf_w.l(fpstat.o)
    0x08000258   0x00000024   Code   RO         6019    .text               mc_w.l(init.o)
    0x0800027c   0x0000005e   Code   RO         6029    .text               mc_w.l(__dclz77c.o)
    0x080002da   0x0000000a   Ven    RO         6031    Veneer$$Code        anon$$obj.o
    0x080002e4   0x0000000a   Ven    RO         6032    Veneer$$Code        anon$$obj.o
    0x080002ee   0x0000000a   Ven    RO         6033    Veneer$$Code        anon$$obj.o
    0x080002f8   0x0000000a   Ven    RO         6034    Veneer$$Code        anon$$obj.o
    0x08000302   0x0000000a   Ven    RO         6035    Veneer$$Code        anon$$obj.o
    0x0800030c   0x0000000a   Ven    RO         6036    Veneer$$Code        anon$$obj.o
    0x08000316   0x0000000a   Ven    RO         6037    Veneer$$Code        anon$$obj.o
    0x08000320   0x0000000a   Ven    RO         6038    Veneer$$Code        anon$$obj.o
    0x0800032a   0x0000000a   Ven    RO         6039    Veneer$$Code        anon$$obj.o
    0x08000334   0x0000000a   Ven    RO         6040    Veneer$$Code        anon$$obj.o
    0x0800033e   0x0000000a   Ven    RO         6041    Veneer$$Code        anon$$obj.o
    0x08000348   0x0000000a   Ven    RO         6042    Veneer$$Code        anon$$obj.o
    0x08000352   0x0000000a   Ven    RO         6043    Veneer$$Code        anon$$obj.o
    0x0800035c   0x0000000a   Ven    RO         6044    Veneer$$Code        anon$$obj.o
    0x08000366   0x0000000a   Ven    RO         6045    Veneer$$Code        anon$$obj.o
    0x08000370   0x0000000a   Ven    RO         6046    Veneer$$Code        anon$$obj.o
    0x0800037a   0x0000000a   Ven    RO         6047    Veneer$$Code        anon$$obj.o
    0x08000384   0x0000000a   Ven    RO         6048    Veneer$$Code        anon$$obj.o
    0x0800038e   0x0000000a   Ven    RO         6049    Veneer$$Code        anon$$obj.o
    0x08000398   0x0000000a   Ven    RO         6050    Veneer$$Code        anon$$obj.o
    0x080003a2   0x0000000a   Ven    RO         6051    Veneer$$Code        anon$$obj.o
    0x080003ac   0x0000000a   Ven    RO         6052    Veneer$$Code        anon$$obj.o
    0x080003b6   0x0000000a   Ven    RO         6053    Veneer$$Code        anon$$obj.o
    0x080003c0   0x0000000a   Ven    RO         6054    Veneer$$Code        anon$$obj.o
    0x080003ca   0x0000000a   Ven    RO         6055    Veneer$$Code        anon$$obj.o
    0x080003d4   0x0000000a   Ven    RO         6056    Veneer$$Code        anon$$obj.o
    0x080003de   0x00000002   PAD
    0x080003e0   0x0000012c   Code   RO          880    i.ADC_Init          stm32f7xx_hal_adc.o
    0x0800050c   0x0000005a   Code   RO         2137    i.ADC_MultiModeDMAConvCplt  stm32f7xx_hal_adc_ex.o
    0x08000566   0x00000012   Code   RO         2138    i.ADC_MultiModeDMAError  stm32f7xx_hal_adc_ex.o
    0x08000578   0x00000006   Code   RO         2139    i.ADC_MultiModeDMAHalfConvCplt  stm32f7xx_hal_adc_ex.o
    0x0800057e   0x00000002   Code   RO          310    i.BusFault_Handler  stm32f7xx_it.o
    0x08000580   0x0000000c   Code   RO          311    i.DMA2_Stream0_IRQHandler  stm32f7xx_it.o
    0x0800058c   0x0000000c   Code   RO          312    i.DMA2_Stream1_IRQHandler  stm32f7xx_it.o
    0x08000598   0x0000000c   Code   RO          313    i.DMA2_Stream2_IRQHandler  stm32f7xx_it.o
    0x080005a4   0x00000028   Code   RO         2527    i.DMA_CalcBaseAndBitshift  stm32f7xx_hal_dma.o
    0x080005cc   0x00000054   Code   RO         2528    i.DMA_CheckFifoParam  stm32f7xx_hal_dma.o
    0x08000620   0x00000028   Code   RO         2529    i.DMA_SetConfig     stm32f7xx_hal_dma.o
    0x08000648   0x00000002   Code   RO          314    i.DebugMon_Handler  stm32f7xx_it.o
    0x0800064a   0x00000002   PAD
    0x0800064c   0x00000010   Code   RO          315    i.EXTI15_10_IRQHandler  stm32f7xx_it.o
    0x0800065c   0x0000006c   Code   RO         2148    i.HAL_ADCEx_MultiModeConfigChannel  stm32f7xx_hal_adc_ex.o
    0x080006c8   0x00000100   Code   RO         2150    i.HAL_ADCEx_MultiModeStart_DMA  stm32f7xx_hal_adc_ex.o
    0x080007c8   0x00000164   Code   RO          882    i.HAL_ADC_ConfigChannel  stm32f7xx_hal_adc.o
    0x0800092c   0x000001d4   Code   RO         5400    i.HAL_ADC_ConvCpltCallback  conversion.o
    0x08000b00   0x00000002   Code   RO          884    i.HAL_ADC_ConvHalfCpltCallback  stm32f7xx_hal_adc.o
    0x08000b02   0x00000002   Code   RO          886    i.HAL_ADC_ErrorCallback  stm32f7xx_hal_adc.o
    0x08000b04   0x00000054   Code   RO          891    i.HAL_ADC_Init      stm32f7xx_hal_adc.o
    0x08000b58   0x00000194   Code   RO          443    i.HAL_ADC_MspInit   adc.o
    0x08000cec   0x000000b8   Code   RO          897    i.HAL_ADC_Start     stm32f7xx_hal_adc.o
    0x08000da4   0x00000024   Code   RO         2531    i.HAL_DMA_Abort_IT  stm32f7xx_hal_dma.o
    0x08000dc8   0x000001a8   Code   RO         2535    i.HAL_DMA_IRQHandler  stm32f7xx_hal_dma.o
    0x08000f70   0x000000d4   Code   RO         2536    i.HAL_DMA_Init      stm32f7xx_hal_dma.o
    0x08001044   0x00000078   Code   RO         2540    i.HAL_DMA_Start_IT  stm32f7xx_hal_dma.o
    0x080010bc   0x00000002   Code   RO         1438    i.HAL_GPIO_EXTI_Callback  stm32f7xx_hal_gpio.o
    0x080010be   0x00000002   PAD
    0x080010c0   0x00000018   Code   RO         1439    i.HAL_GPIO_EXTI_IRQHandler  stm32f7xx_hal_gpio.o
    0x080010d8   0x000001dc   Code   RO         1440    i.HAL_GPIO_Init     stm32f7xx_hal_gpio.o
    0x080012b4   0x0000000a   Code   RO         1442    i.HAL_GPIO_ReadPin  stm32f7xx_hal_gpio.o
    0x080012be   0x0000000a   Code   RO         1444    i.HAL_GPIO_WritePin  stm32f7xx_hal_gpio.o
    0x080012c8   0x0000000c   Code   RO         2355    i.HAL_GetTick       stm32f7xx_hal.o
    0x080012d4   0x00000010   Code   RO         2359    i.HAL_IncTick       stm32f7xx_hal.o
    0x080012e4   0x00000016   Code   RO         2360    i.HAL_Init          stm32f7xx_hal.o
    0x080012fa   0x00000002   PAD
    0x080012fc   0x00000028   Code   RO         2361    i.HAL_InitTick      stm32f7xx_hal.o
    0x08001324   0x00000058   Code   RO          286    i.HAL_MspInit       stm32f7xx_hal_msp.o
    0x0800137c   0x00000016   Code   RO         1307    i.HAL_NVIC_EnableIRQ  stm32f7xx_hal_cortex.o
    0x08001392   0x00000002   PAD
    0x08001394   0x00000040   Code   RO         1313    i.HAL_NVIC_SetPriority  stm32f7xx_hal_cortex.o
    0x080013d4   0x00000024   Code   RO         1314    i.HAL_NVIC_SetPriorityGrouping  stm32f7xx_hal_cortex.o
    0x080013f8   0x0000006c   Code   RO         2252    i.HAL_PWREx_EnableOverDrive  stm32f7xx_hal_pwr_ex.o
    0x08001464   0x000000b8   Code   RO         3530    i.HAL_QSPI_Init     stm32f7xx_hal_qspi.o
    0x0800151c   0x00000078   Code   RO          215    i.HAL_QSPI_MspInit  quadspi.o
    0x08001594   0x00000538   Code   RO         2755    i.HAL_RCCEx_PeriphCLKConfig  stm32f7xx_hal_rcc_ex.o
    0x08001acc   0x0000011c   Code   RO         3030    i.HAL_RCC_ClockConfig  stm32f7xx_hal_rcc.o
    0x08001be8   0x0000000c   Code   RO         3035    i.HAL_RCC_GetHCLKFreq  stm32f7xx_hal_rcc.o
    0x08001bf4   0x00000020   Code   RO         3037    i.HAL_RCC_GetPCLK1Freq  stm32f7xx_hal_rcc.o
    0x08001c14   0x00000020   Code   RO         3038    i.HAL_RCC_GetPCLK2Freq  stm32f7xx_hal_rcc.o
    0x08001c34   0x0000005c   Code   RO         3039    i.HAL_RCC_GetSysClockFreq  stm32f7xx_hal_rcc.o
    0x08001c90   0x00000324   Code   RO         3042    i.HAL_RCC_OscConfig  stm32f7xx_hal_rcc.o
    0x08001fb4   0x0000009c   Code   RO         1055    i.HAL_RTC_Init      stm32f7xx_hal_rtc.o
    0x08002050   0x0000001c   Code   RO          173    i.HAL_RTC_MspInit   rtc.o
    0x0800206c   0x00000002   Code   RO         4527    i.HAL_SPI_ErrorCallback  stm32f7xx_hal_spi.o
    0x0800206e   0x00000002   PAD
    0x08002070   0x000000d4   Code   RO         4530    i.HAL_SPI_IRQHandler  stm32f7xx_hal_spi.o
    0x08002144   0x000000b6   Code   RO         4531    i.HAL_SPI_Init      stm32f7xx_hal_spi.o
    0x080021fa   0x00000002   PAD
    0x080021fc   0x0000005c   Code   RO          631    i.HAL_SPI_MspInit   spi.o
    0x08002258   0x00000094   Code   RO         4544    i.HAL_SPI_Transmit_IT  stm32f7xx_hal_spi.o
    0x080022ec   0x00000020   Code   RO         5635    i.HAL_SPI_TxCpltCallback  spi_masterslave.o
    0x0800230c   0x00000018   Code   RO         1316    i.HAL_SYSTICK_CLKSourceConfig  stm32f7xx_hal_cortex.o
    0x08002324   0x00000002   Code   RO         1317    i.HAL_SYSTICK_Callback  stm32f7xx_hal_cortex.o
    0x08002326   0x00000028   Code   RO         1318    i.HAL_SYSTICK_Config  stm32f7xx_hal_cortex.o
    0x0800234e   0x00000008   Code   RO         1319    i.HAL_SYSTICK_IRQHandler  stm32f7xx_hal_cortex.o
    0x08002356   0x00000002   Code   RO         3172    i.HAL_TIMEx_BreakCallback  stm32f7xx_hal_tim_ex.o
    0x08002358   0x00000002   Code   RO         3173    i.HAL_TIMEx_CommutationCallback  stm32f7xx_hal_tim_ex.o
    0x0800235a   0x00000002   PAD
    0x0800235c   0x00000058   Code   RO         3191    i.HAL_TIMEx_MasterConfigSynchronization  stm32f7xx_hal_tim_ex.o
    0x080023b4   0x00000036   Code   RO         1505    i.HAL_TIM_Base_Init  stm32f7xx_hal_tim.o
    0x080023ea   0x00000002   PAD
    0x080023ec   0x00000058   Code   RO            5    i.HAL_TIM_Base_MspInit  tim.o
    0x08002444   0x00000018   Code   RO         1510    i.HAL_TIM_Base_Start_IT  stm32f7xx_hal_tim.o
    0x0800245c   0x000000f8   Code   RO         1514    i.HAL_TIM_ConfigClockSource  stm32f7xx_hal_tim.o
    0x08002554   0x00000002   Code   RO         1534    i.HAL_TIM_IC_CaptureCallback  stm32f7xx_hal_tim.o
    0x08002556   0x00000180   Code   RO         1547    i.HAL_TIM_IRQHandler  stm32f7xx_hal_tim.o
    0x080026d6   0x00000002   Code   RO         1550    i.HAL_TIM_OC_DelayElapsedCallback  stm32f7xx_hal_tim.o
    0x080026d8   0x00000002   Code   RO         1577    i.HAL_TIM_PWM_PulseFinishedCallback  stm32f7xx_hal_tim.o
    0x080026da   0x00000002   Code   RO         1584    i.HAL_TIM_PeriodElapsedCallback  stm32f7xx_hal_tim.o
    0x080026dc   0x00000002   Code   RO         1588    i.HAL_TIM_TriggerCallback  stm32f7xx_hal_tim.o
    0x080026de   0x00000002   Code   RO         4256    i.HAL_UART_ErrorCallback  stm32f7xx_hal_uart.o
    0x080026e0   0x00000178   Code   RO         4259    i.HAL_UART_IRQHandler  stm32f7xx_hal_uart.o
    0x08002858   0x0000006a   Code   RO         4260    i.HAL_UART_Init     stm32f7xx_hal_uart.o
    0x080028c2   0x00000002   PAD
    0x080028c4   0x0000005c   Code   RO          589    i.HAL_UART_MspInit  usart.o
    0x08002920   0x0000008c   Code   RO         4265    i.HAL_UART_Receive_IT  stm32f7xx_hal_uart.o
    0x080029ac   0x00000050   Code   RO         5703    i.HAL_UART_RxCpltCallback  uart_masterslave.o
    0x080029fc   0x0000001c   Code   RO         5704    i.HAL_UART_TxCpltCallback  uart_masterslave.o
    0x08002a18   0x00000002   Code   RO          316    i.HardFault_Handler  stm32f7xx_it.o
    0x08002a1a   0x00000002   PAD
    0x08002a1c   0x000000f4   Code   RO          444    i.MX_ADC1_Init      adc.o
    0x08002b10   0x000000c8   Code   RO          445    i.MX_ADC2_Init      adc.o
    0x08002bd8   0x000000cc   Code   RO          446    i.MX_ADC3_Init      adc.o
    0x08002ca4   0x0000002c   Code   RO          259    i.MX_DMA_Init       dma.o
    0x08002cd0   0x00000228   Code   RO          564    i.MX_GPIO_Init      gpio.o
    0x08002ef8   0x00000050   Code   RO          216    i.MX_QUADSPI_Init   quadspi.o
    0x08002f48   0x00000048   Code   RO          174    i.MX_RTC_Init       rtc.o
    0x08002f90   0x00000064   Code   RO          632    i.MX_SPI2_Init      spi.o
    0x08002ff4   0x0000007c   Code   RO            6    i.MX_TIM1_Init      tim.o
    0x08003070   0x00000058   Code   RO            7    i.MX_TIM6_Init      tim.o
    0x080030c8   0x00000050   Code   RO          590    i.MX_USART2_UART_Init  usart.o
    0x08003118   0x00000002   Code   RO          317    i.MemManage_Handler  stm32f7xx_it.o
    0x0800311a   0x00000002   Code   RO          318    i.NMI_Handler       stm32f7xx_it.o
    0x0800311c   0x00000020   Code   RO         1320    i.NVIC_SetPriority  stm32f7xx_hal_cortex.o
    0x0800313c   0x00000002   Code   RO          319    i.PendSV_Handler    stm32f7xx_it.o
    0x0800313e   0x00000048   Code   RO         3555    i.QSPI_WaitFlagStateUntilTimeout  stm32f7xx_hal_qspi.o
    0x08003186   0x00000038   Code   RO         1066    i.RTC_EnterInitMode  stm32f7xx_hal_rtc.o
    0x080031be   0x00000002   PAD
    0x080031c0   0x0000000c   Code   RO          320    i.SPI2_IRQHandler   stm32f7xx_it.o
    0x080031cc   0x0000004c   Code   RO         4557    i.SPI_CloseTx_ISR   stm32f7xx_hal_spi.o
    0x08003218   0x00000012   Code   RO         4558    i.SPI_DMAAbortOnError  stm32f7xx_hal_spi.o
    0x0800322a   0x00000048   Code   RO         4569    i.SPI_EndRxTxTransaction  stm32f7xx_hal_spi.o
    0x08003272   0x00000020   Code   RO         4572    i.SPI_TxISR_16BIT   stm32f7xx_hal_spi.o
    0x08003292   0x0000001e   Code   RO         4573    i.SPI_TxISR_8BIT    stm32f7xx_hal_spi.o
    0x080032b0   0x000000a0   Code   RO         4574    i.SPI_WaitFifoStateUntilTimeout  stm32f7xx_hal_spi.o
    0x08003350   0x0000008c   Code   RO         4575    i.SPI_WaitFlagStateUntilTimeout  stm32f7xx_hal_spi.o
    0x080033dc   0x00000002   Code   RO          321    i.SVC_Handler       stm32f7xx_it.o
    0x080033de   0x00000016   Code   RO          322    i.SysTick_Handler   stm32f7xx_it.o
    0x080033f4   0x000000c4   Code   RO          496    i.SystemClock_Config  main.o
    0x080034b8   0x00000054   Code   RO         4848    i.SystemInit        system_stm32f7xx.o
    0x0800350c   0x0000000c   Code   RO          323    i.TIM1_UP_TIM10_IRQHandler  stm32f7xx_it.o
    0x08003518   0x000000c8   Code   RO         1589    i.TIM_Base_SetConfig  stm32f7xx_hal_tim.o
    0x080035e0   0x00000014   Code   RO         1596    i.TIM_ETR_SetConfig  stm32f7xx_hal_tim.o
    0x080035f4   0x00000010   Code   RO         1597    i.TIM_ITRx_SetConfig  stm32f7xx_hal_tim.o
    0x08003604   0x00000022   Code   RO         1603    i.TIM_TI1_ConfigInputStage  stm32f7xx_hal_tim.o
    0x08003626   0x00000024   Code   RO         1605    i.TIM_TI2_ConfigInputStage  stm32f7xx_hal_tim.o
    0x0800364a   0x000000c8   Code   RO         4273    i.UART_AdvFeatureConfig  stm32f7xx_hal_uart.o
    0x08003712   0x00000040   Code   RO         4274    i.UART_CheckIdleState  stm32f7xx_hal_uart.o
    0x08003752   0x00000014   Code   RO         4275    i.UART_DMAAbortOnError  stm32f7xx_hal_uart.o
    0x08003766   0x0000001c   Code   RO         4281    i.UART_EndRxTransfer  stm32f7xx_hal_uart.o
    0x08003782   0x00000078   Code   RO         4283    i.UART_Receive_IT   stm32f7xx_hal_uart.o
    0x080037fa   0x00000002   PAD
    0x080037fc   0x00000238   Code   RO         4284    i.UART_SetConfig    stm32f7xx_hal_uart.o
    0x08003a34   0x00000062   Code   RO         4285    i.UART_WaitOnFlagUntilTimeout  stm32f7xx_hal_uart.o
    0x08003a96   0x00000002   PAD
    0x08003a98   0x0000000c   Code   RO          324    i.USART2_IRQHandler  stm32f7xx_it.o
    0x08003aa4   0x00000002   Code   RO          325    i.UsageFault_Handler  stm32f7xx_it.o
    0x08003aa6   0x00000002   Code   RO          497    i._Error_Handler    main.o
    0x08003aa8   0x00000030   Code   RO         6015    i.__ARM_fpclassify  m_wv.l(fpclassify.o)
    0x08003ad8   0x00000026   Code   RO         5963    i.__ARM_fpclassifyf  m_wv.l(fpclassifyf.o)
    0x08003afe   0x00000002   PAD
    0x08003b00   0x00000200   Code   RO         5926    i.__hardfp_atan     m_wv.l(atan.o)
    0x08003d00   0x000001c0   Code   RO         5845    i.__hardfp_atan2    m_wv.l(atan2.o)
    0x08003ec0   0x00000658   Code   RO         5869    i.__hardfp_powf     m_wv.l(powf.o)
    0x08004518   0x000000b0   Code   RO         5883    i.__hardfp_sin      m_wv.l(sin.o)
    0x080045c8   0x00000066   Code   RO         5895    i.__hardfp_sqrt     m_wv.l(sqrt.o)
    0x0800462e   0x0000003a   Code   RO         5907    i.__hardfp_sqrtf    m_wv.l(sqrtf.o)
    0x08004668   0x00000310   Code   RO         5980    i.__ieee754_rem_pio2  m_wv.l(rred.o)
    0x08004978   0x000000e0   Code   RO         5940    i.__kernel_cos      m_wv.l(cos_i.o)
    0x08004a58   0x00000070   Code   RO         6017    i.__kernel_poly     m_wv.l(poly.o)
    0x08004ac8   0x000000a8   Code   RO         5985    i.__kernel_sin      m_wv.l(sin_i.o)
    0x08004b70   0x00000006   Code   RO         5944    i.__mathlib_dbl_infnan  m_wv.l(dunder.o)
    0x08004b76   0x00000006   Code   RO         5945    i.__mathlib_dbl_infnan2  m_wv.l(dunder.o)
    0x08004b7c   0x00000004   PAD
    0x08004b80   0x00000018   Code   RO         5946    i.__mathlib_dbl_invalid  m_wv.l(dunder.o)
    0x08004b98   0x00000018   Code   RO         5949    i.__mathlib_dbl_underflow  m_wv.l(dunder.o)
    0x08004bb0   0x00000018   Code   RO         5965    i.__mathlib_flt_divzero  m_wv.l(funder.o)
    0x08004bc8   0x00000006   Code   RO         5967    i.__mathlib_flt_infnan2  m_wv.l(funder.o)
    0x08004bce   0x00000002   PAD
    0x08004bd0   0x00000010   Code   RO         5968    i.__mathlib_flt_invalid  m_wv.l(funder.o)
    0x08004be0   0x00000010   Code   RO         5969    i.__mathlib_flt_overflow  m_wv.l(funder.o)
    0x08004bf0   0x00000010   Code   RO         5971    i.__mathlib_flt_underflow  m_wv.l(funder.o)
    0x08004c00   0x0000000e   Code   RO         6023    i.__scatterload_copy  mc_w.l(handlers.o)
    0x08004c0e   0x00000002   Code   RO         6024    i.__scatterload_null  mc_w.l(handlers.o)
    0x08004c10   0x0000000e   Code   RO         6025    i.__scatterload_zeroinit  mc_w.l(handlers.o)
    0x08004c1e   0x00000002   PAD
    0x08004c20   0x0000000c   Code   RO         6007    i.__set_errno       mc_w.l(errno.o)
    0x08004c2c   0x00000010   Code   RO         5928    i.atan              m_wv.l(atan.o)
    0x08004c3c   0x00000058   Code   RO         5401    i.averager          conversion.o
    0x08004c94   0x00000224   Code   RO         5478    i.boardIO           boardio.o
    0x08004eb8   0x000000a0   Code   RO         5326    i.cs_PQ_combination  cs_handles.o
    0x08004f58   0x000002fc   Code   RO         5327    i.cs_handles        cs_handles.o
    0x08005254   0x0000004c   Code   RO         5514    i.dpm_mergeDWord    dataparsermerger.o
    0x080052a0   0x00000048   Code   RO         5515    i.dpm_mergeFloat    dataparsermerger.o
    0x080052e8   0x0000003a   Code   RO         5516    i.dpm_parseDWord    dataparsermerger.o
    0x08005322   0x00000002   PAD
    0x08005324   0x00000048   Code   RO         5517    i.dpm_parseFloat    dataparsermerger.o
    0x0800536c   0x00000018   Code   RO         5959    i.fabs              m_wv.l(fabs.o)
    0x08005384   0x000000cc   Code   RO         5019    i.fc27_all          fc27.o
    0x08005450   0x00000028   Code   RO         5020    i.fc27_init         fc27.o
    0x08005478   0x000000fc   Code   RO         5172    i.fc37_all          fc37.o
    0x08005574   0x00000028   Code   RO         5173    i.fc37_init         fc37.o
    0x0800559c   0x0000006c   Code   RO         5076    i.fc46_all          fc46.o
    0x08005608   0x00000054   Code   RO         5077    i.fc46_init         fc46.o
    0x0800565c   0x00000134   Code   RO         5098    i.fc49_all          fc49.o
    0x08005790   0x00000060   Code   RO         5099    i.fc49_init         fc49.o
    0x080057f0   0x00000094   Code   RO         4939    i.fc50N_all         fc50n.o
    0x08005884   0x00000030   Code   RO         4940    i.fc50N_init        fc50n.o
    0x080058b4   0x00000214   Code   RO         4909    i.fc50_all          fc50.o
    0x08005ac8   0x00000024   Code   RO         4910    i.fc50_init         fc50.o
    0x08005aec   0x00000040   Code   RO         4993    i.fc51N_all         fc51n.o
    0x08005b2c   0x00000044   Code   RO         4994    i.fc51N_init        fc51n.o
    0x08005b70   0x000000e8   Code   RO         4965    i.fc51_all          fc51.o
    0x08005c58   0x00000058   Code   RO         4966    i.fc51_init         fc51.o
    0x08005cb0   0x00000090   Code   RO         5053    i.fc59_all          fc59.o
    0x08005d40   0x00000018   Code   RO         5054    i.fc59_init         fc59.o
    0x08005d58   0x0000008c   Code   RO         5134    i.fcBF_all          fcbf.o
    0x08005de4   0x00000044   Code   RO         5135    i.fcBF_init         fcbf.o
    0x08005e28   0x00000170   Code   RO         5242    i.fcPVP_all         fcpvp.o
    0x08005f98   0x00000054   Code   RO         5243    i.fcPVP_init        fcpvp.o
    0x08005fec   0x00000128   Code   RO         5210    i.fcUNB_all         fcunb.o
    0x08006114   0x00000024   Code   RO         5211    i.fcUNB_init        fcunb.o
    0x08006138   0x00000050   Code   RO         5174    i.inhibition        fc37.o
    0x08006188   0x0000003a   Code   RO         5448    i.initFunctions     initfunctions.o
    0x080061c2   0x00000002   PAD
    0x080061c4   0x00000078   Code   RO         5402    i.init_conversion   conversion.o
    0x0800623c   0x0000083c   Code   RO         4882    i.init_protection   init_protection.o
    0x08006a78   0x0000013c   Code   RO          498    i.main              main.o
    0x08006bb4   0x0000004a   Code   RO         5830    i.main_flow         main_flow.o
    0x08006bfe   0x00000012   Code   RO         5272    i.pick_trip_reset_handles  pickup_handles.o
    0x08006c10   0x00000b9c   Code   RO         5273    i.pick_up_handles   pickup_handles.o
    0x080077ac   0x0000042c   Code   RO         5806    i.pullDataFromMaster  configparams.o
    0x08007bd8   0x0000077c   Code   RO         5762    i.pushDataToMaster  commparams.o
    0x08008354   0x00000458   Code   RO         5274    i.reset_handles     pickup_handles.o
    0x080087ac   0x000000c4   Code   RO         5381    i.spectral_analysis  spectra.o
    0x08008870   0x00000044   Code   RO         5636    i.spi_crcCalculation  spi_masterslave.o
    0x080088b4   0x00000002   Code   RO         5637    i.spi_initComApp    spi_masterslave.o
    0x080088b6   0x00000002   PAD
    0x080088b8   0x00000114   Code   RO         5638    i.spi_preparePushData  spi_masterslave.o
    0x080089cc   0x00000110   Code   RO         5639    i.spi_prepareReceiveData  spi_masterslave.o
    0x08008adc   0x00000040   Code   RO         5640    i.spi_runComApp     spi_masterslave.o
    0x08008b1c   0x00000040   Code   RO         5641    i.spi_sysTickCallApp  spi_masterslave.o
    0x08008b5c   0x000002a8   Code   RO         5275    i.trip_handles      pickup_handles.o
    0x08008e04   0x00000100   Code   RO         5361    i.trueRMS           truerms.o
    0x08008f04   0x00000014   Code   RO         5705    i.uart_initComApp   uart_masterslave.o
    0x08008f18   0x000000f0   Code   RO         5706    i.uart_prepareReceiveData  uart_masterslave.o
    0x08009008   0x00000044   Code   RO         5707    i.uart_runComApp    uart_masterslave.o
    0x0800904c   0x00000040   Code   RO         5708    i.uart_sysTickCallApp  uart_masterslave.o
    0x0800908c   0x00000008   Data   RO         2542    .constdata          stm32f7xx_hal_dma.o
    0x08009094   0x00000010   Data   RO         4849    .constdata          system_stm32f7xx.o
    0x080090a4   0x00000008   Data   RO         4850    .constdata          system_stm32f7xx.o
    0x080090ac   0x00000010   Data   RO         4912    .constdata          fc50.o
    0x080090bc   0x00000010   Data   RO         4942    .constdata          fc50n.o
    0x080090cc   0x00000014   Data   RO         4970    .constdata          fc51.o
    0x080090e0   0x00000014   Data   RO         4996    .constdata          fc51n.o
    0x080090f4   0x00000010   Data   RO         5022    .constdata          fc27.o
    0x08009104   0x0000000c   Data   RO         5056    .constdata          fc59.o
    0x08009110   0x00000024   Data   RO         5079    .constdata          fc46.o
    0x08009134   0x00000024   Data   RO         5101    .constdata          fc49.o
    0x08009158   0x00000018   Data   RO         5137    .constdata          fcbf.o
    0x08009170   0x00000010   Data   RO         5176    .constdata          fc37.o
    0x08009180   0x00000014   Data   RO         5214    .constdata          fcunb.o
    0x08009194   0x00000020   Data   RO         5245    .constdata          fcpvp.o
    0x080091b4   0x00000140   Data   RO         5872    .constdata          m_wv.l(powf.o)
    0x080092f4   0x00000004   PAD
    0x080092f8   0x00000098   Data   RO         5929    .constdata          m_wv.l(atan.o)
    0x08009390   0x00000030   Data   RO         5941    .constdata          m_wv.l(cos_i.o)
    0x080093c0   0x00000008   Data   RO         5979    .constdata          m_wv.l(qnan.o)
    0x080093c8   0x000000c8   Data   RO         5982    .constdata          m_wv.l(rred.o)
    0x08009490   0x00000028   Data   RO         5986    .constdata          m_wv.l(sin_i.o)
    0x080094b8   0x00000030   Data   RO         6021    Region$$Table       anon$$obj.o


    Execution Region RW_IRAM1 (Base: 0x20000000, Size: 0x000062c8, Max: 0x0001ffff, ABSOLUTE, COMPRESSED[0x00000194])

    Base Addr    Size         Type   Attr      Idx    E Section Name        Object

    0x20000000   0x00000001   Data   RW          500    .data               main.o
    0x20000001   0x00000003   PAD
    0x20000004   0x00000004   Data   RW         2366    .data               stm32f7xx_hal.o
    0x20000008   0x00000004   Data   RW         4851    .data               system_stm32f7xx.o
    0x2000000c   0x0000006c   Data   RW         4884    .data               init_protection.o
    0x20000078   0x00000018   Data   RW         5023    .data               fc27.o
    0x20000090   0x00000030   Data   RW         5057    .data               fc59.o
    0x200000c0   0x00000020   Data   RW         5102    .data               fc49.o
    0x200000e0   0x00000004   Data   RW         5103    .data               fc49.o
    0x200000e4   0x00000004   Data   RW         5104    .data               fc49.o
    0x200000e8   0x00000004   Data   RW         5108    .data               fc49.o
    0x200000ec   0x00000004   Data   RW         5109    .data               fc49.o
    0x200000f0   0x0000003c   Data   RW         5177    .data               fc37.o
    0x2000012c   0x00000010   Data   RW         5215    .data               fcunb.o
    0x2000013c   0x0000001c   Data   RW         5246    .data               fcpvp.o
    0x20000158   0x00000002   Data   RW         5277    .data               pickup_handles.o
    0x2000015a   0x00000002   PAD
    0x2000015c   0x000001a8   Data   RW         5332    .data               cs_handles.o
    0x20000304   0x00000001   Data   RW         5363    .data               truerms.o
    0x20000305   0x00000003   PAD
    0x20000308   0x00000194   Data   RW         5383    .data               spectra.o
    0x2000049c   0x00000018   Data   RW         5405    .data               conversion.o
    0x200004b4   0x00000004   Data   RW         5406    .data               conversion.o
    0x200004b8   0x00000008   Data   RW         5479    .data               boardio.o
    0x200004c0   0x00000004   Data   RW         5518    .data               dataparsermerger.o
    0x200004c4   0x0000000c   Data   RW         5807    .data               configparams.o
    0x200004d0   0x00000004   Data   RW         6008    .data               mc_w.l(errno.o)
    0x200004d4   0x00000080   Zero   RW            8    .bss                tim.o
    0x20000554   0x00000020   Zero   RW          175    .bss                rtc.o
    0x20000574   0x0000004c   Zero   RW          217    .bss                quadspi.o
    0x200005c0   0x000001f8   Zero   RW          447    .bss                adc.o
    0x200007b8   0x0000003c   Zero   RW          499    .bss                main.o
    0x200007f4   0x00000070   Zero   RW          591    .bss                usart.o
    0x20000864   0x00000064   Zero   RW          633    .bss                spi.o
    0x200008c8   0x00000074   Zero   RW         4883    .bss                init_protection.o
    0x2000093c   0x00000138   Zero   RW         4911    .bss                fc50.o
    0x20000a74   0x00000054   Zero   RW         4941    .bss                fc50n.o
    0x20000ac8   0x00000058   Zero   RW         4967    .bss                fc51.o
    0x20000b20   0x0000000c   Zero   RW         4968    .bss                fc51.o
    0x20000b2c   0x0000000c   Zero   RW         4969    .bss                fc51.o
    0x20000b38   0x00000020   Zero   RW         4995    .bss                fc51n.o
    0x20000b58   0x00000020   Zero   RW         5021    .bss                fc27.o
    0x20000b78   0x00000018   Zero   RW         5055    .bss                fc59.o
    0x20000b90   0x0000003c   Zero   RW         5078    .bss                fc46.o
    0x20000bcc   0x00000068   Zero   RW         5100    .bss                fc49.o
    0x20000c34   0x00000024   Zero   RW         5136    .bss                fcbf.o
    0x20000c58   0x00000020   Zero   RW         5175    .bss                fc37.o
    0x20000c78   0x0000010c   Zero   RW         5213    .bss                fcunb.o
    0x20000d84   0x000002cc   Zero   RW         5244    .bss                fcpvp.o
    0x20001050   0x00000128   Zero   RW         5276    .bss                pickup_handles.o
    0x20001178   0x00001430   Zero   RW         5328    .bss                cs_handles.o
    0x200025a8   0x00000c30   Zero   RW         5362    .bss                truerms.o
    0x200031d8   0x0000045c   Zero   RW         5382    .bss                spectra.o
    0x20003634   0x000000f0   Zero   RW         5403    .bss                conversion.o
    0x20003724   0x00000030   Zero   RW         5404    .bss                conversion.o
    0x20003754   0x00000024   Zero   RW         5463    .bss                powersysdata.o
    0x20003778   0x00001790   Zero   RW         5642    .bss                spi_masterslave.o
    0x20004f08   0x00000bc0   Zero   RW         5709    .bss                uart_masterslave.o
    0x20005ac8   0x00000800   Zero   RW          867    STACK               startup_stm32f767xx.o

