Component: ARM Compiler 5.06 update 3 (build 300) Tool: armlink [4d35c9]

==============================================================================

Section Cross References

    tim.o(i.HAL_TIM_Base_MspDeInit) refers to stm32f7xx_hal_cortex.o(i.HAL_NVIC_DisableIRQ) for HAL_NVIC_DisableIRQ
    tim.o(i.HAL_TIM_Base_MspInit) refers to stm32f7xx_hal_cortex.o(i.HAL_NVIC_SetPriority) for HAL_NVIC_SetPriority
    tim.o(i.HAL_TIM_Base_MspInit) refers to stm32f7xx_hal_cortex.o(i.HAL_NVIC_EnableIRQ) for HAL_NVIC_EnableIRQ
    tim.o(i.MX_TIM1_Init) refers to stm32f7xx_hal_tim.o(i.HAL_TIM_Base_Init) for HAL_TIM_Base_Init
    tim.o(i.MX_TIM1_Init) refers to main.o(i._Error_Handler) for _Error_Handler
    tim.o(i.MX_TIM1_Init) refers to stm32f7xx_hal_tim.o(i.HAL_TIM_ConfigClockSource) for HAL_TIM_ConfigClockSource
    tim.o(i.MX_TIM1_Init) refers to stm32f7xx_hal_tim_ex.o(i.HAL_TIMEx_MasterConfigSynchronization) for HAL_TIMEx_MasterConfigSynchronization
    tim.o(i.MX_TIM1_Init) refers to tim.o(.bss) for .bss
    tim.o(i.MX_TIM6_Init) refers to stm32f7xx_hal_tim.o(i.HAL_TIM_Base_Init) for HAL_TIM_Base_Init
    tim.o(i.MX_TIM6_Init) refers to main.o(i._Error_Handler) for _Error_Handler
    tim.o(i.MX_TIM6_Init) refers to stm32f7xx_hal_tim_ex.o(i.HAL_TIMEx_MasterConfigSynchronization) for HAL_TIMEx_MasterConfigSynchronization
    tim.o(i.MX_TIM6_Init) refers to tim.o(.bss) for .bss
    rtc.o(i.MX_RTC_Init) refers to stm32f7xx_hal_rtc.o(i.HAL_RTC_Init) for HAL_RTC_Init
    rtc.o(i.MX_RTC_Init) refers to main.o(i._Error_Handler) for _Error_Handler
    rtc.o(i.MX_RTC_Init) refers to rtc.o(.bss) for .bss
    quadspi.o(i.HAL_QSPI_MspDeInit) refers to stm32f7xx_hal_gpio.o(i.HAL_GPIO_DeInit) for HAL_GPIO_DeInit
    quadspi.o(i.HAL_QSPI_MspInit) refers to stm32f7xx_hal_gpio.o(i.HAL_GPIO_Init) for HAL_GPIO_Init
    quadspi.o(i.MX_QUADSPI_Init) refers to stm32f7xx_hal_qspi.o(i.HAL_QSPI_Init) for HAL_QSPI_Init
    quadspi.o(i.MX_QUADSPI_Init) refers to main.o(i._Error_Handler) for _Error_Handler
    quadspi.o(i.MX_QUADSPI_Init) refers to quadspi.o(.bss) for .bss
    dma.o(i.MX_DMA_Init) refers to stm32f7xx_hal_cortex.o(i.HAL_NVIC_SetPriority) for HAL_NVIC_SetPriority
    dma.o(i.MX_DMA_Init) refers to stm32f7xx_hal_cortex.o(i.HAL_NVIC_EnableIRQ) for HAL_NVIC_EnableIRQ
    stm32f7xx_hal_msp.o(i.HAL_MspInit) refers to stm32f7xx_hal_cortex.o(i.HAL_NVIC_SetPriorityGrouping) for HAL_NVIC_SetPriorityGrouping
    stm32f7xx_hal_msp.o(i.HAL_MspInit) refers to stm32f7xx_hal_cortex.o(i.HAL_NVIC_SetPriority) for HAL_NVIC_SetPriority
    stm32f7xx_it.o(i.DMA2_Stream0_IRQHandler) refers to stm32f7xx_hal_dma.o(i.HAL_DMA_IRQHandler) for HAL_DMA_IRQHandler
    stm32f7xx_it.o(i.DMA2_Stream0_IRQHandler) refers to adc.o(.bss) for hdma_adc1
    stm32f7xx_it.o(i.DMA2_Stream1_IRQHandler) refers to stm32f7xx_hal_dma.o(i.HAL_DMA_IRQHandler) for HAL_DMA_IRQHandler
    stm32f7xx_it.o(i.DMA2_Stream1_IRQHandler) refers to adc.o(.bss) for hdma_adc3
    stm32f7xx_it.o(i.DMA2_Stream2_IRQHandler) refers to stm32f7xx_hal_dma.o(i.HAL_DMA_IRQHandler) for HAL_DMA_IRQHandler
    stm32f7xx_it.o(i.DMA2_Stream2_IRQHandler) refers to adc.o(.bss) for hdma_adc2
    stm32f7xx_it.o(i.EXTI15_10_IRQHandler) refers to stm32f7xx_hal_gpio.o(i.HAL_GPIO_EXTI_IRQHandler) for HAL_GPIO_EXTI_IRQHandler
    stm32f7xx_it.o(i.EXTI15_10_IRQHandler) refers to main.o(.data) for incoming_data_flag
    stm32f7xx_it.o(i.SPI2_IRQHandler) refers to stm32f7xx_hal_spi.o(i.HAL_SPI_IRQHandler) for HAL_SPI_IRQHandler
    stm32f7xx_it.o(i.SPI2_IRQHandler) refers to spi.o(.bss) for hspi2
    stm32f7xx_it.o(i.SysTick_Handler) refers to stm32f7xx_hal.o(i.HAL_IncTick) for HAL_IncTick
    stm32f7xx_it.o(i.SysTick_Handler) refers to stm32f7xx_hal_cortex.o(i.HAL_SYSTICK_IRQHandler) for HAL_SYSTICK_IRQHandler
    stm32f7xx_it.o(i.SysTick_Handler) refers to uart_masterslave.o(i.uart_sysTickCallApp) for uart_sysTickCallApp
    stm32f7xx_it.o(i.SysTick_Handler) refers to spi_masterslave.o(i.spi_sysTickCallApp) for spi_sysTickCallApp
    stm32f7xx_it.o(i.TIM1_UP_TIM10_IRQHandler) refers to stm32f7xx_hal_tim.o(i.HAL_TIM_IRQHandler) for HAL_TIM_IRQHandler
    stm32f7xx_it.o(i.TIM1_UP_TIM10_IRQHandler) refers to tim.o(.bss) for htim1
    stm32f7xx_it.o(i.USART2_IRQHandler) refers to stm32f7xx_hal_uart.o(i.HAL_UART_IRQHandler) for HAL_UART_IRQHandler
    stm32f7xx_it.o(i.USART2_IRQHandler) refers to usart.o(.bss) for huart2
    adc.o(i.HAL_ADC_MspDeInit) refers to stm32f7xx_hal_gpio.o(i.HAL_GPIO_DeInit) for HAL_GPIO_DeInit
    adc.o(i.HAL_ADC_MspDeInit) refers to stm32f7xx_hal_dma.o(i.HAL_DMA_DeInit) for HAL_DMA_DeInit
    adc.o(i.HAL_ADC_MspInit) refers to stm32f7xx_hal_gpio.o(i.HAL_GPIO_Init) for HAL_GPIO_Init
    adc.o(i.HAL_ADC_MspInit) refers to stm32f7xx_hal_dma.o(i.HAL_DMA_Init) for HAL_DMA_Init
    adc.o(i.HAL_ADC_MspInit) refers to main.o(i._Error_Handler) for _Error_Handler
    adc.o(i.HAL_ADC_MspInit) refers to adc.o(.bss) for .bss
[...]
    stm32f7xx_hal_tim_ex.o(i.HAL_TIMEx_OCN_Start_DMA) refers to stm32f7xx_hal_tim_ex.o(i.TIM_CCxNChannelCmd) for TIM_CCxNChannelCmd
    stm32f7xx_hal_tim_ex.o(i.HAL_TIMEx_OCN_Start_DMA) refers to stm32f7xx_hal_tim.o(i.TIM_DMADelayPulseCplt) for TIM_DMADelayPulseCplt
    stm32f7xx_hal_tim_ex.o(i.HAL_TIMEx_OCN_Start_DMA) refers to stm32f7xx_hal_tim.o(i.TIM_DMAError) for TIM_DMAError
    stm32f7xx_hal_tim_ex.o(i.HAL_TIMEx_OCN_Start_IT) refers to stm32f7xx_hal_tim_ex.o(i.TIM_CCxNChannelCmd) for TIM_CCxNChannelCmd
    stm32f7xx_hal_tim_ex.o(i.HAL_TIMEx_OCN_Stop) refers to stm32f7xx_hal_tim_ex.o(i.TIM_CCxNChannelCmd) for TIM_CCxNChannelCmd
    stm32f7xx_hal_tim_ex.o(i.HAL_TIMEx_OCN_Stop_DMA) refers to stm32f7xx_hal_tim_ex.o(i.TIM_CCxNChannelCmd) for TIM_CCxNChannelCmd
    stm32f7xx_hal_tim_ex.o(i.HAL_TIMEx_OCN_Stop_IT) refers to stm32f7xx_hal_tim_ex.o(i.TIM_CCxNChannelCmd) for TIM_CCxNChannelCmd
    stm32f7xx_hal_tim_ex.o(i.HAL_TIMEx_OnePulseN_Start) refers to stm32f7xx_hal_tim_ex.o(i.TIM_CCxNChannelCmd) for TIM_CCxNChannelCmd
    stm32f7xx_hal_tim_ex.o(i.HAL_TIMEx_OnePulseN_Start_IT) refers to stm32f7xx_hal_tim_ex.o(i.TIM_CCxNChannelCmd) for TIM_CCxNChannelCmd
    stm32f7xx_hal_tim_ex.o(i.HAL_TIMEx_OnePulseN_Stop) refers to stm32f7xx_hal_tim_ex.o(i.TIM_CCxNChannelCmd) for TIM_CCxNChannelCmd
    stm32f7xx_hal_tim_ex.o(i.HAL_TIMEx_OnePulseN_Stop_IT) refers to stm32f7xx_hal_tim_ex.o(i.TIM_CCxNChannelCmd) for TIM_CCxNChannelCmd
    stm32f7xx_hal_tim_ex.o(i.HAL_TIMEx_PWMN_Start) refers to stm32f7xx_hal_tim_ex.o(i.TIM_CCxNChannelCmd) for TIM_CCxNChannelCmd
    stm32f7xx_hal_tim_ex.o(i.HAL_TIMEx_PWMN_Start_DMA) refers to stm32f7xx_hal_dma.o(i.HAL_DMA_Start_IT) for HAL_DMA_Start_IT
    stm32f7xx_hal_tim_ex.o(i.HAL_TIMEx_PWMN_Start_DMA) refers to stm32f7xx_hal_tim_ex.o(i.TIM_CCxNChannelCmd) for TIM_CCxNChannelCmd
    stm32f7xx_hal_tim_ex.o(i.HAL_TIMEx_PWMN_Start_DMA) refers to stm32f7xx_hal_tim.o(i.TIM_DMADelayPulseCplt) for TIM_DMADelayPulseCplt
    stm32f7xx_hal_tim_ex.o(i.HAL_TIMEx_PWMN_Start_DMA) refers to stm32f7xx_hal_tim.o(i.TIM_DMAError) for TIM_DMAError
    stm32f7xx_hal_tim_ex.o(i.HAL_TIMEx_PWMN_Start_IT) refers to stm32f7xx_hal_tim_ex.o(i.TIM_CCxNChannelCmd) for TIM_CCxNChannelCmd
    stm32f7xx_hal_tim_ex.o(i.HAL_TIMEx_PWMN_Stop) refers to stm32f7xx_hal_tim_ex.o(i.TIM_CCxNChannelCmd) for TIM_CCxNChannelCmd
    stm32f7xx_hal_tim_ex.o(i.HAL_TIMEx_PWMN_Stop_DMA) refers to stm32f7xx_hal_tim_ex.o(i.TIM_CCxNChannelCmd) for TIM_CCxNChannelCmd
    stm32f7xx_hal_tim_ex.o(i.HAL_TIMEx_PWMN_Stop_IT) refers to stm32f7xx_hal_tim_ex.o(i.TIM_CCxNChannelCmd) for TIM_CCxNChannelCmd
    stm32f7xx_hal_tim_ex.o(i.HAL_TIM_ConfigOCrefClear) refers to stm32f7xx_hal_tim.o(i.TIM_ETR_SetConfig) for TIM_ETR_SetConfig
    stm32f7xx_hal_tim_ex.o(i.HAL_TIM_OC_ConfigChannel) refers to stm32f7xx_hal_tim.o(i.TIM_OC1_SetConfig) for TIM_OC1_SetConfig
    stm32f7xx_hal_tim_ex.o(i.HAL_TIM_OC_ConfigChannel) refers to stm32f7xx_hal_tim.o(i.TIM_OC2_SetConfig) for TIM_OC2_SetConfig
    stm32f7xx_hal_tim_ex.o(i.HAL_TIM_OC_ConfigChannel) refers to stm32f7xx_hal_tim.o(i.TIM_OC3_SetConfig) for TIM_OC3_SetConfig
    stm32f7xx_hal_tim_ex.o(i.HAL_TIM_OC_ConfigChannel) refers to stm32f7xx_hal_tim.o(i.TIM_OC4_SetConfig) for TIM_OC4_SetConfig
    stm32f7xx_hal_tim_ex.o(i.HAL_TIM_OC_ConfigChannel) refers to stm32f7xx_hal_tim_ex.o(i.TIM_OC5_SetConfig) for TIM_OC5_SetConfig
    stm32f7xx_hal_tim_ex.o(i.HAL_TIM_OC_ConfigChannel) refers to stm32f7xx_hal_tim_ex.o(i.TIM_OC6_SetConfig) for TIM_OC6_SetConfig
    stm32f7xx_hal_tim_ex.o(i.HAL_TIM_PWM_ConfigChannel) refers to stm32f7xx_hal_tim.o(i.TIM_OC1_SetConfig) for TIM_OC1_SetConfig
    stm32f7xx_hal_tim_ex.o(i.HAL_TIM_PWM_ConfigChannel) refers to stm32f7xx_hal_tim.o(i.TIM_OC2_SetConfig) for TIM_OC2_SetConfig
    stm32f7xx_hal_tim_ex.o(i.HAL_TIM_PWM_ConfigChannel) refers to stm32f7xx_hal_tim.o(i.TIM_OC3_SetConfig) for TIM_OC3_SetConfig
    stm32f7xx_hal_tim_ex.o(i.HAL_TIM_PWM_ConfigChannel) refers to stm32f7xx_hal_tim.o(i.TIM_OC4_SetConfig) for TIM_OC4_SetConfig
    stm32f7xx_hal_tim_ex.o(i.HAL_TIM_PWM_ConfigChannel) refers to stm32f7xx_hal_tim_ex.o(i.TIM_OC5_SetConfig) for TIM_OC5_SetConfig
    stm32f7xx_hal_tim_ex.o(i.HAL_TIM_PWM_ConfigChannel) refers to stm32f7xx_hal_tim_ex.o(i.TIM_OC6_SetConfig) for TIM_OC6_SetConfig
    stm32f7xx_hal_tim_ex.o(i.TIMEx_DMACommutationCplt) refers to stm32f7xx_hal_tim_ex.o(i.HAL_TIMEx_CommutationCallback) for HAL_TIMEx_CommutationCallback
    stm32f7xx_hal_flash_ex.o(i.FLASH_OB_BootAddressConfig) refers to stm32f7xx_hal_flash.o(i.FLASH_WaitForLastOperation) for FLASH_WaitForLastOperation
    stm32f7xx_hal_flash_ex.o(i.HAL_FLASHEx_Erase) refers to stm32f7xx_hal_flash.o(i.FLASH_WaitForLastOperation) for FLASH_WaitForLastOperation
    stm32f7xx_hal_flash_ex.o(i.HAL_FLASHEx_Erase) refers to stm32f7xx_hal_flash_ex.o(i.FLASH_MassErase) for FLASH_MassErase
    stm32f7xx_hal_flash_ex.o(i.HAL_FLASHEx_Erase) refers to stm32f7xx_hal_flash_ex.o(i.FLASH_Erase_Sector) for FLASH_Erase_Sector
    stm32f7xx_hal_flash_ex.o(i.HAL_FLASHEx_Erase) refers to stm32f7xx_hal_flash.o(.bss) for pFlash
    stm32f7xx_hal_flash_ex.o(i.HAL_FLASHEx_Erase_IT) refers to stm32f7xx_hal_flash_ex.o(i.FLASH_Erase_Sector) for FLASH_Erase_Sector
    stm32f7xx_hal_flash_ex.o(i.HAL_FLASHEx_Erase_IT) refers to stm32f7xx_hal_flash_ex.o(i.FLASH_MassErase) for FLASH_MassErase
    stm32f7xx_hal_flash_ex.o(i.HAL_FLASHEx_Erase_IT) refers to stm32f7xx_hal_flash.o(.bss) for pFlash
    stm32f7xx_hal_flash_ex.o(i.HAL_FLASHEx_OBGetConfig) refers to stm32f7xx_hal_flash_ex.o(i.FLASH_OB_GetBootAddress) for FLASH_OB_GetBootAddress
    stm32f7xx_hal_flash_ex.o(i.HAL_FLASHEx_OBProgram) refers to stm32f7xx_hal_flash.o(i.FLASH_WaitForLastOperation) for FLASH_WaitForLastOperation
    stm32f7xx_hal_flash_ex.o(i.HAL_FLASHEx_OBProgram) refers to stm32f7xx_hal_flash_ex.o(i.FLASH_OB_BootAddressConfig) for FLASH_OB_BootAddressConfig
    stm32f7xx_hal_flash_ex.o(i.HAL_FLASHEx_OBProgram) refers to stm32f7xx_hal_flash.o(.bss) for pFlash
    stm32f7xx_hal_qspi.o(i.HAL_QSPI_Abort) refers to stm32f7xx_hal.o(i.HAL_GetTick) for HAL_GetTick
    stm32f7xx_hal_qspi.o(i.HAL_QSPI_Abort) refers to stm32f7xx_hal_dma.o(i.HAL_DMA_Abort) for HAL_DMA_Abort
    stm32f7xx_hal_qspi.o(i.HAL_QSPI_Abort) refers to stm32f7xx_hal_qspi.o(i.QSPI_WaitFlagStateUntilTimeout) for QSPI_WaitFlagStateUntilTimeout
    stm32f7xx_hal_qspi.o(i.HAL_QSPI_Abort_IT) refers to stm32f7xx_hal_dma.o(i.HAL_DMA_Abort_IT) for HAL_DMA_Abort_IT
    stm32f7xx_hal_qspi.o(i.HAL_QSPI_Abort_IT) refers to stm32f7xx_hal_qspi.o(i.QSPI_DMAAbortCplt) for QSPI_DMAAbortCplt
    stm32f7xx_hal_qspi.o(i.HAL_QSPI_AutoPolling) refers to stm32f7xx_hal.o(i.HAL_GetTick) for HAL_GetTick
    stm32f7xx_hal_qspi.o(i.HAL_QSPI_AutoPolling) refers to stm32f7xx_hal_qspi.o(i.QSPI_WaitFlagStateUntilTimeout) for QSPI_WaitFlagStateUntilTimeout
    stm32f7xx_hal_qspi.o(i.HAL_QSPI_AutoPolling) refers to stm32f7xx_hal_qspi.o(i.QSPI_Config) for QSPI_Config
    stm32f7xx_hal_qspi.o(i.HAL_QSPI_AutoPolling_IT) refers to stm32f7xx_hal.o(i.HAL_GetTick) for HAL_GetTick
    stm32f7xx_hal_qspi.o(i.HAL_QSPI_AutoPolling_IT) refers to stm32f7xx_hal_qspi.o(i.QSPI_WaitFlagStateUntilTimeout) for QSPI_WaitFlagStateUntilTimeout
    stm32f7xx_hal_qspi.o(i.HAL_QSPI_AutoPolling_IT) refers to stm32f7xx_hal_qspi.o(i.QSPI_Config) for QSPI_Config
    stm32f7xx_hal_qspi.o(i.HAL_QSPI_Command) refers to stm32f7xx_hal.o(i.HAL_GetTick) for HAL_GetTick
    stm32f7xx_hal_qspi.o(i.HAL_QSPI_Command) refers to stm32f7xx_hal_qspi.o(i.QSPI_WaitFlagStateUntilTimeout) for QSPI_WaitFlagStateUntilTimeout
    stm32f7xx_hal_qspi.o(i.HAL_QSPI_Command) refers to stm32f7xx_hal_qspi.o(i.QSPI_Config) for QSPI_Config
    stm32f7xx_hal_qspi.o(i.HAL_QSPI_Command_IT) refers to stm32f7xx_hal.o(i.HAL_GetTick) for HAL_GetTick
    stm32f7xx_hal_qspi.o(i.HAL_QSPI_Command_IT) refers to stm32f7xx_hal_qspi.o(i.QSPI_WaitFlagStateUntilTimeout) for QSPI_WaitFlagStateUntilTimeout
    stm32f7xx_hal_qspi.o(i.HAL_QSPI_Command_IT) refers to stm32f7xx_hal_qspi.o(i.QSPI_Config) for QSPI_Config
    stm32f7xx_hal_qspi.o(i.HAL_QSPI_DeInit) refers to quadspi.o(i.HAL_QSPI_MspDeInit) for HAL_QSPI_MspDeInit
    stm32f7xx_hal_qspi.o(i.HAL_QSPI_IRQHandler) refers to stm32f7xx_hal_qspi.o(i.HAL_QSPI_FifoThresholdCallback) for HAL_QSPI_FifoThresholdCallback
    stm32f7xx_hal_qspi.o(i.HAL_QSPI_IRQHandler) refers to stm32f7xx_hal_qspi.o(i.HAL_QSPI_TxCpltCallback) for HAL_QSPI_TxCpltCallback
    stm32f7xx_hal_qspi.o(i.HAL_QSPI_IRQHandler) refers to stm32f7xx_hal_qspi.o(i.HAL_QSPI_RxCpltCallback) for HAL_QSPI_RxCpltCallback
    stm32f7xx_hal_qspi.o(i.HAL_QSPI_IRQHandler) refers to stm32f7xx_hal_qspi.o(i.HAL_QSPI_CmdCpltCallback) for HAL_QSPI_CmdCpltCallback
    stm32f7xx_hal_qspi.o(i.HAL_QSPI_IRQHandler) refers to stm32f7xx_hal_qspi.o(i.HAL_QSPI_AbortCpltCallback) for HAL_QSPI_AbortCpltCallback
    stm32f7xx_hal_qspi.o(i.HAL_QSPI_IRQHandler) refers to stm32f7xx_hal_qspi.o(i.HAL_QSPI_ErrorCallback) for HAL_QSPI_ErrorCallback
    stm32f7xx_hal_qspi.o(i.HAL_QSPI_IRQHandler) refers to stm32f7xx_hal_qspi.o(i.HAL_QSPI_StatusMatchCallback) for HAL_QSPI_StatusMatchCallback
    stm32f7xx_hal_qspi.o(i.HAL_QSPI_IRQHandler) refers to stm32f7xx_hal_dma.o(i.HAL_DMA_Abort_IT) for HAL_DMA_Abort_IT
    stm32f7xx_hal_qspi.o(i.HAL_QSPI_IRQHandler) refers to stm32f7xx_hal_qspi.o(i.HAL_QSPI_TimeOutCallback) for HAL_QSPI_TimeOutCallback
    stm32f7xx_hal_qspi.o(i.HAL_QSPI_IRQHandler) refers to stm32f7xx_hal_qspi.o(i.QSPI_DMAAbortCplt) for QSPI_DMAAbortCplt
    stm32f7xx_hal_qspi.o(i.HAL_QSPI_Init) refers to stm32f7xx_hal.o(i.HAL_GetTick) for HAL_GetTick
    stm32f7xx_hal_qspi.o(i.HAL_QSPI_Init) refers to quadspi.o(i.HAL_QSPI_MspInit) for HAL_QSPI_MspInit
    stm32f7xx_hal_qspi.o(i.HAL_QSPI_Init) refers to stm32f7xx_hal_qspi.o(i.QSPI_WaitFlagStateUntilTimeout) for QSPI_WaitFlagStateUntilTimeout
    stm32f7xx_hal_qspi.o(i.HAL_QSPI_MemoryMapped) refers to stm32f7xx_hal.o(i.HAL_GetTick) for HAL_GetTick
    stm32f7xx_hal_qspi.o(i.HAL_QSPI_MemoryMapped) refers to stm32f7xx_hal_qspi.o(i.QSPI_WaitFlagStateUntilTimeout) for QSPI_WaitFlagStateUntilTimeout
    stm32f7xx_hal_qspi.o(i.HAL_QSPI_MemoryMapped) refers to stm32f7xx_hal_qspi.o(i.QSPI_Config) for QSPI_Config
    stm32f7xx_hal_qspi.o(i.HAL_QSPI_Receive) refers to stm32f7xx_hal.o(i.HAL_GetTick) for HAL_GetTick
    stm32f7xx_hal_qspi.o(i.HAL_QSPI_Receive) refers to stm32f7xx_hal_qspi.o(i.QSPI_WaitFlagStateUntilTimeout) for QSPI_WaitFlagStateUntilTimeout
    stm32f7xx_hal_qspi.o(i.HAL_QSPI_Receive_DMA) refers to stm32f7xx_hal_dma.o(i.HAL_DMA_Start_IT) for HAL_DMA_Start_IT
    stm32f7xx_hal_qspi.o(i.HAL_QSPI_Receive_DMA) refers to stm32f7xx_hal_qspi.o(i.QSPI_DMARxCplt) for QSPI_DMARxCplt
    stm32f7xx_hal_qspi.o(i.HAL_QSPI_Receive_DMA) refers to stm32f7xx_hal_qspi.o(i.QSPI_DMARxHalfCplt) for QSPI_DMARxHalfCplt
    stm32f7xx_hal_qspi.o(i.HAL_QSPI_Receive_DMA) refers to stm32f7xx_hal_qspi.o(i.QSPI_DMAError) for QSPI_DMAError
    stm32f7xx_hal_qspi.o(i.HAL_QSPI_Transmit) refers to stm32f7xx_hal.o(i.HAL_GetTick) for HAL_GetTick
    stm32f7xx_hal_qspi.o(i.HAL_QSPI_Transmit) refers to stm32f7xx_hal_qspi.o(i.QSPI_WaitFlagStateUntilTimeout) for QSPI_WaitFlagStateUntilTimeout
    stm32f7xx_hal_qspi.o(i.HAL_QSPI_Transmit_DMA) refers to stm32f7xx_hal_dma.o(i.HAL_DMA_Start_IT) for HAL_DMA_Start_IT
    stm32f7xx_hal_qspi.o(i.HAL_QSPI_Transmit_DMA) refers to stm32f7xx_hal_qspi.o(i.QSPI_DMATxCplt) for QSPI_DMATxCplt
    stm32f7xx_hal_qspi.o(i.HAL_QSPI_Transmit_DMA) refers to stm32f7xx_hal_qspi.o(i.QSPI_DMATxHalfCplt) for QSPI_DMATxHalfCplt
    stm32f7xx_hal_qspi.o(i.HAL_QSPI_Transmit_DMA) refers to stm32f7xx_hal_qspi.o(i.QSPI_DMAError) for QSPI_DMAError
    stm32f7xx_hal_qspi.o(i.QSPI_DMAAbortCplt) refers to stm32f7xx_hal_qspi.o(i.HAL_QSPI_ErrorCallback) for HAL_QSPI_ErrorCallback
    stm32f7xx_hal_qspi.o(i.QSPI_DMAError) refers to stm32f7xx_hal_dma.o(i.HAL_DMA_GetError) for HAL_DMA_GetError
    stm32f7xx_hal_qspi.o(i.QSPI_DMAError) refers to stm32f7xx_hal_qspi.o(i.HAL_QSPI_Abort_IT) for HAL_QSPI_Abort_IT
    stm32f7xx_hal_qspi.o(i.QSPI_DMARxHalfCplt) refers to stm32f7xx_hal_qspi.o(i.HAL_QSPI_RxHalfCpltCallback) for HAL_QSPI_RxHalfCpltCallback
    stm32f7xx_hal_qspi.o(i.QSPI_DMATxHalfCplt) refers to stm32f7xx_hal_qspi.o(i.HAL_QSPI_TxHalfCpltCallback) for HAL_QSPI_TxHalfCpltCallback
    stm32f7xx_hal_qspi.o(i.QSPI_WaitFlagStateUntilTimeout) refers to stm32f7xx_hal.o(i.HAL_GetTick) for HAL_GetTick
    stm32f7xx_hal_i2c.o(i.HAL_I2C_DeInit) refers to stm32f7xx_hal_i2c.o(i.HAL_I2C_MspDeInit) for HAL_I2C_MspDeInit
    stm32f7xx_hal_i2c.o(i.HAL_I2C_DisableListen_IT) refers to stm32f7xx_hal_i2c.o(i.I2C_Disable_IRQ) for I2C_Disable_IRQ
    stm32f7xx_hal_i2c.o(i.HAL_I2C_ER_IRQHandler) refers to stm32f7xx_hal_i2c.o(i.I2C_ITError) for I2C_ITError
    stm32f7xx_hal_i2c.o(i.HAL_I2C_EnableListen_IT) refers to stm32f7xx_hal_i2c.o(i.I2C_Enable_IRQ) for I2C_Enable_IRQ
    stm32f7xx_hal_i2c.o(i.HAL_I2C_EnableListen_IT) refers to stm32f7xx_hal_i2c.o(i.I2C_Slave_ISR_IT) for I2C_Slave_ISR_IT
    stm32f7xx_hal_i2c.o(i.HAL_I2C_Init) refers to stm32f7xx_hal_i2c.o(i.HAL_I2C_MspInit) for HAL_I2C_MspInit
    stm32f7xx_hal_i2c.o(i.HAL_I2C_IsDeviceReady) refers to stm32f7xx_hal.o(i.HAL_GetTick) for HAL_GetTick
    stm32f7xx_hal_i2c.o(i.HAL_I2C_IsDeviceReady) refers to stm32f7xx_hal_i2c.o(i.I2C_WaitOnFlagUntilTimeout) for I2C_WaitOnFlagUntilTimeout
    stm32f7xx_hal_i2c.o(i.HAL_I2C_Master_Abort_IT) refers to stm32f7xx_hal_i2c.o(i.I2C_Disable_IRQ) for I2C_Disable_IRQ
    stm32f7xx_hal_i2c.o(i.HAL_I2C_Master_Abort_IT) refers to stm32f7xx_hal_i2c.o(i.I2C_TransferConfig) for I2C_TransferConfig
    stm32f7xx_hal_i2c.o(i.HAL_I2C_Master_Abort_IT) refers to stm32f7xx_hal_i2c.o(i.I2C_Enable_IRQ) for I2C_Enable_IRQ
    stm32f7xx_hal_i2c.o(i.HAL_I2C_Master_Receive) refers to stm32f7xx_hal.o(i.HAL_GetTick) for HAL_GetTick
    stm32f7xx_hal_i2c.o(i.HAL_I2C_Master_Receive) refers to stm32f7xx_hal_i2c.o(i.I2C_WaitOnFlagUntilTimeout) for I2C_WaitOnFlagUntilTimeout
    stm32f7xx_hal_i2c.o(i.HAL_I2C_Master_Receive) refers to stm32f7xx_hal_i2c.o(i.I2C_TransferConfig) for I2C_TransferConfig
    stm32f7xx_hal_i2c.o(i.HAL_I2C_Master_Receive) refers to stm32f7xx_hal_i2c.o(i.I2C_WaitOnRXNEFlagUntilTimeout) for I2C_WaitOnRXNEFlagUntilTimeout
    stm32f7xx_hal_i2c.o(i.HAL_I2C_Master_Receive) refers to stm32f7xx_hal_i2c.o(i.I2C_WaitOnSTOPFlagUntilTimeout) for I2C_WaitOnSTOPFlagUntilTimeout
    stm32f7xx_hal_i2c.o(i.HAL_I2C_Master_Receive_DMA) refers to stm32f7xx_hal_dma.o(i.HAL_DMA_Start_IT) for HAL_DMA_Start_IT
    stm32f7xx_hal_i2c.o(i.HAL_I2C_Master_Receive_DMA) refers to stm32f7xx_hal_i2c.o(i.I2C_TransferConfig) for I2C_TransferConfig
    stm32f7xx_hal_i2c.o(i.HAL_I2C_Master_Receive_DMA) refers to stm32f7xx_hal_i2c.o(i.I2C_Enable_IRQ) for I2C_Enable_IRQ
    stm32f7xx_hal_i2c.o(i.HAL_I2C_Master_Receive_DMA) refers to stm32f7xx_hal_i2c.o(i.I2C_Master_ISR_DMA) for I2C_Master_ISR_DMA
    stm32f7xx_hal_i2c.o(i.HAL_I2C_Master_Receive_DMA) refers to stm32f7xx_hal_i2c.o(i.I2C_DMAMasterReceiveCplt) for I2C_DMAMasterReceiveCplt
    stm32f7xx_hal_i2c.o(i.HAL_I2C_Master_Receive_DMA) refers to stm32f7xx_hal_i2c.o(i.I2C_DMAError) for I2C_DMAError
    stm32f7xx_hal_i2c.o(i.HAL_I2C_Master_Receive_DMA) refers to stm32f7xx_hal_i2c.o(i.I2C_Master_ISR_IT) for I2C_Master_ISR_IT
    stm32f7xx_hal_i2c.o(i.HAL_I2C_Master_Receive_IT) refers to stm32f7xx_hal_i2c.o(i.I2C_TransferConfig) for I2C_TransferConfig
    stm32f7xx_hal_i2c.o(i.HAL_I2C_Master_Receive_IT) refers to stm32f7xx_hal_i2c.o(i.I2C_Enable_IRQ) for I2C_Enable_IRQ
    stm32f7xx_hal_i2c.o(i.HAL_I2C_Master_Receive_IT) refers to stm32f7xx_hal_i2c.o(i.I2C_Master_ISR_IT) for I2C_Master_ISR_IT
    stm32f7xx_hal_i2c.o(i.HAL_I2C_Master_Sequential_Receive_IT) refers to stm32f7xx_hal_i2c.o(i.I2C_TransferConfig) for I2C_TransferConfig
    stm32f7xx_hal_i2c.o(i.HAL_I2C_Master_Sequential_Receive_IT) refers to stm32f7xx_hal_i2c.o(i.I2C_Enable_IRQ) for I2C_Enable_IRQ
    stm32f7xx_hal_i2c.o(i.HAL_I2C_Master_Sequential_Receive_IT) refers to stm32f7xx_hal_i2c.o(i.I2C_Master_ISR_IT) for I2C_Master_ISR_IT
    stm32f7xx_hal_i2c.o(i.HAL_I2C_Master_Sequential_Transmit_IT) refers to stm32f7xx_hal_i2c.o(i.I2C_TransferConfig) for I2C_TransferConfig
    stm32f7xx_hal_i2c.o(i.HAL_I2C_Master_Sequential_Transmit_IT) refers to stm32f7xx_hal_i2c.o(i.I2C_Enable_IRQ) for I2C_Enable_IRQ
    stm32f7xx_hal_i2c.o(i.HAL_I2C_Master_Sequential_Transmit_IT) refers to stm32f7xx_hal_i2c.o(i.I2C_Master_ISR_IT) for I2C_Master_ISR_IT
    stm32f7xx_hal_i2c.o(i.HAL_I2C_Master_Transmit) refers to stm32f7xx_hal.o(i.HAL_GetTick) for HAL_GetTick
    stm32f7xx_hal_i2c.o(i.HAL_I2C_Master_Transmit) refers to stm32f7xx_hal_i2c.o(i.I2C_WaitOnFlagUntilTimeout) for I2C_WaitOnFlagUntilTimeout
    stm32f7xx_hal_i2c.o(i.HAL_I2C_Master_Transmit) refers to stm32f7xx_hal_i2c.o(i.I2C_TransferConfig) for I2C_TransferConfig
    stm32f7xx_hal_i2c.o(i.HAL_I2C_Master_Transmit) refers to stm32f7xx_hal_i2c.o(i.I2C_WaitOnTXISFlagUntilTimeout) for I2C_WaitOnTXISFlagUntilTimeout
    stm32f7xx_hal_i2c.o(i.HAL_I2C_Master_Transmit) refers to stm32f7xx_hal_i2c.o(i.I2C_WaitOnSTOPFlagUntilTimeout) for I2C_WaitOnSTOPFlagUntilTimeout
    stm32f7xx_hal_i2c.o(i.HAL_I2C_Master_Transmit_DMA) refers to stm32f7xx_hal_dma.o(i.HAL_DMA_Start_IT) for HAL_DMA_Start_IT
    stm32f7xx_hal_i2c.o(i.HAL_I2C_Master_Transmit_DMA) refers to stm32f7xx_hal_i2c.o(i.I2C_TransferConfig) for I2C_TransferConfig
    stm32f7xx_hal_i2c.o(i.HAL_I2C_Master_Transmit_DMA) refers to stm32f7xx_hal_i2c.o(i.I2C_Enable_IRQ) for I2C_Enable_IRQ
    stm32f7xx_hal_i2c.o(i.HAL_I2C_Master_Transmit_DMA) refers to stm32f7xx_hal_i2c.o(i.I2C_Master_ISR_DMA) for I2C_Master_ISR_DMA
    stm32f7xx_hal_i2c.o(i.HAL_I2C_Master_Transmit_DMA) refers to stm32f7xx_hal_i2c.o(i.I2C_DMAMasterTransmitCplt) for I2C_DMAMasterTransmitCplt
    stm32f7xx_hal_i2c.o(i.HAL_I2C_Master_Transmit_DMA) refers to stm32f7xx_hal_i2c.o(i.I2C_DMAError) for I2C_DMAError
    stm32f7xx_hal_i2c.o(i.HAL_I2C_Master_Transmit_DMA) refers to stm32f7xx_hal_i2c.o(i.I2C_Master_ISR_IT) for I2C_Master_ISR_IT
    stm32f7xx_hal_i2c.o(i.HAL_I2C_Master_Transmit_IT) refers to stm32f7xx_hal_i2c.o(i.I2C_TransferConfig) for I2C_TransferConfig
    stm32f7xx_hal_i2c.o(i.HAL_I2C_Master_Transmit_IT) refers to stm32f7xx_hal_i2c.o(i.I2C_Enable_IRQ) for I2C_Enable_IRQ
    stm32f7xx_hal_i2c.o(i.HAL_I2C_Master_Transmit_IT) refers to stm32f7xx_hal_i2c.o(i.I2C_Master_ISR_IT) for I2C_Master_ISR_IT
    stm32f7xx_hal_i2c.o(i.HAL_I2C_Mem_Read) refers to stm32f7xx_hal.o(i.HAL_GetTick) for HAL_GetTick
    stm32f7xx_hal_i2c.o(i.HAL_I2C_Mem_Read) refers to stm32f7xx_hal_i2c.o(i.I2C_WaitOnFlagUntilTimeout) for I2C_WaitOnFlagUntilTimeout
    stm32f7xx_hal_i2c.o(i.HAL_I2C_Mem_Read) refers to stm32f7xx_hal_i2c.o(i.I2C_RequestMemoryRead) for I2C_RequestMemoryRead
    stm32f7xx_hal_i2c.o(i.HAL_I2C_Mem_Read) refers to stm32f7xx_hal_i2c.o(i.I2C_TransferConfig) for I2C_TransferConfig
    stm32f7xx_hal_i2c.o(i.HAL_I2C_Mem_Read) refers to stm32f7xx_hal_i2c.o(i.I2C_WaitOnSTOPFlagUntilTimeout) for I2C_WaitOnSTOPFlagUntilTimeout
    stm32f7xx_hal_i2c.o(i.HAL_I2C_Mem_Read_DMA) refers to stm32f7xx_hal.o(i.HAL_GetTick) for HAL_GetTick
    stm32f7xx_hal_i2c.o(i.HAL_I2C_Mem_Read_DMA) refers to stm32f7xx_hal_i2c.o(i.I2C_RequestMemoryRead) for I2C_RequestMemoryRead
    stm32f7xx_hal_i2c.o(i.HAL_I2C_Mem_Read_DMA) refers to stm32f7xx_hal_dma.o(i.HAL_DMA_Start_IT) for HAL_DMA_Start_IT
    stm32f7xx_hal_i2c.o(i.HAL_I2C_Mem_Read_DMA) refers to stm32f7xx_hal_i2c.o(i.I2C_TransferConfig) for I2C_TransferConfig
    stm32f7xx_hal_i2c.o(i.HAL_I2C_Mem_Read_DMA) refers to stm32f7xx_hal_i2c.o(i.I2C_Enable_IRQ) for I2C_Enable_IRQ
    stm32f7xx_hal_i2c.o(i.HAL_I2C_Mem_Read_DMA) refers to stm32f7xx_hal_i2c.o(i.I2C_Master_ISR_DMA) for I2C_Master_ISR_DMA
    stm32f7xx_hal_i2c.o(i.HAL_I2C_Mem_Read_DMA) refers to stm32f7xx_hal_i2c.o(i.I2C_DMAMasterReceiveCplt) for I2C_DMAMasterReceiveCplt
    stm32f7xx_hal_i2c.o(i.HAL_I2C_Mem_Read_DMA) refers to stm32f7xx_hal_i2c.o(i.I2C_DMAError) for I2C_DMAError
    stm32f7xx_hal_i2c.o(i.HAL_I2C_Mem_Read_IT) refers to stm32f7xx_hal.o(i.HAL_GetTick) for HAL_GetTick
    stm32f7xx_hal_i2c.o(i.HAL_I2C_Mem_Read_IT) refers to stm32f7xx_hal_i2c.o(i.I2C_RequestMemoryRead) for I2C_RequestMemoryRead
    stm32f7xx_hal_i2c.o(i.HAL_I2C_Mem_Read_IT) refers to stm32f7xx_hal_i2c.o(i.I2C_TransferConfig) for I2C_TransferConfig
    stm32f7xx_hal_i2c.o(i.HAL_I2C_Mem_Read_IT) refers to stm32f7xx_hal_i2c.o(i.I2C_Enable_IRQ) for I2C_Enable_IRQ
    stm32f7xx_hal_i2c.o(i.HAL_I2C_Mem_Read_IT) refers to stm32f7xx_hal_i2c.o(i.I2C_Master_ISR_IT) for I2C_Master_ISR_IT
    stm32f7xx_hal_i2c.o(i.HAL_I2C_Mem_Write) refers to stm32f7xx_hal.o(i.HAL_GetTick) for HAL_GetTick
    stm32f7xx_hal_i2c.o(i.HAL_I2C_Mem_Write) refers to stm32f7xx_hal_i2c.o(i.I2C_WaitOnFlagUntilTimeout) for I2C_WaitOnFlagUntilTimeout
    stm32f7xx_hal_i2c.o(i.HAL_I2C_Mem_Write) refers to stm32f7xx_hal_i2c.o(i.I2C_RequestMemoryWrite) for I2C_RequestMemoryWrite
    stm32f7xx_hal_i2c.o(i.HAL_I2C_Mem_Write) refers to stm32f7xx_hal_i2c.o(i.I2C_TransferConfig) for I2C_TransferConfig
    stm32f7xx_hal_i2c.o(i.HAL_I2C_Mem_Write) refers to stm32f7xx_hal_i2c.o(i.I2C_WaitOnTXISFlagUntilTimeout) for I2C_WaitOnTXISFlagUntilTimeout
    stm32f7xx_hal_i2c.o(i.HAL_I2C_Mem_Write) refers to stm32f7xx_hal_i2c.o(i.I2C_WaitOnSTOPFlagUntilTimeout) for I2C_WaitOnSTOPFlagUntilTimeout
    stm32f7xx_hal_i2c.o(i.HAL_I2C_Mem_Write_DMA) refers to stm32f7xx_hal.o(i.HAL_GetTick) for HAL_GetTick
    stm32f7xx_hal_i2c.o(i.HAL_I2C_Mem_Write_DMA) refers to stm32f7xx_hal_i2c.o(i.I2C_RequestMemoryWrite) for I2C_RequestMemoryWrite
    stm32f7xx_hal_i2c.o(i.HAL_I2C_Mem_Write_DMA) refers to stm32f7xx_hal_dma.o(i.HAL_DMA_Start_IT) for HAL_DMA_Start_IT
    stm32f7xx_hal_i2c.o(i.HAL_I2C_Mem_Write_DMA) refers to stm32f7xx_hal_i2c.o(i.I2C_TransferConfig) for I2C_TransferConfig
    stm32f7xx_hal_i2c.o(i.HAL_I2C_Mem_Write_DMA) refers to stm32f7xx_hal_i2c.o(i.I2C_Enable_IRQ) for I2C_Enable_IRQ
    stm32f7xx_hal_i2c.o(i.HAL_I2C_Mem_Write_DMA) refers to stm32f7xx_hal_i2c.o(i.I2C_Master_ISR_DMA) for I2C_Master_ISR_DMA
    stm32f7xx_hal_i2c.o(i.HAL_I2C_Mem_Write_DMA) refers to stm32f7xx_hal_i2c.o(i.I2C_DMAMasterTransmitCplt) for I2C_DMAMasterTransmitCplt
    stm32f7xx_hal_i2c.o(i.HAL_I2C_Mem_Write_DMA) refers to stm32f7xx_hal_i2c.o(i.I2C_DMAError) for I2C_DMAError
    stm32f7xx_hal_i2c.o(i.HAL_I2C_Mem_Write_IT) refers to stm32f7xx_hal.o(i.HAL_GetTick) for HAL_GetTick
    stm32f7xx_hal_i2c.o(i.HAL_I2C_Mem_Write_IT) refers to stm32f7xx_hal_i2c.o(i.I2C_RequestMemoryWrite) for I2C_RequestMemoryWrite
    stm32f7xx_hal_i2c.o(i.HAL_I2C_Mem_Write_IT) refers to stm32f7xx_hal_i2c.o(i.I2C_TransferConfig) for I2C_TransferConfig
    stm32f7xx_hal_i2c.o(i.HAL_I2C_Mem_Write_IT) refers to stm32f7xx_hal_i2c.o(i.I2C_Enable_IRQ) for I2C_Enable_IRQ
    stm32f7xx_hal_i2c.o(i.HAL_I2C_Mem_Write_IT) refers to stm32f7xx_hal_i2c.o(i.I2C_Master_ISR_IT) for I2C_Master_ISR_IT
    stm32f7xx_hal_i2c.o(i.HAL_I2C_Slave_Receive) refers to stm32f7xx_hal.o(i.HAL_GetTick) for HAL_GetTick
    stm32f7xx_hal_i2c.o(i.HAL_I2C_Slave_Receive) refers to stm32f7xx_hal_i2c.o(i.I2C_WaitOnFlagUntilTimeout) for I2C_WaitOnFlagUntilTimeout
    stm32f7xx_hal_i2c.o(i.HAL_I2C_Slave_Receive) refers to stm32f7xx_hal_i2c.o(i.I2C_WaitOnRXNEFlagUntilTimeout) for I2C_WaitOnRXNEFlagUntilTimeout
    stm32f7xx_hal_i2c.o(i.HAL_I2C_Slave_Receive) refers to stm32f7xx_hal_i2c.o(i.I2C_WaitOnSTOPFlagUntilTimeout) for I2C_WaitOnSTOPFlagUntilTimeout
    stm32f7xx_hal_i2c.o(i.HAL_I2C_Slave_Receive_DMA) refers to stm32f7xx_hal_dma.o(i.HAL_DMA_Start_IT) for HAL_DMA_Start_IT
    stm32f7xx_hal_i2c.o(i.HAL_I2C_Slave_Receive_DMA) refers to stm32f7xx_hal_i2c.o(i.I2C_Enable_IRQ) for I2C_Enable_IRQ
    stm32f7xx_hal_i2c.o(i.HAL_I2C_Slave_Receive_DMA) refers to stm32f7xx_hal_i2c.o(i.I2C_Slave_ISR_DMA) for I2C_Slave_ISR_DMA
    stm32f7xx_hal_i2c.o(i.HAL_I2C_Slave_Receive_DMA) refers to stm32f7xx_hal_i2c.o(i.I2C_DMASlaveReceiveCplt) for I2C_DMASlaveReceiveCplt
    stm32f7xx_hal_i2c.o(i.HAL_I2C_Slave_Receive_DMA) refers to stm32f7xx_hal_i2c.o(i.I2C_DMAError) for I2C_DMAError
    stm32f7xx_hal_i2c.o(i.HAL_I2C_Slave_Receive_IT) refers to stm32f7xx_hal_i2c.o(i.I2C_Enable_IRQ) for I2C_Enable_IRQ
    stm32f7xx_hal_i2c.o(i.HAL_I2C_Slave_Receive_IT) refers to stm32f7xx_hal_i2c.o(i.I2C_Slave_ISR_IT) for I2C_Slave_ISR_IT
    stm32f7xx_hal_i2c.o(i.HAL_I2C_Slave_Sequential_Receive_IT) refers to stm32f7xx_hal_i2c.o(i.I2C_Disable_IRQ) for I2C_Disable_IRQ
    stm32f7xx_hal_i2c.o(i.HAL_I2C_Slave_Sequential_Receive_IT) refers to stm32f7xx_hal_i2c.o(i.I2C_Enable_IRQ) for I2C_Enable_IRQ
    stm32f7xx_hal_i2c.o(i.HAL_I2C_Slave_Sequential_Receive_IT) refers to stm32f7xx_hal_i2c.o(i.I2C_Slave_ISR_IT) for I2C_Slave_ISR_IT
    stm32f7xx_hal_i2c.o(i.HAL_I2C_Slave_Sequential_Transmit_IT) refers to stm32f7xx_hal_i2c.o(i.I2C_Disable_IRQ) for I2C_Disable_IRQ
    stm32f7xx_hal_i2c.o(i.HAL_I2C_Slave_Sequential_Transmit_IT) refers to stm32f7xx_hal_i2c.o(i.I2C_Enable_IRQ) for I2C_Enable_IRQ
    stm32f7xx_hal_i2c.o(i.HAL_I2C_Slave_Sequential_Transmit_IT) refers to stm32f7xx_hal_i2c.o(i.I2C_Slave_ISR_IT) for I2C_Slave_ISR_IT
    stm32f7xx_hal_i2c.o(i.HAL_I2C_Slave_Transmit) refers to stm32f7xx_hal.o(i.HAL_GetTick) for HAL_GetTick
    stm32f7xx_hal_i2c.o(i.HAL_I2C_Slave_Transmit) refers to stm32f7xx_hal_i2c.o(i.I2C_WaitOnFlagUntilTimeout) for I2C_WaitOnFlagUntilTimeout
    stm32f7xx_hal_i2c.o(i.HAL_I2C_Slave_Transmit) refers to stm32f7xx_hal_i2c.o(i.I2C_WaitOnTXISFlagUntilTimeout) for I2C_WaitOnTXISFlagUntilTimeout
    stm32f7xx_hal_i2c.o(i.HAL_I2C_Slave_Transmit) refers to stm32f7xx_hal_i2c.o(i.I2C_WaitOnSTOPFlagUntilTimeout) for I2C_WaitOnSTOPFlagUntilTimeout
    stm32f7xx_hal_i2c.o(i.HAL_I2C_Slave_Transmit_DMA) refers to stm32f7xx_hal_dma.o(i.HAL_DMA_Start_IT) for HAL_DMA_Start_IT
    stm32f7xx_hal_i2c.o(i.HAL_I2C_Slave_Transmit_DMA) refers to stm32f7xx_hal_i2c.o(i.I2C_Enable_IRQ) for I2C_Enable_IRQ
    stm32f7xx_hal_i2c.o(i.HAL_I2C_Slave_Transmit_DMA) refers to stm32f7xx_hal_i2c.o(i.I2C_Slave_ISR_DMA) for I2C_Slave_ISR_DMA
    stm32f7xx_hal_i2c.o(i.HAL_I2C_Slave_Transmit_DMA) refers to stm32f7xx_hal_i2c.o(i.I2C_DMASlaveTransmitCplt) for I2C_DMASlaveTransmitCplt
    stm32f7xx_hal_i2c.o(i.HAL_I2C_Slave_Transmit_DMA) refers to stm32f7xx_hal_i2c.o(i.I2C_DMAError) for I2C_DMAError
    stm32f7xx_hal_i2c.o(i.HAL_I2C_Slave_Transmit_IT) refers to stm32f7xx_hal_i2c.o(i.I2C_Enable_IRQ) for I2C_Enable_IRQ
    stm32f7xx_hal_i2c.o(i.HAL_I2C_Slave_Transmit_IT) refers to stm32f7xx_hal_i2c.o(i.I2C_Slave_ISR_IT) for I2C_Slave_ISR_IT
    stm32f7xx_hal_i2c.o(i.I2C_DMAAbort) refers to stm32f7xx_hal_i2c.o(i.HAL_I2C_ErrorCallback) for HAL_I2C_ErrorCallback
    stm32f7xx_hal_i2c.o(i.I2C_DMAAbort) refers to stm32f7xx_hal_i2c.o(i.HAL_I2C_AbortCpltCallback) for HAL_I2C_AbortCpltCallback
    stm32f7xx_hal_i2c.o(i.I2C_DMAError) refers to stm32f7xx_hal_i2c.o(i.I2C_ITError) for I2C_ITError
    stm32f7xx_hal_i2c.o(i.I2C_DMAMasterReceiveCplt) refers to stm32f7xx_hal_i2c.o(i.I2C_Enable_IRQ) for I2C_Enable_IRQ
    stm32f7xx_hal_i2c.o(i.I2C_DMAMasterReceiveCplt) refers to stm32f7xx_hal_dma.o(i.HAL_DMA_Start_IT) for HAL_DMA_Start_IT
    stm32f7xx_hal_i2c.o(i.I2C_DMAMasterTransmitCplt) refers to stm32f7xx_hal_i2c.o(i.I2C_Enable_IRQ) for I2C_Enable_IRQ
    stm32f7xx_hal_i2c.o(i.I2C_DMAMasterTransmitCplt) refers to stm32f7xx_hal_dma.o(i.HAL_DMA_Start_IT) for HAL_DMA_Start_IT
    stm32f7xx_hal_i2c.o(i.I2C_Enable_IRQ) refers to stm32f7xx_hal_i2c.o(i.I2C_Master_ISR_DMA) for I2C_Master_ISR_DMA
    stm32f7xx_hal_i2c.o(i.I2C_Enable_IRQ) refers to stm32f7xx_hal_i2c.o(i.I2C_Slave_ISR_DMA) for I2C_Slave_ISR_DMA
    stm32f7xx_hal_i2c.o(i.I2C_ITAddrCplt) refers to stm32f7xx_hal_i2c.o(i.I2C_Disable_IRQ) for I2C_Disable_IRQ
    stm32f7xx_hal_i2c.o(i.I2C_ITAddrCplt) refers to stm32f7xx_hal_i2c.o(i.HAL_I2C_AddrCallback) for HAL_I2C_AddrCallback
    stm32f7xx_hal_i2c.o(i.I2C_ITError) refers to stm32f7xx_hal_i2c.o(i.I2C_Disable_IRQ) for I2C_Disable_IRQ
    stm32f7xx_hal_i2c.o(i.I2C_ITError) refers to stm32f7xx_hal_dma.o(i.HAL_DMA_Abort_IT) for HAL_DMA_Abort_IT
    stm32f7xx_hal_i2c.o(i.I2C_ITError) refers to stm32f7xx_hal_i2c.o(i.HAL_I2C_ErrorCallback) for HAL_I2C_ErrorCallback
    stm32f7xx_hal_i2c.o(i.I2C_ITError) refers to stm32f7xx_hal_i2c.o(i.HAL_I2C_AbortCpltCallback) for HAL_I2C_AbortCpltCallback
    stm32f7xx_hal_i2c.o(i.I2C_ITError) refers to stm32f7xx_hal_i2c.o(i.I2C_DMAAbort) for I2C_DMAAbort
    stm32f7xx_hal_i2c.o(i.I2C_ITError) refers to stm32f7xx_hal_i2c.o(i.I2C_Slave_ISR_IT) for I2C_Slave_ISR_IT
    stm32f7xx_hal_i2c.o(i.I2C_ITListenCplt) refers to stm32f7xx_hal_i2c.o(i.I2C_Disable_IRQ) for I2C_Disable_IRQ
    stm32f7xx_hal_i2c.o(i.I2C_ITListenCplt) refers to stm32f7xx_hal_i2c.o(i.HAL_I2C_ListenCpltCallback) for HAL_I2C_ListenCpltCallback
    stm32f7xx_hal_i2c.o(i.I2C_ITMasterCplt) refers to stm32f7xx_hal_i2c.o(i.I2C_Flush_TXDR) for I2C_Flush_TXDR
    stm32f7xx_hal_i2c.o(i.I2C_ITMasterCplt) refers to stm32f7xx_hal_i2c.o(i.I2C_Disable_IRQ) for I2C_Disable_IRQ
    stm32f7xx_hal_i2c.o(i.I2C_ITMasterCplt) refers to stm32f7xx_hal_i2c.o(i.HAL_I2C_MasterRxCpltCallback) for HAL_I2C_MasterRxCpltCallback
    stm32f7xx_hal_i2c.o(i.I2C_ITMasterCplt) refers to stm32f7xx_hal_i2c.o(i.I2C_ITError) for I2C_ITError
    stm32f7xx_hal_i2c.o(i.I2C_ITMasterCplt) refers to stm32f7xx_hal_i2c.o(i.HAL_I2C_MasterTxCpltCallback) for HAL_I2C_MasterTxCpltCallback
    stm32f7xx_hal_i2c.o(i.I2C_ITMasterCplt) refers to stm32f7xx_hal_i2c.o(i.HAL_I2C_MemTxCpltCallback) for HAL_I2C_MemTxCpltCallback
    stm32f7xx_hal_i2c.o(i.I2C_ITMasterCplt) refers to stm32f7xx_hal_i2c.o(i.HAL_I2C_MemRxCpltCallback) for HAL_I2C_MemRxCpltCallback
    stm32f7xx_hal_i2c.o(i.I2C_ITMasterSequentialCplt) refers to stm32f7xx_hal_i2c.o(i.I2C_Disable_IRQ) for I2C_Disable_IRQ
    stm32f7xx_hal_i2c.o(i.I2C_ITMasterSequentialCplt) refers to stm32f7xx_hal_i2c.o(i.HAL_I2C_MasterRxCpltCallback) for HAL_I2C_MasterRxCpltCallback
    stm32f7xx_hal_i2c.o(i.I2C_ITMasterSequentialCplt) refers to stm32f7xx_hal_i2c.o(i.HAL_I2C_MasterTxCpltCallback) for HAL_I2C_MasterTxCpltCallback
    stm32f7xx_hal_i2c.o(i.I2C_ITSlaveCplt) refers to stm32f7xx_hal_i2c.o(i.I2C_Disable_IRQ) for I2C_Disable_IRQ
    stm32f7xx_hal_i2c.o(i.I2C_ITSlaveCplt) refers to stm32f7xx_hal_i2c.o(i.I2C_Flush_TXDR) for I2C_Flush_TXDR
    stm32f7xx_hal_i2c.o(i.I2C_ITSlaveCplt) refers to stm32f7xx_hal_i2c.o(i.I2C_ITError) for I2C_ITError
    stm32f7xx_hal_i2c.o(i.I2C_ITSlaveCplt) refers to stm32f7xx_hal_i2c.o(i.I2C_ITListenCplt) for I2C_ITListenCplt
    stm32f7xx_hal_i2c.o(i.I2C_ITSlaveCplt) refers to stm32f7xx_hal_i2c.o(i.HAL_I2C_ListenCpltCallback) for HAL_I2C_ListenCpltCallback
    stm32f7xx_hal_i2c.o(i.I2C_ITSlaveCplt) refers to stm32f7xx_hal_i2c.o(i.HAL_I2C_SlaveTxCpltCallback) for HAL_I2C_SlaveTxCpltCallback
    stm32f7xx_hal_i2c.o(i.I2C_ITSlaveCplt) refers to stm32f7xx_hal_i2c.o(i.HAL_I2C_SlaveRxCpltCallback) for HAL_I2C_SlaveRxCpltCallback
    stm32f7xx_hal_i2c.o(i.I2C_ITSlaveSequentialCplt) refers to stm32f7xx_hal_i2c.o(i.I2C_Disable_IRQ) for I2C_Disable_IRQ
    stm32f7xx_hal_i2c.o(i.I2C_ITSlaveSequentialCplt) refers to stm32f7xx_hal_i2c.o(i.HAL_I2C_SlaveRxCpltCallback) for HAL_I2C_SlaveRxCpltCallback
    stm32f7xx_hal_i2c.o(i.I2C_ITSlaveSequentialCplt) refers to stm32f7xx_hal_i2c.o(i.HAL_I2C_SlaveTxCpltCallback) for HAL_I2C_SlaveTxCpltCallback
    stm32f7xx_hal_i2c.o(i.I2C_IsAcknowledgeFailed) refers to stm32f7xx_hal.o(i.HAL_GetTick) for HAL_GetTick
    stm32f7xx_hal_i2c.o(i.I2C_IsAcknowledgeFailed) refers to stm32f7xx_hal_i2c.o(i.I2C_Flush_TXDR) for I2C_Flush_TXDR
    stm32f7xx_hal_i2c.o(i.I2C_Master_ISR_DMA) refers to stm32f7xx_hal_i2c.o(i.I2C_Enable_IRQ) for I2C_Enable_IRQ
    stm32f7xx_hal_i2c.o(i.I2C_Master_ISR_DMA) refers to stm32f7xx_hal_i2c.o(i.I2C_Flush_TXDR) for I2C_Flush_TXDR
    stm32f7xx_hal_i2c.o(i.I2C_Master_ISR_DMA) refers to stm32f7xx_hal_i2c.o(i.I2C_TransferConfig) for I2C_TransferConfig
    stm32f7xx_hal_i2c.o(i.I2C_Master_ISR_DMA) refers to stm32f7xx_hal_i2c.o(i.I2C_ITError) for I2C_ITError
    stm32f7xx_hal_i2c.o(i.I2C_Master_ISR_DMA) refers to stm32f7xx_hal_i2c.o(i.I2C_ITMasterCplt) for I2C_ITMasterCplt
    stm32f7xx_hal_i2c.o(i.I2C_Master_ISR_IT) refers to stm32f7xx_hal_i2c.o(i.I2C_Flush_TXDR) for I2C_Flush_TXDR
    stm32f7xx_hal_i2c.o(i.I2C_Master_ISR_IT) refers to stm32f7xx_hal_i2c.o(i.I2C_TransferConfig) for I2C_TransferConfig
    stm32f7xx_hal_i2c.o(i.I2C_Master_ISR_IT) refers to stm32f7xx_hal_i2c.o(i.I2C_ITError) for I2C_ITError
    stm32f7xx_hal_i2c.o(i.I2C_Master_ISR_IT) refers to stm32f7xx_hal_i2c.o(i.I2C_ITMasterCplt) for I2C_ITMasterCplt
    stm32f7xx_hal_i2c.o(i.I2C_Master_ISR_IT) refers to stm32f7xx_hal_i2c.o(i.I2C_ITMasterSequentialCplt) for I2C_ITMasterSequentialCplt
    stm32f7xx_hal_i2c.o(i.I2C_RequestMemoryRead) refers to stm32f7xx_hal_i2c.o(i.I2C_TransferConfig) for I2C_TransferConfig
    stm32f7xx_hal_i2c.o(i.I2C_RequestMemoryRead) refers to stm32f7xx_hal_i2c.o(i.I2C_WaitOnTXISFlagUntilTimeout) for I2C_WaitOnTXISFlagUntilTimeout
    stm32f7xx_hal_i2c.o(i.I2C_RequestMemoryRead) refers to stm32f7xx_hal_i2c.o(i.I2C_WaitOnFlagUntilTimeout) for I2C_WaitOnFlagUntilTimeout
    stm32f7xx_hal_i2c.o(i.I2C_RequestMemoryWrite) refers to stm32f7xx_hal_i2c.o(i.I2C_TransferConfig) for I2C_TransferConfig
    stm32f7xx_hal_i2c.o(i.I2C_RequestMemoryWrite) refers to stm32f7xx_hal_i2c.o(i.I2C_WaitOnTXISFlagUntilTimeout) for I2C_WaitOnTXISFlagUntilTimeout
    stm32f7xx_hal_i2c.o(i.I2C_RequestMemoryWrite) refers to stm32f7xx_hal_i2c.o(i.I2C_WaitOnFlagUntilTimeout) for I2C_WaitOnFlagUntilTimeout
    stm32f7xx_hal_i2c.o(i.I2C_Slave_ISR_DMA) refers to stm32f7xx_hal_i2c.o(i.I2C_ITSlaveCplt) for I2C_ITSlaveCplt
    stm32f7xx_hal_i2c.o(i.I2C_Slave_ISR_IT) refers to stm32f7xx_hal_i2c.o(i.I2C_ITListenCplt) for I2C_ITListenCplt
    stm32f7xx_hal_i2c.o(i.I2C_Slave_ISR_IT) refers to stm32f7xx_hal_i2c.o(i.I2C_Flush_TXDR) for I2C_Flush_TXDR
    stm32f7xx_hal_i2c.o(i.I2C_Slave_ISR_IT) refers to stm32f7xx_hal_i2c.o(i.I2C_ITAddrCplt) for I2C_ITAddrCplt
    stm32f7xx_hal_i2c.o(i.I2C_Slave_ISR_IT) refers to stm32f7xx_hal_i2c.o(i.I2C_ITSlaveSequentialCplt) for I2C_ITSlaveSequentialCplt
    stm32f7xx_hal_i2c.o(i.I2C_Slave_ISR_IT) refers to stm32f7xx_hal_i2c.o(i.I2C_ITSlaveCplt) for I2C_ITSlaveCplt
    stm32f7xx_hal_i2c.o(i.I2C_WaitOnFlagUntilTimeout) refers to stm32f7xx_hal.o(i.HAL_GetTick) for HAL_GetTick
    stm32f7xx_hal_i2c.o(i.I2C_WaitOnRXNEFlagUntilTimeout) refers to stm32f7xx_hal_i2c.o(i.I2C_IsAcknowledgeFailed) for I2C_IsAcknowledgeFailed
    stm32f7xx_hal_i2c.o(i.I2C_WaitOnRXNEFlagUntilTimeout) refers to stm32f7xx_hal.o(i.HAL_GetTick) for HAL_GetTick
    stm32f7xx_hal_i2c.o(i.I2C_WaitOnSTOPFlagUntilTimeout) refers to stm32f7xx_hal_i2c.o(i.I2C_IsAcknowledgeFailed) for I2C_IsAcknowledgeFailed
    stm32f7xx_hal_i2c.o(i.I2C_WaitOnSTOPFlagUntilTimeout) refers to stm32f7xx_hal.o(i.HAL_GetTick) for HAL_GetTick
    stm32f7xx_hal_i2c.o(i.I2C_WaitOnTXISFlagUntilTimeout) refers to stm32f7xx_hal_i2c.o(i.I2C_IsAcknowledgeFailed) for I2C_IsAcknowledgeFailed
    stm32f7xx_hal_i2c.o(i.I2C_WaitOnTXISFlagUntilTimeout) refers to stm32f7xx_hal.o(i.HAL_GetTick) for HAL_GetTick
    stm32f7xx_hal_uart.o(i.HAL_HalfDuplex_Init) refers to usart.o(i.HAL_UART_MspInit) for HAL_UART_MspInit
    stm32f7xx_hal_uart.o(i.HAL_HalfDuplex_Init) refers to stm32f7xx_hal_uart.o(i.UART_SetConfig) for UART_SetConfig
    stm32f7xx_hal_uart.o(i.HAL_HalfDuplex_Init) refers to stm32f7xx_hal_uart.o(i.UART_AdvFeatureConfig) for UART_AdvFeatureConfig
    stm32f7xx_hal_uart.o(i.HAL_HalfDuplex_Init) refers to stm32f7xx_hal_uart.o(i.UART_CheckIdleState) for UART_CheckIdleState
    stm32f7xx_hal_uart.o(i.HAL_LIN_Init) refers to usart.o(i.HAL_UART_MspInit) for HAL_UART_MspInit
    stm32f7xx_hal_uart.o(i.HAL_LIN_Init) refers to stm32f7xx_hal_uart.o(i.UART_SetConfig) for UART_SetConfig
    stm32f7xx_hal_uart.o(i.HAL_LIN_Init) refers to stm32f7xx_hal_uart.o(i.UART_AdvFeatureConfig) for UART_AdvFeatureConfig
    stm32f7xx_hal_uart.o(i.HAL_LIN_Init) refers to stm32f7xx_hal_uart.o(i.UART_CheckIdleState) for UART_CheckIdleState
    stm32f7xx_hal_uart.o(i.HAL_MultiProcessorEx_AddressLength_Set) refers to stm32f7xx_hal_uart.o(i.UART_CheckIdleState) for UART_CheckIdleState
    stm32f7xx_hal_uart.o(i.HAL_MultiProcessor_DisableMuteMode) refers to stm32f7xx_hal_uart.o(i.UART_CheckIdleState) for UART_CheckIdleState
    stm32f7xx_hal_uart.o(i.HAL_MultiProcessor_EnableMuteMode) refers to stm32f7xx_hal_uart.o(i.UART_CheckIdleState) for UART_CheckIdleState
    stm32f7xx_hal_uart.o(i.HAL_MultiProcessor_Init) refers to usart.o(i.HAL_UART_MspInit) for HAL_UART_MspInit
    stm32f7xx_hal_uart.o(i.HAL_MultiProcessor_Init) refers to stm32f7xx_hal_uart.o(i.UART_SetConfig) for UART_SetConfig
    stm32f7xx_hal_uart.o(i.HAL_MultiProcessor_Init) refers to stm32f7xx_hal_uart.o(i.UART_AdvFeatureConfig) for UART_AdvFeatureConfig
    stm32f7xx_hal_uart.o(i.HAL_MultiProcessor_Init) refers to stm32f7xx_hal_uart.o(i.UART_CheckIdleState) for UART_CheckIdleState
    stm32f7xx_hal_uart.o(i.HAL_RS485Ex_Init) refers to usart.o(i.HAL_UART_MspInit) for HAL_UART_MspInit
    stm32f7xx_hal_uart.o(i.HAL_RS485Ex_Init) refers to stm32f7xx_hal_uart.o(i.UART_SetConfig) for UART_SetConfig
    stm32f7xx_hal_uart.o(i.HAL_RS485Ex_Init) refers to stm32f7xx_hal_uart.o(i.UART_AdvFeatureConfig) for UART_AdvFeatureConfig
    stm32f7xx_hal_uart.o(i.HAL_RS485Ex_Init) refers to stm32f7xx_hal_uart.o(i.UART_CheckIdleState) for UART_CheckIdleState
    stm32f7xx_hal_uart.o(i.HAL_UART_DMAStop) refers to stm32f7xx_hal_dma.o(i.HAL_DMA_Abort) for HAL_DMA_Abort
    stm32f7xx_hal_uart.o(i.HAL_UART_DMAStop) refers to stm32f7xx_hal_uart.o(i.UART_EndTxTransfer) for UART_EndTxTransfer
    stm32f7xx_hal_uart.o(i.HAL_UART_DMAStop) refers to stm32f7xx_hal_uart.o(i.UART_EndRxTransfer) for UART_EndRxTransfer
    stm32f7xx_hal_uart.o(i.HAL_UART_DeInit) refers to usart.o(i.HAL_UART_MspDeInit) for HAL_UART_MspDeInit
    stm32f7xx_hal_uart.o(i.HAL_UART_IRQHandler) refers to stm32f7xx_hal_uart.o(i.UART_Receive_IT) for UART_Receive_IT
    stm32f7xx_hal_uart.o(i.HAL_UART_IRQHandler) refers to stm32f7xx_hal_uart.o(i.UART_EndRxTransfer) for UART_EndRxTransfer
    stm32f7xx_hal_uart.o(i.HAL_UART_IRQHandler) refers to stm32f7xx_hal_dma.o(i.HAL_DMA_Abort_IT) for HAL_DMA_Abort_IT
    stm32f7xx_hal_uart.o(i.HAL_UART_IRQHandler) refers to stm32f7xx_hal_uart.o(i.HAL_UART_ErrorCallback) for HAL_UART_ErrorCallback
    stm32f7xx_hal_uart.o(i.HAL_UART_IRQHandler) refers to uart_masterslave.o(i.HAL_UART_TxCpltCallback) for HAL_UART_TxCpltCallback
    stm32f7xx_hal_uart.o(i.HAL_UART_IRQHandler) refers to stm32f7xx_hal_uart.o(i.UART_DMAAbortOnError) for UART_DMAAbortOnError
    stm32f7xx_hal_uart.o(i.HAL_UART_Init) refers to usart.o(i.HAL_UART_MspInit) for HAL_UART_MspInit
    stm32f7xx_hal_uart.o(i.HAL_UART_Init) refers to stm32f7xx_hal_uart.o(i.UART_SetConfig) for UART_SetConfig
    stm32f7xx_hal_uart.o(i.HAL_UART_Init) refers to stm32f7xx_hal_uart.o(i.UART_AdvFeatureConfig) for UART_AdvFeatureConfig
    stm32f7xx_hal_uart.o(i.HAL_UART_Init) refers to stm32f7xx_hal_uart.o(i.UART_CheckIdleState) for UART_CheckIdleState
    stm32f7xx_hal_uart.o(i.HAL_UART_Receive) refers to stm32f7xx_hal.o(i.HAL_GetTick) for HAL_GetTick
    stm32f7xx_hal_uart.o(i.HAL_UART_Receive) refers to stm32f7xx_hal_uart.o(i.UART_WaitOnFlagUntilTimeout) for UART_WaitOnFlagUntilTimeout
    stm32f7xx_hal_uart.o(i.HAL_UART_Receive_DMA) refers to stm32f7xx_hal_dma.o(i.HAL_DMA_Start_IT) for HAL_DMA_Start_IT
    stm32f7xx_hal_uart.o(i.HAL_UART_Receive_DMA) refers to stm32f7xx_hal_uart.o(i.UART_DMAReceiveCplt) for UART_DMAReceiveCplt
    stm32f7xx_hal_uart.o(i.HAL_UART_Receive_DMA) refers to stm32f7xx_hal_uart.o(i.UART_DMARxHalfCplt) for UART_DMARxHalfCplt
    stm32f7xx_hal_uart.o(i.HAL_UART_Receive_DMA) refers to stm32f7xx_hal_uart.o(i.UART_DMAError) for UART_DMAError
    stm32f7xx_hal_uart.o(i.HAL_UART_Transmit) refers to stm32f7xx_hal.o(i.HAL_GetTick) for HAL_GetTick
    stm32f7xx_hal_uart.o(i.HAL_UART_Transmit) refers to stm32f7xx_hal_uart.o(i.UART_WaitOnFlagUntilTimeout) for UART_WaitOnFlagUntilTimeout
    stm32f7xx_hal_uart.o(i.HAL_UART_Transmit_DMA) refers to stm32f7xx_hal_dma.o(i.HAL_DMA_Start_IT) for HAL_DMA_Start_IT
    stm32f7xx_hal_uart.o(i.HAL_UART_Transmit_DMA) refers to stm32f7xx_hal_uart.o(i.UART_DMATransmitCplt) for UART_DMATransmitCplt
    stm32f7xx_hal_uart.o(i.HAL_UART_Transmit_DMA) refers to stm32f7xx_hal_uart.o(i.UART_DMATxHalfCplt) for UART_DMATxHalfCplt
    stm32f7xx_hal_uart.o(i.HAL_UART_Transmit_DMA) refers to stm32f7xx_hal_uart.o(i.UART_DMAError) for UART_DMAError
    stm32f7xx_hal_uart.o(i.UART_CheckIdleState) refers to stm32f7xx_hal.o(i.HAL_GetTick) for HAL_GetTick
    stm32f7xx_hal_uart.o(i.UART_CheckIdleState) refers to stm32f7xx_hal_uart.o(i.UART_WaitOnFlagUntilTimeout) for UART_WaitOnFlagUntilTimeout
    stm32f7xx_hal_uart.o(i.UART_DMAAbortOnError) refers to stm32f7xx_hal_uart.o(i.HAL_UART_ErrorCallback) for HAL_UART_ErrorCallback
    stm32f7xx_hal_uart.o(i.UART_DMAError) refers to stm32f7xx_hal_uart.o(i.UART_EndTxTransfer) for UART_EndTxTransfer
    stm32f7xx_hal_uart.o(i.UART_DMAError) refers to stm32f7xx_hal_uart.o(i.UART_EndRxTransfer) for UART_EndRxTransfer
    stm32f7xx_hal_uart.o(i.UART_DMAError) refers to stm32f7xx_hal_uart.o(i.HAL_UART_ErrorCallback) for HAL_UART_ErrorCallback
    stm32f7xx_hal_uart.o(i.UART_DMAReceiveCplt) refers to uart_masterslave.o(i.HAL_UART_RxCpltCallback) for HAL_UART_RxCpltCallback
    stm32f7xx_hal_uart.o(i.UART_DMARxHalfCplt) refers to stm32f7xx_hal_uart.o(i.HAL_UART_RxHalfCpltCallback) for HAL_UART_RxHalfCpltCallback
    stm32f7xx_hal_uart.o(i.UART_DMATransmitCplt) refers to uart_masterslave.o(i.HAL_UART_TxCpltCallback) for HAL_UART_TxCpltCallback
    stm32f7xx_hal_uart.o(i.UART_DMATxHalfCplt) refers to stm32f7xx_hal_uart.o(i.HAL_UART_TxHalfCpltCallback) for HAL_UART_TxHalfCpltCallback
    stm32f7xx_hal_uart.o(i.UART_Receive_IT) refers to uart_masterslave.o(i.HAL_UART_RxCpltCallback) for HAL_UART_RxCpltCallback
    stm32f7xx_hal_uart.o(i.UART_SetConfig) refers to stm32f7xx_hal_rcc.o(i.HAL_RCC_GetPCLK1Freq) for HAL_RCC_GetPCLK1Freq
    stm32f7xx_hal_uart.o(i.UART_SetConfig) refers to stm32f7xx_hal_rcc.o(i.HAL_RCC_GetPCLK2Freq) for HAL_RCC_GetPCLK2Freq
    stm32f7xx_hal_uart.o(i.UART_SetConfig) refers to stm32f7xx_hal_rcc.o(i.HAL_RCC_GetSysClockFreq) for HAL_RCC_GetSysClockFreq
    stm32f7xx_hal_uart.o(i.UART_WaitOnFlagUntilTimeout) refers to stm32f7xx_hal.o(i.HAL_GetTick) for HAL_GetTick
    stm32f7xx_hal_spi.o(i.HAL_SPI_Abort) refers to stm32f7xx_hal.o(i.HAL_GetTick) for HAL_GetTick
    stm32f7xx_hal_spi.o(i.HAL_SPI_Abort) refers to stm32f7xx_hal_dma.o(i.HAL_DMA_Abort) for HAL_DMA_Abort
    stm32f7xx_hal_spi.o(i.HAL_SPI_Abort) refers to stm32f7xx_hal_spi.o(i.SPI_EndRxTxTransaction) for SPI_EndRxTxTransaction
    stm32f7xx_hal_spi.o(i.HAL_SPI_Abort) refers to stm32f7xx_hal_spi.o(i.SPI_WaitFifoStateUntilTimeout) for SPI_WaitFifoStateUntilTimeout
    stm32f7xx_hal_spi.o(i.HAL_SPI_Abort) refers to stm32f7xx_hal_spi.o(i.SPI_WaitFlagStateUntilTimeout) for SPI_WaitFlagStateUntilTimeout
    stm32f7xx_hal_spi.o(i.HAL_SPI_Abort) refers to stm32f7xx_hal_spi.o(i.SPI_AbortTx_ISR) for SPI_AbortTx_ISR
    stm32f7xx_hal_spi.o(i.HAL_SPI_Abort) refers to stm32f7xx_hal_spi.o(i.SPI_AbortRx_ISR) for SPI_AbortRx_ISR
    stm32f7xx_hal_spi.o(i.HAL_SPI_Abort_IT) refers to stm32f7xx_hal.o(i.HAL_GetTick) for HAL_GetTick
    stm32f7xx_hal_spi.o(i.HAL_SPI_Abort_IT) refers to stm32f7xx_hal_dma.o(i.HAL_DMA_Abort_IT) for HAL_DMA_Abort_IT
    stm32f7xx_hal_spi.o(i.HAL_SPI_Abort_IT) refers to stm32f7xx_hal_spi.o(i.HAL_SPI_AbortCpltCallback) for HAL_SPI_AbortCpltCallback
    stm32f7xx_hal_spi.o(i.HAL_SPI_Abort_IT) refers to stm32f7xx_hal_spi.o(i.SPI_AbortTx_ISR) for SPI_AbortTx_ISR
    stm32f7xx_hal_spi.o(i.HAL_SPI_Abort_IT) refers to stm32f7xx_hal_spi.o(i.SPI_AbortRx_ISR) for SPI_AbortRx_ISR
    stm32f7xx_hal_spi.o(i.HAL_SPI_Abort_IT) refers to stm32f7xx_hal_spi.o(i.SPI_DMATxAbortCallback) for SPI_DMATxAbortCallback
    stm32f7xx_hal_spi.o(i.HAL_SPI_Abort_IT) refers to stm32f7xx_hal_spi.o(i.SPI_DMARxAbortCallback) for SPI_DMARxAbortCallback
    stm32f7xx_hal_spi.o(i.HAL_SPI_DMAStop) refers to stm32f7xx_hal_dma.o(i.HAL_DMA_Abort) for HAL_DMA_Abort
    stm32f7xx_hal_spi.o(i.HAL_SPI_DeInit) refers to spi.o(i.HAL_SPI_MspDeInit) for HAL_SPI_MspDeInit
    stm32f7xx_hal_spi.o(i.HAL_SPI_IRQHandler) refers to stm32f7xx_hal_dma.o(i.HAL_DMA_Abort_IT) for HAL_DMA_Abort_IT
    stm32f7xx_hal_spi.o(i.HAL_SPI_IRQHandler) refers to stm32f7xx_hal_spi.o(i.HAL_SPI_ErrorCallback) for HAL_SPI_ErrorCallback
    stm32f7xx_hal_spi.o(i.HAL_SPI_IRQHandler) refers to stm32f7xx_hal_spi.o(i.SPI_DMAAbortOnError) for SPI_DMAAbortOnError
    stm32f7xx_hal_spi.o(i.HAL_SPI_Init) refers to spi.o(i.HAL_SPI_MspInit) for HAL_SPI_MspInit
    stm32f7xx_hal_spi.o(i.HAL_SPI_Receive) refers to stm32f7xx_hal.o(i.HAL_GetTick) for HAL_GetTick
    stm32f7xx_hal_spi.o(i.HAL_SPI_Receive) refers to stm32f7xx_hal_spi.o(i.HAL_SPI_TransmitReceive) for HAL_SPI_TransmitReceive
    stm32f7xx_hal_spi.o(i.HAL_SPI_Receive) refers to stm32f7xx_hal_spi.o(i.SPI_EndRxTransaction) for SPI_EndRxTransaction
    stm32f7xx_hal_spi.o(i.HAL_SPI_Receive_DMA) refers to stm32f7xx_hal_spi.o(i.HAL_SPI_TransmitReceive_DMA) for HAL_SPI_TransmitReceive_DMA
    stm32f7xx_hal_spi.o(i.HAL_SPI_Receive_DMA) refers to stm32f7xx_hal_dma.o(i.HAL_DMA_Start_IT) for HAL_DMA_Start_IT
    stm32f7xx_hal_spi.o(i.HAL_SPI_Receive_DMA) refers to stm32f7xx_hal_spi.o(i.SPI_DMAHalfReceiveCplt) for SPI_DMAHalfReceiveCplt
    stm32f7xx_hal_spi.o(i.HAL_SPI_Receive_DMA) refers to stm32f7xx_hal_spi.o(i.SPI_DMAReceiveCplt) for SPI_DMAReceiveCplt
    stm32f7xx_hal_spi.o(i.HAL_SPI_Receive_DMA) refers to stm32f7xx_hal_spi.o(i.SPI_DMAError) for SPI_DMAError
    stm32f7xx_hal_spi.o(i.HAL_SPI_Receive_IT) refers to stm32f7xx_hal_spi.o(i.HAL_SPI_TransmitReceive_IT) for HAL_SPI_TransmitReceive_IT
    stm32f7xx_hal_spi.o(i.HAL_SPI_Receive_IT) refers to stm32f7xx_hal_spi.o(i.SPI_RxISR_16BIT) for SPI_RxISR_16BIT
    stm32f7xx_hal_spi.o(i.HAL_SPI_Receive_IT) refers to stm32f7xx_hal_spi.o(i.SPI_RxISR_8BIT) for SPI_RxISR_8BIT
    stm32f7xx_hal_spi.o(i.HAL_SPI_Transmit) refers to stm32f7xx_hal.o(i.HAL_GetTick) for HAL_GetTick
    stm32f7xx_hal_spi.o(i.HAL_SPI_Transmit) refers to stm32f7xx_hal_spi.o(i.SPI_EndRxTxTransaction) for SPI_EndRxTxTransaction
    stm32f7xx_hal_spi.o(i.HAL_SPI_TransmitReceive) refers to stm32f7xx_hal.o(i.HAL_GetTick) for HAL_GetTick
    stm32f7xx_hal_spi.o(i.HAL_SPI_TransmitReceive) refers to stm32f7xx_hal_spi.o(i.SPI_EndRxTxTransaction) for SPI_EndRxTxTransaction
    stm32f7xx_hal_spi.o(i.HAL_SPI_TransmitReceive_DMA) refers to stm32f7xx_hal_dma.o(i.HAL_DMA_Start_IT) for HAL_DMA_Start_IT
    stm32f7xx_hal_spi.o(i.HAL_SPI_TransmitReceive_DMA) refers to stm32f7xx_hal_spi.o(i.SPI_DMAHalfTransmitReceiveCplt) for SPI_DMAHalfTransmitReceiveCplt
    stm32f7xx_hal_spi.o(i.HAL_SPI_TransmitReceive_DMA) refers to stm32f7xx_hal_spi.o(i.SPI_DMATransmitReceiveCplt) for SPI_DMATransmitReceiveCplt
    stm32f7xx_hal_spi.o(i.HAL_SPI_TransmitReceive_DMA) refers to stm32f7xx_hal_spi.o(i.SPI_DMAError) for SPI_DMAError
    stm32f7xx_hal_spi.o(i.HAL_SPI_TransmitReceive_DMA) refers to stm32f7xx_hal_spi.o(i.SPI_DMAHalfReceiveCplt) for SPI_DMAHalfReceiveCplt
    stm32f7xx_hal_spi.o(i.HAL_SPI_TransmitReceive_DMA) refers to stm32f7xx_hal_spi.o(i.SPI_DMAReceiveCplt) for SPI_DMAReceiveCplt
    stm32f7xx_hal_spi.o(i.HAL_SPI_TransmitReceive_IT) refers to stm32f7xx_hal_spi.o(i.SPI_2linesRxISR_16BIT) for SPI_2linesRxISR_16BIT
    stm32f7xx_hal_spi.o(i.HAL_SPI_TransmitReceive_IT) refers to stm32f7xx_hal_spi.o(i.SPI_2linesTxISR_16BIT) for SPI_2linesTxISR_16BIT
    stm32f7xx_hal_spi.o(i.HAL_SPI_TransmitReceive_IT) refers to stm32f7xx_hal_spi.o(i.SPI_2linesRxISR_8BIT) for SPI_2linesRxISR_8BIT
    stm32f7xx_hal_spi.o(i.HAL_SPI_TransmitReceive_IT) refers to stm32f7xx_hal_spi.o(i.SPI_2linesTxISR_8BIT) for SPI_2linesTxISR_8BIT
    stm32f7xx_hal_spi.o(i.HAL_SPI_Transmit_DMA) refers to stm32f7xx_hal_dma.o(i.HAL_DMA_Start_IT) for HAL_DMA_Start_IT
    stm32f7xx_hal_spi.o(i.HAL_SPI_Transmit_DMA) refers to stm32f7xx_hal_spi.o(i.SPI_DMAHalfTransmitCplt) for SPI_DMAHalfTransmitCplt
    stm32f7xx_hal_spi.o(i.HAL_SPI_Transmit_DMA) refers to stm32f7xx_hal_spi.o(i.SPI_DMATransmitCplt) for SPI_DMATransmitCplt
    stm32f7xx_hal_spi.o(i.HAL_SPI_Transmit_DMA) refers to stm32f7xx_hal_spi.o(i.SPI_DMAError) for SPI_DMAError
    stm32f7xx_hal_spi.o(i.HAL_SPI_Transmit_IT) refers to stm32f7xx_hal_spi.o(i.SPI_TxISR_16BIT) for SPI_TxISR_16BIT
    stm32f7xx_hal_spi.o(i.HAL_SPI_Transmit_IT) refers to stm32f7xx_hal_spi.o(i.SPI_TxISR_8BIT) for SPI_TxISR_8BIT
    stm32f7xx_hal_spi.o(i.SPI_2linesRxISR_16BIT) refers to stm32f7xx_hal_spi.o(i.SPI_CloseRxTx_ISR) for SPI_CloseRxTx_ISR
    stm32f7xx_hal_spi.o(i.SPI_2linesRxISR_8BIT) refers to stm32f7xx_hal_spi.o(i.SPI_CloseRxTx_ISR) for SPI_CloseRxTx_ISR
    stm32f7xx_hal_spi.o(i.SPI_2linesTxISR_16BIT) refers to stm32f7xx_hal_spi.o(i.SPI_CloseRxTx_ISR) for SPI_CloseRxTx_ISR
    stm32f7xx_hal_spi.o(i.SPI_2linesTxISR_8BIT) refers to stm32f7xx_hal_spi.o(i.SPI_CloseRxTx_ISR) for SPI_CloseRxTx_ISR
    stm32f7xx_hal_spi.o(i.SPI_AbortRx_ISR) refers to stm32f7xx_hal.o(i.HAL_GetTick) for HAL_GetTick
    stm32f7xx_hal_spi.o(i.SPI_AbortRx_ISR) refers to stm32f7xx_hal_spi.o(i.SPI_WaitFlagStateUntilTimeout) for SPI_WaitFlagStateUntilTimeout
    stm32f7xx_hal_spi.o(i.SPI_AbortRx_ISR) refers to stm32f7xx_hal_spi.o(i.SPI_WaitFifoStateUntilTimeout) for SPI_WaitFifoStateUntilTimeout
    stm32f7xx_hal_spi.o(i.SPI_AbortTx_ISR) refers to stm32f7xx_hal.o(i.HAL_GetTick) for HAL_GetTick
    stm32f7xx_hal_spi.o(i.SPI_AbortTx_ISR) refers to stm32f7xx_hal_spi.o(i.SPI_EndRxTxTransaction) for SPI_EndRxTxTransaction
    stm32f7xx_hal_spi.o(i.SPI_AbortTx_ISR) refers to stm32f7xx_hal_spi.o(i.SPI_WaitFifoStateUntilTimeout) for SPI_WaitFifoStateUntilTimeout
    stm32f7xx_hal_spi.o(i.SPI_CloseRxTx_ISR) refers to stm32f7xx_hal.o(i.HAL_GetTick) for HAL_GetTick
    stm32f7xx_hal_spi.o(i.SPI_CloseRxTx_ISR) refers to stm32f7xx_hal_spi.o(i.SPI_EndRxTxTransaction) for SPI_EndRxTxTransaction
    stm32f7xx_hal_spi.o(i.SPI_CloseRxTx_ISR) refers to stm32f7xx_hal_spi.o(i.HAL_SPI_ErrorCallback) for HAL_SPI_ErrorCallback
    stm32f7xx_hal_spi.o(i.SPI_CloseRxTx_ISR) refers to stm32f7xx_hal_spi.o(i.HAL_SPI_TxRxCpltCallback) for HAL_SPI_TxRxCpltCallback
    stm32f7xx_hal_spi.o(i.SPI_CloseRxTx_ISR) refers to spi_masterslave.o(i.HAL_SPI_RxCpltCallback) for HAL_SPI_RxCpltCallback
    stm32f7xx_hal_spi.o(i.SPI_CloseRx_ISR) refers to stm32f7xx_hal.o(i.HAL_GetTick) for HAL_GetTick
    stm32f7xx_hal_spi.o(i.SPI_CloseRx_ISR) refers to stm32f7xx_hal_spi.o(i.SPI_EndRxTransaction) for SPI_EndRxTransaction
    stm32f7xx_hal_spi.o(i.SPI_CloseRx_ISR) refers to stm32f7xx_hal_spi.o(i.HAL_SPI_ErrorCallback) for HAL_SPI_ErrorCallback
    stm32f7xx_hal_spi.o(i.SPI_CloseRx_ISR) refers to spi_masterslave.o(i.HAL_SPI_RxCpltCallback) for HAL_SPI_RxCpltCallback
    stm32f7xx_hal_spi.o(i.SPI_CloseTx_ISR) refers to stm32f7xx_hal.o(i.HAL_GetTick) for HAL_GetTick
    stm32f7xx_hal_spi.o(i.SPI_CloseTx_ISR) refers to stm32f7xx_hal_spi.o(i.SPI_EndRxTxTransaction) for SPI_EndRxTxTransaction
    stm32f7xx_hal_spi.o(i.SPI_CloseTx_ISR) refers to stm32f7xx_hal_spi.o(i.HAL_SPI_ErrorCallback) for HAL_SPI_ErrorCallback
    stm32f7xx_hal_spi.o(i.SPI_CloseTx_ISR) refers to spi_masterslave.o(i.HAL_SPI_TxCpltCallback) for HAL_SPI_TxCpltCallback
    stm32f7xx_hal_spi.o(i.SPI_DMAAbortOnError) refers to stm32f7xx_hal_spi.o(i.HAL_SPI_ErrorCallback) for HAL_SPI_ErrorCallback
    stm32f7xx_hal_spi.o(i.SPI_DMAError) refers to stm32f7xx_hal_spi.o(i.HAL_SPI_ErrorCallback) for HAL_SPI_ErrorCallback
    stm32f7xx_hal_spi.o(i.SPI_DMAHalfReceiveCplt) refers to stm32f7xx_hal_spi.o(i.HAL_SPI_RxHalfCpltCallback) for HAL_SPI_RxHalfCpltCallback
    stm32f7xx_hal_spi.o(i.SPI_DMAHalfTransmitCplt) refers to stm32f7xx_hal_spi.o(i.HAL_SPI_TxHalfCpltCallback) for HAL_SPI_TxHalfCpltCallback
    stm32f7xx_hal_spi.o(i.SPI_DMAHalfTransmitReceiveCplt) refers to stm32f7xx_hal_spi.o(i.HAL_SPI_TxRxHalfCpltCallback) for HAL_SPI_TxRxHalfCpltCallback
    stm32f7xx_hal_spi.o(i.SPI_DMAReceiveCplt) refers to stm32f7xx_hal.o(i.HAL_GetTick) for HAL_GetTick
    stm32f7xx_hal_spi.o(i.SPI_DMAReceiveCplt) refers to stm32f7xx_hal_spi.o(i.SPI_EndRxTransaction) for SPI_EndRxTransaction
    stm32f7xx_hal_spi.o(i.SPI_DMAReceiveCplt) refers to stm32f7xx_hal_spi.o(i.HAL_SPI_ErrorCallback) for HAL_SPI_ErrorCallback
    stm32f7xx_hal_spi.o(i.SPI_DMAReceiveCplt) refers to spi_masterslave.o(i.HAL_SPI_RxCpltCallback) for HAL_SPI_RxCpltCallback
    stm32f7xx_hal_spi.o(i.SPI_DMARxAbortCallback) refers to stm32f7xx_hal.o(i.HAL_GetTick) for HAL_GetTick
    stm32f7xx_hal_spi.o(i.SPI_DMARxAbortCallback) refers to stm32f7xx_hal_spi.o(i.SPI_WaitFlagStateUntilTimeout) for SPI_WaitFlagStateUntilTimeout
    stm32f7xx_hal_spi.o(i.SPI_DMARxAbortCallback) refers to stm32f7xx_hal_spi.o(i.SPI_WaitFifoStateUntilTimeout) for SPI_WaitFifoStateUntilTimeout
    stm32f7xx_hal_spi.o(i.SPI_DMARxAbortCallback) refers to stm32f7xx_hal_spi.o(i.HAL_SPI_AbortCpltCallback) for HAL_SPI_AbortCpltCallback
    stm32f7xx_hal_spi.o(i.SPI_DMATransmitCplt) refers to stm32f7xx_hal.o(i.HAL_GetTick) for HAL_GetTick
    stm32f7xx_hal_spi.o(i.SPI_DMATransmitCplt) refers to stm32f7xx_hal_spi.o(i.SPI_EndRxTxTransaction) for SPI_EndRxTxTransaction
    stm32f7xx_hal_spi.o(i.SPI_DMATransmitCplt) refers to stm32f7xx_hal_spi.o(i.HAL_SPI_ErrorCallback) for HAL_SPI_ErrorCallback
    stm32f7xx_hal_spi.o(i.SPI_DMATransmitCplt) refers to spi_masterslave.o(i.HAL_SPI_TxCpltCallback) for HAL_SPI_TxCpltCallback
    stm32f7xx_hal_spi.o(i.SPI_DMATransmitReceiveCplt) refers to stm32f7xx_hal.o(i.HAL_GetTick) for HAL_GetTick
    stm32f7xx_hal_spi.o(i.SPI_DMATransmitReceiveCplt) refers to stm32f7xx_hal_spi.o(i.SPI_EndRxTxTransaction) for SPI_EndRxTxTransaction
    stm32f7xx_hal_spi.o(i.SPI_DMATransmitReceiveCplt) refers to stm32f7xx_hal_spi.o(i.HAL_SPI_ErrorCallback) for HAL_SPI_ErrorCallback
    stm32f7xx_hal_spi.o(i.SPI_DMATransmitReceiveCplt) refers to stm32f7xx_hal_spi.o(i.HAL_SPI_TxRxCpltCallback) for HAL_SPI_TxRxCpltCallback
    stm32f7xx_hal_spi.o(i.SPI_DMATxAbortCallback) refers to stm32f7xx_hal.o(i.HAL_GetTick) for HAL_GetTick
    stm32f7xx_hal_spi.o(i.SPI_DMATxAbortCallback) refers to stm32f7xx_hal_spi.o(i.SPI_EndRxTxTransaction) for SPI_EndRxTxTransaction
    stm32f7xx_hal_spi.o(i.SPI_DMATxAbortCallback) refers to stm32f7xx_hal_spi.o(i.SPI_WaitFifoStateUntilTimeout) for SPI_WaitFifoStateUntilTimeout
    stm32f7xx_hal_spi.o(i.SPI_DMATxAbortCallback) refers to stm32f7xx_hal_spi.o(i.HAL_SPI_AbortCpltCallback) for HAL_SPI_AbortCpltCallback
    stm32f7xx_hal_spi.o(i.SPI_EndRxTransaction) refers to stm32f7xx_hal_spi.o(i.SPI_WaitFlagStateUntilTimeout) for SPI_WaitFlagStateUntilTimeout
    stm32f7xx_hal_spi.o(i.SPI_EndRxTransaction) refers to stm32f7xx_hal_spi.o(i.SPI_WaitFifoStateUntilTimeout) for SPI_WaitFifoStateUntilTimeout
    stm32f7xx_hal_spi.o(i.SPI_EndRxTxTransaction) refers to stm32f7xx_hal_spi.o(i.SPI_WaitFifoStateUntilTimeout) for SPI_WaitFifoStateUntilTimeout
    stm32f7xx_hal_spi.o(i.SPI_EndRxTxTransaction) refers to stm32f7xx_hal_spi.o(i.SPI_WaitFlagStateUntilTimeout) for SPI_WaitFlagStateUntilTimeout
    stm32f7xx_hal_spi.o(i.SPI_RxISR_16BIT) refers to stm32f7xx_hal_spi.o(i.SPI_CloseRx_ISR) for SPI_CloseRx_ISR
    stm32f7xx_hal_spi.o(i.SPI_RxISR_8BIT) refers to stm32f7xx_hal_spi.o(i.SPI_CloseRx_ISR) for SPI_CloseRx_ISR
    stm32f7xx_hal_spi.o(i.SPI_TxISR_16BIT) refers to stm32f7xx_hal_spi.o(i.SPI_CloseTx_ISR) for SPI_CloseTx_ISR
    stm32f7xx_hal_spi.o(i.SPI_TxISR_8BIT) refers to stm32f7xx_hal_spi.o(i.SPI_CloseTx_ISR) for SPI_CloseTx_ISR
    stm32f7xx_hal_spi.o(i.SPI_WaitFifoStateUntilTimeout) refers to stm32f7xx_hal.o(i.HAL_GetTick) for HAL_GetTick
    stm32f7xx_hal_spi.o(i.SPI_WaitFlagStateUntilTimeout) refers to stm32f7xx_hal.o(i.HAL_GetTick) for HAL_GetTick
    system_stm32f7xx.o(i.SystemCoreClockUpdate) refers to system_stm32f7xx.o(.data) for .data
    system_stm32f7xx.o(i.SystemCoreClockUpdate) refers to system_stm32f7xx.o(.constdata) for .constdata
    init_protection.o(i.init_protection) refers to configparams.o(.data) for pEN
    init_protection.o(i.init_protection) refers to fc50.o(.bss) for fc50_obj1_L1_in
    init_protection.o(i.init_protection) refers to init_protection.o(.bss) for .bss
    init_protection.o(i.init_protection) refers to fc51.o(.bss) for fc51_obj1_in
    init_protection.o(i.init_protection) refers to fc50n.o(.bss) for fc50N_obj1_L1_in
    init_protection.o(i.init_protection) refers to fc51n.o(.bss) for fc51N_obj1_in
    init_protection.o(i.init_protection) refers to fc27.o(.bss) for fc27_obj1_L1_in
    init_protection.o(i.init_protection) refers to fc59.o(.bss) for fc59_obj1_L1_in
    init_protection.o(i.init_protection) refers to fc46.o(.bss) for fc46d_obj1_L1_in
    init_protection.o(i.init_protection) refers to fc49.o(.bss) for fc49_obj1_L1_in
    init_protection.o(i.init_protection) refers to fcbf.o(.bss) for fcBF_in
    init_protection.o(i.init_protection) refers to fc37.o(.bss) for fc37_obj1_L1_in
    init_protection.o(i.init_protection) refers to fcunb.o(.bss) for fcUNBd_obj1_L1_in
    init_protection.o(i.init_protection) refers to fcunb.o(.data) for fcUNBi_obj1_L1_in
    init_protection.o(i.init_protection) refers to fcpvp.o(.bss) for fcPVPd_obj1_L1_in
    init_protection.o(i.init_protection) refers to init_protection.o(.data) for .data
    fc50.o(i.fc50_all) refers to protection_functions.o(i.fc50) for fc50
    fc50.o(i.fc50_all) refers to configparams.o(.data) for mSelect
    fc50.o(i.fc50_all) refers to cs_handles.o(.bss) for fRMS
    fc50.o(i.fc50_all) refers to truerms.o(.bss) for tRMS
    fc50.o(i.fc50_all) refers to init_protection.o(.bss) for EN
    fc50.o(i.fc50_all) refers to fc50.o(.bss) for .bss
    fc50.o(i.fc50_init) refers to fc50.o(.constdata) for .constdata
    fc50.o(i.fc50_init) refers to fc50.o(.bss) for .bss
    fc50n.o(i.fc50N_all) refers to protection_functions.o(i.fc50) for fc50
    fc50n.o(i.fc50N_all) refers to configparams.o(.data) for mSelect
    fc50n.o(i.fc50N_all) refers to cs_handles.o(.bss) for fRMS
    fc50n.o(i.fc50N_all) refers to truerms.o(.bss) for tRMS
    fc50n.o(i.fc50N_all) refers to init_protection.o(.bss) for EN
    fc50n.o(i.fc50N_all) refers to fc50n.o(.bss) for .bss
    fc50n.o(i.fc50N_init) refers to fc50n.o(.constdata) for .constdata
    fc50n.o(i.fc50N_init) refers to fc50n.o(.bss) for .bss
    fc51.o(i.fc51_all) refers to protection_functions.o(i.fc51) for fc51
    fc51.o(i.fc51_all) refers to configparams.o(.data) for mSelect
    fc51.o(i.fc51_all) refers to truerms.o(.bss) for tRMS
    fc51.o(i.fc51_all) refers to cs_handles.o(.bss) for fRMS
    fc51.o(i.fc51_all) refers to init_protection.o(.bss) for EN
    fc51.o(i.fc51_all) refers to fc51.o(.bss) for .bss
    fc51.o(i.fc51_init) refers to memcpya.o(.text) for __aeabi_memcpy4
    fc51.o(i.fc51_init) refers to fc51.o(.constdata) for .constdata
    fc51.o(i.fc51_init) refers to fc51.o(.bss) for .bss
    fc51.o(i.fc51_init) refers to init_protection.o(.data) for curve
    fc51n.o(i.fc51N_all) refers to protection_functions.o(i.fc51) for fc51
    fc51n.o(i.fc51N_all) refers to configparams.o(.data) for mSelect
    fc51n.o(i.fc51N_all) refers to cs_handles.o(.bss) for fRMS
    fc51n.o(i.fc51N_all) refers to truerms.o(.bss) for tRMS
    fc51n.o(i.fc51N_all) refers to init_protection.o(.bss) for EN
    fc51n.o(i.fc51N_all) refers to fc51n.o(.bss) for .bss
    fc51n.o(i.fc51N_init) refers to memcpya.o(.text) for __aeabi_memcpy4
    fc51n.o(i.fc51N_init) refers to fc51n.o(.constdata) for .constdata
    fc51n.o(i.fc51N_init) refers to fc51n.o(.bss) for .bss
    fc51n.o(i.fc51N_init) refers to init_protection.o(.data) for curve
    fc27.o(i.fc27_all) refers to protection_functions.o(i.on_off_delay) for on_off_delay
    fc27.o(i.fc27_all) refers to protection_functions.o(i.fc27) for fc27
    fc27.o(i.fc27_all) refers to powersysdata.o(.bss) for Sys
    fc27.o(i.fc27_all) refers to fc27.o(.data) for .data
    fc27.o(i.fc27_all) refers to cs_handles.o(.bss) for fRMS
    fc27.o(i.fc27_all) refers to fc27.o(.bss) for .bss
    fc27.o(i.fc27_all) refers to init_protection.o(.bss) for EN
    fc27.o(i.fc27_init) refers to fc27.o(.constdata) for .constdata
    fc27.o(i.fc27_init) refers to fc27.o(.bss) for .bss
    fc59.o(i.fc59_all) refers to protection_functions.o(i.fc59) for fc59
    fc59.o(i.fc59_all) refers to init_protection.o(.bss) for EN
    fc59.o(i.fc59_all) refers to truerms.o(.bss) for tRMS
    fc59.o(i.fc59_all) refers to fc59.o(.data) for .data
    fc59.o(i.fc59_all) refers to fc59.o(.bss) for .bss
    fc59.o(i.fc59_init) refers to fc59.o(.constdata) for .constdata
    fc59.o(i.fc59_init) refers to fc59.o(.bss) for .bss
    fc46.o(i.fc46_all) refers to protection_functions.o(i.fc46d) for fc46d
    fc46.o(i.fc46_all) refers to protection_functions.o(i.fc46i) for fc46i
    fc46.o(i.fc46_all) refers to powersysdata.o(.bss) for Sys
    fc46.o(i.fc46_all) refers to cs_handles.o(.bss) for mag_sym
    fc46.o(i.fc46_all) refers to init_protection.o(.bss) for EN
    fc46.o(i.fc46_all) refers to fc46.o(.bss) for .bss
    fc46.o(i.fc46_init) refers to memcpya.o(.text) for __aeabi_memcpy4
    fc46.o(i.fc46_init) refers to fc46.o(.constdata) for .constdata
    fc46.o(i.fc46_init) refers to fc46.o(.bss) for .bss
    fc46.o(i.fc46_init) refers to init_protection.o(.data) for curve
    fc49.o(i.fc49_all) refers to measurement_functions.o(i.thermal_status) for thermal_status
    fc49.o(i.fc49_all) refers to protection_functions.o(i.fc49) for fc49
    fc49.o(i.fc49_all) refers to fc49.o(.bss) for .bss
    fc49.o(i.fc49_all) refers to truerms.o(.bss) for tRMS
    fc49.o(i.fc49_all) refers to fc49.o(.data) for .data
    fc49.o(i.fc49_all) refers to init_protection.o(.bss) for EN
    fc49.o(i.fc49_init) refers to memcpya.o(.text) for __aeabi_memcpy4
    fc49.o(i.fc49_init) refers to fc49.o(.constdata) for .constdata
    fc49.o(i.fc49_init) refers to fc49.o(.bss) for .bss
    fc49.o(i.fc49_init) refers to powersysdata.o(.bss) for Sys
    fcbf.o(i.fcBF_all) refers to protection_functions.o(i.fcBF) for fcBF
    fcbf.o(i.fcBF_all) refers to cs_handles.o(.bss) for fRMS
    fcbf.o(i.fcBF_all) refers to fcbf.o(.bss) for .bss
    fcbf.o(i.fcBF_all) refers to init_protection.o(.bss) for EN
    fcbf.o(i.fcBF_init) refers to memcpya.o(.text) for __aeabi_memcpy4
    fcbf.o(i.fcBF_init) refers to fcbf.o(.constdata) for .constdata
    fcbf.o(i.fcBF_init) refers to fcbf.o(.bss) for .bss
    fcbf.o(i.fcBF_init) refers to powersysdata.o(.bss) for Sys
    fc37.o(i.fc37_all) refers to protection_functions.o(i.maxSelector_3p) for maxSelector_3p
    fc37.o(i.fc37_all) refers to protection_functions.o(i.on_off_delay) for on_off_delay
    fc37.o(i.fc37_all) refers to protection_functions.o(i.fc37) for fc37
    fc37.o(i.fc37_all) refers to fc37.o(i.inhibition) for inhibition
    fc37.o(i.fc37_all) refers to inhibiton.o(i.inhibition) for inhibition
    fc37.o(i.fc37_all) refers to cs_handles.o(.bss) for fRMS
    fc37.o(i.fc37_all) refers to fc37.o(.bss) for .bss
    fc37.o(i.fc37_all) refers to powersysdata.o(.bss) for Sys
    fc37.o(i.fc37_all) refers to fc37.o(.data) for .data
    fc37.o(i.fc37_all) refers to init_protection.o(.bss) for EN
    fc37.o(i.fc37_all) refers to truerms.o(.bss) for tRMS
    fc37.o(i.inhibition) refers to protection_functions.o(i.off_delay) for off_delay
    fc37.o(i.inhibition) refers to fc37.o(.bss) for .bss
    fc37.o(i.inhibition) refers to fc37.o(.data) for .data
    fc37.o(i.inhibition) refers to boardio.o(.data) for DO
    fcunb.o(i.fcUNB_all) refers to sin.o(i.__hardfp_sin) for __hardfp_sin
    fcunb.o(i.fcUNB_all) refers to measurement_functions.o(i.true_rms) for true_rms
    fcunb.o(i.fcUNB_all) refers to protection_functions.o(i.fcUNBd) for fcUNBd
    fcunb.o(i.fcUNB_all) refers to protection_functions.o(i.fcUNBi) for fcUNBi
    fcunb.o(i.fcUNB_all) refers to powersysdata.o(.bss) for Sys
    fcunb.o(i.fcUNB_all) refers to fcunb.o(.data) for .data
    fcunb.o(i.fcUNB_all) refers to cs_handles.o(.bss) for phase_cs_A_out
    fcunb.o(i.fcUNB_all) refers to fcunb.o(.bss) for .bss
    fcunb.o(i.fcUNB_all) refers to conversion.o(.bss) for fAdc
    fcunb.o(i.fcUNB_all) refers to init_protection.o(.bss) for EN
    fcunb.o(i.fcUNB_init) refers to fcunb.o(.constdata) for .constdata
    fcunb.o(i.fcUNB_init) refers to fcunb.o(.bss) for .bss
    fcunb.o(i.fcUNB_init) refers to fcunb.o(.data) for .data
    fcunb.o(i.fcUNB_initial_dt) refers to atan2f.o(i.__hardfp_atan2f) for __hardfp_atan2f
    fcunb.o(i.fcUNB_initial_dt) refers to powersysdata.o(.bss) for Sys
    fcunb.o(i.fcUNB_initial_dt) refers to cs_handles.o(.data) for UNBa
    fcunb.o(i.fcUNB_initial_dt) refers to fcunb.o(.data) for .data
    fcunb.o(i.fcUNB_initial_dt) refers to cs_handles.o(.bss) for phase_cs_A_out
    fcunb.o(i.fcUNB_initial_dt) refers to fcunb.o(.bss) for .bss
    fcpvp.o(i.fcPVP_all) refers to measurement_functions.o(i.pvp_filter) for pvp_filter
    fcpvp.o(i.fcPVP_all) refers to measurement_functions.o(i.peak_detect_rms) for peak_detect_rms
    fcpvp.o(i.fcPVP_all) refers to protection_functions.o(i.fcPVPd) for fcPVPd
    fcpvp.o(i.fcPVP_all) refers to protection_functions.o(i.fcPVPi) for fcPVPi
    fcpvp.o(i.fcPVP_all) refers to conversion.o(.bss) for fAdc
    fcpvp.o(i.fcPVP_all) refers to fcpvp.o(.bss) for .bss
    fcpvp.o(i.fcPVP_all) refers to fcpvp.o(.data) for .data
    fcpvp.o(i.fcPVP_all) refers to init_protection.o(.bss) for EN
    fcpvp.o(i.fcPVP_init) refers to memcpya.o(.text) for __aeabi_memcpy4
    fcpvp.o(i.fcPVP_init) refers to fcpvp.o(.constdata) for .constdata
    fcpvp.o(i.fcPVP_init) refers to fcpvp.o(.bss) for .bss
    fcpvp.o(i.fcPVP_init) refers to init_protection.o(.data) for curve
    pickup_handles.o(i.pick_up_handles) refers to protection_functions.o(i.off_delay) for off_delay
    pickup_handles.o(i.pick_up_handles) refers to pickup_handles.o(.data) for .data
    pickup_handles.o(i.pick_up_handles) refers to pickup_handles.o(.bss) for .bss
    pickup_handles.o(i.pick_up_handles) refers to fc50.o(.bss) for fc50_obj1_L1_out_a
    pickup_handles.o(i.pick_up_handles) refers to fc50n.o(.bss) for fc50N_obj1_L1_out
    pickup_handles.o(i.pick_up_handles) refers to fc51.o(.bss) for fc51_obj1_out_a
    pickup_handles.o(i.pick_up_handles) refers to fc51.o(.bss) for fc51_obj2_out_a
    pickup_handles.o(i.pick_up_handles) refers to fc51.o(.bss) for fc51_obj2_out_b
    pickup_handles.o(i.pick_up_handles) refers to fc51.o(.bss) for fc51_obj2_out_c
    pickup_handles.o(i.pick_up_handles) refers to fc51n.o(.bss) for fc51N_obj1_out
    pickup_handles.o(i.pick_up_handles) refers to fc27.o(.data) for fc27_obj1_L1_out
    pickup_handles.o(i.pick_up_handles) refers to fc59.o(.data) for fc59_obj1_L1_out_a
    pickup_handles.o(i.pick_up_handles) refers to fc46.o(.bss) for fc46d_obj1_L1_out
    pickup_handles.o(i.pick_up_handles) refers to fc49.o(.data) for fc49_obj1_L1_out_a
    pickup_handles.o(i.pick_up_handles) refers to fc49.o(.data) for fc49_obj1_L1_out_b
    pickup_handles.o(i.pick_up_handles) refers to fc49.o(.data) for fc49_obj1_L1_out_c
    pickup_handles.o(i.pick_up_handles) refers to fc49.o(.data) for fc49_obj1_L2_out_a
    pickup_handles.o(i.pick_up_handles) refers to fc49.o(.data) for fc49_obj1_L2_out_b
    pickup_handles.o(i.pick_up_handles) refers to fc49.o(.data) for fc49_obj1_L2_out_c
    pickup_handles.o(i.pick_up_handles) refers to fc49.o(.data) for fc49_obj2_L1_out_b
    pickup_handles.o(i.pick_up_handles) refers to fc49.o(.data) for fc49_obj2_L1_out_c
    pickup_handles.o(i.pick_up_handles) refers to fc49.o(.data) for fc49_obj2_L2_out_a
    pickup_handles.o(i.pick_up_handles) refers to fc49.o(.data) for fc49_obj2_L2_out_b
    pickup_handles.o(i.pick_up_handles) refers to fc49.o(.data) for fc49_obj2_L2_out_c
    pickup_handles.o(i.pick_up_handles) refers to fcbf.o(.bss) for fcBF_out
    pickup_handles.o(i.pick_up_handles) refers to fc37.o(.data) for fc37_obj1_L1_out_a
    pickup_handles.o(i.pick_up_handles) refers to fcunb.o(.bss) for fcUNBd_obj1_L1_out_a
    pickup_handles.o(i.pick_up_handles) refers to fcpvp.o(.data) for fcPVPd_obj1_L1_out_a
    pickup_handles.o(i.pick_up_handles) refers to fcpvp.o(.bss) for fcPVPi_obj1_L1_out_a
    cs_handles.o(i.cs_PQ_combination) refers to cs_handles.o(.bss) for .bss
    cs_handles.o(i.cs_handles) refers to measurement_functions.o(i.cs_generation) for cs_generation
    cs_handles.o(i.cs_handles) refers to measurement_functions.o(i.cs_computations) for cs_computations
    cs_handles.o(i.cs_handles) refers to measurement_functions.o(i.sym_comp) for sym_comp
    cs_handles.o(i.cs_handles) refers to measurement_functions.o(i.sym_mag) for sym_mag
    cs_handles.o(i.cs_handles) refers to sqrtf.o(i.__hardfp_sqrtf) for __hardfp_sqrtf
    cs_handles.o(i.cs_handles) refers to cs_handles.o(i.cs_PQ_combination) for cs_PQ_combination
    cs_handles.o(i.cs_handles) refers to conversion.o(.bss) for fAdc
    cs_handles.o(i.cs_handles) refers to cs_handles.o(.bss) for .bss
    cs_handles.o(i.cs_handles) refers to cs_handles.o(.data) for .data
    truerms.o(i.trueRMS) refers to measurement_functions.o(i.true_rms) for true_rms
    truerms.o(i.trueRMS) refers to memcpya.o(.text) for __aeabi_memcpy4
    truerms.o(i.trueRMS) refers to conversion.o(.bss) for fAdc
    truerms.o(i.trueRMS) refers to truerms.o(.data) for .data
    truerms.o(i.trueRMS) refers to truerms.o(.bss) for .bss
    spectra.o(i.spectral_analysis) refers to measurement_functions.o(i.signal_spectra) for signal_spectra
    spectra.o(i.spectral_analysis) refers to memcpya.o(.text) for __aeabi_memcpy4
    spectra.o(i.spectral_analysis) refers to measurement_functions.o(i.signal_thd) for signal_thd
    spectra.o(i.spectral_analysis) refers to spectra.o(.data) for .data
    spectra.o(i.spectral_analysis) refers to conversion.o(.bss) for fAdc
    spectra.o(i.spectral_analysis) refers to spectra.o(.bss) for .bss
    conversion.o(i.HAL_ADC_ConvCpltCallback) refers to memcpya.o(.text) for __aeabi_memcpy4
    conversion.o(i.HAL_ADC_ConvCpltCallback) refers to stm32f7xx_hal_gpio.o(i.HAL_GPIO_WritePin) for HAL_GPIO_WritePin
    conversion.o(i.HAL_ADC_ConvCpltCallback) refers to main_flow.o(i.main_flow) for main_flow
    conversion.o(i.HAL_ADC_ConvCpltCallback) refers to conversion.o(i.averager) for averager
    conversion.o(i.HAL_ADC_ConvCpltCallback) refers to main.o(.bss) for adc_values
    conversion.o(i.HAL_ADC_ConvCpltCallback) refers to conversion.o(.bss) for .bss
    conversion.o(i.HAL_ADC_ConvCpltCallback) refers to conversion.o(.data) for .data
    conversion.o(i.averager) refers to conversion.o(.bss) for .bss
    conversion.o(i.averager) refers to conversion.o(.data) for .data
    conversion.o(i.init_conversion) refers to conversion.o(.bss) for .bss
    initfunctions.o(i.initFunctions) refers to conversion.o(i.init_conversion) for init_conversion
    initfunctions.o(i.initFunctions) refers to fc50.o(i.fc50_init) for fc50_init
    initfunctions.o(i.initFunctions) refers to fc51.o(i.fc51_init) for fc51_init
    initfunctions.o(i.initFunctions) refers to fc50n.o(i.fc50N_init) for fc50N_init
    initfunctions.o(i.initFunctions) refers to fc51n.o(i.fc51N_init) for fc51N_init
    initfunctions.o(i.initFunctions) refers to fc27.o(i.fc27_init) for fc27_init
    initfunctions.o(i.initFunctions) refers to fc59.o(i.fc59_init) for fc59_init
    initfunctions.o(i.initFunctions) refers to fc46.o(i.fc46_init) for fc46_init
    initfunctions.o(i.initFunctions) refers to fc49.o(i.fc49_init) for fc49_init
    initfunctions.o(i.initFunctions) refers to fcbf.o(i.fcBF_init) for fcBF_init
    initfunctions.o(i.initFunctions) refers to fc37.o(i.fc37_init) for fc37_init
    initfunctions.o(i.initFunctions) refers to fcunb.o(i.fcUNB_init) for fcUNB_init
    initfunctions.o(i.initFunctions) refers to fcpvp.o(i.fcPVP_init) for fcPVP_init
    boardio.o(i.boardIO) refers to stm32f7xx_hal_gpio.o(i.HAL_GPIO_ReadPin) for HAL_GPIO_ReadPin
    boardio.o(i.boardIO) refers to stm32f7xx_hal_gpio.o(i.HAL_GPIO_WritePin) for HAL_GPIO_WritePin
    boardio.o(i.boardIO) refers to boardio.o(.data) for .data
    dataparsermerger.o(i.dpm_mergeFloat) refers to dataparsermerger.o(.data) for .data
    dataparsermerger.o(i.dpm_parseFloat) refers to dataparsermerger.o(.data) for .data
    modbus_masterslave.o(i.modbus_preparePushData) refers to dataparsermerger.o(i.dpm_parseDWord) for dpm_parseDWord
    modbus_masterslave.o(i.modbus_preparePushData) refers to dataparsermerger.o(i.dpm_parseFloat) for dpm_parseFloat
    modbus_masterslave.o(i.modbus_preparePushData) refers to spi_masterslave.o(.bss) for comParams
    modbus_masterslave.o(i.modbus_preparePushData) refers to modbus_masterslave.o(.bss) for .bss
    modbus_masterslave.o(i.modbus_prepareReceiveData) refers to dataparsermerger.o(i.dpm_mergeDWord) for dpm_mergeDWord
    modbus_masterslave.o(i.modbus_prepareReceiveData) refers to dataparsermerger.o(i.dpm_mergeFloat) for dpm_mergeFloat
    modbus_masterslave.o(i.modbus_prepareReceiveData) refers to modbus_masterslave.o(.bss) for .bss
    modbus_masterslave.o(i.modbus_prepareReceiveData) refers to uart_masterslave.o(.bss) for comParams_uart
    spi_masterslave.o(i.HAL_SPI_RxCpltCallback) refers to spi.o(.bss) for hspi2
    spi_masterslave.o(i.HAL_SPI_RxCpltCallback) refers to spi_masterslave.o(.bss) for .bss
    spi_masterslave.o(i.HAL_SPI_TxCpltCallback) refers to spi.o(.bss) for hspi2
    spi_masterslave.o(i.HAL_SPI_TxCpltCallback) refers to spi_masterslave.o(.bss) for .bss
    spi_masterslave.o(i.spi_crcCalculation) refers to spi_masterslave.o(.bss) for .bss
    spi_masterslave.o(i.spi_preparePushData) refers to dataparsermerger.o(i.dpm_parseDWord) for dpm_parseDWord
    spi_masterslave.o(i.spi_preparePushData) refers to dataparsermerger.o(i.dpm_parseFloat) for dpm_parseFloat
    spi_masterslave.o(i.spi_preparePushData) refers to spi_masterslave.o(i.spi_crcCalculation) for spi_crcCalculation
    spi_masterslave.o(i.spi_preparePushData) refers to spi_masterslave.o(.bss) for .bss
    spi_masterslave.o(i.spi_prepareReceiveData) refers to spi_masterslave.o(i.spi_crcCalculation) for spi_crcCalculation
    spi_masterslave.o(i.spi_prepareReceiveData) refers to dataparsermerger.o(i.dpm_mergeDWord) for dpm_mergeDWord
    spi_masterslave.o(i.spi_prepareReceiveData) refers to dataparsermerger.o(i.dpm_mergeFloat) for dpm_mergeFloat
    spi_masterslave.o(i.spi_prepareReceiveData) refers to spi_masterslave.o(.bss) for .bss
    spi_masterslave.o(i.spi_runComApp) refers to spi_masterslave.o(i.spi_preparePushData) for spi_preparePushData
    spi_masterslave.o(i.spi_runComApp) refers to stm32f7xx_hal_spi.o(i.HAL_SPI_Transmit_IT) for HAL_SPI_Transmit_IT
    spi_masterslave.o(i.spi_runComApp) refers to spi_masterslave.o(i.spi_prepareReceiveData) for spi_prepareReceiveData
    spi_masterslave.o(i.spi_runComApp) refers to spi_masterslave.o(.bss) for .bss
    spi_masterslave.o(i.spi_runComApp) refers to spi.o(.bss) for hspi2
    spi_masterslave.o(i.spi_sysTickCallApp) refers to spi_masterslave.o(.bss) for .bss
    uart_masterslave.o(i.HAL_UART_RxCpltCallback) refers to stm32f7xx_hal_uart.o(i.HAL_UART_Receive_IT) for HAL_UART_Receive_IT
    uart_masterslave.o(i.HAL_UART_RxCpltCallback) refers to uart_masterslave.o(.bss) for .bss
    uart_masterslave.o(i.HAL_UART_RxCpltCallback) refers to usart.o(.bss) for huart2
    uart_masterslave.o(i.HAL_UART_TxCpltCallback) refers to uart_masterslave.o(.bss) for .bss
    uart_masterslave.o(i.uart_initComApp) refers to stm32f7xx_hal_uart.o(i.HAL_UART_Receive_IT) for HAL_UART_Receive_IT
    uart_masterslave.o(i.uart_initComApp) refers to uart_masterslave.o(.bss) for .bss
    uart_masterslave.o(i.uart_initComApp) refers to usart.o(.bss) for huart2
    uart_masterslave.o(i.uart_prepareReceiveData) refers to dataparsermerger.o(i.dpm_mergeDWord) for dpm_mergeDWord
    uart_masterslave.o(i.uart_prepareReceiveData) refers to dataparsermerger.o(i.dpm_mergeFloat) for dpm_mergeFloat
    uart_masterslave.o(i.uart_prepareReceiveData) refers to uart_masterslave.o(.bss) for .bss
    uart_masterslave.o(i.uart_runComApp) refers to uart_masterslave.o(i.uart_prepareReceiveData) for uart_prepareReceiveData
    uart_masterslave.o(i.uart_runComApp) refers to usart.o(i.MX_USART2_UART_Init) for MX_USART2_UART_Init
    uart_masterslave.o(i.uart_runComApp) refers to stm32f7xx_hal_uart.o(i.HAL_UART_Receive_IT) for HAL_UART_Receive_IT
    uart_masterslave.o(i.uart_runComApp) refers to uart_masterslave.o(.bss) for .bss
    uart_masterslave.o(i.uart_runComApp) refers to usart.o(.bss) for huart2
    uart_masterslave.o(i.uart_sysTickCallApp) refers to uart_masterslave.o(.bss) for .bss
    commparams.o(i.pushDataToMaster) refers to commparams.o(.bss) for .bss
    commparams.o(i.pushDataToMaster) refers to pickup_handles.o(.bss) for pick
    commparams.o(i.pushDataToMaster) refers to spi_masterslave.o(.bss) for comParams
    commparams.o(i.pushDataToMaster) refers to boardio.o(.data) for DI
    commparams.o(i.pushDataToMaster) refers to truerms.o(.bss) for tRMS
    commparams.o(i.pushDataToMaster) refers to cs_handles.o(.bss) for fRMS
    commparams.o(i.pushDataToMaster) refers to spectra.o(.bss) for spect_Ia
    commparams.o(i.pushDataToMaster) refers to powersysdata.o(.bss) for Sys
    commparams.o(i.pushDataToMaster) refers to configparams.o(.data) for pEN
    commparams.o(i.pushDataToMaster) refers to init_protection.o(.data) for cSelect1
    commparams.o(i.pushDataToMaster) refers to fc50.o(.bss) for fc50_obj1_L1_in
    commparams.o(i.pushDataToMaster) refers to fc51.o(.bss) for fc51_obj1_in
    commparams.o(i.pushDataToMaster) refers to fc50n.o(.bss) for fc50N_obj1_L1_in
    commparams.o(i.pushDataToMaster) refers to fc51n.o(.bss) for fc51N_obj1_in
    commparams.o(i.pushDataToMaster) refers to fc59.o(.bss) for fc59_obj1_L1_in
    commparams.o(i.pushDataToMaster) refers to fc27.o(.bss) for fc27_obj1_L1_in
    commparams.o(i.pushDataToMaster) refers to fc46.o(.bss) for fc46d_obj1_L1_in
    commparams.o(i.pushDataToMaster) refers to fc49.o(.bss) for fc49_obj1_therm
    commparams.o(i.pushDataToMaster) refers to fcbf.o(.bss) for fcBF_in
    commparams.o(i.pushDataToMaster) refers to fc37.o(.bss) for fc37_obj1_L1_in
    commparams.o(i.pushDataToMaster) refers to fcunb.o(.bss) for fcUNBd_obj1_L1_in
    commparams.o(i.pushDataToMaster) refers to fcunb.o(.data) for fcUNBi_obj1_L1_in
    commparams.o(i.pushDataToMaster) refers to fcpvp.o(.bss) for fcPVPd_obj1_L1_in
    commparams.o(i.pushDataToMaster) refers to conversion.o(.bss) for TR
    configparams.o(i.pullDataFromMaster) refers to init_protection.o(i.init_protection) for init_protection
    configparams.o(i.pullDataFromMaster) refers to uart_masterslave.o(.bss) for comParams_uart
    configparams.o(i.pullDataFromMaster) refers to configparams.o(.data) for .data
    configparams.o(i.pullDataFromMaster) refers to init_protection.o(.data) for cSelect1
    configparams.o(i.pullDataFromMaster) refers to powersysdata.o(.bss) for Sys
    configparams.o(i.pullDataFromMaster) refers to fc50.o(.bss) for fc50_obj1_L1_in
    configparams.o(i.pullDataFromMaster) refers to fc51.o(.bss) for fc51_obj1_in
    configparams.o(i.pullDataFromMaster) refers to fc50n.o(.bss) for fc50N_obj1_L1_in
    configparams.o(i.pullDataFromMaster) refers to fc51n.o(.bss) for fc51N_obj1_in
    configparams.o(i.pullDataFromMaster) refers to fc59.o(.bss) for fc59_obj1_L1_in
    configparams.o(i.pullDataFromMaster) refers to fc27.o(.bss) for fc27_obj1_L1_in
    configparams.o(i.pullDataFromMaster) refers to fc46.o(.bss) for fc46d_obj1_L1_in
    configparams.o(i.pullDataFromMaster) refers to fc49.o(.bss) for fc49_obj1_therm
    configparams.o(i.pullDataFromMaster) refers to fcbf.o(.bss) for fcBF_in
    configparams.o(i.pullDataFromMaster) refers to fc37.o(.bss) for fc37_obj1_L1_in
    configparams.o(i.pullDataFromMaster) refers to fcunb.o(.bss) for fcUNBd_obj1_L1_in
    configparams.o(i.pullDataFromMaster) refers to fcunb.o(.data) for fcUNBi_obj1_L1_in
    configparams.o(i.pullDataFromMaster) refers to fcpvp.o(.bss) for fcPVPd_obj1_L1_in
    configparams.o(i.pullDataFromMaster) refers to conversion.o(.bss) for TR
    main_flow.o(i.main_flow) refers to boardio.o(i.boardIO) for boardIO
    main_flow.o(i.main_flow) refers to spectra.o(i.spectral_analysis) for spectral_analysis
    main_flow.o(i.main_flow) refers to cs_handles.o(i.cs_handles) for cs_handles
    main_flow.o(i.main_flow) refers to truerms.o(i.trueRMS) for trueRMS
    atan2.o(i.__hardfp_atan2) refers (Special) to iusefp.o(.text) for __I$use$fp
    atan2.o(i.__hardfp_atan2) refers to dunder.o(i.__mathlib_dbl_infnan2) for __mathlib_dbl_infnan2
    atan2.o(i.__hardfp_atan2) refers to atan.o(i.atan) for atan
    atan2.o(i.__hardfp_atan2) refers to fabs.o(i.fabs) for fabs
    atan2.o(i.__hardfp_atan2) refers to qnan.o(.constdata) for __mathlib_zero
    atan2.o(i.__softfp_atan2) refers (Special) to iusefp.o(.text) for __I$use$fp
    atan2.o(i.__softfp_atan2) refers to atan2.o(i.__hardfp_atan2) for __hardfp_atan2
    atan2.o(i.atan2) refers (Special) to iusefp.o(.text) for __I$use$fp
    atan2.o(i.atan2) refers to atan2.o(i.__hardfp_atan2) for __hardfp_atan2
    atan2_x.o(i.____hardfp_atan2$lsc) refers (Special) to iusefp.o(.text) for __I$use$fp
    atan2_x.o(i.____hardfp_atan2$lsc) refers to dunder.o(i.__mathlib_dbl_infnan2) for __mathlib_dbl_infnan2
    atan2_x.o(i.____hardfp_atan2$lsc) refers to atan.o(i.atan) for atan
    atan2_x.o(i.____hardfp_atan2$lsc) refers to errno.o(i.__set_errno) for __set_errno
    atan2_x.o(i.____hardfp_atan2$lsc) refers to fabs.o(i.fabs) for fabs
    atan2_x.o(i.____hardfp_atan2$lsc) refers to qnan.o(.constdata) for __mathlib_zero
    atan2_x.o(i.____softfp_atan2$lsc) refers (Special) to iusefp.o(.text) for __I$use$fp
    atan2_x.o(i.____softfp_atan2$lsc) refers to atan2_x.o(i.____hardfp_atan2$lsc) for ____hardfp_atan2$lsc
    atan2_x.o(i.__atan2$lsc) refers (Special) to iusefp.o(.text) for __I$use$fp
    atan2_x.o(i.__atan2$lsc) refers to atan2_x.o(i.____hardfp_atan2$lsc) for ____hardfp_atan2$lsc
    atan2f.o(i.__hardfp_atan2f) refers (Special) to iusefp.o(.text) for __I$use$fp
    atan2f.o(i.__hardfp_atan2f) refers to fpclassifyf.o(i.__ARM_fpclassifyf) for __ARM_fpclassifyf
    atan2f.o(i.__hardfp_atan2f) refers to funder.o(i.__mathlib_flt_underflow) for __mathlib_flt_underflow
    atan2f.o(i.__hardfp_atan2f) refers to funder.o(i.__mathlib_flt_infnan2) for __mathlib_flt_infnan2
    atan2f.o(i.__softfp_atan2f) refers (Special) to iusefp.o(.text) for __I$use$fp
    atan2f.o(i.__softfp_atan2f) refers to atan2f.o(i.__hardfp_atan2f) for __hardfp_atan2f
    atan2f.o(i.atan2f) refers (Special) to iusefp.o(.text) for __I$use$fp
    atan2f.o(i.atan2f) refers to atan2f.o(i.__hardfp_atan2f) for __hardfp_atan2f
    atan2f_x.o(i.____hardfp_atan2f$lsc) refers (Special) to iusefp.o(.text) for __I$use$fp
    atan2f_x.o(i.____hardfp_atan2f$lsc) refers to funder.o(i.__mathlib_flt_infnan2) for __mathlib_flt_infnan2
    atan2f_x.o(i.____hardfp_atan2f$lsc) refers to errno.o(i.__set_errno) for __set_errno
    atan2f_x.o(i.____softfp_atan2f$lsc) refers (Special) to iusefp.o(.text) for __I$use$fp
    atan2f_x.o(i.____softfp_atan2f$lsc) refers to atan2f_x.o(i.____hardfp_atan2f$lsc) for ____hardfp_atan2f$lsc
    atan2f_x.o(i.__atan2f$lsc) refers (Special) to iusefp.o(.text) for __I$use$fp
    atan2f_x.o(i.__atan2f$lsc) refers to atan2f_x.o(i.____hardfp_atan2f$lsc) for ____hardfp_atan2f$lsc
    powf.o(i.__hardfp_powf) refers (Special) to iusefp.o(.text) for __I$use$fp
    powf.o(i.__hardfp_powf) refers to fpstat.o(.text) for __ieee_status
    powf.o(i.__hardfp_powf) refers to fpclassifyf.o(i.__ARM_fpclassifyf) for __ARM_fpclassifyf
    powf.o(i.__hardfp_powf) refers to funder.o(i.__mathlib_flt_underflow) for __mathlib_flt_underflow
    powf.o(i.__hardfp_powf) refers to errno.o(i.__set_errno) for __set_errno
    powf.o(i.__hardfp_powf) refers to funder.o(i.__mathlib_flt_overflow) for __mathlib_flt_overflow
    powf.o(i.__hardfp_powf) refers to funder.o(i.__mathlib_flt_invalid) for __mathlib_flt_invalid
    powf.o(i.__hardfp_powf) refers to powf.o(.constdata) for .constdata
    powf.o(i.__hardfp_powf) refers to funder.o(i.__mathlib_flt_infnan2) for __mathlib_flt_infnan2
    powf.o(i.__hardfp_powf) refers to funder.o(i.__mathlib_flt_divzero) for __mathlib_flt_divzero
    powf.o(i.__softfp_powf) refers (Special) to iusefp.o(.text) for __I$use$fp
    powf.o(i.__softfp_powf) refers to powf.o(i.__hardfp_powf) for __hardfp_powf
    powf.o(i.powf) refers (Special) to iusefp.o(.text) for __I$use$fp
    powf.o(i.powf) refers to powf.o(i.__hardfp_powf) for __hardfp_powf
    powf.o(.constdata) refers (Special) to iusefp.o(.text) for __I$use$fp
    powf_x.o(i.____hardfp_powf$lsc) refers (Special) to iusefp.o(.text) for __I$use$fp
    powf_x.o(i.____hardfp_powf$lsc) refers to fpstat.o(.text) for __ieee_status
    powf_x.o(i.____hardfp_powf$lsc) refers to errno.o(i.__set_errno) for __set_errno
    powf_x.o(i.____hardfp_powf$lsc) refers to powf_x.o(.constdata) for .constdata
    powf_x.o(i.____hardfp_powf$lsc) refers to funder.o(i.__mathlib_flt_infnan2) for __mathlib_flt_infnan2
    powf_x.o(i.____softfp_powf$lsc) refers (Special) to iusefp.o(.text) for __I$use$fp
    powf_x.o(i.____softfp_powf$lsc) refers to powf_x.o(i.____hardfp_powf$lsc) for ____hardfp_powf$lsc
    powf_x.o(i.__powf$lsc) refers (Special) to iusefp.o(.text) for __I$use$fp
    powf_x.o(i.__powf$lsc) refers to powf_x.o(i.____hardfp_powf$lsc) for ____hardfp_powf$lsc
    powf_x.o(.constdata) refers (Special) to iusefp.o(.text) for __I$use$fp
    sin.o(i.__hardfp_sin) refers (Special) to iusefp.o(.text) for __I$use$fp
    sin.o(i.__hardfp_sin) refers to errno.o(i.__set_errno) for __set_errno
    sin.o(i.__hardfp_sin) refers to dunder.o(i.__mathlib_dbl_invalid) for __mathlib_dbl_invalid
    sin.o(i.__hardfp_sin) refers to rred.o(i.__ieee754_rem_pio2) for __ieee754_rem_pio2
    sin.o(i.__hardfp_sin) refers to cos_i.o(i.__kernel_cos) for __kernel_cos
    sin.o(i.__hardfp_sin) refers to sin_i.o(i.__kernel_sin) for __kernel_sin
    sin.o(i.__softfp_sin) refers (Special) to iusefp.o(.text) for __I$use$fp
    sin.o(i.__softfp_sin) refers to sin.o(i.__hardfp_sin) for __hardfp_sin
    sin.o(i.sin) refers (Special) to iusefp.o(.text) for __I$use$fp
    sin.o(i.sin) refers to sin.o(i.__hardfp_sin) for __hardfp_sin
    sin_x.o(i.____hardfp_sin$lsc) refers (Special) to iusefp.o(.text) for __I$use$fp
    sin_x.o(i.____hardfp_sin$lsc) refers to errno.o(i.__set_errno) for __set_errno
    sin_x.o(i.____hardfp_sin$lsc) refers to rred.o(i.__ieee754_rem_pio2) for __ieee754_rem_pio2
    sin_x.o(i.____hardfp_sin$lsc) refers to cos_i.o(i.__kernel_cos) for __kernel_cos
    sin_x.o(i.____hardfp_sin$lsc) refers to sin_i.o(i.__kernel_sin) for __kernel_sin
    sin_x.o(i.____softfp_sin$lsc) refers (Special) to iusefp.o(.text) for __I$use$fp
    sin_x.o(i.____softfp_sin$lsc) refers to sin_x.o(i.____hardfp_sin$lsc) for ____hardfp_sin$lsc
    sin_x.o(i.__sin$lsc) refers (Special) to iusefp.o(.text) for __I$use$fp
    sin_x.o(i.__sin$lsc) refers to sin_x.o(i.____hardfp_sin$lsc) for ____hardfp_sin$lsc
    sqrt.o(i.__hardfp_sqrt) refers (Special) to iusefp.o(.text) for __I$use$fp
    sqrt.o(i.__hardfp_sqrt) refers to errno.o(i.__set_errno) for __set_errno
    sqrt.o(i.__softfp_sqrt) refers (Special) to iusefp.o(.text) for __I$use$fp
    sqrt.o(i.__softfp_sqrt) refers to errno.o(i.__set_errno) for __set_errno
    sqrt.o(i.sqrt) refers (Special) to iusefp.o(.text) for __I$use$fp
    sqrt.o(i.sqrt) refers to errno.o(i.__set_errno) for __set_errno
    sqrt_x.o(i.____hardfp_sqrt$lsc) refers (Special) to iusefp.o(.text) for __I$use$fp
    sqrt_x.o(i.____hardfp_sqrt$lsc) refers to errno.o(i.__set_errno) for __set_errno
    sqrt_x.o(i.____softfp_sqrt$lsc) refers (Special) to iusefp.o(.text) for __I$use$fp
    sqrt_x.o(i.____softfp_sqrt$lsc) refers to errno.o(i.__set_errno) for __set_errno
    sqrt_x.o(i.__sqrt$lsc) refers (Special) to iusefp.o(.text) for __I$use$fp
    sqrt_x.o(i.__sqrt$lsc) refers to errno.o(i.__set_errno) for __set_errno
    sqrtf.o(i.__hardfp_sqrtf) refers (Special) to iusefp.o(.text) for __I$use$fp
    sqrtf.o(i.__hardfp_sqrtf) refers to errno.o(i.__set_errno) for __set_errno
    sqrtf.o(i.__softfp_sqrtf) refers (Special) to iusefp.o(.text) for __I$use$fp
    sqrtf.o(i.__softfp_sqrtf) refers to errno.o(i.__set_errno) for __set_errno
    sqrtf.o(i.sqrtf) refers (Special) to iusefp.o(.text) for __I$use$fp
    sqrtf.o(i.sqrtf) refers to errno.o(i.__set_errno) for __set_errno
    sqrtf_x.o(i.____hardfp_sqrtf$lsc) refers (Special) to iusefp.o(.text) for __I$use$fp
    sqrtf_x.o(i.____hardfp_sqrtf$lsc) refers to errno.o(i.__set_errno) for __set_errno
    sqrtf_x.o(i.____softfp_sqrtf$lsc) refers (Special) to iusefp.o(.text) for __I$use$fp
    sqrtf_x.o(i.____softfp_sqrtf$lsc) refers to errno.o(i.__set_errno) for __set_errno
    sqrtf_x.o(i.__sqrtf$lsc) refers (Special) to iusefp.o(.text) for __I$use$fp
    sqrtf_x.o(i.__sqrtf$lsc) refers to errno.o(i.__set_errno) for __set_errno
    entry.o(.ARM.Collect$$$$00000000) refers (Special) to entry10a.o(.ARM.Collect$$$$0000000D) for __rt_final_cpp
    entry.o(.ARM.Collect$$$$00000000) refers (Special) to entry11a.o(.ARM.Collect$$$$0000000F) for __rt_final_exit
    entry.o(.ARM.Collect$$$$00000000) refers (Special) to entry7b.o(.ARM.Collect$$$$00000008) for _main_clock
    entry.o(.ARM.Collect$$$$00000000) refers (Special) to entry8b.o(.ARM.Collect$$$$0000000A) for _main_cpp_init
    entry.o(.ARM.Collect$$$$00000000) refers (Special) to entry9a.o(.ARM.Collect$$$$0000000B) for _main_init
    entry.o(.ARM.Collect$$$$00000000) refers (Special) to entry5.o(.ARM.Collect$$$$00000004) for _main_scatterload
    entry.o(.ARM.Collect$$$$00000000) refers (Special) to entry2.o(.ARM.Collect$$$$00000001) for _main_stk
    atan.o(i.__hardfp_atan) refers (Special) to iusefp.o(.text) for __I$use$fp
    atan.o(i.__hardfp_atan) refers to dunder.o(i.__mathlib_dbl_infnan) for __mathlib_dbl_infnan
    atan.o(i.__hardfp_atan) refers to fpclassify.o(i.__ARM_fpclassify) for __ARM_fpclassify
    atan.o(i.__hardfp_atan) refers to dunder.o(i.__mathlib_dbl_underflow) for __mathlib_dbl_underflow
    atan.o(i.__hardfp_atan) refers to fabs.o(i.fabs) for fabs
    atan.o(i.__hardfp_atan) refers to poly.o(i.__kernel_poly) for __kernel_poly
    atan.o(i.__hardfp_atan) refers to atan.o(.constdata) for .constdata
    atan.o(i.__softfp_atan) refers (Special) to iusefp.o(.text) for __I$use$fp
    atan.o(i.__softfp_atan) refers to atan.o(i.__hardfp_atan) for __hardfp_atan
    atan.o(i.atan) refers (Special) to iusefp.o(.text) for __I$use$fp
    atan.o(i.atan) refers to atan.o(i.__hardfp_atan) for __hardfp_atan
    atan.o(.constdata) refers (Special) to iusefp.o(.text) for __I$use$fp
    atan_x.o(i.____hardfp_atan$lsc) refers (Special) to iusefp.o(.text) for __I$use$fp
    atan_x.o(i.____hardfp_atan$lsc) refers to dunder.o(i.__mathlib_dbl_infnan) for __mathlib_dbl_infnan
    atan_x.o(i.____hardfp_atan$lsc) refers to fabs.o(i.fabs) for fabs
    atan_x.o(i.____hardfp_atan$lsc) refers to poly.o(i.__kernel_poly) for __kernel_poly
    atan_x.o(i.____hardfp_atan$lsc) refers to atan_x.o(.constdata) for .constdata
    atan_x.o(i.____softfp_atan$lsc) refers (Special) to iusefp.o(.text) for __I$use$fp
    atan_x.o(i.____softfp_atan$lsc) refers to atan_x.o(i.____hardfp_atan$lsc) for ____hardfp_atan$lsc
    atan_x.o(i.__atan$lsc) refers (Special) to iusefp.o(.text) for __I$use$fp
    atan_x.o(i.__atan$lsc) refers to atan_x.o(i.____hardfp_atan$lsc) for ____hardfp_atan$lsc
    atan_x.o(.constdata) refers (Special) to iusefp.o(.text) for __I$use$fp
    cos_i.o(i.__kernel_cos) refers (Special) to iusefp.o(.text) for __I$use$fp
    cos_i.o(i.__kernel_cos) refers to poly.o(i.__kernel_poly) for __kernel_poly
    cos_i.o(i.__kernel_cos) refers to cos_i.o(.constdata) for .constdata
    cos_i.o(.constdata) refers (Special) to iusefp.o(.text) for __I$use$fp
    fabs.o(i.__hardfp_fabs) refers (Special) to iusefp.o(.text) for __I$use$fp
    fabs.o(i.__softfp_fabs) refers (Special) to iusefp.o(.text) for __I$use$fp
    fabs.o(i.fabs) refers (Special) to iusefp.o(.text) for __I$use$fp
    fpclassifyf.o(i.__ARM_fpclassifyf) refers (Special) to iusefp.o(.text) for __I$use$fp
    qnan.o(.constdata) refers (Special) to iusefp.o(.text) for __I$use$fp
    rred.o(i.__ieee754_rem_pio2) refers (Special) to iusefp.o(.text) for __I$use$fp
    rred.o(i.__ieee754_rem_pio2) refers to fabs.o(i.fabs) for fabs
    rred.o(i.__ieee754_rem_pio2) refers to rred.o(.constdata) for .constdata
    rred.o(i.__use_accurate_range_reduction) refers (Special) to iusefp.o(.text) for __I$use$fp
    rred.o(.constdata) refers (Special) to iusefp.o(.text) for __I$use$fp
    sin_i.o(i.__kernel_sin) refers (Special) to iusefp.o(.text) for __I$use$fp
    sin_i.o(i.__kernel_sin) refers to fpclassify.o(i.__ARM_fpclassify) for __ARM_fpclassify
    sin_i.o(i.__kernel_sin) refers to dunder.o(i.__mathlib_dbl_underflow) for __mathlib_dbl_underflow
    sin_i.o(i.__kernel_sin) refers to poly.o(i.__kernel_poly) for __kernel_poly
    sin_i.o(i.__kernel_sin) refers to sin_i.o(.constdata) for .constdata
    sin_i.o(.constdata) refers (Special) to iusefp.o(.text) for __I$use$fp
    sin_i_x.o(i.____kernel_sin$lsc) refers (Special) to iusefp.o(.text) for __I$use$fp
    sin_i_x.o(i.____kernel_sin$lsc) refers to poly.o(i.__kernel_poly) for __kernel_poly
    sin_i_x.o(i.____kernel_sin$lsc) refers to sin_i_x.o(.constdata) for .constdata
    sin_i_x.o(.constdata) refers (Special) to iusefp.o(.text) for __I$use$fp
    entry2.o(.ARM.Collect$$$$00000001) refers to entry2.o(.ARM.Collect$$$$00002712) for __lit__00000000
    entry2.o(.ARM.Collect$$$$00002712) refers to startup_stm32f767xx.o(STACK) for __initial_sp
    entry2.o(__vectab_stack_and_reset_area) refers to startup_stm32f767xx.o(STACK) for __initial_sp
    entry2.o(__vectab_stack_and_reset_area) refers to entry.o(.ARM.Collect$$$$00000000) for __main
    entry5.o(.ARM.Collect$$$$00000004) refers to init.o(.text) for __scatterload
    entry9a.o(.ARM.Collect$$$$0000000B) refers to main.o(i.main) for main
    entry9b.o(.ARM.Collect$$$$0000000C) refers to main.o(i.main) for main
    errno.o(i.__aeabi_errno_addr) refers to errno.o(.data) for .data
    errno.o(i.__read_errno) refers to errno.o(.data) for .data
    errno.o(i.__set_errno) refers to errno.o(.data) for .data
    fpclassify.o(i.__ARM_fpclassify) refers (Special) to iusefp.o(.text) for __I$use$fp
    poly.o(i.__kernel_poly) refers (Special) to iusefp.o(.text) for __I$use$fp
    init.o(.text) refers to entry5.o(.ARM.Collect$$$$00000004) for __main_after_scatterload

