Component: ARM Compiler 5.06 update 3 (build 300) Tool: armlink [4d35c9]

==============================================================================

Section Cross References

    tim.o(i.HAL_TIM_Base_MspDeInit) refers to stm32f7xx_hal_cortex.o(i.HAL_NVIC_DisableIRQ) for HAL_NVIC_DisableIRQ
    tim.o(i.HAL_TIM_Base_MspInit) refers to stm32f7xx_hal_cortex.o(i.HAL_NVIC_SetPriority) for HAL_NVIC_SetPriority
    tim.o(i.HAL_TIM_Base_MspInit) refers to stm32f7xx_hal_cortex.o(i.HAL_NVIC_EnableIRQ) for HAL_NVIC_EnableIRQ
    tim.o(i.MX_TIM1_Init) refers to stm32f7xx_hal_tim.o(i.HAL_TIM_Base_Init) for HAL_TIM_Base_Init
    tim.o(i.MX_TIM1_Init) refers to main.o(i._Error_Handler) for _Error_Handler
    tim.o(i.MX_TIM1_Init) refers to stm32f7xx_hal_tim.o(i.HAL_TIM_ConfigClockSource) for HAL_TIM_ConfigClockSource
    tim.o(i.MX_TIM1_Init) refers to stm32f7xx_hal_tim_ex.o(i.HAL_TIMEx_MasterConfigSynchronization) for HAL_TIMEx_MasterConfigSynchronization
    tim.o(i.MX_TIM1_Init) refers to tim.o(.bss) for .bss
    tim.o(i.MX_TIM6_Init) refers to stm32f7xx_hal_tim.o(i.HAL_TIM_Base_Init) for HAL_TIM_Base_Init
    tim.o(i.MX_TIM6_Init) refers to main.o(i._Error_Handler) for _Error_Handler
    tim.o(i.MX_TIM6_Init) refers to stm32f7xx_hal_tim_ex.o(i.HAL_TIMEx_MasterConfigSynchronization) for HAL_TIMEx_MasterConfigSynchronization
    tim.o(i.MX_TIM6_Init) refers to tim.o(.bss) for .bss
    rtc.o(i.MX_RTC_Init) refers to stm32f7xx_hal_rtc.o(i.HAL_RTC_Init) for HAL_RTC_Init
    rtc.o(i.MX_RTC_Init) refers to main.o(i._Error_Handler) for _Error_Handler
    rtc.o(i.MX_RTC_Init) refers to rtc.o(.bss) for .bss
    quadspi.o(i.HAL_QSPI_MspDeInit) refers to stm32f7xx_hal_gpio.o(i.HAL_GPIO_DeInit) for HAL_GPIO_DeInit
    quadspi.o(i.HAL_QSPI_MspInit) refers to stm32f7xx_hal_gpio.o(i.HAL_GPIO_Init) for HAL_GPIO_Init
    quadspi.o(i.MX_QUADSPI_Init) refers to stm32f7xx_hal_qspi.o(i.HAL_QSPI_Init) for HAL_QSPI_Init
    quadspi.o(i.MX_QUADSPI_Init) refers to main.o(i._Error_Handler) for _Error_Handler
    quadspi.o(i.MX_QUADSPI_Init) refers to quadspi.o(.bss) for .bss
    dma.o(i.MX_DMA_Init) refers to stm32f7xx_hal_cortex.o(i.HAL_NVIC_SetPriority) for HAL_NVIC_SetPriority
    dma.o(i.MX_DMA_Init) refers to stm32f7xx_hal_cortex.o(i.HAL_NVIC_EnableIRQ) for HAL_NVIC_EnableIRQ
    spi.o(i.HAL_SPI_MspDeInit) refers to stm32f7xx_hal_gpio.o(i.HAL_GPIO_DeInit) for HAL_GPIO_DeInit
    spi.o(i.HAL_SPI_MspInit) refers to stm32f7xx_hal_gpio.o(i.HAL_GPIO_Init) for HAL_GPIO_Init
    spi.o(i.MX_SPI2_Init) refers to stm32f7xx_hal_spi.o(i.HAL_SPI_Init) for HAL_SPI_Init
    spi.o(i.MX_SPI2_Init) refers to main.o(i._Error_Handler) for _Error_Handler
    spi.o(i.MX_SPI2_Init) refers to spi.o(.bss) for .bss
    stm32f7xx_hal_msp.o(i.HAL_MspInit) refers to stm32f7xx_hal_cortex.o(i.HAL_NVIC_SetPriorityGrouping) for HAL_NVIC_SetPriorityGrouping
    stm32f7xx_hal_msp.o(i.HAL_MspInit) refers to stm32f7xx_hal_cortex.o(i.HAL_NVIC_SetPriority) for HAL_NVIC_SetPriority
    usart.o(i.HAL_UART_MspDeInit) refers to stm32f7xx_hal_gpio.o(i.HAL_GPIO_DeInit) for HAL_GPIO_DeInit
    usart.o(i.HAL_UART_MspInit) refers to stm32f7xx_hal_gpio.o(i.HAL_GPIO_Init) for HAL_GPIO_Init
    usart.o(i.MX_USART2_UART_Init) refers to stm32f7xx_hal_uart.o(i.HAL_UART_Init) for HAL_UART_Init
    usart.o(i.MX_USART2_UART_Init) refers to main.o(i._Error_Handler) for _Error_Handler
    usart.o(i.MX_USART2_UART_Init) refers to usart.o(.bss) for .bss
    stm32f7xx_it.o(i.DMA2_Stream0_IRQHandler) refers to stm32f7xx_hal_dma.o(i.HAL_DMA_IRQHandler) for HAL_DMA_IRQHandler
    stm32f7xx_it.o(i.DMA2_Stream0_IRQHandler) refers to adc.o(.bss) for hdma_adc1
    stm32f7xx_it.o(i.DMA2_Stream1_IRQHandler) refers to stm32f7xx_hal_dma.o(i.HAL_DMA_IRQHandler) for HAL_DMA_IRQHandler
    stm32f7xx_it.o(i.DMA2_Stream1_IRQHandler) refers to adc.o(.bss) for hdma_adc3
    stm32f7xx_it.o(i.DMA2_Stream2_IRQHandler) refers to stm32f7xx_hal_dma.o(i.HAL_DMA_IRQHandler) for HAL_DMA_IRQHandler
    stm32f7xx_it.o(i.DMA2_Stream2_IRQHandler) refers to adc.o(.bss) for hdma_adc2
    stm32f7xx_it.o(i.SysTick_Handler) refers to stm32f7xx_hal.o(i.HAL_IncTick) for HAL_IncTick
    stm32f7xx_it.o(i.SysTick_Handler) refers to stm32f7xx_hal_cortex.o(i.HAL_SYSTICK_IRQHandler) for HAL_SYSTICK_IRQHandler
    stm32f7xx_it.o(i.TIM1_UP_TIM10_IRQHandler) refers to stm32f7xx_hal_tim.o(i.HAL_TIM_IRQHandler) for HAL_TIM_IRQHandler
    stm32f7xx_it.o(i.TIM1_UP_TIM10_IRQHandler) refers to tim.o(.bss) for htim1
    adc.o(i.HAL_ADC_MspDeInit) refers to stm32f7xx_hal_gpio.o(i.HAL_GPIO_DeInit) for HAL_GPIO_DeInit
    adc.o(i.HAL_ADC_MspDeInit) refers to stm32f7xx_hal_dma.o(i.HAL_DMA_DeInit) for HAL_DMA_DeInit
    adc.o(i.HAL_ADC_MspInit) refers to stm32f7xx_hal_gpio.o(i.HAL_GPIO_Init) for HAL_GPIO_Init
    adc.o(i.HAL_ADC_MspInit) refers to stm32f7xx_hal_dma.o(i.HAL_DMA_Init) for HAL_DMA_Init
    adc.o(i.HAL_ADC_MspInit) refers to main.o(i._Error_Handler) for _Error_Handler
    adc.o(i.HAL_ADC_MspInit) refers to adc.o(.bss) for .bss
[...]
    i.fc49                                   0x08005420   Section        0  protection_functions.o(i.fc49)
    i.fc49_all                               0x08005464   Section        0  fc49.o(i.fc49_all)
    i.fc49_init                              0x0800564c   Section        0  fc49.o(i.fc49_init)
    i.fc50                                   0x080056a4   Section        0  protection_functions.o(i.fc50)
    i.fc50N_all                              0x080057a4   Section        0  fc50n.o(i.fc50N_all)
    i.fc50N_init                             0x08005828   Section        0  fc50n.o(i.fc50N_init)
    i.fc50_all                               0x08005848   Section        0  fc50.o(i.fc50_all)
    i.fc50_init                              0x08005b48   Section        0  fc50.o(i.fc50_init)
    i.fc51                                   0x08005b78   Section        0  protection_functions.o(i.fc51)
    i.fc51N_all                              0x08005c68   Section        0  fc51n.o(i.fc51N_all)
    i.fc51N_init                             0x08005cb8   Section        0  fc51n.o(i.fc51N_init)
    i.fc51_all                               0x08005d10   Section        0  fc51.o(i.fc51_all)
    i.fc51_init                              0x08005e44   Section        0  fc51.o(i.fc51_init)
    i.fc59                                   0x08005e9c   Section        0  protection_functions.o(i.fc59)
    i.fc59_all                               0x08005f28   Section        0  fc59.o(i.fc59_all)
    i.fc59_init                              0x08006038   Section        0  fc59.o(i.fc59_init)
    i.fcBF                                   0x08006054   Section        0  protection_functions.o(i.fcBF)
    i.fcBF_all                               0x08006170   Section        0  fcbf.o(i.fcBF_all)
    i.fcBF_init                              0x080061cc   Section        0  fcbf.o(i.fcBF_init)
    i.fcPVP_all                              0x08006204   Section        0  fcpvp.o(i.fcPVP_all)
    i.fcPVP_init                             0x080063a0   Section        0  fcpvp.o(i.fcPVP_init)
    i.fcPVPd                                 0x08006404   Section        0  protection_functions.o(i.fcPVPd)
    i.fcPVPi                                 0x08006474   Section        0  protection_functions.o(i.fcPVPi)
    i.fcUNB_all                              0x08006554   Section        0  fcunb.o(i.fcUNB_all)
    i.fcUNB_init                             0x0800669c   Section        0  fcunb.o(i.fcUNB_init)
    i.fcUNB_initial_dt                       0x080066d0   Section        0  fcunb.o(i.fcUNB_initial_dt)
    i.fcUNBd                                 0x080067e4   Section        0  protection_functions.o(i.fcUNBd)
    i.fcUNBi                                 0x08006854   Section        0  protection_functions.o(i.fcUNBi)
    i.ftick1                                 0x08006938   Section        0  tickfunctions.o(i.ftick1)
    i.ftick10                                0x08006946   Section        0  tickfunctions.o(i.ftick10)
    i.ftick2                                 0x0800694a   Section        0  tickfunctions.o(i.ftick2)
    i.ftick3                                 0x08006958   Section        0  tickfunctions.o(i.ftick3)
    i.ftick4                                 0x08006966   Section        0  tickfunctions.o(i.ftick4)
    i.ftick5                                 0x0800696a   Section        0  tickfunctions.o(i.ftick5)
    i.ftick6                                 0x0800696c   Section        0  tickfunctions.o(i.ftick6)
    i.ftick7                                 0x0800696e   Section        0  tickfunctions.o(i.ftick7)
    i.ftick8                                 0x08006990   Section        0  tickfunctions.o(i.ftick8)
    i.ftick9                                 0x080069aa   Section        0  tickfunctions.o(i.ftick9)
    i.initFunctions                          0x080069ac   Section        0  initfunctions.o(i.initFunctions)
    i.main                                   0x080069e4   Section        0  main.o(i.main)
    i.on_off_delay                           0x08006a84   Section        0  protection_functions.o(i.on_off_delay)
    i.peak_detect_rms                        0x08006ab0   Section        0  measurement_functions.o(i.peak_detect_rms)
    i.prefilter                              0x08006b5c   Section        0  measurement_functions.o(i.prefilter)
    i.pvp_filter                             0x08006be6   Section        0  measurement_functions.o(i.pvp_filter)
    i.signal_spectra                         0x08006c58   Section        0  measurement_functions.o(i.signal_spectra)
    i.spectra_tick1                          0x08006cfc   Section        0  spectra.o(i.spectra_tick1)
    i.spectra_tick2                          0x08006d38   Section        0  spectra.o(i.spectra_tick2)
    i.spectra_tick3                          0x08006d74   Section        0  spectra.o(i.spectra_tick3)
    i.sym_comp                               0x08006db0   Section        0  measurement_functions.o(i.sym_comp)
    i.sym_mag                                0x08006e38   Section        0  measurement_functions.o(i.sym_mag)
    i.thermal_status                         0x08006fc4   Section        0  measurement_functions.o(i.thermal_status)
    i.tickFunctions                          0x08007014   Section        0  tickfunctions.o(i.tickFunctions)
    i.true_rms                               0x08007038   Section        0  measurement_functions.o(i.true_rms)
    .constdata                               0x080070a0   Section        8  stm32f7xx_hal_dma.o(.constdata)
    flagBitshiftOffset                       0x080070a0   Data           8  stm32f7xx_hal_dma.o(.constdata)
    .constdata                               0x080070a8   Section       16  system_stm32f7xx.o(.constdata)
    .constdata                               0x080070b8   Section        8  system_stm32f7xx.o(.constdata)
    .constdata                               0x080070c0   Section       16  fc50.o(.constdata)
    .constdata                               0x080070d0   Section       16  fc50n.o(.constdata)
    .constdata                               0x080070e0   Section       20  fc51.o(.constdata)
    .constdata                               0x080070f4   Section       20  fc51n.o(.constdata)
    .constdata                               0x08007108   Section       16  fc27.o(.constdata)
    .constdata                               0x08007118   Section       12  fc59.o(.constdata)
    .constdata                               0x08007124   Section       36  fc46.o(.constdata)
    .constdata                               0x08007148   Section       36  fc49.o(.constdata)
    .constdata                               0x0800716c   Section       24  fcbf.o(.constdata)
    .constdata                               0x08007184   Section       20  fcunb.o(.constdata)
    .constdata                               0x08007198   Section       32  fcpvp.o(.constdata)
    .constdata                               0x080071b8   Section      320  powf.o(.constdata)
    table                                    0x080071b8   Data         128  powf.o(.constdata)
    powersof2to1over16top                    0x08007238   Data          64  powf.o(.constdata)
    powersof2to1over16bot                    0x08007278   Data          64  powf.o(.constdata)
    powersof2to1over16all                    0x080072b8   Data          64  powf.o(.constdata)
    .constdata                               0x080072f8   Section       48  cos_i.o(.constdata)
    C                                        0x080072f8   Data          48  cos_i.o(.constdata)
    .constdata                               0x08007328   Section      200  rred.o(.constdata)
    pio2s                                    0x08007328   Data          48  rred.o(.constdata)
    twooverpi                                0x08007358   Data         152  rred.o(.constdata)
    .constdata                               0x080073f0   Section       40  sin_i.o(.constdata)
    S                                        0x080073f0   Data          40  sin_i.o(.constdata)
    .data                                    0x20000000   Section        4  stm32f7xx_hal.o(.data)
    .data                                    0x20000004   Section        4  system_stm32f7xx.o(.data)
    .data                                    0x20000008   Section      132  init_protection.o(.data)
    .data                                    0x2000008c   Section        4  init_protection.o(.data)
    .data                                    0x20000090   Section        4  init_protection.o(.data)
    .data                                    0x20000094   Section        4  init_protection.o(.data)
    .data                                    0x20000098   Section        1  init_protection.o(.data)
    .data                                    0x2000009c   Section       24  fc27.o(.data)
    cs_qual                                  0x2000009c   Data           1  fc27.o(.data)
    cs_counter                               0x200000a0   Data           4  fc27.o(.data)
    .data                                    0x200000b4   Section       48  fc59.o(.data)
    .data                                    0x200000e4   Section       40  fc49.o(.data)
    therm_a_obj1                             0x200000f4   Data           4  fc49.o(.data)
    therm_b_obj1                             0x200000f8   Data           4  fc49.o(.data)
    therm_c_obj1                             0x200000fc   Data           4  fc49.o(.data)
    therm_a_obj2                             0x20000100   Data           4  fc49.o(.data)
    therm_b_obj2                             0x20000104   Data           4  fc49.o(.data)
    therm_c_obj2                             0x20000108   Data           4  fc49.o(.data)
    .data                                    0x2000010c   Section       48  fc37.o(.data)
    .data                                    0x2000013c   Section       16  fcunb.o(.data)
    counter                                  0x2000013c   Data           1  fcunb.o(.data)
    .data                                    0x2000014c   Section       28  fcpvp.o(.data)
    counter                                  0x2000014c   Data           4  fcpvp.o(.data)
    .data                                    0x20000168   Section      448  cs_handles.o(.data)
    .data                                    0x20000328   Section      412  spectra.o(.data)
    count                                    0x20000328   Data           4  spectra.o(.data)
    count                                    0x2000032c   Data           4  spectra.o(.data)
    count                                    0x20000330   Data           4  spectra.o(.data)
    .data                                    0x200004c4   Section        1  conversion.o(.data)
    .data                                    0x200004c8   Section       44  tickfunctions.o(.data)
    .data                                    0x200004f4   Section        4  errno.o(.data)
    _errno                                   0x200004f4   Data           4  errno.o(.data)
    .bss                                     0x200004f8   Section      128  tim.o(.bss)
    .bss                                     0x20000578   Section       32  rtc.o(.bss)
    .bss                                     0x20000598   Section       76  quadspi.o(.bss)
    .bss                                     0x200005e4   Section      100  spi.o(.bss)
    .bss                                     0x20000648   Section      112  usart.o(.bss)
    .bss                                     0x200006b8   Section      504  adc.o(.bss)
    .bss                                     0x200008b0   Section       60  main.o(.bss)
    .bss                                     0x200008ec   Section      312  fc50.o(.bss)
    .bss                                     0x20000a24   Section       84  fc50n.o(.bss)
    .bss                                     0x20000a78   Section       76  fc51.o(.bss)
    .bss                                     0x20000ac4   Section       32  fc51n.o(.bss)
    .bss                                     0x20000ae4   Section       32  fc27.o(.bss)
    .bss                                     0x20000b04   Section       24  fc59.o(.bss)
    .bss                                     0x20000b1c   Section       60  fc46.o(.bss)
    .bss                                     0x20000b58   Section      104  fc49.o(.bss)
    .bss                                     0x20000bc0   Section       36  fcbf.o(.bss)
    .bss                                     0x20000be4   Section       32  fc37.o(.bss)
    .bss                                     0x20000c04   Section      268  fcunb.o(.bss)
    UNBa_buffer                              0x20000c3c   Data         100  fcunb.o(.bss)
    UNBb_buffer                              0x20000ca0   Data         100  fcunb.o(.bss)
    .bss                                     0x20000d10   Section      716  fcpvp.o(.bss)
    peakBuffer                               0x20000d64   Data         600  fcpvp.o(.bss)
    .bss                                     0x20000fdc   Section     5112  cs_handles.o(.bss)
    .bss                                     0x200023d4   Section     2520  truerms.o(.bss)
    .bss                                     0x20002dac   Section     1080  spectra.o(.bss)
    .bss                                     0x200031e4   Section      732  conversion.o(.bss)
    adc_values                               0x200032d4   Data          60  conversion.o(.bss)
    dbuffer                                  0x20003310   Data         432  conversion.o(.bss)
    .bss                                     0x200034c0   Section       16  powersysdata.o(.bss)
    STACK                                    0x200034d0   Section     1024  startup_stm32f767xx.o(STACK)

    Global Symbols

    Symbol Name                              Value     Ov Type        Size  Object(Section)

    BuildAttributes$$THM_ISAv4$E$P$D$K$B$S$7EM$VFPv5_D16$PE$PLD8$A:L22UL41UL21$X:L11$S22US41US21$IEEE1$IW$USESV6$~STKCKD$USESV7$~SHL$OTIME$ROPI$IEEEX$EBA8$MICROLIB$REQ8$PRES8$EABIv2 0x00000000   Number         0  anon$$obj.o ABSOLUTE
    __ARM_use_no_argv                        0x00000000   Number         0  main.o ABSOLUTE
    __cpp_initialize__aeabi_                  - Undefined Weak Reference
    __cxa_finalize                            - Undefined Weak Reference
    _clock_init                               - Undefined Weak Reference
    _microlib_exit                            - Undefined Weak Reference
    __Vectors_Size                           0x000001f8   Number         0  startup_stm32f767xx.o ABSOLUTE
    __Vectors                                0x08000000   Data           4  startup_stm32f767xx.o(RESET)
    __Vectors_End                            0x080001f8   Data           0  startup_stm32f767xx.o(RESET)
    __main                                   0x080001f9   Thumb Code     0  entry.o(.ARM.Collect$$$$00000000)
    _main_stk                                0x080001f9   Thumb Code     0  entry2.o(.ARM.Collect$$$$00000001)
    _main_scatterload                        0x080001fd   Thumb Code     0  entry5.o(.ARM.Collect$$$$00000004)
    __main_after_scatterload                 0x08000201   Thumb Code     0  entry5.o(.ARM.Collect$$$$00000004)
    _main_clock                              0x08000201   Thumb Code     0  entry7b.o(.ARM.Collect$$$$00000008)
    _main_cpp_init                           0x08000201   Thumb Code     0  entry8b.o(.ARM.Collect$$$$0000000A)
    _main_init                               0x08000201   Thumb Code     0  entry9a.o(.ARM.Collect$$$$0000000B)
    __rt_final_cpp                           0x08000209   Thumb Code     0  entry10a.o(.ARM.Collect$$$$0000000D)
    __rt_final_exit                          0x08000209   Thumb Code     0  entry11a.o(.ARM.Collect$$$$0000000F)
    Reset_Handler                            0x0800020d   Thumb Code     8  startup_stm32f767xx.o(.text)
    ADC_IRQHandler                           0x08000227   Thumb Code     0  startup_stm32f767xx.o(.text)
    CAN1_RX0_IRQHandler                      0x08000227   Thumb Code     0  startup_stm32f767xx.o(.text)
    CAN1_RX1_IRQHandler                      0x08000227   Thumb Code     0  startup_stm32f767xx.o(.text)
    CAN1_SCE_IRQHandler                      0x08000227   Thumb Code     0  startup_stm32f767xx.o(.text)
    CAN1_TX_IRQHandler                       0x08000227   Thumb Code     0  startup_stm32f767xx.o(.text)
    CAN2_RX0_IRQHandler                      0x08000227   Thumb Code     0  startup_stm32f767xx.o(.text)
    CAN2_RX1_IRQHandler                      0x08000227   Thumb Code     0  startup_stm32f767xx.o(.text)
    CAN2_SCE_IRQHandler                      0x08000227   Thumb Code     0  startup_stm32f767xx.o(.text)
    CAN2_TX_IRQHandler                       0x08000227   Thumb Code     0  startup_stm32f767xx.o(.text)
    CAN3_RX0_IRQHandler                      0x08000227   Thumb Code     0  startup_stm32f767xx.o(.text)
    CAN3_RX1_IRQHandler                      0x08000227   Thumb Code     0  startup_stm32f767xx.o(.text)
    CAN3_SCE_IRQHandler                      0x08000227   Thumb Code     0  startup_stm32f767xx.o(.text)
    CAN3_TX_IRQHandler                       0x08000227   Thumb Code     0  startup_stm32f767xx.o(.text)
    CEC_IRQHandler                           0x08000227   Thumb Code     0  startup_stm32f767xx.o(.text)
    DCMI_IRQHandler                          0x08000227   Thumb Code     0  startup_stm32f767xx.o(.text)
    DFSDM1_FLT0_IRQHandler                   0x08000227   Thumb Code     0  startup_stm32f767xx.o(.text)
    DFSDM1_FLT1_IRQHandler                   0x08000227   Thumb Code     0  startup_stm32f767xx.o(.text)
    DFSDM1_FLT2_IRQHandler                   0x08000227   Thumb Code     0  startup_stm32f767xx.o(.text)
    DFSDM1_FLT3_IRQHandler                   0x08000227   Thumb Code     0  startup_stm32f767xx.o(.text)
    DMA1_Stream0_IRQHandler                  0x08000227   Thumb Code     0  startup_stm32f767xx.o(.text)
    DMA1_Stream1_IRQHandler                  0x08000227   Thumb Code     0  startup_stm32f767xx.o(.text)
    DMA1_Stream2_IRQHandler                  0x08000227   Thumb Code     0  startup_stm32f767xx.o(.text)
    DMA1_Stream3_IRQHandler                  0x08000227   Thumb Code     0  startup_stm32f767xx.o(.text)
    DMA1_Stream4_IRQHandler                  0x08000227   Thumb Code     0  startup_stm32f767xx.o(.text)
    DMA1_Stream5_IRQHandler                  0x08000227   Thumb Code     0  startup_stm32f767xx.o(.text)
    DMA1_Stream6_IRQHandler                  0x08000227   Thumb Code     0  startup_stm32f767xx.o(.text)
    DMA1_Stream7_IRQHandler                  0x08000227   Thumb Code     0  startup_stm32f767xx.o(.text)
    DMA2D_IRQHandler                         0x08000227   Thumb Code     0  startup_stm32f767xx.o(.text)
    DMA2_Stream3_IRQHandler                  0x08000227   Thumb Code     0  startup_stm32f767xx.o(.text)
    DMA2_Stream4_IRQHandler                  0x08000227   Thumb Code     0  startup_stm32f767xx.o(.text)
    DMA2_Stream5_IRQHandler                  0x08000227   Thumb Code     0  startup_stm32f767xx.o(.text)
    DMA2_Stream6_IRQHandler                  0x08000227   Thumb Code     0  startup_stm32f767xx.o(.text)
    DMA2_Stream7_IRQHandler                  0x08000227   Thumb Code     0  startup_stm32f767xx.o(.text)
    ETH_IRQHandler                           0x08000227   Thumb Code     0  startup_stm32f767xx.o(.text)
    ETH_WKUP_IRQHandler                      0x08000227   Thumb Code     0  startup_stm32f767xx.o(.text)
    EXTI0_IRQHandler                         0x08000227   Thumb Code     0  startup_stm32f767xx.o(.text)
    EXTI15_10_IRQHandler                     0x08000227   Thumb Code     0  startup_stm32f767xx.o(.text)
    EXTI1_IRQHandler                         0x08000227   Thumb Code     0  startup_stm32f767xx.o(.text)
    EXTI2_IRQHandler                         0x08000227   Thumb Code     0  startup_stm32f767xx.o(.text)
    EXTI3_IRQHandler                         0x08000227   Thumb Code     0  startup_stm32f767xx.o(.text)
    EXTI4_IRQHandler                         0x08000227   Thumb Code     0  startup_stm32f767xx.o(.text)
    EXTI9_5_IRQHandler                       0x08000227   Thumb Code     0  startup_stm32f767xx.o(.text)
    FLASH_IRQHandler                         0x08000227   Thumb Code     0  startup_stm32f767xx.o(.text)
    FMC_IRQHandler                           0x08000227   Thumb Code     0  startup_stm32f767xx.o(.text)
    FPU_IRQHandler                           0x08000227   Thumb Code     0  startup_stm32f767xx.o(.text)
    I2C1_ER_IRQHandler                       0x08000227   Thumb Code     0  startup_stm32f767xx.o(.text)
    I2C1_EV_IRQHandler                       0x08000227   Thumb Code     0  startup_stm32f767xx.o(.text)
    I2C2_ER_IRQHandler                       0x08000227   Thumb Code     0  startup_stm32f767xx.o(.text)
    I2C2_EV_IRQHandler                       0x08000227   Thumb Code     0  startup_stm32f767xx.o(.text)
    I2C3_ER_IRQHandler                       0x08000227   Thumb Code     0  startup_stm32f767xx.o(.text)
    I2C3_EV_IRQHandler                       0x08000227   Thumb Code     0  startup_stm32f767xx.o(.text)
    I2C4_ER_IRQHandler                       0x08000227   Thumb Code     0  startup_stm32f767xx.o(.text)
    I2C4_EV_IRQHandler                       0x08000227   Thumb Code     0  startup_stm32f767xx.o(.text)
    JPEG_IRQHandler                          0x08000227   Thumb Code     0  startup_stm32f767xx.o(.text)
    LPTIM1_IRQHandler                        0x08000227   Thumb Code     0  startup_stm32f767xx.o(.text)
    LTDC_ER_IRQHandler                       0x08000227   Thumb Code     0  startup_stm32f767xx.o(.text)
    LTDC_IRQHandler                          0x08000227   Thumb Code     0  startup_stm32f767xx.o(.text)
    MDIOS_IRQHandler                         0x08000227   Thumb Code     0  startup_stm32f767xx.o(.text)
    OTG_FS_IRQHandler                        0x08000227   Thumb Code     0  startup_stm32f767xx.o(.text)
    OTG_FS_WKUP_IRQHandler                   0x08000227   Thumb Code     0  startup_stm32f767xx.o(.text)
    OTG_HS_EP1_IN_IRQHandler                 0x08000227   Thumb Code     0  startup_stm32f767xx.o(.text)
    OTG_HS_EP1_OUT_IRQHandler                0x08000227   Thumb Code     0  startup_stm32f767xx.o(.text)
    OTG_HS_IRQHandler                        0x08000227   Thumb Code     0  startup_stm32f767xx.o(.text)
    OTG_HS_WKUP_IRQHandler                   0x08000227   Thumb Code     0  startup_stm32f767xx.o(.text)
    PVD_IRQHandler                           0x08000227   Thumb Code     0  startup_stm32f767xx.o(.text)
    QUADSPI_IRQHandler                       0x08000227   Thumb Code     0  startup_stm32f767xx.o(.text)
    RCC_IRQHandler                           0x08000227   Thumb Code     0  startup_stm32f767xx.o(.text)
    RNG_IRQHandler                           0x08000227   Thumb Code     0  startup_stm32f767xx.o(.text)
    RTC_Alarm_IRQHandler                     0x08000227   Thumb Code     0  startup_stm32f767xx.o(.text)
    RTC_WKUP_IRQHandler                      0x08000227   Thumb Code     0  startup_stm32f767xx.o(.text)
    SAI1_IRQHandler                          0x08000227   Thumb Code     0  startup_stm32f767xx.o(.text)
    SAI2_IRQHandler                          0x08000227   Thumb Code     0  startup_stm32f767xx.o(.text)
    SDMMC1_IRQHandler                        0x08000227   Thumb Code     0  startup_stm32f767xx.o(.text)
    SDMMC2_IRQHandler                        0x08000227   Thumb Code     0  startup_stm32f767xx.o(.text)
    SPDIF_RX_IRQHandler                      0x08000227   Thumb Code     0  startup_stm32f767xx.o(.text)
    SPI1_IRQHandler                          0x08000227   Thumb Code     0  startup_stm32f767xx.o(.text)
    SPI2_IRQHandler                          0x08000227   Thumb Code     0  startup_stm32f767xx.o(.text)
    SPI3_IRQHandler                          0x08000227   Thumb Code     0  startup_stm32f767xx.o(.text)
    SPI4_IRQHandler                          0x08000227   Thumb Code     0  startup_stm32f767xx.o(.text)
    SPI5_IRQHandler                          0x08000227   Thumb Code     0  startup_stm32f767xx.o(.text)
    SPI6_IRQHandler                          0x08000227   Thumb Code     0  startup_stm32f767xx.o(.text)
    TAMP_STAMP_IRQHandler                    0x08000227   Thumb Code     0  startup_stm32f767xx.o(.text)
    TIM1_BRK_TIM9_IRQHandler                 0x08000227   Thumb Code     0  startup_stm32f767xx.o(.text)
    TIM1_CC_IRQHandler                       0x08000227   Thumb Code     0  startup_stm32f767xx.o(.text)
    TIM1_TRG_COM_TIM11_IRQHandler            0x08000227   Thumb Code     0  startup_stm32f767xx.o(.text)
    TIM2_IRQHandler                          0x08000227   Thumb Code     0  startup_stm32f767xx.o(.text)
    TIM3_IRQHandler                          0x08000227   Thumb Code     0  startup_stm32f767xx.o(.text)
    TIM4_IRQHandler                          0x08000227   Thumb Code     0  startup_stm32f767xx.o(.text)
    TIM5_IRQHandler                          0x08000227   Thumb Code     0  startup_stm32f767xx.o(.text)
    TIM6_DAC_IRQHandler                      0x08000227   Thumb Code     0  startup_stm32f767xx.o(.text)
    TIM7_IRQHandler                          0x08000227   Thumb Code     0  startup_stm32f767xx.o(.text)
    TIM8_BRK_TIM12_IRQHandler                0x08000227   Thumb Code     0  startup_stm32f767xx.o(.text)
    TIM8_CC_IRQHandler                       0x08000227   Thumb Code     0  startup_stm32f767xx.o(.text)
    TIM8_TRG_COM_TIM14_IRQHandler            0x08000227   Thumb Code     0  startup_stm32f767xx.o(.text)
    TIM8_UP_TIM13_IRQHandler                 0x08000227   Thumb Code     0  startup_stm32f767xx.o(.text)
    UART4_IRQHandler                         0x08000227   Thumb Code     0  startup_stm32f767xx.o(.text)
    UART5_IRQHandler                         0x08000227   Thumb Code     0  startup_stm32f767xx.o(.text)
    UART7_IRQHandler                         0x08000227   Thumb Code     0  startup_stm32f767xx.o(.text)
    UART8_IRQHandler                         0x08000227   Thumb Code     0  startup_stm32f767xx.o(.text)
    USART1_IRQHandler                        0x08000227   Thumb Code     0  startup_stm32f767xx.o(.text)
    USART2_IRQHandler                        0x08000227   Thumb Code     0  startup_stm32f767xx.o(.text)
    USART3_IRQHandler                        0x08000227   Thumb Code     0  startup_stm32f767xx.o(.text)
    USART6_IRQHandler                        0x08000227   Thumb Code     0  startup_stm32f767xx.o(.text)
    WWDG_IRQHandler                          0x08000227   Thumb Code     0  startup_stm32f767xx.o(.text)
    __I$use$fp                               0x08000231   Thumb Code     0  iusefp.o(.text)
    __fp_status                              0x08000231   Thumb Code     4  fpstat.o(.text)
    __ieee_status                            0x08000231   Thumb Code     0  fpstat.o(.text)
    __scatterload                            0x08000235   Thumb Code    28  init.o(.text)
    __scatterload_rt2                        0x08000235   Thumb Code     0  init.o(.text)
    __decompress                             0x08000259   Thumb Code     0  __dclz77c.o(.text)
    __decompress2                            0x08000259   Thumb Code    94  __dclz77c.o(.text)
    BusFault_Handler                         0x0800032f   Thumb Code     2  stm32f7xx_it.o(i.BusFault_Handler)
    DMA2_Stream0_IRQHandler                  0x08000331   Thumb Code     6  stm32f7xx_it.o(i.DMA2_Stream0_IRQHandler)
    DMA2_Stream1_IRQHandler                  0x0800033d   Thumb Code     6  stm32f7xx_it.o(i.DMA2_Stream1_IRQHandler)
    DMA2_Stream2_IRQHandler                  0x08000349   Thumb Code     6  stm32f7xx_it.o(i.DMA2_Stream2_IRQHandler)
    DebugMon_Handler                         0x08000355   Thumb Code     2  stm32f7xx_it.o(i.DebugMon_Handler)
    HAL_ADCEx_MultiModeConfigChannel         0x08000359   Thumb Code   116  stm32f7xx_hal_adc_ex.o(i.HAL_ADCEx_MultiModeConfigChannel)
    HAL_ADCEx_MultiModeStart_DMA             0x080003d1   Thumb Code   330  stm32f7xx_hal_adc_ex.o(i.HAL_ADCEx_MultiModeStart_DMA)
    HAL_ADC_ConfigChannel                    0x08000539   Thumb Code   442  stm32f7xx_hal_adc.o(i.HAL_ADC_ConfigChannel)
    HAL_ADC_ConvCpltCallback                 0x08000705   Thumb Code   464  conversion.o(i.HAL_ADC_ConvCpltCallback)
    HAL_ADC_ConvHalfCpltCallback             0x080008dd   Thumb Code     2  stm32f7xx_hal_adc.o(i.HAL_ADC_ConvHalfCpltCallback)
    HAL_ADC_ErrorCallback                    0x080008df   Thumb Code     2  stm32f7xx_hal_adc.o(i.HAL_ADC_ErrorCallback)
    HAL_ADC_Init                             0x080008e1   Thumb Code   368  stm32f7xx_hal_adc.o(i.HAL_ADC_Init)
    HAL_ADC_MspInit                          0x08000a5d   Thumb Code   352  adc.o(i.HAL_ADC_MspInit)
    HAL_ADC_Start                            0x08000bf9   Thumb Code   260  stm32f7xx_hal_adc.o(i.HAL_ADC_Start)
    HAL_DMA_IRQHandler                       0x08000d09   Thumb Code   464  stm32f7xx_hal_dma.o(i.HAL_DMA_IRQHandler)
    HAL_DMA_Init                             0x08000ee5   Thumb Code   350  stm32f7xx_hal_dma.o(i.HAL_DMA_Init)
    HAL_DMA_Start_IT                         0x08001051   Thumb Code   156  stm32f7xx_hal_dma.o(i.HAL_DMA_Start_IT)
    HAL_GPIO_Init                            0x080010ed   Thumb Code   572  stm32f7xx_hal_gpio.o(i.HAL_GPIO_Init)
    HAL_GPIO_WritePin                        0x0800133d   Thumb Code    10  stm32f7xx_hal_gpio.o(i.HAL_GPIO_WritePin)
    HAL_GetTick                              0x08001349   Thumb Code     6  stm32f7xx_hal.o(i.HAL_GetTick)
    HAL_IncTick                              0x08001355   Thumb Code    10  stm32f7xx_hal.o(i.HAL_IncTick)
    HAL_Init                                 0x08001365   Thumb Code    22  stm32f7xx_hal.o(i.HAL_Init)
    HAL_InitTick                             0x0800137d   Thumb Code    34  stm32f7xx_hal.o(i.HAL_InitTick)
    HAL_MspInit                              0x080013a5   Thumb Code    88  stm32f7xx_hal_msp.o(i.HAL_MspInit)
    HAL_NVIC_EnableIRQ                       0x080013fd   Thumb Code    24  stm32f7xx_hal_cortex.o(i.HAL_NVIC_EnableIRQ)
    HAL_NVIC_SetPriority                     0x08001415   Thumb Code    92  stm32f7xx_hal_cortex.o(i.HAL_NVIC_SetPriority)
    HAL_NVIC_SetPriorityGrouping             0x08001475   Thumb Code    30  stm32f7xx_hal_cortex.o(i.HAL_NVIC_SetPriorityGrouping)
    HAL_PWREx_EnableOverDrive                0x08001499   Thumb Code   116  stm32f7xx_hal_pwr_ex.o(i.HAL_PWREx_EnableOverDrive)
    HAL_QSPI_Init                            0x08001515   Thumb Code   200  stm32f7xx_hal_qspi.o(i.HAL_QSPI_Init)
    HAL_QSPI_MspInit                         0x080015e1   Thumb Code   118  quadspi.o(i.HAL_QSPI_MspInit)
    HAL_RCCEx_PeriphCLKConfig                0x08001669   Thumb Code  1496  stm32f7xx_hal_rcc_ex.o(i.HAL_RCCEx_PeriphCLKConfig)
    HAL_RCC_ClockConfig                      0x08001c45   Thumb Code   392  stm32f7xx_hal_rcc.o(i.HAL_RCC_ClockConfig)
    HAL_RCC_GetHCLKFreq                      0x08001ded   Thumb Code     6  stm32f7xx_hal_rcc.o(i.HAL_RCC_GetHCLKFreq)
    HAL_RCC_GetPCLK1Freq                     0x08001df9   Thumb Code    20  stm32f7xx_hal_rcc.o(i.HAL_RCC_GetPCLK1Freq)
    HAL_RCC_GetPCLK2Freq                     0x08001e19   Thumb Code    20  stm32f7xx_hal_rcc.o(i.HAL_RCC_GetPCLK2Freq)
    HAL_RCC_GetSysClockFreq                  0x08001e39   Thumb Code    94  stm32f7xx_hal_rcc.o(i.HAL_RCC_GetSysClockFreq)
    HAL_RCC_OscConfig                        0x08001ea9   Thumb Code   928  stm32f7xx_hal_rcc.o(i.HAL_RCC_OscConfig)
    HAL_RTC_Init                             0x08002269   Thumb Code   202  stm32f7xx_hal_rtc.o(i.HAL_RTC_Init)
    HAL_RTC_MspInit                          0x08002335   Thumb Code    26  rtc.o(i.HAL_RTC_MspInit)
    HAL_SPI_Init                             0x08002355   Thumb Code   210  stm32f7xx_hal_spi.o(i.HAL_SPI_Init)
    HAL_SPI_MspInit                          0x08002429   Thumb Code    74  spi.o(i.HAL_SPI_MspInit)
    HAL_SYSTICK_CLKSourceConfig              0x0800247d   Thumb Code    22  stm32f7xx_hal_cortex.o(i.HAL_SYSTICK_CLKSourceConfig)
    HAL_SYSTICK_Callback                     0x08002493   Thumb Code     2  stm32f7xx_hal_cortex.o(i.HAL_SYSTICK_Callback)
    HAL_SYSTICK_Config                       0x08002495   Thumb Code    36  stm32f7xx_hal_cortex.o(i.HAL_SYSTICK_Config)
    HAL_SYSTICK_IRQHandler                   0x080024bd   Thumb Code     8  stm32f7xx_hal_cortex.o(i.HAL_SYSTICK_IRQHandler)
    HAL_TIMEx_BreakCallback                  0x080024c5   Thumb Code     2  stm32f7xx_hal_tim_ex.o(i.HAL_TIMEx_BreakCallback)
    HAL_TIMEx_CommutationCallback            0x080024c7   Thumb Code     2  stm32f7xx_hal_tim_ex.o(i.HAL_TIMEx_CommutationCallback)
    HAL_TIMEx_MasterConfigSynchronization    0x080024c9   Thumb Code    94  stm32f7xx_hal_tim_ex.o(i.HAL_TIMEx_MasterConfigSynchronization)
    HAL_TIM_Base_Init                        0x08002527   Thumb Code    54  stm32f7xx_hal_tim.o(i.HAL_TIM_Base_Init)
    HAL_TIM_Base_MspInit                     0x0800255d   Thumb Code    84  tim.o(i.HAL_TIM_Base_MspInit)
    HAL_TIM_Base_Start_IT                    0x080025b9   Thumb Code    24  stm32f7xx_hal_tim.o(i.HAL_TIM_Base_Start_IT)
    HAL_TIM_ConfigClockSource                0x080025d1   Thumb Code   468  stm32f7xx_hal_tim.o(i.HAL_TIM_ConfigClockSource)
    HAL_TIM_IC_CaptureCallback               0x080027a5   Thumb Code     2  stm32f7xx_hal_tim.o(i.HAL_TIM_IC_CaptureCallback)
    HAL_TIM_IRQHandler                       0x080027a7   Thumb Code   388  stm32f7xx_hal_tim.o(i.HAL_TIM_IRQHandler)
    HAL_TIM_OC_DelayElapsedCallback          0x0800292b   Thumb Code     2  stm32f7xx_hal_tim.o(i.HAL_TIM_OC_DelayElapsedCallback)
    HAL_TIM_PWM_PulseFinishedCallback        0x0800292d   Thumb Code     2  stm32f7xx_hal_tim.o(i.HAL_TIM_PWM_PulseFinishedCallback)
    HAL_TIM_PeriodElapsedCallback            0x0800292f   Thumb Code     2  stm32f7xx_hal_tim.o(i.HAL_TIM_PeriodElapsedCallback)
    HAL_TIM_TriggerCallback                  0x08002931   Thumb Code     2  stm32f7xx_hal_tim.o(i.HAL_TIM_TriggerCallback)
    HAL_UART_Init                            0x08002933   Thumb Code   110  stm32f7xx_hal_uart.o(i.HAL_UART_Init)
    HAL_UART_MspInit                         0x080029a1   Thumb Code    74  usart.o(i.HAL_UART_MspInit)
    HardFault_Handler                        0x080029f5   Thumb Code     2  stm32f7xx_it.o(i.HardFault_Handler)
    MX_ADC1_Init                             0x080029f9   Thumb Code   222  adc.o(i.MX_ADC1_Init)
    MX_ADC2_Init                             0x08002af1   Thumb Code   182  adc.o(i.MX_ADC2_Init)
    MX_ADC3_Init                             0x08002bc1   Thumb Code   184  adc.o(i.MX_ADC3_Init)
    MX_DMA_Init                              0x08002c91   Thumb Code    40  dma.o(i.MX_DMA_Init)
    MX_GPIO_Init                             0x08002cbd   Thumb Code   522  gpio.o(i.MX_GPIO_Init)
    MX_QUADSPI_Init                          0x08002ee9   Thumb Code    54  quadspi.o(i.MX_QUADSPI_Init)
    MX_RTC_Init                              0x08002f3d   Thumb Code    52  rtc.o(i.MX_RTC_Init)
    MX_SPI2_Init                             0x08002f89   Thumb Code    62  spi.o(i.MX_SPI2_Init)
    MX_TIM1_Init                             0x08002fe1   Thumb Code   102  tim.o(i.MX_TIM1_Init)
    MX_TIM6_Init                             0x08003061   Thumb Code    70  tim.o(i.MX_TIM6_Init)
    MX_USART2_UART_Init                      0x080030c1   Thumb Code    58  usart.o(i.MX_USART2_UART_Init)
    MemManage_Handler                        0x08003115   Thumb Code     2  stm32f7xx_it.o(i.MemManage_Handler)
    NMI_Handler                              0x08003117   Thumb Code     2  stm32f7xx_it.o(i.NMI_Handler)
    PendSV_Handler                           0x08003119   Thumb Code     2  stm32f7xx_it.o(i.PendSV_Handler)
    SVC_Handler                              0x08003173   Thumb Code     2  stm32f7xx_it.o(i.SVC_Handler)
    SysTick_Handler                          0x08003175   Thumb Code    14  stm32f7xx_it.o(i.SysTick_Handler)
    SystemClock_Config                       0x08003185   Thumb Code   186  main.o(i.SystemClock_Config)
    SystemInit                               0x08003249   Thumb Code    76  system_stm32f7xx.o(i.SystemInit)
    TIM1_UP_TIM10_IRQHandler                 0x080032a9   Thumb Code     6  stm32f7xx_it.o(i.TIM1_UP_TIM10_IRQHandler)
    TIM_Base_SetConfig                       0x080032b5   Thumb Code   180  stm32f7xx_hal_tim.o(i.TIM_Base_SetConfig)
    UART_AdvFeatureConfig                    0x0800337d   Thumb Code   218  stm32f7xx_hal_uart.o(i.UART_AdvFeatureConfig)
    UART_CheckIdleState                      0x08003457   Thumb Code    68  stm32f7xx_hal_uart.o(i.UART_CheckIdleState)
    UART_SetConfig                           0x0800349d   Thumb Code   682  stm32f7xx_hal_uart.o(i.UART_SetConfig)
    UART_WaitOnFlagUntilTimeout              0x08003759   Thumb Code   118  stm32f7xx_hal_uart.o(i.UART_WaitOnFlagUntilTimeout)
    UsageFault_Handler                       0x080037cf   Thumb Code     2  stm32f7xx_it.o(i.UsageFault_Handler)
    _Error_Handler                           0x080037d1   Thumb Code     2  main.o(i._Error_Handler)
    __ARM_fpclassify                         0x080037d3   Thumb Code    48  fpclassify.o(i.__ARM_fpclassify)
    __ARM_fpclassifyf                        0x08003803   Thumb Code    38  fpclassifyf.o(i.__ARM_fpclassifyf)
    __hardfp_atan2f                          0x08003829   Thumb Code   502  atan2f.o(i.__hardfp_atan2f)
    __hardfp_powf                            0x08003a81   Thumb Code  1590  powf.o(i.__hardfp_powf)
    __mathlib_powf                           0x08003a81   Thumb Code     0  powf.o(i.__hardfp_powf)
    __hardfp_sin                             0x080040d9   Thumb Code   158  sin.o(i.__hardfp_sin)
    __hardfp_sqrtf                           0x08004189   Thumb Code    58  sqrtf.o(i.__hardfp_sqrtf)
    __ieee754_rem_pio2                       0x080041c9   Thumb Code   646  rred.o(i.__ieee754_rem_pio2)
    __kernel_cos                             0x080044d9   Thumb Code   182  cos_i.o(i.__kernel_cos)
    __kernel_poly                            0x080045b9   Thumb Code   112  poly.o(i.__kernel_poly)
    __kernel_sin                             0x08004629   Thumb Code   144  sin_i.o(i.__kernel_sin)
    __mathlib_dbl_invalid                    0x080046d1   Thumb Code    10  dunder.o(i.__mathlib_dbl_invalid)
    __mathlib_dbl_underflow                  0x080046e9   Thumb Code    10  dunder.o(i.__mathlib_dbl_underflow)
    __mathlib_flt_divzero                    0x08004701   Thumb Code    14  funder.o(i.__mathlib_flt_divzero)
    __mathlib_flt_infnan2                    0x08004719   Thumb Code     6  funder.o(i.__mathlib_flt_infnan2)
    __mathlib_flt_invalid                    0x08004721   Thumb Code    10  funder.o(i.__mathlib_flt_invalid)
    __mathlib_flt_overflow                   0x08004731   Thumb Code    10  funder.o(i.__mathlib_flt_overflow)
    __mathlib_flt_underflow                  0x08004741   Thumb Code    10  funder.o(i.__mathlib_flt_underflow)
    __scatterload_copy                       0x08004751   Thumb Code    14  handlers.o(i.__scatterload_copy)
    __scatterload_null                       0x0800475f   Thumb Code     2  handlers.o(i.__scatterload_null)
    __scatterload_zeroinit                   0x08004761   Thumb Code    14  handlers.o(i.__scatterload_zeroinit)
    __set_errno                              0x08004771   Thumb Code     6  errno.o(i.__set_errno)
    cs_computations                          0x0800477d   Thumb Code   292  measurement_functions.o(i.cs_computations)
    cs_generation                            0x080048b1   Thumb Code   178  measurement_functions.o(i.cs_generation)
    cs_handle_tick1                          0x08004965   Thumb Code   156  cs_handles.o(i.cs_handle_tick1)
    cs_handle_tick2                          0x08004a1d   Thumb Code   176  cs_handles.o(i.cs_handle_tick2)
    cs_handle_tick3                          0x08004ae1   Thumb Code   176  cs_handles.o(i.cs_handle_tick3)
    cs_handle_tick4                          0x08004ba5   Thumb Code   558  cs_handles.o(i.cs_handle_tick4)
    fabs                                     0x08004ded   Thumb Code    24  fabs.o(i.fabs)
    fc27                                     0x08004e05   Thumb Code   146  protection_functions.o(i.fc27)
    fc27_all                                 0x08004e9d   Thumb Code   182  fc27.o(i.fc27_all)
    fc27_init                                0x08004f79   Thumb Code    18  fc27.o(i.fc27_init)
    fc37                                     0x08004f95   Thumb Code   138  protection_functions.o(i.fc37)
    fc37_all                                 0x08005025   Thumb Code   192  fc37.o(i.fc37_all)
    fc37_init                                0x08005109   Thumb Code     2  fc37.o(i.fc37_init)
    fc46_all                                 0x0800510d   Thumb Code    94  fc46.o(i.fc46_all)
    fc46_init                                0x0800517d   Thumb Code    76  fc46.o(i.fc46_init)
    fc46d                                    0x080051dd   Thumb Code   288  protection_functions.o(i.fc46d)
    fc46i                                    0x08005305   Thumb Code   262  protection_functions.o(i.fc46i)
    fc49                                     0x08005421   Thumb Code    68  protection_functions.o(i.fc49)
    fc49_all                                 0x08005465   Thumb Code   470  fc49.o(i.fc49_all)
    fc49_init                                0x0800564d   Thumb Code    72  fc49.o(i.fc49_init)
    fc50                                     0x080056a5   Thumb Code   252  protection_functions.o(i.fc50)
    fc50N_all                                0x080057a5   Thumb Code   110  fc50n.o(i.fc50N_all)
    fc50N_init                               0x08005829   Thumb Code    22  fc50n.o(i.fc50N_init)
    fc50_all                                 0x08005849   Thumb Code   688  fc50.o(i.fc50_all)
    fc50_init                                0x08005b49   Thumb Code    40  fc50.o(i.fc50_init)
    fc51                                     0x08005b79   Thumb Code   222  protection_functions.o(i.fc51)
    fc51N_all                                0x08005c69   Thumb Code    58  fc51n.o(i.fc51N_all)
    fc51N_init                               0x08005cb9   Thumb Code    68  fc51n.o(i.fc51N_init)
    fc51_all                                 0x08005d11   Thumb Code   288  fc51.o(i.fc51_all)
    fc51_init                                0x08005e45   Thumb Code    66  fc51.o(i.fc51_init)
    fc59                                     0x08005e9d   Thumb Code   134  protection_functions.o(i.fc59)
    fc59_all                                 0x08005f29   Thumb Code   226  fc59.o(i.fc59_all)
    fc59_init                                0x08006039   Thumb Code    18  fc59.o(i.fc59_init)
    fcBF                                     0x08006055   Thumb Code   278  protection_functions.o(i.fcBF)
    fcBF_all                                 0x08006171   Thumb Code    80  fcbf.o(i.fcBF_all)
    fcBF_init                                0x080061cd   Thumb Code    42  fcbf.o(i.fcBF_init)
    fcPVP_all                                0x08006205   Thumb Code   392  fcpvp.o(i.fcPVP_all)
    fcPVP_init                               0x080063a1   Thumb Code    80  fcpvp.o(i.fcPVP_init)
    fcPVPd                                   0x08006405   Thumb Code   108  protection_functions.o(i.fcPVPd)
    fcPVPi                                   0x08006475   Thumb Code   194  protection_functions.o(i.fcPVPi)
    fcUNB_all                                0x08006555   Thumb Code   294  fcunb.o(i.fcUNB_all)
    fcUNB_init                               0x0800669d   Thumb Code    38  fcunb.o(i.fcUNB_init)
    fcUNB_initial_dt                         0x080066d1   Thumb Code   230  fcunb.o(i.fcUNB_initial_dt)
    fcUNBd                                   0x080067e5   Thumb Code   108  protection_functions.o(i.fcUNBd)
    fcUNBi                                   0x08006855   Thumb Code   194  protection_functions.o(i.fcUNBi)
    ftick1                                   0x08006939   Thumb Code    14  tickfunctions.o(i.ftick1)
    ftick10                                  0x08006947   Thumb Code     4  tickfunctions.o(i.ftick10)
    ftick2                                   0x0800694b   Thumb Code    14  tickfunctions.o(i.ftick2)
    ftick3                                   0x08006959   Thumb Code    14  tickfunctions.o(i.ftick3)
    ftick4                                   0x08006967   Thumb Code     4  tickfunctions.o(i.ftick4)
    ftick5                                   0x0800696b   Thumb Code     2  tickfunctions.o(i.ftick5)
    ftick6                                   0x0800696d   Thumb Code     2  tickfunctions.o(i.ftick6)
    ftick7                                   0x0800696f   Thumb Code    34  tickfunctions.o(i.ftick7)
    ftick8                                   0x08006991   Thumb Code    26  tickfunctions.o(i.ftick8)
    ftick9                                   0x080069ab   Thumb Code     2  tickfunctions.o(i.ftick9)
    initFunctions                            0x080069ad   Thumb Code    54  initfunctions.o(i.initFunctions)
    main                                     0x080069e5   Thumb Code   134  main.o(i.main)
    on_off_delay                             0x08006a85   Thumb Code    44  protection_functions.o(i.on_off_delay)
    peak_detect_rms                          0x08006ab1   Thumb Code   162  measurement_functions.o(i.peak_detect_rms)
    prefilter                                0x08006b5d   Thumb Code   138  measurement_functions.o(i.prefilter)
    pvp_filter                               0x08006be7   Thumb Code   114  measurement_functions.o(i.pvp_filter)
    signal_spectra                           0x08006c59   Thumb Code   158  measurement_functions.o(i.signal_spectra)
    spectra_tick1                            0x08006cfd   Thumb Code    46  spectra.o(i.spectra_tick1)
    spectra_tick2                            0x08006d39   Thumb Code    46  spectra.o(i.spectra_tick2)
    spectra_tick3                            0x08006d75   Thumb Code    46  spectra.o(i.spectra_tick3)
    sym_comp                                 0x08006db1   Thumb Code   126  measurement_functions.o(i.sym_comp)
    sym_mag                                  0x08006e39   Thumb Code   386  measurement_functions.o(i.sym_mag)
    thermal_status                           0x08006fc5   Thumb Code    80  measurement_functions.o(i.thermal_status)
    tickFunctions                            0x08007015   Thumb Code    30  tickfunctions.o(i.tickFunctions)
    true_rms                                 0x08007039   Thumb Code    98  measurement_functions.o(i.true_rms)
    AHBPrescTable                            0x080070a8   Data          16  system_stm32f7xx.o(.constdata)
    APBPrescTable                            0x080070b8   Data           8  system_stm32f7xx.o(.constdata)
    Region$$Table$$Base                      0x08007418   Number         0  anon$$obj.o(Region$$Table)
    Region$$Table$$Limit                     0x08007438   Number         0  anon$$obj.o(Region$$Table)
    uwTick                                   0x20000000   Data           4  stm32f7xx_hal.o(.data)
    SystemCoreClock                          0x20000004   Data           4  system_stm32f7xx.o(.data)
    curve_data                               0x20000008   Data         132  init_protection.o(.data)
    EN                                       0x2000008c   Data           4  init_protection.o(.data)
    selectRMS                                0x20000090   Data           4  init_protection.o(.data)
    selectCURVE                              0x20000094   Data           4  init_protection.o(.data)
    curve                                    0x20000098   Data           1  init_protection.o(.data)
    fc27_obj1_L1_out                         0x200000a4   Data           8  fc27.o(.data)
    fc27_obj1_L2_out                         0x200000ac   Data           8  fc27.o(.data)
    fc59_obj1_L1_out_a                       0x200000b4   Data           8  fc59.o(.data)
    fc59_obj1_L1_out_b                       0x200000bc   Data           8  fc59.o(.data)
    fc59_obj1_L1_out_c                       0x200000c4   Data           8  fc59.o(.data)
    fc59_obj1_L2_out_a                       0x200000cc   Data           8  fc59.o(.data)
    fc59_obj1_L2_out_b                       0x200000d4   Data           8  fc59.o(.data)
    fc59_obj1_L2_out_c                       0x200000dc   Data           8  fc59.o(.data)
    fc49_obj1_L1_out_a                       0x200000e4   Data           4  fc49.o(.data)
    fc49_obj1_L2_out_a                       0x200000e8   Data           4  fc49.o(.data)
    fc49_obj2_L1_out_a                       0x200000ec   Data           4  fc49.o(.data)
    fc49_obj2_L2_out_a                       0x200000f0   Data           4  fc49.o(.data)
    fc37_obj1_L1_out_a                       0x2000010c   Data           8  fc37.o(.data)
    fc37_obj1_L1_out_b                       0x20000114   Data           8  fc37.o(.data)
    fc37_obj1_L1_out_c                       0x2000011c   Data           8  fc37.o(.data)
    fc37_obj2_L1_out_a                       0x20000124   Data           8  fc37.o(.data)
    fc37_obj2_L1_out_b                       0x2000012c   Data           8  fc37.o(.data)
    fc37_obj2_L1_out_c                       0x20000134   Data           8  fc37.o(.data)
    UNBpcorrection                           0x20000140   Data           4  fcunb.o(.data)
    fcUNBi_obj1_L1_in                        0x20000144   Data           8  fcunb.o(.data)
    fcPVPd_obj1_L1_out_a                     0x20000150   Data           8  fcpvp.o(.data)
    fcPVPd_obj1_L1_out_b                     0x20000158   Data           8  fcpvp.o(.data)
    fcPVPd_obj1_L1_out_c                     0x20000160   Data           8  fcpvp.o(.data)
    resA                                     0x20000168   Data           8  cs_handles.o(.data)
    resB                                     0x20000170   Data           8  cs_handles.o(.data)
    resC                                     0x20000178   Data           8  cs_handles.o(.data)
    n                                        0x20000180   Data           8  cs_handles.o(.data)
    UNBa                                     0x20000188   Data           8  cs_handles.o(.data)
    UNBb                                     0x20000190   Data           8  cs_handles.o(.data)
    sin_coeffs                               0x20000198   Data         200  cs_handles.o(.data)
    cos_coeffs                               0x20000260   Data         200  cs_handles.o(.data)
    coeffs_real                              0x20000334   Data         200  spectra.o(.data)
    coeffs_imag                              0x200003fc   Data         200  spectra.o(.data)
    conversion_completed                     0x200004c4   Data           1  conversion.o(.data)
    tick                                     0x200004c8   Data           1  tickfunctions.o(.data)
    ftick                                    0x200004cc   Data          40  tickfunctions.o(.data)
    htim1                                    0x200004f8   Data          64  tim.o(.bss)
    htim6                                    0x20000538   Data          64  tim.o(.bss)
    hrtc                                     0x20000578   Data          32  rtc.o(.bss)
    hqspi                                    0x20000598   Data          76  quadspi.o(.bss)
    hspi2                                    0x200005e4   Data         100  spi.o(.bss)
    huart2                                   0x20000648   Data         112  usart.o(.bss)
    hadc1                                    0x200006b8   Data          72  adc.o(.bss)
    hadc2                                    0x20000700   Data          72  adc.o(.bss)
    hadc3                                    0x20000748   Data          72  adc.o(.bss)
    hdma_adc1                                0x20000790   Data          96  adc.o(.bss)
    hdma_adc2                                0x200007f0   Data          96  adc.o(.bss)
    hdma_adc3                                0x20000850   Data          96  adc.o(.bss)
    adc_values                               0x200008b0   Data          60  main.o(.bss)
    fc50_obj1_L1_out_a                       0x200008ec   Data          12  fc50.o(.bss)
    fc50_obj1_L1_out_b                       0x200008f8   Data          12  fc50.o(.bss)
    fc50_obj1_L1_out_c                       0x20000904   Data          12  fc50.o(.bss)
    fc50_obj1_L2_out_a                       0x20000910   Data          12  fc50.o(.bss)
    fc50_obj1_L2_out_b                       0x2000091c   Data          12  fc50.o(.bss)
    fc50_obj1_L2_out_c                       0x20000928   Data          12  fc50.o(.bss)
    fc50_obj1_L3_out_a                       0x20000934   Data          12  fc50.o(.bss)
    fc50_obj1_L3_out_b                       0x20000940   Data          12  fc50.o(.bss)
    fc50_obj1_L3_out_c                       0x2000094c   Data          12  fc50.o(.bss)
    fc50_obj2_L1_out_a                       0x20000958   Data          12  fc50.o(.bss)
    fc50_obj2_L1_out_b                       0x20000964   Data          12  fc50.o(.bss)
    fc50_obj2_L1_out_c                       0x20000970   Data          12  fc50.o(.bss)
    fc50_obj2_L2_out_a                       0x2000097c   Data          12  fc50.o(.bss)
    fc50_obj2_L2_out_b                       0x20000988   Data          12  fc50.o(.bss)
    fc50_obj2_L2_out_c                       0x20000994   Data          12  fc50.o(.bss)
    fc50_obj2_L3_out_a                       0x200009a0   Data          12  fc50.o(.bss)
    fc50_obj2_L3_out_b                       0x200009ac   Data          12  fc50.o(.bss)
    fc50_obj2_L3_out_c                       0x200009b8   Data          12  fc50.o(.bss)
    fc50_obj1_L1_in                          0x200009c4   Data          16  fc50.o(.bss)
    fc50_obj1_L2_in                          0x200009d4   Data          16  fc50.o(.bss)
    fc50_obj1_L3_in                          0x200009e4   Data          16  fc50.o(.bss)
    fc50_obj2_L1_in                          0x200009f4   Data          16  fc50.o(.bss)
    fc50_obj2_L2_in                          0x20000a04   Data          16  fc50.o(.bss)
    fc50_obj2_L3_in                          0x20000a14   Data          16  fc50.o(.bss)
    fc50N_obj1_L1_out                        0x20000a24   Data          12  fc50n.o(.bss)
    fc50N_obj1_L2_out                        0x20000a30   Data          12  fc50n.o(.bss)
    fc50N_obj1_L3_out                        0x20000a3c   Data          12  fc50n.o(.bss)
    fc50N_obj1_L1_in                         0x20000a48   Data          16  fc50n.o(.bss)
    fc50N_obj1_L2_in                         0x20000a58   Data          16  fc50n.o(.bss)
    fc50N_obj1_L3_in                         0x20000a68   Data          16  fc50n.o(.bss)
    fc51_obj1_out_a                          0x20000a78   Data          12  fc51.o(.bss)
    fc51_obj1_out_b                          0x20000a84   Data          12  fc51.o(.bss)
    fc51_obj1_out_c                          0x20000a90   Data          12  fc51.o(.bss)
    fc51_obj1_in                             0x20000a9c   Data          20  fc51.o(.bss)
    fc51_obj2_in                             0x20000ab0   Data          20  fc51.o(.bss)
    fc51N_obj1_in                            0x20000ac4   Data          20  fc51n.o(.bss)
    fc51N_obj1_out                           0x20000ad8   Data          12  fc51n.o(.bss)
    fc27_obj1_L1_in                          0x20000ae4   Data          16  fc27.o(.bss)
    fc27_obj1_L2_in                          0x20000af4   Data          16  fc27.o(.bss)
    fc59_obj1_L1_in                          0x20000b04   Data          12  fc59.o(.bss)
    fc59_obj1_L2_in                          0x20000b10   Data          12  fc59.o(.bss)
    fc46d_obj1_L1_in                         0x20000b1c   Data          16  fc46.o(.bss)
    fc46i_obj1_L1_in                         0x20000b2c   Data          20  fc46.o(.bss)
    fc46d_obj1_L1_out                        0x20000b40   Data          12  fc46.o(.bss)
    fc46i_obj1_L1_out                        0x20000b4c   Data          12  fc46.o(.bss)
    fc49_obj1_therm                          0x20000b58   Data          20  fc49.o(.bss)
    fc49_obj2_therm                          0x20000b6c   Data          20  fc49.o(.bss)
    fc49_obj1_L1_in                          0x20000b80   Data          16  fc49.o(.bss)
    fc49_obj1_L2_in                          0x20000b90   Data          16  fc49.o(.bss)
    fc49_obj2_L1_in                          0x20000ba0   Data          16  fc49.o(.bss)
    fc49_obj2_L2_in                          0x20000bb0   Data          16  fc49.o(.bss)
    fcBF_out                                 0x20000bc0   Data          12  fcbf.o(.bss)
    fcBF_in                                  0x20000bcc   Data          24  fcbf.o(.bss)
    fc37_obj1_L1_in                          0x20000be4   Data          16  fc37.o(.bss)
    fc37_obj2_L1_in                          0x20000bf4   Data          16  fc37.o(.bss)
    fcUNBd_obj1_L1_out_a                     0x20000c04   Data          16  fcunb.o(.bss)
    fcUNBd_obj1_L1_out_b                     0x20000c14   Data          16  fcunb.o(.bss)
    fcUNBi_obj1_L1_out_a                     0x20000c24   Data          12  fcunb.o(.bss)
    fcUNBi_obj1_L1_out_b                     0x20000c30   Data          12  fcunb.o(.bss)
    fcUNBd_obj1_L1_in                        0x20000d04   Data          12  fcunb.o(.bss)
    pvp_in                                   0x20000d10   Data          12  fcpvp.o(.bss)
    pvp_in_back                              0x20000d1c   Data          12  fcpvp.o(.bss)
    pvp_out                                  0x20000d28   Data          12  fcpvp.o(.bss)
    pvp_out_back                             0x20000d34   Data          12  fcpvp.o(.bss)
    fcPVPi_obj1_L1_out_a                     0x20000d40   Data          12  fcpvp.o(.bss)
    fcPVPi_obj1_L1_out_b                     0x20000d4c   Data          12  fcpvp.o(.bss)
    fcPVPi_obj1_L1_out_c                     0x20000d58   Data          12  fcpvp.o(.bss)
    fcPVPd_obj1_L1_in                        0x20000fbc   Data          12  fcpvp.o(.bss)
    fcPVPi_obj1_L1_in                        0x20000fc8   Data          20  fcpvp.o(.bss)
    phase_cs_A                               0x20000fdc   Data          16  cs_handles.o(.bss)
    phase_cs_B                               0x20000fec   Data          16  cs_handles.o(.bss)
    phase_cs_C                               0x20000ffc   Data          16  cs_handles.o(.bss)
    phase_cs_A_out                           0x2000100c   Data          44  cs_handles.o(.bss)
    phase_cs_B_out                           0x20001038   Data          44  cs_handles.o(.bss)
    phase_cs_C_out                           0x20001064   Data          44  cs_handles.o(.bss)
    sym                                      0x20001090   Data          24  cs_handles.o(.bss)
    sym_hist                                 0x200010a8   Data          24  cs_handles.o(.bss)
    mag_sym                                  0x200010c0   Data          24  cs_handles.o(.bss)
    c_buffer                                 0x200010d8   Data        2400  cs_handles.o(.bss)
    s_buffer                                 0x20001a38   Data        2400  cs_handles.o(.bss)
    fRMS                                     0x20002398   Data          60  cs_handles.o(.bss)
    tRMS                                     0x200023d4   Data          60  truerms.o(.bss)
    backRMS                                  0x20002410   Data          60  truerms.o(.bss)
    bufferRMS                                0x2000244c   Data        2400  truerms.o(.bss)
    spect_Ia                                 0x20002dac   Data         356  spectra.o(.bss)
    spect_Ib                                 0x20002f10   Data         356  spectra.o(.bss)
    spect_Ic                                 0x20003074   Data         356  spectra.o(.bss)
    thd                                      0x200031d8   Data          12  spectra.o(.bss)
    rawAdc                                   0x200031e4   Data          60  conversion.o(.bss)
    fAdc                                     0x20003220   Data          60  conversion.o(.bss)
    offset                                   0x2000325c   Data          60  conversion.o(.bss)
    scale                                    0x20003298   Data          60  conversion.o(.bss)
    Sys                                      0x200034c0   Data          16  powersysdata.o(.bss)
    __initial_sp                             0x200038d0   Data           0  startup_stm32f767xx.o(STACK)



==============================================================================

Memory Map of the image

  Image Entry point : 0x080001f9

  Load Region LR_IROM1 (Base: 0x08000000, Size: 0x00007930, Max: 0x00200000, ABSOLUTE, COMPRESSED[0x0000760c])

    Execution Region ER_IROM1 (Base: 0x08000000, Size: 0x00007438, Max: 0x00200000, ABSOLUTE)

    Base Addr    Size         Type   Attr      Idx    E Section Name        Object

    0x08000000   0x000001f8   Data   RO          837    RESET               startup_stm32f767xx.o
    0x080001f8   0x00000000   Code   RO         5314  * .ARM.Collect$$$$00000000  mc_w.l(entry.o)
    0x080001f8   0x00000004   Code   RO         5365    .ARM.Collect$$$$00000001  mc_w.l(entry2.o)
    0x080001fc   0x00000004   Code   RO         5368    .ARM.Collect$$$$00000004  mc_w.l(entry5.o)
    0x08000200   0x00000000   Code   RO         5370    .ARM.Collect$$$$00000008  mc_w.l(entry7b.o)
    0x08000200   0x00000000   Code   RO         5372    .ARM.Collect$$$$0000000A  mc_w.l(entry8b.o)
    0x08000200   0x00000008   Code   RO         5373    .ARM.Collect$$$$0000000B  mc_w.l(entry9a.o)
    0x08000208   0x00000000   Code   RO         5375    .ARM.Collect$$$$0000000D  mc_w.l(entry10a.o)
    0x08000208   0x00000000   Code   RO         5377    .ARM.Collect$$$$0000000F  mc_w.l(entry11a.o)
    0x08000208   0x00000004   Code   RO         5366    .ARM.Collect$$$$00002712  mc_w.l(entry2.o)
    0x0800020c   0x00000024   Code   RO          838    .text               startup_stm32f767xx.o
    0x08000230   0x00000000   Code   RO         5386    .text               mc_w.l(iusefp.o)
    0x08000230   0x00000004   Code   RO         5387    .text               mf_w.l(fpstat.o)
    0x08000234   0x00000024   Code   RO         5399    .text               mc_w.l(init.o)
    0x08000258   0x0000005e   Code   RO         5409    .text               mc_w.l(__dclz77c.o)
    0x080002b6   0x00000060   Code   RO         2039    i.ADC_MultiModeDMAConvCplt  stm32f7xx_hal_adc_ex.o
    0x08000316   0x00000012   Code   RO         2040    i.ADC_MultiModeDMAError  stm32f7xx_hal_adc_ex.o
    0x08000328   0x00000006   Code   RO         2041    i.ADC_MultiModeDMAHalfConvCplt  stm32f7xx_hal_adc_ex.o
    0x0800032e   0x00000002   Code   RO          394    i.BusFault_Handler  stm32f7xx_it.o
    0x08000330   0x0000000c   Code   RO          395    i.DMA2_Stream0_IRQHandler  stm32f7xx_it.o
    0x0800033c   0x0000000c   Code   RO          396    i.DMA2_Stream1_IRQHandler  stm32f7xx_it.o
    0x08000348   0x0000000c   Code   RO          397    i.DMA2_Stream2_IRQHandler  stm32f7xx_it.o
    0x08000354   0x00000002   Code   RO          398    i.DebugMon_Handler  stm32f7xx_it.o
    0x08000356   0x00000002   PAD
    0x08000358   0x00000078   Code   RO         2050    i.HAL_ADCEx_MultiModeConfigChannel  stm32f7xx_hal_adc_ex.o
    0x080003d0   0x00000168   Code   RO         2052    i.HAL_ADCEx_MultiModeStart_DMA  stm32f7xx_hal_adc_ex.o
    0x08000538   0x000001cc   Code   RO          849    i.HAL_ADC_ConfigChannel  stm32f7xx_hal_adc.o
    0x08000704   0x000001d8   Code   RO         5086    i.HAL_ADC_ConvCpltCallback  conversion.o
    0x080008dc   0x00000002   Code   RO          851    i.HAL_ADC_ConvHalfCpltCallback  stm32f7xx_hal_adc.o
    0x080008de   0x00000002   Code   RO          853    i.HAL_ADC_ErrorCallback  stm32f7xx_hal_adc.o
    0x080008e0   0x0000017c   Code   RO          858    i.HAL_ADC_Init      stm32f7xx_hal_adc.o
    0x08000a5c   0x0000019c   Code   RO          495    i.HAL_ADC_MspInit   adc.o
    0x08000bf8   0x00000110   Code   RO          864    i.HAL_ADC_Start     stm32f7xx_hal_adc.o
    0x08000d08   0x000001dc   Code   RO         2741    i.HAL_DMA_IRQHandler  stm32f7xx_hal_dma.o
    0x08000ee4   0x0000016c   Code   RO         2742    i.HAL_DMA_Init      stm32f7xx_hal_dma.o
    0x08001050   0x0000009c   Code   RO         2746    i.HAL_DMA_Start_IT  stm32f7xx_hal_dma.o
    0x080010ec   0x00000250   Code   RO         1372    i.HAL_GPIO_Init     stm32f7xx_hal_gpio.o
    0x0800133c   0x0000000a   Code   RO         1376    i.HAL_GPIO_WritePin  stm32f7xx_hal_gpio.o
    0x08001346   0x00000002   PAD
    0x08001348   0x0000000c   Code   RO         2564    i.HAL_GetTick       stm32f7xx_hal.o
    0x08001354   0x00000010   Code   RO         2568    i.HAL_IncTick       stm32f7xx_hal.o
    0x08001364   0x00000016   Code   RO         2569    i.HAL_Init          stm32f7xx_hal.o
    0x0800137a   0x00000002   PAD
    0x0800137c   0x00000028   Code   RO         2570    i.HAL_InitTick      stm32f7xx_hal.o
    0x080013a4   0x00000058   Code   RO          328    i.HAL_MspInit       stm32f7xx_hal_msp.o
    0x080013fc   0x00000018   Code   RO         1244    i.HAL_NVIC_EnableIRQ  stm32f7xx_hal_cortex.o
    0x08001414   0x00000060   Code   RO         1250    i.HAL_NVIC_SetPriority  stm32f7xx_hal_cortex.o
    0x08001474   0x00000024   Code   RO         1251    i.HAL_NVIC_SetPriorityGrouping  stm32f7xx_hal_cortex.o
    0x08001498   0x0000007c   Code   RO         2461    i.HAL_PWREx_EnableOverDrive  stm32f7xx_hal_pwr_ex.o
    0x08001514   0x000000cc   Code   RO         3950    i.HAL_QSPI_Init     stm32f7xx_hal_qspi.o
    0x080015e0   0x00000088   Code   RO          215    i.HAL_QSPI_MspInit  quadspi.o
    0x08001668   0x000005dc   Code   RO         2949    i.HAL_RCCEx_PeriphCLKConfig  stm32f7xx_hal_rcc_ex.o
    0x08001c44   0x000001a8   Code   RO         3487    i.HAL_RCC_ClockConfig  stm32f7xx_hal_rcc.o
    0x08001dec   0x0000000c   Code   RO         3492    i.HAL_RCC_GetHCLKFreq  stm32f7xx_hal_rcc.o
    0x08001df8   0x00000020   Code   RO         3494    i.HAL_RCC_GetPCLK1Freq  stm32f7xx_hal_rcc.o
    0x08001e18   0x00000020   Code   RO         3495    i.HAL_RCC_GetPCLK2Freq  stm32f7xx_hal_rcc.o
    0x08001e38   0x00000070   Code   RO         3496    i.HAL_RCC_GetSysClockFreq  stm32f7xx_hal_rcc.o
    0x08001ea8   0x000003c0   Code   RO         3499    i.HAL_RCC_OscConfig  stm32f7xx_hal_rcc.o
    0x08002268   0x000000ca   Code   RO         1018    i.HAL_RTC_Init      stm32f7xx_hal_rtc.o
    0x08002332   0x00000002   PAD
    0x08002334   0x00000020   Code   RO          173    i.HAL_RTC_MspInit   rtc.o
    0x08002354   0x000000d2   Code   RO         2155    i.HAL_SPI_Init      stm32f7xx_hal_spi.o
    0x08002426   0x00000002   PAD
    0x08002428   0x00000054   Code   RO          287    i.HAL_SPI_MspInit   spi.o
    0x0800247c   0x00000016   Code   RO         1253    i.HAL_SYSTICK_CLKSourceConfig  stm32f7xx_hal_cortex.o
    0x08002492   0x00000002   Code   RO         1254    i.HAL_SYSTICK_Callback  stm32f7xx_hal_cortex.o
    0x08002494   0x00000028   Code   RO         1255    i.HAL_SYSTICK_Config  stm32f7xx_hal_cortex.o
    0x080024bc   0x00000008   Code   RO         1256    i.HAL_SYSTICK_IRQHandler  stm32f7xx_hal_cortex.o
    0x080024c4   0x00000002   Code   RO         3623    i.HAL_TIMEx_BreakCallback  stm32f7xx_hal_tim_ex.o
    0x080024c6   0x00000002   Code   RO         3624    i.HAL_TIMEx_CommutationCallback  stm32f7xx_hal_tim_ex.o
    0x080024c8   0x0000005e   Code   RO         3642    i.HAL_TIMEx_MasterConfigSynchronization  stm32f7xx_hal_tim_ex.o
    0x08002526   0x00000036   Code   RO         1437    i.HAL_TIM_Base_Init  stm32f7xx_hal_tim.o
    0x0800255c   0x0000005c   Code   RO            5    i.HAL_TIM_Base_MspInit  tim.o
    0x080025b8   0x00000018   Code   RO         1442    i.HAL_TIM_Base_Start_IT  stm32f7xx_hal_tim.o
    0x080025d0   0x000001d4   Code   RO         1446    i.HAL_TIM_ConfigClockSource  stm32f7xx_hal_tim.o
    0x080027a4   0x00000002   Code   RO         1466    i.HAL_TIM_IC_CaptureCallback  stm32f7xx_hal_tim.o
    0x080027a6   0x00000184   Code   RO         1479    i.HAL_TIM_IRQHandler  stm32f7xx_hal_tim.o
    0x0800292a   0x00000002   Code   RO         1482    i.HAL_TIM_OC_DelayElapsedCallback  stm32f7xx_hal_tim.o
    0x0800292c   0x00000002   Code   RO         1509    i.HAL_TIM_PWM_PulseFinishedCallback  stm32f7xx_hal_tim.o
    0x0800292e   0x00000002   Code   RO         1516    i.HAL_TIM_PeriodElapsedCallback  stm32f7xx_hal_tim.o
    0x08002930   0x00000002   Code   RO         1520    i.HAL_TIM_TriggerCallback  stm32f7xx_hal_tim.o
    0x08002932   0x0000006e   Code   RO         3242    i.HAL_UART_Init     stm32f7xx_hal_uart.o
    0x080029a0   0x00000054   Code   RO          353    i.HAL_UART_MspInit  usart.o
    0x080029f4   0x00000002   Code   RO          399    i.HardFault_Handler  stm32f7xx_it.o
    0x080029f6   0x00000002   PAD
    0x080029f8   0x000000f8   Code   RO          496    i.MX_ADC1_Init      adc.o
    0x08002af0   0x000000d0   Code   RO          497    i.MX_ADC2_Init      adc.o
    0x08002bc0   0x000000d0   Code   RO          498    i.MX_ADC3_Init      adc.o
    0x08002c90   0x0000002c   Code   RO          259    i.MX_DMA_Init       dma.o
    0x08002cbc   0x0000022c   Code   RO          610    i.MX_GPIO_Init      gpio.o
    0x08002ee8   0x00000054   Code   RO          216    i.MX_QUADSPI_Init   quadspi.o
    0x08002f3c   0x0000004c   Code   RO          174    i.MX_RTC_Init       rtc.o
    0x08002f88   0x00000058   Code   RO          288    i.MX_SPI2_Init      spi.o
    0x08002fe0   0x00000080   Code   RO            6    i.MX_TIM1_Init      tim.o
    0x08003060   0x00000060   Code   RO            7    i.MX_TIM6_Init      tim.o
    0x080030c0   0x00000054   Code   RO          354    i.MX_USART2_UART_Init  usart.o
    0x08003114   0x00000002   Code   RO          400    i.MemManage_Handler  stm32f7xx_it.o
    0x08003116   0x00000002   Code   RO          401    i.NMI_Handler       stm32f7xx_it.o
    0x08003118   0x00000002   Code   RO          402    i.PendSV_Handler    stm32f7xx_it.o
    0x0800311a   0x00000058   Code   RO         3975    i.QSPI_WaitFlagStateUntilTimeout  stm32f7xx_hal_qspi.o
    0x08003172   0x00000002   Code   RO          403    i.SVC_Handler       stm32f7xx_it.o
    0x08003174   0x0000000e   Code   RO          404    i.SysTick_Handler   stm32f7xx_it.o
    0x08003182   0x00000002   PAD
    0x08003184   0x000000c4   Code   RO          548    i.SystemClock_Config  main.o
    0x08003248   0x00000060   Code   RO         4621    i.SystemInit        system_stm32f7xx.o
    0x080032a8   0x0000000c   Code   RO          405    i.TIM1_UP_TIM10_IRQHandler  stm32f7xx_it.o
    0x080032b4   0x000000c8   Code   RO         1521    i.TIM_Base_SetConfig  stm32f7xx_hal_tim.o
    0x0800337c   0x000000da   Code   RO         3255    i.UART_AdvFeatureConfig  stm32f7xx_hal_uart.o
    0x08003456   0x00000044   Code   RO         3256    i.UART_CheckIdleState  stm32f7xx_hal_uart.o
    0x0800349a   0x00000002   PAD
    0x0800349c   0x000002bc   Code   RO         3263    i.UART_SetConfig    stm32f7xx_hal_uart.o
    0x08003758   0x00000076   Code   RO         3264    i.UART_WaitOnFlagUntilTimeout  stm32f7xx_hal_uart.o
    0x080037ce   0x00000002   Code   RO          406    i.UsageFault_Handler  stm32f7xx_it.o
    0x080037d0   0x00000002   Code   RO          549    i._Error_Handler    main.o
    0x080037d2   0x00000030   Code   RO         5395    i.__ARM_fpclassify  m_wv.l(fpclassify.o)
    0x08003802   0x00000026   Code   RO         5338    i.__ARM_fpclassifyf  m_wv.l(fpclassifyf.o)
    0x08003828   0x00000258   Code   RO         5264    i.__hardfp_atan2f   m_wv.l(atan2f.o)
    0x08003a80   0x00000658   Code   RO         5276    i.__hardfp_powf     m_wv.l(powf.o)
    0x080040d8   0x000000b0   Code   RO         5290    i.__hardfp_sin      m_wv.l(sin.o)
    0x08004188   0x0000003a   Code   RO         5302    i.__hardfp_sqrtf    m_wv.l(sqrtf.o)
    0x080041c2   0x00000006   PAD
    0x080041c8   0x00000310   Code   RO         5354    i.__ieee754_rem_pio2  m_wv.l(rred.o)
    0x080044d8   0x000000e0   Code   RO         5321    i.__kernel_cos      m_wv.l(cos_i.o)
    0x080045b8   0x00000070   Code   RO         5397    i.__kernel_poly     m_wv.l(poly.o)
    0x08004628   0x000000a8   Code   RO         5359    i.__kernel_sin      m_wv.l(sin_i.o)
    0x080046d0   0x00000018   Code   RO         5327    i.__mathlib_dbl_invalid  m_wv.l(dunder.o)
    0x080046e8   0x00000018   Code   RO         5330    i.__mathlib_dbl_underflow  m_wv.l(dunder.o)
    0x08004700   0x00000018   Code   RO         5340    i.__mathlib_flt_divzero  m_wv.l(funder.o)
    0x08004718   0x00000006   Code   RO         5342    i.__mathlib_flt_infnan2  m_wv.l(funder.o)
    0x0800471e   0x00000002   PAD
    0x08004720   0x00000010   Code   RO         5343    i.__mathlib_flt_invalid  m_wv.l(funder.o)
    0x08004730   0x00000010   Code   RO         5344    i.__mathlib_flt_overflow  m_wv.l(funder.o)
    0x08004740   0x00000010   Code   RO         5346    i.__mathlib_flt_underflow  m_wv.l(funder.o)
    0x08004750   0x0000000e   Code   RO         5403    i.__scatterload_copy  mc_w.l(handlers.o)
    0x0800475e   0x00000002   Code   RO         5404    i.__scatterload_null  mc_w.l(handlers.o)
    0x08004760   0x0000000e   Code   RO         5405    i.__scatterload_zeroinit  mc_w.l(handlers.o)
    0x0800476e   0x00000002   PAD
    0x08004770   0x0000000c   Code   RO         5381    i.__set_errno       mc_w.l(errno.o)
    0x0800477c   0x00000134   Code   RO          631    i.cs_computations   measurement_functions.o
    0x080048b0   0x000000b2   Code   RO          632    i.cs_generation     measurement_functions.o
    0x08004962   0x00000002   PAD
    0x08004964   0x000000b8   Code   RO         4985    i.cs_handle_tick1   cs_handles.o
    0x08004a1c   0x000000c4   Code   RO         4986    i.cs_handle_tick2   cs_handles.o
    0x08004ae0   0x000000c4   Code   RO         4987    i.cs_handle_tick3   cs_handles.o
    0x08004ba4   0x00000248   Code   RO         4988    i.cs_handle_tick4   cs_handles.o
    0x08004dec   0x00000018   Code   RO         5391    i.fabs              m_wv.l(fabs.o)
    0x08004e04   0x00000098   Code   RO          719    i.fc27              protection_functions.o
    0x08004e9c   0x000000dc   Code   RO         4770    i.fc27_all          fc27.o
    0x08004f78   0x0000001c   Code   RO         4771    i.fc27_init         fc27.o
    0x08004f94   0x00000090   Code   RO          720    i.fc37              protection_functions.o
    0x08005024   0x000000e4   Code   RO         4902    i.fc37_all          fc37.o
    0x08005108   0x00000002   Code   RO         4903    i.fc37_init         fc37.o
    0x0800510a   0x00000002   PAD
    0x0800510c   0x00000070   Code   RO         4827    i.fc46_all          fc46.o
    0x0800517c   0x00000060   Code   RO         4828    i.fc46_init         fc46.o
    0x080051dc   0x00000128   Code   RO          721    i.fc46d             protection_functions.o
    0x08005304   0x0000011c   Code   RO          722    i.fc46i             protection_functions.o
    0x08005420   0x00000044   Code   RO          723    i.fc49              protection_functions.o
    0x08005464   0x000001e8   Code   RO         4849    i.fc49_all          fc49.o
    0x0800564c   0x00000058   Code   RO         4850    i.fc49_init         fc49.o
    0x080056a4   0x00000100   Code   RO          724    i.fc50              protection_functions.o
    0x080057a4   0x00000084   Code   RO         4701    i.fc50N_all         fc50n.o
    0x08005828   0x00000020   Code   RO         4702    i.fc50N_init        fc50n.o
    0x08005848   0x00000300   Code   RO         4672    i.fc50_all          fc50.o
    0x08005b48   0x00000030   Code   RO         4673    i.fc50_init         fc50.o
    0x08005b78   0x000000f0   Code   RO          725    i.fc51              protection_functions.o
    0x08005c68   0x00000050   Code   RO         4748    i.fc51N_all         fc51n.o
    0x08005cb8   0x00000058   Code   RO         4749    i.fc51N_init        fc51n.o
    0x08005d10   0x00000134   Code   RO         4723    i.fc51_all          fc51.o
    0x08005e44   0x00000058   Code   RO         4724    i.fc51_init         fc51.o
    0x08005e9c   0x0000008c   Code   RO          726    i.fc59              protection_functions.o
    0x08005f28   0x00000110   Code   RO         4804    i.fc59_all          fc59.o
    0x08006038   0x0000001c   Code   RO         4805    i.fc59_init         fc59.o
    0x08006054   0x0000011c   Code   RO          727    i.fcBF              protection_functions.o
    0x08006170   0x0000005c   Code   RO         4880    i.fcBF_all          fcbf.o
    0x080061cc   0x00000038   Code   RO         4881    i.fcBF_init         fcbf.o
    0x08006204   0x0000019c   Code   RO         4956    i.fcPVP_all         fcpvp.o
    0x080063a0   0x00000064   Code   RO         4957    i.fcPVP_init        fcpvp.o
    0x08006404   0x00000070   Code   RO          728    i.fcPVPd            protection_functions.o
    0x08006474   0x000000e0   Code   RO          729    i.fcPVPi            protection_functions.o
    0x08006554   0x00000148   Code   RO         4924    i.fcUNB_all         fcunb.o
    0x0800669c   0x00000034   Code   RO         4925    i.fcUNB_init        fcunb.o
    0x080066d0   0x00000114   Code   RO         4926    i.fcUNB_initial_dt  fcunb.o
    0x080067e4   0x00000070   Code   RO          730    i.fcUNBd            protection_functions.o
    0x08006854   0x000000e4   Code   RO          731    i.fcUNBi            protection_functions.o
    0x08006938   0x0000000e   Code   RO         5148    i.ftick1            tickfunctions.o
    0x08006946   0x00000004   Code   RO         5149    i.ftick10           tickfunctions.o
    0x0800694a   0x0000000e   Code   RO         5150    i.ftick2            tickfunctions.o
    0x08006958   0x0000000e   Code   RO         5151    i.ftick3            tickfunctions.o
    0x08006966   0x00000004   Code   RO         5152    i.ftick4            tickfunctions.o
    0x0800696a   0x00000002   Code   RO         5153    i.ftick5            tickfunctions.o
    0x0800696c   0x00000002   Code   RO         5154    i.ftick6            tickfunctions.o
    0x0800696e   0x00000022   Code   RO         5155    i.ftick7            tickfunctions.o
    0x08006990   0x0000001a   Code   RO         5156    i.ftick8            tickfunctions.o
    0x080069aa   0x00000002   Code   RO         5157    i.ftick9            tickfunctions.o
    0x080069ac   0x00000036   Code   RO         5121    i.initFunctions     initfunctions.o
    0x080069e2   0x00000002   PAD
    0x080069e4   0x000000a0   Code   RO          550    i.main              main.o
    0x08006a84   0x0000002c   Code   RO          736    i.on_off_delay      protection_functions.o
    0x08006ab0   0x000000ac   Code   RO          633    i.peak_detect_rms   measurement_functions.o
    0x08006b5c   0x0000008a   Code   RO          634    i.prefilter         measurement_functions.o
    0x08006be6   0x00000072   Code   RO          635    i.pvp_filter        measurement_functions.o
    0x08006c58   0x000000a4   Code   RO          637    i.signal_spectra    measurement_functions.o
    0x08006cfc   0x0000003c   Code   RO         5049    i.spectra_tick1     spectra.o
    0x08006d38   0x0000003c   Code   RO         5050    i.spectra_tick2     spectra.o
    0x08006d74   0x0000003c   Code   RO         5051    i.spectra_tick3     spectra.o
    0x08006db0   0x00000088   Code   RO          639    i.sym_comp          measurement_functions.o
    0x08006e38   0x0000018c   Code   RO          640    i.sym_mag           measurement_functions.o
    0x08006fc4   0x00000050   Code   RO          641    i.thermal_status    measurement_functions.o
    0x08007014   0x00000024   Code   RO         5158    i.tickFunctions     tickfunctions.o
    0x08007038   0x00000068   Code   RO          642    i.true_rms          measurement_functions.o
    0x080070a0   0x00000008   Data   RO         2748    .constdata          stm32f7xx_hal_dma.o
    0x080070a8   0x00000010   Data   RO         4622    .constdata          system_stm32f7xx.o
    0x080070b8   0x00000008   Data   RO         4623    .constdata          system_stm32f7xx.o
    0x080070c0   0x00000010   Data   RO         4675    .constdata          fc50.o
    0x080070d0   0x00000010   Data   RO         4704    .constdata          fc50n.o
    0x080070e0   0x00000014   Data   RO         4729    .constdata          fc51.o
    0x080070f4   0x00000014   Data   RO         4751    .constdata          fc51n.o
    0x08007108   0x00000010   Data   RO         4773    .constdata          fc27.o
    0x08007118   0x0000000c   Data   RO         4807    .constdata          fc59.o
    0x08007124   0x00000024   Data   RO         4830    .constdata          fc46.o
    0x08007148   0x00000024   Data   RO         4852    .constdata          fc49.o
    0x0800716c   0x00000018   Data   RO         4883    .constdata          fcbf.o
    0x08007184   0x00000014   Data   RO         4928    .constdata          fcunb.o
    0x08007198   0x00000020   Data   RO         4959    .constdata          fcpvp.o
    0x080071b8   0x00000140   Data   RO         5279    .constdata          m_wv.l(powf.o)
    0x080072f8   0x00000030   Data   RO         5322    .constdata          m_wv.l(cos_i.o)
    0x08007328   0x000000c8   Data   RO         5356    .constdata          m_wv.l(rred.o)
    0x080073f0   0x00000028   Data   RO         5360    .constdata          m_wv.l(sin_i.o)
    0x08007418   0x00000020   Data   RO         5401    Region$$Table       anon$$obj.o


    Execution Region RW_IRAM1 (Base: 0x20000000, Size: 0x000038d0, Max: 0x00080000, ABSOLUTE, COMPRESSED[0x000001d4])

    Base Addr    Size         Type   Attr      Idx    E Section Name        Object

    0x20000000   0x00000004   Data   RW         2575    .data               stm32f7xx_hal.o
    0x20000004   0x00000004   Data   RW         4624    .data               system_stm32f7xx.o
    0x20000008   0x00000084   Data   RW         4655    .data               init_protection.o
    0x2000008c   0x00000004   Data   RW         4656    .data               init_protection.o
    0x20000090   0x00000004   Data   RW         4657    .data               init_protection.o
    0x20000094   0x00000004   Data   RW         4658    .data               init_protection.o
    0x20000098   0x00000001   Data   RW         4659    .data               init_protection.o
    0x20000099   0x00000003   PAD
    0x2000009c   0x00000018   Data   RW         4774    .data               fc27.o
    0x200000b4   0x00000030   Data   RW         4808    .data               fc59.o
    0x200000e4   0x00000028   Data   RW         4853    .data               fc49.o
    0x2000010c   0x00000030   Data   RW         4905    .data               fc37.o
    0x2000013c   0x00000010   Data   RW         4929    .data               fcunb.o
    0x2000014c   0x0000001c   Data   RW         4960    .data               fcpvp.o
    0x20000168   0x000001c0   Data   RW         4990    .data               cs_handles.o
    0x20000328   0x0000019c   Data   RW         5054    .data               spectra.o
    0x200004c4   0x00000001   Data   RW         5089    .data               conversion.o
    0x200004c5   0x00000003   PAD
    0x200004c8   0x0000002c   Data   RW         5159    .data               tickfunctions.o
    0x200004f4   0x00000004   Data   RW         5382    .data               mc_w.l(errno.o)
    0x200004f8   0x00000080   Zero   RW            8    .bss                tim.o
    0x20000578   0x00000020   Zero   RW          175    .bss                rtc.o
    0x20000598   0x0000004c   Zero   RW          217    .bss                quadspi.o
    0x200005e4   0x00000064   Zero   RW          289    .bss                spi.o
    0x20000648   0x00000070   Zero   RW          355    .bss                usart.o
    0x200006b8   0x000001f8   Zero   RW          499    .bss                adc.o
    0x200008b0   0x0000003c   Zero   RW          551    .bss                main.o
    0x200008ec   0x00000138   Zero   RW         4674    .bss                fc50.o
    0x20000a24   0x00000054   Zero   RW         4703    .bss                fc50n.o
    0x20000a78   0x0000004c   Zero   RW         4725    .bss                fc51.o
    0x20000ac4   0x00000020   Zero   RW         4750    .bss                fc51n.o
    0x20000ae4   0x00000020   Zero   RW         4772    .bss                fc27.o
    0x20000b04   0x00000018   Zero   RW         4806    .bss                fc59.o
    0x20000b1c   0x0000003c   Zero   RW         4829    .bss                fc46.o
    0x20000b58   0x00000068   Zero   RW         4851    .bss                fc49.o
    0x20000bc0   0x00000024   Zero   RW         4882    .bss                fcbf.o
    0x20000be4   0x00000020   Zero   RW         4904    .bss                fc37.o
    0x20000c04   0x0000010c   Zero   RW         4927    .bss                fcunb.o
    0x20000d10   0x000002cc   Zero   RW         4958    .bss                fcpvp.o
    0x20000fdc   0x000013f8   Zero   RW         4989    .bss                cs_handles.o
    0x200023d4   0x000009d8   Zero   RW         5030    .bss                truerms.o
    0x20002dac   0x00000438   Zero   RW         5053    .bss                spectra.o
    0x200031e4   0x000002dc   Zero   RW         5088    .bss                conversion.o
    0x200034c0   0x00000010   Zero   RW         5136    .bss                powersysdata.o
    0x200034d0   0x00000400   Zero   RW          835    STACK               startup_stm32f767xx.o


==============================================================================

Image component sizes


      Code (inc. data)   RO Data    RW Data    ZI Data      Debug   Object Name

      1076        136          0          0        504       3777   adc.o
       472          8          0          1        732       5275   conversion.o
      1160         94          0        448       5112       7512   cs_handles.o
        44          4          0          0          0        770   dma.o
       248         48         16         24         32       2435   fc27.o
       230         36          0         48         32       1647   fc37.o
       208         38         36          0         60       1519   fc46.o
       576         34         36         40        104       2405   fc49.o
       816         88         16          0        312       5619   fc50.o
       164         32         16          0         84       1512   fc50n.o
       396         42         20          0         76       1791   fc51.o
       168         42         20          0         32       1320   fc51n.o
       300         56         12         48         24       1699   fc59.o
       148         26         24          0         36       1290   fcbf.o
       512         40         32         28        716       2093   fcpvp.o
       656         94         20         16        268       2517   fcunb.o
       556         34          0          0          0       1235   gpio.o
         0          0          0        145          0       4266   init_protection.o
        54          0          0          0          0        528   initfunctions.o
       358         36          0          0         60       2777   main.o
      1790         58          0          0          0      10675   measurement_functions.o
         0          0          0          0         16        726   powersysdata.o
      2584        148          0          0          0      15661   protection_functions.o
       220         48          0          0         76       1745   quadspi.o
       108         30          0          0         32       1467   rtc.o
       180         42          0        412       1080       2257   spectra.o
       172         36          0          0        100       1673   spi.o
        36          8        504          0       1024        812   startup_stm32f767xx.o
        90         18          0          4          0       3251   stm32f7xx_hal.o
      1116         42          0          0          0       4818   stm32f7xx_hal_adc.o
       600         34          0          0          0       4338   stm32f7xx_hal_adc_ex.o
       228         14          0          0          0      36717   stm32f7xx_hal_cortex.o
       996         26          8          0          0       4491   stm32f7xx_hal_dma.o
       602         20          0          0          0       2512   stm32f7xx_hal_gpio.o
        88          0          0          0          0        534   stm32f7xx_hal_msp.o
       124          8          0          0          0       1272   stm32f7xx_hal_pwr_ex.o
       292          4          0          0          0       2904   stm32f7xx_hal_qspi.o
      1572        112          0          0          0       5854   stm32f7xx_hal_rcc.o
      1500         36          0          0          0       2328   stm32f7xx_hal_rcc_ex.o
       202          0          0          0          0       1605   stm32f7xx_hal_rtc.o
       210          0          0          0          0       1740   stm32f7xx_hal_spi.o
      1144         20          0          0          0       9915   stm32f7xx_hal_tim.o
        98          0          0          0          0       2790   stm32f7xx_hal_tim_ex.o
      1214         38          0          0          0       5247   stm32f7xx_hal_uart.o
        78         24          0          0          0       6107   stm32f7xx_it.o
        96         20         24          4          0       1255   system_stm32f7xx.o
       152          6          0         44          0       5672   tickfunctions.o
       316         60          0          0        128     902123   tim.o
         0          0          0          0       2520       4360   truerms.o
       168         36          0          0        112       1698   usart.o

    ----------------------------------------------------------------------
     24140       1776        816       1268      13272    1098534   Object Totals
         0          0         32          0          0          0   (incl. Generated)
        22          0          0          6          0          0   (incl. Padding)

    ----------------------------------------------------------------------

      Code (inc. data)   RO Data    RW Data    ZI Data      Debug   Library Member Name

       600         98          0          0          0        184   atan2f.o
       224         42         48          0          0        184   cos_i.o
        48         28          0          0          0        232   dunder.o
        24          0          0          0          0        124   fabs.o
        48          0          0          0          0        124   fpclassify.o
        38          0          0          0          0        116   fpclassifyf.o
        78         28          0          0          0        580   funder.o
       112          0          0          0          0        116   poly.o
      1624        130        320          0          0        400   powf.o
       784        138        200          0          0        172   rred.o
       176         18          0          0          0        160   sin.o
       168         24         40          0          0        196   sin_i.o
        58          0          0          0          0        136   sqrtf.o
        94          0          0          0          0          0   __dclz77c.o
         0          0          0          0          0          0   entry.o
         0          0          0          0          0          0   entry10a.o
         0          0          0          0          0          0   entry11a.o
         8          4          0          0          0          0   entry2.o
         4          0          0          0          0          0   entry5.o
         0          0          0          0          0          0   entry7b.o
         0          0          0          0          0          0   entry8b.o
         8          4          0          0          0          0   entry9a.o
        12          6          0          4          0         68   errno.o
        30          0          0          0          0          0   handlers.o
        36          8          0          0          0         68   init.o
         0          0          0          0          0          0   iusefp.o
         4          0          0          0          0         68   fpstat.o

    ----------------------------------------------------------------------
      4188        528        608          4          0       2928   Library Totals
        10          0          0          0          0          0   (incl. Padding)

    ----------------------------------------------------------------------

      Code (inc. data)   RO Data    RW Data    ZI Data      Debug   Library Name

      3982        506        608          0          0       2724   m_wv.l
       192         22          0          4          0        136   mc_w.l
         4          0          0          0          0         68   mf_w.l

    ----------------------------------------------------------------------
      4188        528        608          4          0       2928   Library Totals

    ----------------------------------------------------------------------

==============================================================================


      Code (inc. data)   RO Data    RW Data    ZI Data      Debug   

     28328       2304       1424       1272      13272    1085494   Grand Totals
     28328       2304       1424        468      13272    1085494   ELF Image Totals (compressed)
     28328       2304       1424        468          0          0   ROM Totals

==============================================================================

    Total RO  Size (Code + RO Data)                29752 (  29.05kB)
    Total RW  Size (RW Data + ZI Data)             14544 (  14.20kB)
    Total ROM Size (Code + RO Data + RW Data)      30220 (  29.51kB)

==============================================================================

