Component: ARM Compiler 5.06 update 3 (build 300) Tool: armlink [4d35c9]

==============================================================================

Section Cross References

    tim.o(i.HAL_TIM_Base_MspDeInit) refers to stm32f7xx_hal_cortex.o(i.HAL_NVIC_DisableIRQ) for HAL_NVIC_DisableIRQ
    tim.o(i.HAL_TIM_Base_MspInit) refers to stm32f7xx_hal_cortex.o(i.HAL_NVIC_SetPriority) for HAL_NVIC_SetPriority
    tim.o(i.HAL_TIM_Base_MspInit) refers to stm32f7xx_hal_cortex.o(i.HAL_NVIC_EnableIRQ) for HAL_NVIC_EnableIRQ
    tim.o(i.MX_TIM1_Init) refers to stm32f7xx_hal_tim.o(i.HAL_TIM_Base_Init) for HAL_TIM_Base_Init
    tim.o(i.MX_TIM1_Init) refers to main.o(i._Error_Handler) for _Error_Handler
    tim.o(i.MX_TIM1_Init) refers to stm32f7xx_hal_tim.o(i.HAL_TIM_ConfigClockSource) for HAL_TIM_ConfigClockSource
    tim.o(i.MX_TIM1_Init) refers to stm32f7xx_hal_tim_ex.o(i.HAL_TIMEx_MasterConfigSynchronization) for HAL_TIMEx_MasterConfigSynchronization
    tim.o(i.MX_TIM1_Init) refers to tim.o(.bss) for .bss
    tim.o(i.MX_TIM6_Init) refers to stm32f7xx_hal_tim.o(i.HAL_TIM_Base_Init) for HAL_TIM_Base_Init
    tim.o(i.MX_TIM6_Init) refers to main.o(i._Error_Handler) for _Error_Handler
    tim.o(i.MX_TIM6_Init) refers to stm32f7xx_hal_tim_ex.o(i.HAL_TIMEx_MasterConfigSynchronization) for HAL_TIMEx_MasterConfigSynchronization
    tim.o(i.MX_TIM6_Init) refers to tim.o(.bss) for .bss
    rtc.o(i.MX_RTC_Init) refers to stm32f7xx_hal_rtc.o(i.HAL_RTC_Init) for HAL_RTC_Init
    rtc.o(i.MX_RTC_Init) refers to main.o(i._Error_Handler) for _Error_Handler
    rtc.o(i.MX_RTC_Init) refers to rtc.o(.bss) for .bss
    quadspi.o(i.HAL_QSPI_MspDeInit) refers to stm32f7xx_hal_gpio.o(i.HAL_GPIO_DeInit) for HAL_GPIO_DeInit
    quadspi.o(i.HAL_QSPI_MspInit) refers to stm32f7xx_hal_gpio.o(i.HAL_GPIO_Init) for HAL_GPIO_Init
    quadspi.o(i.MX_QUADSPI_Init) refers to stm32f7xx_hal_qspi.o(i.HAL_QSPI_Init) for HAL_QSPI_Init
    quadspi.o(i.MX_QUADSPI_Init) refers to main.o(i._Error_Handler) for _Error_Handler
    quadspi.o(i.MX_QUADSPI_Init) refers to quadspi.o(.bss) for .bss
    dma.o(i.MX_DMA_Init) refers to stm32f7xx_hal_cortex.o(i.HAL_NVIC_SetPriority) for HAL_NVIC_SetPriority
    dma.o(i.MX_DMA_Init) refers to stm32f7xx_hal_cortex.o(i.HAL_NVIC_EnableIRQ) for HAL_NVIC_EnableIRQ
    stm32f7xx_hal_msp.o(i.HAL_MspInit) refers to stm32f7xx_hal_cortex.o(i.HAL_NVIC_SetPriorityGrouping) for HAL_NVIC_SetPriorityGrouping
    stm32f7xx_hal_msp.o(i.HAL_MspInit) refers to stm32f7xx_hal_cortex.o(i.HAL_NVIC_SetPriority) for HAL_NVIC_SetPriority
    stm32f7xx_it.o(i.DMA2_Stream0_IRQHandler) refers to stm32f7xx_hal_dma.o(i.HAL_DMA_IRQHandler) for HAL_DMA_IRQHandler
    stm32f7xx_it.o(i.DMA2_Stream0_IRQHandler) refers to adc.o(.bss) for hdma_adc1
    stm32f7xx_it.o(i.DMA2_Stream1_IRQHandler) refers to stm32f7xx_hal_dma.o(i.HAL_DMA_IRQHandler) for HAL_DMA_IRQHandler
    stm32f7xx_it.o(i.DMA2_Stream1_IRQHandler) refers to adc.o(.bss) for hdma_adc3
    stm32f7xx_it.o(i.DMA2_Stream2_IRQHandler) refers to stm32f7xx_hal_dma.o(i.HAL_DMA_IRQHandler) for HAL_DMA_IRQHandler
    stm32f7xx_it.o(i.DMA2_Stream2_IRQHandler) refers to adc.o(.bss) for hdma_adc2
    stm32f7xx_it.o(i.EXTI15_10_IRQHandler) refers to stm32f7xx_hal_gpio.o(i.HAL_GPIO_EXTI_IRQHandler) for HAL_GPIO_EXTI_IRQHandler
    stm32f7xx_it.o(i.EXTI15_10_IRQHandler) refers to main.o(.data) for incoming_data_flag
    stm32f7xx_it.o(i.SPI2_IRQHandler) refers to stm32f7xx_hal_spi.o(i.HAL_SPI_IRQHandler) for HAL_SPI_IRQHandler
    stm32f7xx_it.o(i.SPI2_IRQHandler) refers to spi.o(.bss) for hspi2
    stm32f7xx_it.o(i.SysTick_Handler) refers to stm32f7xx_hal.o(i.HAL_IncTick) for HAL_IncTick
    stm32f7xx_it.o(i.SysTick_Handler) refers to stm32f7xx_hal_cortex.o(i.HAL_SYSTICK_IRQHandler) for HAL_SYSTICK_IRQHandler
    stm32f7xx_it.o(i.SysTick_Handler) refers to uart_masterslave.o(i.uart_sysTickCallApp) for uart_sysTickCallApp
    stm32f7xx_it.o(i.SysTick_Handler) refers to spi_masterslave.o(i.spi_sysTickCallApp) for spi_sysTickCallApp
    stm32f7xx_it.o(i.TIM1_UP_TIM10_IRQHandler) refers to stm32f7xx_hal_tim.o(i.HAL_TIM_IRQHandler) for HAL_TIM_IRQHandler
    stm32f7xx_it.o(i.TIM1_UP_TIM10_IRQHandler) refers to tim.o(.bss) for htim1
    stm32f7xx_it.o(i.USART2_IRQHandler) refers to stm32f7xx_hal_uart.o(i.HAL_UART_IRQHandler) for HAL_UART_IRQHandler
    stm32f7xx_it.o(i.USART2_IRQHandler) refers to usart.o(.bss) for huart2
    adc.o(i.HAL_ADC_MspDeInit) refers to stm32f7xx_hal_gpio.o(i.HAL_GPIO_DeInit) for HAL_GPIO_DeInit
    adc.o(i.HAL_ADC_MspDeInit) refers to stm32f7xx_hal_dma.o(i.HAL_DMA_DeInit) for HAL_DMA_DeInit
    adc.o(i.HAL_ADC_MspInit) refers to stm32f7xx_hal_gpio.o(i.HAL_GPIO_Init) for HAL_GPIO_Init
    adc.o(i.HAL_ADC_MspInit) refers to stm32f7xx_hal_dma.o(i.HAL_DMA_Init) for HAL_DMA_Init
    adc.o(i.HAL_ADC_MspInit) refers to main.o(i._Error_Handler) for _Error_Handler
    adc.o(i.HAL_ADC_MspInit) refers to adc.o(.bss) for .bss
[...]
    CAN2_TX_IRQHandler                       0x08000227   Thumb Code     0  startup_stm32f767xx.o(.text)
    CAN3_RX0_IRQHandler                      0x08000227   Thumb Code     0  startup_stm32f767xx.o(.text)
    CAN3_RX1_IRQHandler                      0x08000227   Thumb Code     0  startup_stm32f767xx.o(.text)
    CAN3_SCE_IRQHandler                      0x08000227   Thumb Code     0  startup_stm32f767xx.o(.text)
    CAN3_TX_IRQHandler                       0x08000227   Thumb Code     0  startup_stm32f767xx.o(.text)
    CEC_IRQHandler                           0x08000227   Thumb Code     0  startup_stm32f767xx.o(.text)
    DCMI_IRQHandler                          0x08000227   Thumb Code     0  startup_stm32f767xx.o(.text)
    DFSDM1_FLT0_IRQHandler                   0x08000227   Thumb Code     0  startup_stm32f767xx.o(.text)
    DFSDM1_FLT1_IRQHandler                   0x08000227   Thumb Code     0  startup_stm32f767xx.o(.text)
    DFSDM1_FLT2_IRQHandler                   0x08000227   Thumb Code     0  startup_stm32f767xx.o(.text)
    DFSDM1_FLT3_IRQHandler                   0x08000227   Thumb Code     0  startup_stm32f767xx.o(.text)
    DMA1_Stream0_IRQHandler                  0x08000227   Thumb Code     0  startup_stm32f767xx.o(.text)
    DMA1_Stream1_IRQHandler                  0x08000227   Thumb Code     0  startup_stm32f767xx.o(.text)
    DMA1_Stream2_IRQHandler                  0x08000227   Thumb Code     0  startup_stm32f767xx.o(.text)
    DMA1_Stream3_IRQHandler                  0x08000227   Thumb Code     0  startup_stm32f767xx.o(.text)
    DMA1_Stream4_IRQHandler                  0x08000227   Thumb Code     0  startup_stm32f767xx.o(.text)
    DMA1_Stream5_IRQHandler                  0x08000227   Thumb Code     0  startup_stm32f767xx.o(.text)
    DMA1_Stream6_IRQHandler                  0x08000227   Thumb Code     0  startup_stm32f767xx.o(.text)
    DMA1_Stream7_IRQHandler                  0x08000227   Thumb Code     0  startup_stm32f767xx.o(.text)
    DMA2D_IRQHandler                         0x08000227   Thumb Code     0  startup_stm32f767xx.o(.text)
    DMA2_Stream3_IRQHandler                  0x08000227   Thumb Code     0  startup_stm32f767xx.o(.text)
    DMA2_Stream4_IRQHandler                  0x08000227   Thumb Code     0  startup_stm32f767xx.o(.text)
    DMA2_Stream5_IRQHandler                  0x08000227   Thumb Code     0  startup_stm32f767xx.o(.text)
    DMA2_Stream6_IRQHandler                  0x08000227   Thumb Code     0  startup_stm32f767xx.o(.text)
    DMA2_Stream7_IRQHandler                  0x08000227   Thumb Code     0  startup_stm32f767xx.o(.text)
    ETH_IRQHandler                           0x08000227   Thumb Code     0  startup_stm32f767xx.o(.text)
    ETH_WKUP_IRQHandler                      0x08000227   Thumb Code     0  startup_stm32f767xx.o(.text)
    EXTI0_IRQHandler                         0x08000227   Thumb Code     0  startup_stm32f767xx.o(.text)
    EXTI1_IRQHandler                         0x08000227   Thumb Code     0  startup_stm32f767xx.o(.text)
    EXTI2_IRQHandler                         0x08000227   Thumb Code     0  startup_stm32f767xx.o(.text)
    EXTI3_IRQHandler                         0x08000227   Thumb Code     0  startup_stm32f767xx.o(.text)
    EXTI4_IRQHandler                         0x08000227   Thumb Code     0  startup_stm32f767xx.o(.text)
    EXTI9_5_IRQHandler                       0x08000227   Thumb Code     0  startup_stm32f767xx.o(.text)
    FLASH_IRQHandler                         0x08000227   Thumb Code     0  startup_stm32f767xx.o(.text)
    FMC_IRQHandler                           0x08000227   Thumb Code     0  startup_stm32f767xx.o(.text)
    FPU_IRQHandler                           0x08000227   Thumb Code     0  startup_stm32f767xx.o(.text)
    I2C1_ER_IRQHandler                       0x08000227   Thumb Code     0  startup_stm32f767xx.o(.text)
    I2C1_EV_IRQHandler                       0x08000227   Thumb Code     0  startup_stm32f767xx.o(.text)
    I2C2_ER_IRQHandler                       0x08000227   Thumb Code     0  startup_stm32f767xx.o(.text)
    I2C2_EV_IRQHandler                       0x08000227   Thumb Code     0  startup_stm32f767xx.o(.text)
    I2C3_ER_IRQHandler                       0x08000227   Thumb Code     0  startup_stm32f767xx.o(.text)
    I2C3_EV_IRQHandler                       0x08000227   Thumb Code     0  startup_stm32f767xx.o(.text)
    I2C4_ER_IRQHandler                       0x08000227   Thumb Code     0  startup_stm32f767xx.o(.text)
    I2C4_EV_IRQHandler                       0x08000227   Thumb Code     0  startup_stm32f767xx.o(.text)
    JPEG_IRQHandler                          0x08000227   Thumb Code     0  startup_stm32f767xx.o(.text)
    LPTIM1_IRQHandler                        0x08000227   Thumb Code     0  startup_stm32f767xx.o(.text)
    LTDC_ER_IRQHandler                       0x08000227   Thumb Code     0  startup_stm32f767xx.o(.text)
    LTDC_IRQHandler                          0x08000227   Thumb Code     0  startup_stm32f767xx.o(.text)
    MDIOS_IRQHandler                         0x08000227   Thumb Code     0  startup_stm32f767xx.o(.text)
    OTG_FS_IRQHandler                        0x08000227   Thumb Code     0  startup_stm32f767xx.o(.text)
    OTG_FS_WKUP_IRQHandler                   0x08000227   Thumb Code     0  startup_stm32f767xx.o(.text)
    OTG_HS_EP1_IN_IRQHandler                 0x08000227   Thumb Code     0  startup_stm32f767xx.o(.text)
    OTG_HS_EP1_OUT_IRQHandler                0x08000227   Thumb Code     0  startup_stm32f767xx.o(.text)
    OTG_HS_IRQHandler                        0x08000227   Thumb Code     0  startup_stm32f767xx.o(.text)
    OTG_HS_WKUP_IRQHandler                   0x08000227   Thumb Code     0  startup_stm32f767xx.o(.text)
    PVD_IRQHandler                           0x08000227   Thumb Code     0  startup_stm32f767xx.o(.text)
    QUADSPI_IRQHandler                       0x08000227   Thumb Code     0  startup_stm32f767xx.o(.text)
    RCC_IRQHandler                           0x08000227   Thumb Code     0  startup_stm32f767xx.o(.text)
    RNG_IRQHandler                           0x08000227   Thumb Code     0  startup_stm32f767xx.o(.text)
    RTC_Alarm_IRQHandler                     0x08000227   Thumb Code     0  startup_stm32f767xx.o(.text)
    RTC_WKUP_IRQHandler                      0x08000227   Thumb Code     0  startup_stm32f767xx.o(.text)
    SAI1_IRQHandler                          0x08000227   Thumb Code     0  startup_stm32f767xx.o(.text)
    SAI2_IRQHandler                          0x08000227   Thumb Code     0  startup_stm32f767xx.o(.text)
    SDMMC1_IRQHandler                        0x08000227   Thumb Code     0  startup_stm32f767xx.o(.text)
    SDMMC2_IRQHandler                        0x08000227   Thumb Code     0  startup_stm32f767xx.o(.text)
    SPDIF_RX_IRQHandler                      0x08000227   Thumb Code     0  startup_stm32f767xx.o(.text)
    SPI1_IRQHandler                          0x08000227   Thumb Code     0  startup_stm32f767xx.o(.text)
    SPI3_IRQHandler                          0x08000227   Thumb Code     0  startup_stm32f767xx.o(.text)
    SPI4_IRQHandler                          0x08000227   Thumb Code     0  startup_stm32f767xx.o(.text)
    SPI5_IRQHandler                          0x08000227   Thumb Code     0  startup_stm32f767xx.o(.text)
    SPI6_IRQHandler                          0x08000227   Thumb Code     0  startup_stm32f767xx.o(.text)
    TAMP_STAMP_IRQHandler                    0x08000227   Thumb Code     0  startup_stm32f767xx.o(.text)
    TIM1_BRK_TIM9_IRQHandler                 0x08000227   Thumb Code     0  startup_stm32f767xx.o(.text)
    TIM1_CC_IRQHandler                       0x08000227   Thumb Code     0  startup_stm32f767xx.o(.text)
    TIM1_TRG_COM_TIM11_IRQHandler            0x08000227   Thumb Code     0  startup_stm32f767xx.o(.text)
    TIM2_IRQHandler                          0x08000227   Thumb Code     0  startup_stm32f767xx.o(.text)
    TIM3_IRQHandler                          0x08000227   Thumb Code     0  startup_stm32f767xx.o(.text)
    TIM4_IRQHandler                          0x08000227   Thumb Code     0  startup_stm32f767xx.o(.text)
    TIM5_IRQHandler                          0x08000227   Thumb Code     0  startup_stm32f767xx.o(.text)
    TIM6_DAC_IRQHandler                      0x08000227   Thumb Code     0  startup_stm32f767xx.o(.text)
    TIM7_IRQHandler                          0x08000227   Thumb Code     0  startup_stm32f767xx.o(.text)
    TIM8_BRK_TIM12_IRQHandler                0x08000227   Thumb Code     0  startup_stm32f767xx.o(.text)
    TIM8_CC_IRQHandler                       0x08000227   Thumb Code     0  startup_stm32f767xx.o(.text)
    TIM8_TRG_COM_TIM14_IRQHandler            0x08000227   Thumb Code     0  startup_stm32f767xx.o(.text)
    TIM8_UP_TIM13_IRQHandler                 0x08000227   Thumb Code     0  startup_stm32f767xx.o(.text)
    UART4_IRQHandler                         0x08000227   Thumb Code     0  startup_stm32f767xx.o(.text)
    UART5_IRQHandler                         0x08000227   Thumb Code     0  startup_stm32f767xx.o(.text)
    UART7_IRQHandler                         0x08000227   Thumb Code     0  startup_stm32f767xx.o(.text)
    UART8_IRQHandler                         0x08000227   Thumb Code     0  startup_stm32f767xx.o(.text)
    USART1_IRQHandler                        0x08000227   Thumb Code     0  startup_stm32f767xx.o(.text)
    USART3_IRQHandler                        0x08000227   Thumb Code     0  startup_stm32f767xx.o(.text)
    USART6_IRQHandler                        0x08000227   Thumb Code     0  startup_stm32f767xx.o(.text)
    WWDG_IRQHandler                          0x08000227   Thumb Code     0  startup_stm32f767xx.o(.text)
    __aeabi_memcpy                           0x08000231   Thumb Code    36  memcpya.o(.text)
    __aeabi_memcpy4                          0x08000231   Thumb Code     0  memcpya.o(.text)
    __aeabi_memcpy8                          0x08000231   Thumb Code     0  memcpya.o(.text)
    __I$use$fp                               0x08000255   Thumb Code     0  iusefp.o(.text)
    __fp_status                              0x08000255   Thumb Code     4  fpstat.o(.text)
    __ieee_status                            0x08000255   Thumb Code     0  fpstat.o(.text)
    __scatterload                            0x08000259   Thumb Code    28  init.o(.text)
    __scatterload_rt2                        0x08000259   Thumb Code     0  init.o(.text)
    __decompress                             0x0800027d   Thumb Code     0  __dclz77c.o(.text)
    __decompress2                            0x0800027d   Thumb Code    94  __dclz77c.o(.text)
    Long Thumb to Thumb Veneer to prefilter_oc 0x080002db   Thumb Code    10  anon$$obj.o(Veneer$$Code)
    Long Thumb to Thumb Veneer to cs_generation 0x080002e5   Thumb Code    10  anon$$obj.o(Veneer$$Code)
    Long Thumb to Thumb Veneer to cs_computations 0x080002ef   Thumb Code    10  anon$$obj.o(Veneer$$Code)
    Long Thumb to Thumb Veneer to sym_comp   0x080002f9   Thumb Code    10  anon$$obj.o(Veneer$$Code)
    Long Thumb to Thumb Veneer to sym_mag    0x08000303   Thumb Code    10  anon$$obj.o(Veneer$$Code)
    Long Thumb to Thumb Veneer to thermal_status 0x0800030d   Thumb Code    10  anon$$obj.o(Veneer$$Code)
    Long Thumb to Thumb Veneer to pvp_post_filter 0x08000317   Thumb Code    10  anon$$obj.o(Veneer$$Code)
    Long Thumb to Thumb Veneer to peak_detect_rms 0x08000321   Thumb Code    10  anon$$obj.o(Veneer$$Code)
    Long Thumb to Thumb Veneer to spectral_analysis 0x0800032b   Thumb Code    10  anon$$obj.o(Veneer$$Code)
    Long Thumb to Thumb Veneer to true_rms   0x08000335   Thumb Code    10  anon$$obj.o(Veneer$$Code)
    BusFault_Handler                         0x080003b7   Thumb Code     2  stm32f7xx_it.o(i.BusFault_Handler)
    DMA2_Stream0_IRQHandler                  0x080003b9   Thumb Code     6  stm32f7xx_it.o(i.DMA2_Stream0_IRQHandler)
    DMA2_Stream1_IRQHandler                  0x080003c5   Thumb Code     6  stm32f7xx_it.o(i.DMA2_Stream1_IRQHandler)
    DMA2_Stream2_IRQHandler                  0x080003d1   Thumb Code     6  stm32f7xx_it.o(i.DMA2_Stream2_IRQHandler)
    DebugMon_Handler                         0x080003dd   Thumb Code     2  stm32f7xx_it.o(i.DebugMon_Handler)
    EXTI15_10_IRQHandler                     0x080003e1   Thumb Code    12  stm32f7xx_it.o(i.EXTI15_10_IRQHandler)
    HAL_ADCEx_MultiModeConfigChannel         0x080003f1   Thumb Code   116  stm32f7xx_hal_adc_ex.o(i.HAL_ADCEx_MultiModeConfigChannel)
    HAL_ADCEx_MultiModeStart_DMA             0x08000469   Thumb Code   330  stm32f7xx_hal_adc_ex.o(i.HAL_ADCEx_MultiModeStart_DMA)
    HAL_ADC_ConfigChannel                    0x080005d1   Thumb Code   442  stm32f7xx_hal_adc.o(i.HAL_ADC_ConfigChannel)
    HAL_ADC_ConvCpltCallback                 0x0800079d   Thumb Code   742  conversion.o(i.HAL_ADC_ConvCpltCallback)
    HAL_ADC_ConvHalfCpltCallback             0x08000a95   Thumb Code     2  stm32f7xx_hal_adc.o(i.HAL_ADC_ConvHalfCpltCallback)
    HAL_ADC_ErrorCallback                    0x08000a97   Thumb Code     2  stm32f7xx_hal_adc.o(i.HAL_ADC_ErrorCallback)
    HAL_ADC_Init                             0x08000a99   Thumb Code   368  stm32f7xx_hal_adc.o(i.HAL_ADC_Init)
    HAL_ADC_MspInit                          0x08000c15   Thumb Code   352  adc.o(i.HAL_ADC_MspInit)
    HAL_ADC_Start                            0x08000db1   Thumb Code   260  stm32f7xx_hal_adc.o(i.HAL_ADC_Start)
    HAL_DMA_Abort_IT                         0x08000ec1   Thumb Code    36  stm32f7xx_hal_dma.o(i.HAL_DMA_Abort_IT)
    HAL_DMA_IRQHandler                       0x08000ee5   Thumb Code   464  stm32f7xx_hal_dma.o(i.HAL_DMA_IRQHandler)
    HAL_DMA_Init                             0x080010c1   Thumb Code   350  stm32f7xx_hal_dma.o(i.HAL_DMA_Init)
    HAL_DMA_Start_IT                         0x0800122d   Thumb Code   156  stm32f7xx_hal_dma.o(i.HAL_DMA_Start_IT)
    HAL_GPIO_EXTI_Callback                   0x080012c9   Thumb Code     2  main.o(i.HAL_GPIO_EXTI_Callback)
    HAL_GPIO_EXTI_IRQHandler                 0x080012cd   Thumb Code    20  stm32f7xx_hal_gpio.o(i.HAL_GPIO_EXTI_IRQHandler)
    HAL_GPIO_Init                            0x080012e5   Thumb Code   572  stm32f7xx_hal_gpio.o(i.HAL_GPIO_Init)
    HAL_GPIO_ReadPin                         0x08001535   Thumb Code    10  stm32f7xx_hal_gpio.o(i.HAL_GPIO_ReadPin)
    HAL_GPIO_WritePin                        0x0800153f   Thumb Code    10  stm32f7xx_hal_gpio.o(i.HAL_GPIO_WritePin)
    HAL_GetTick                              0x08001549   Thumb Code     6  stm32f7xx_hal.o(i.HAL_GetTick)
    HAL_IncTick                              0x08001555   Thumb Code    10  stm32f7xx_hal.o(i.HAL_IncTick)
    HAL_Init                                 0x08001565   Thumb Code    22  stm32f7xx_hal.o(i.HAL_Init)
    HAL_InitTick                             0x0800157d   Thumb Code    34  stm32f7xx_hal.o(i.HAL_InitTick)
    HAL_MspInit                              0x080015a5   Thumb Code    88  stm32f7xx_hal_msp.o(i.HAL_MspInit)
    HAL_NVIC_EnableIRQ                       0x080015fd   Thumb Code    24  stm32f7xx_hal_cortex.o(i.HAL_NVIC_EnableIRQ)
    HAL_NVIC_SetPriority                     0x08001615   Thumb Code    92  stm32f7xx_hal_cortex.o(i.HAL_NVIC_SetPriority)
    HAL_NVIC_SetPriorityGrouping             0x08001675   Thumb Code    30  stm32f7xx_hal_cortex.o(i.HAL_NVIC_SetPriorityGrouping)
    HAL_PWREx_EnableOverDrive                0x08001699   Thumb Code   116  stm32f7xx_hal_pwr_ex.o(i.HAL_PWREx_EnableOverDrive)
    HAL_QSPI_Init                            0x08001715   Thumb Code   200  stm32f7xx_hal_qspi.o(i.HAL_QSPI_Init)
    HAL_QSPI_MspInit                         0x080017e1   Thumb Code   118  quadspi.o(i.HAL_QSPI_MspInit)
    HAL_RCCEx_PeriphCLKConfig                0x08001869   Thumb Code  1496  stm32f7xx_hal_rcc_ex.o(i.HAL_RCCEx_PeriphCLKConfig)
    HAL_RCC_ClockConfig                      0x08001e45   Thumb Code   392  stm32f7xx_hal_rcc.o(i.HAL_RCC_ClockConfig)
    HAL_RCC_GetHCLKFreq                      0x08001fed   Thumb Code     6  stm32f7xx_hal_rcc.o(i.HAL_RCC_GetHCLKFreq)
    HAL_RCC_GetPCLK1Freq                     0x08001ff9   Thumb Code    20  stm32f7xx_hal_rcc.o(i.HAL_RCC_GetPCLK1Freq)
    HAL_RCC_GetPCLK2Freq                     0x08002019   Thumb Code    20  stm32f7xx_hal_rcc.o(i.HAL_RCC_GetPCLK2Freq)
    HAL_RCC_GetSysClockFreq                  0x08002039   Thumb Code    94  stm32f7xx_hal_rcc.o(i.HAL_RCC_GetSysClockFreq)
    HAL_RCC_OscConfig                        0x080020a9   Thumb Code   928  stm32f7xx_hal_rcc.o(i.HAL_RCC_OscConfig)
    HAL_RTC_Init                             0x08002469   Thumb Code   202  stm32f7xx_hal_rtc.o(i.HAL_RTC_Init)
    HAL_RTC_MspInit                          0x08002535   Thumb Code    26  rtc.o(i.HAL_RTC_MspInit)
    HAL_SPI_ErrorCallback                    0x08002555   Thumb Code     2  stm32f7xx_hal_spi.o(i.HAL_SPI_ErrorCallback)
    HAL_SPI_IRQHandler                       0x08002559   Thumb Code   242  stm32f7xx_hal_spi.o(i.HAL_SPI_IRQHandler)
    HAL_SPI_Init                             0x08002651   Thumb Code   210  stm32f7xx_hal_spi.o(i.HAL_SPI_Init)
    HAL_SPI_MspInit                          0x08002725   Thumb Code    90  spi.o(i.HAL_SPI_MspInit)
    HAL_SPI_Transmit_IT                      0x08002789   Thumb Code   152  stm32f7xx_hal_spi.o(i.HAL_SPI_Transmit_IT)
    HAL_SPI_TxCpltCallback                   0x08002829   Thumb Code    24  spi_masterslave.o(i.HAL_SPI_TxCpltCallback)
    HAL_SYSTICK_CLKSourceConfig              0x08002849   Thumb Code    22  stm32f7xx_hal_cortex.o(i.HAL_SYSTICK_CLKSourceConfig)
    HAL_SYSTICK_Callback                     0x0800285f   Thumb Code     2  stm32f7xx_hal_cortex.o(i.HAL_SYSTICK_Callback)
    HAL_SYSTICK_Config                       0x08002861   Thumb Code    36  stm32f7xx_hal_cortex.o(i.HAL_SYSTICK_Config)
    HAL_SYSTICK_IRQHandler                   0x08002889   Thumb Code     8  stm32f7xx_hal_cortex.o(i.HAL_SYSTICK_IRQHandler)
    HAL_TIMEx_BreakCallback                  0x08002891   Thumb Code     2  stm32f7xx_hal_tim_ex.o(i.HAL_TIMEx_BreakCallback)
    HAL_TIMEx_CommutationCallback            0x08002893   Thumb Code     2  stm32f7xx_hal_tim_ex.o(i.HAL_TIMEx_CommutationCallback)
    HAL_TIMEx_MasterConfigSynchronization    0x08002895   Thumb Code    94  stm32f7xx_hal_tim_ex.o(i.HAL_TIMEx_MasterConfigSynchronization)
    HAL_TIM_Base_Init                        0x080028f3   Thumb Code    54  stm32f7xx_hal_tim.o(i.HAL_TIM_Base_Init)
    HAL_TIM_Base_MspInit                     0x08002929   Thumb Code    84  tim.o(i.HAL_TIM_Base_MspInit)
    HAL_TIM_Base_Start_IT                    0x08002985   Thumb Code    24  stm32f7xx_hal_tim.o(i.HAL_TIM_Base_Start_IT)
    HAL_TIM_ConfigClockSource                0x0800299d   Thumb Code   468  stm32f7xx_hal_tim.o(i.HAL_TIM_ConfigClockSource)
    HAL_TIM_IC_CaptureCallback               0x08002b71   Thumb Code     2  stm32f7xx_hal_tim.o(i.HAL_TIM_IC_CaptureCallback)
    HAL_TIM_IRQHandler                       0x08002b73   Thumb Code   388  stm32f7xx_hal_tim.o(i.HAL_TIM_IRQHandler)
    HAL_TIM_OC_DelayElapsedCallback          0x08002cf7   Thumb Code     2  stm32f7xx_hal_tim.o(i.HAL_TIM_OC_DelayElapsedCallback)
    HAL_TIM_PWM_PulseFinishedCallback        0x08002cf9   Thumb Code     2  stm32f7xx_hal_tim.o(i.HAL_TIM_PWM_PulseFinishedCallback)
    HAL_TIM_PeriodElapsedCallback            0x08002cfb   Thumb Code     2  stm32f7xx_hal_tim.o(i.HAL_TIM_PeriodElapsedCallback)
    HAL_TIM_TriggerCallback                  0x08002cfd   Thumb Code     2  stm32f7xx_hal_tim.o(i.HAL_TIM_TriggerCallback)
    HAL_UART_ErrorCallback                   0x08002cff   Thumb Code     2  stm32f7xx_hal_uart.o(i.HAL_UART_ErrorCallback)
    HAL_UART_IRQHandler                      0x08002d01   Thumb Code   652  stm32f7xx_hal_uart.o(i.HAL_UART_IRQHandler)
    HAL_UART_Init                            0x08002f91   Thumb Code   110  stm32f7xx_hal_uart.o(i.HAL_UART_Init)
    HAL_UART_MspInit                         0x08003001   Thumb Code    88  usart.o(i.HAL_UART_MspInit)
    HAL_UART_Receive_IT                      0x08003061   Thumb Code   150  stm32f7xx_hal_uart.o(i.HAL_UART_Receive_IT)
    HAL_UART_RxCpltCallback                  0x080030f9   Thumb Code    72  uart_masterslave.o(i.HAL_UART_RxCpltCallback)
    HAL_UART_TxCpltCallback                  0x08003149   Thumb Code    26  uart_masterslave.o(i.HAL_UART_TxCpltCallback)
    HardFault_Handler                        0x08003169   Thumb Code     2  stm32f7xx_it.o(i.HardFault_Handler)
    MX_ADC1_Init                             0x0800316d   Thumb Code   222  adc.o(i.MX_ADC1_Init)
    MX_ADC2_Init                             0x08003265   Thumb Code   182  adc.o(i.MX_ADC2_Init)
    MX_ADC3_Init                             0x08003335   Thumb Code   184  adc.o(i.MX_ADC3_Init)
    MX_DMA_Init                              0x08003405   Thumb Code    40  dma.o(i.MX_DMA_Init)
    MX_GPIO_Init                             0x08003431   Thumb Code   530  gpio.o(i.MX_GPIO_Init)
    MX_QUADSPI_Init                          0x08003669   Thumb Code    54  quadspi.o(i.MX_QUADSPI_Init)
    MX_RTC_Init                              0x080036bd   Thumb Code    52  rtc.o(i.MX_RTC_Init)
    MX_SPI2_Init                             0x08003709   Thumb Code    74  spi.o(i.MX_SPI2_Init)
    MX_TIM1_Init                             0x0800376d   Thumb Code   104  tim.o(i.MX_TIM1_Init)
    MX_TIM6_Init                             0x080037ed   Thumb Code    70  tim.o(i.MX_TIM6_Init)
    MX_USART2_UART_Init                      0x0800384d   Thumb Code    60  usart.o(i.MX_USART2_UART_Init)
    MemManage_Handler                        0x080038a1   Thumb Code     2  stm32f7xx_it.o(i.MemManage_Handler)
    NMI_Handler                              0x080038a3   Thumb Code     2  stm32f7xx_it.o(i.NMI_Handler)
    PendSV_Handler                           0x080038a5   Thumb Code     2  stm32f7xx_it.o(i.PendSV_Handler)
    SPI2_IRQHandler                          0x08003901   Thumb Code     6  stm32f7xx_it.o(i.SPI2_IRQHandler)
    SVC_Handler                              0x08003b61   Thumb Code     2  stm32f7xx_it.o(i.SVC_Handler)
    SysTick_Handler                          0x08003b63   Thumb Code    22  stm32f7xx_it.o(i.SysTick_Handler)
    SystemClock_Config                       0x08003b79   Thumb Code   186  main.o(i.SystemClock_Config)
    SystemInit                               0x08003c3d   Thumb Code    76  system_stm32f7xx.o(i.SystemInit)
    TIM1_UP_TIM10_IRQHandler                 0x08003c9d   Thumb Code     6  stm32f7xx_it.o(i.TIM1_UP_TIM10_IRQHandler)
    TIM_Base_SetConfig                       0x08003ca9   Thumb Code   180  stm32f7xx_hal_tim.o(i.TIM_Base_SetConfig)
    UART_AdvFeatureConfig                    0x08003d71   Thumb Code   218  stm32f7xx_hal_uart.o(i.UART_AdvFeatureConfig)
    UART_CheckIdleState                      0x08003e4b   Thumb Code    68  stm32f7xx_hal_uart.o(i.UART_CheckIdleState)
    UART_SetConfig                           0x08003ea5   Thumb Code   682  stm32f7xx_hal_uart.o(i.UART_SetConfig)
    UART_WaitOnFlagUntilTimeout              0x08004161   Thumb Code   118  stm32f7xx_hal_uart.o(i.UART_WaitOnFlagUntilTimeout)
    USART2_IRQHandler                        0x080041d9   Thumb Code     6  stm32f7xx_it.o(i.USART2_IRQHandler)
    UsageFault_Handler                       0x080041e5   Thumb Code     2  stm32f7xx_it.o(i.UsageFault_Handler)
    _Error_Handler                           0x080041e7   Thumb Code     2  main.o(i._Error_Handler)
    __ARM_fpclassify                         0x080041e9   Thumb Code    48  fpclassify.o(i.__ARM_fpclassify)
    __ARM_fpclassifyf                        0x08004219   Thumb Code    38  fpclassifyf.o(i.__ARM_fpclassifyf)
    __hardfp_atan                            0x08004241   Thumb Code   402  atan.o(i.__hardfp_atan)
    __hardfp_atan2                           0x08004441   Thumb Code   380  atan2.o(i.__hardfp_atan2)
    __hardfp_atan2f                          0x08004601   Thumb Code   502  atan2f.o(i.__hardfp_atan2f)
    __hardfp_powf                            0x08004859   Thumb Code  1590  powf.o(i.__hardfp_powf)
    __mathlib_powf                           0x08004859   Thumb Code     0  powf.o(i.__hardfp_powf)
    __hardfp_sin                             0x08004eb1   Thumb Code   158  sin.o(i.__hardfp_sin)
    __hardfp_sqrt                            0x08004f61   Thumb Code   102  sqrt.o(i.__hardfp_sqrt)
    __hardfp_sqrtf                           0x08004fc7   Thumb Code    58  sqrtf.o(i.__hardfp_sqrtf)
    __ieee754_rem_pio2                       0x08005001   Thumb Code   646  rred.o(i.__ieee754_rem_pio2)
    __kernel_cos                             0x08005311   Thumb Code   182  cos_i.o(i.__kernel_cos)
    __kernel_poly                            0x080053f1   Thumb Code   112  poly.o(i.__kernel_poly)
    __kernel_sin                             0x08005461   Thumb Code   144  sin_i.o(i.__kernel_sin)
    __mathlib_dbl_infnan                     0x08005509   Thumb Code     6  dunder.o(i.__mathlib_dbl_infnan)
    __mathlib_dbl_infnan2                    0x0800550f   Thumb Code     6  dunder.o(i.__mathlib_dbl_infnan2)
    __mathlib_dbl_invalid                    0x08005519   Thumb Code    10  dunder.o(i.__mathlib_dbl_invalid)
    __mathlib_dbl_underflow                  0x08005531   Thumb Code    10  dunder.o(i.__mathlib_dbl_underflow)
    __mathlib_flt_divzero                    0x08005549   Thumb Code    14  funder.o(i.__mathlib_flt_divzero)
    __mathlib_flt_infnan2                    0x08005561   Thumb Code     6  funder.o(i.__mathlib_flt_infnan2)
    __mathlib_flt_invalid                    0x08005569   Thumb Code    10  funder.o(i.__mathlib_flt_invalid)
    __mathlib_flt_overflow                   0x08005579   Thumb Code    10  funder.o(i.__mathlib_flt_overflow)
    __mathlib_flt_underflow                  0x08005589   Thumb Code    10  funder.o(i.__mathlib_flt_underflow)
    __scatterload_copy                       0x08005599   Thumb Code    14  handlers.o(i.__scatterload_copy)
    __scatterload_null                       0x080055a7   Thumb Code     2  handlers.o(i.__scatterload_null)
    __scatterload_zeroinit                   0x080055a9   Thumb Code    14  handlers.o(i.__scatterload_zeroinit)
    __set_errno                              0x080055b9   Thumb Code     6  errno.o(i.__set_errno)
    alarms                                   0x080055c5   Thumb Code   222  alarms.o(i.alarms)
    atan                                     0x080056bd   Thumb Code    16  atan.o(i.atan)
    boardIO                                  0x080056cd   Thumb Code   560  boardio.o(i.boardIO)
    cs_PQ_combination                        0x08005919   Thumb Code   154  cs_handles.o(i.cs_PQ_combination)
    cs_handles                               0x080059bd   Thumb Code   840  cs_handles.o(i.cs_handles)
    dpm_mergeDWord                           0x08005d25   Thumb Code   108  dataparsermerger.o(i.dpm_mergeDWord)
    dpm_mergeFloat                           0x08005d91   Thumb Code    92  dataparsermerger.o(i.dpm_mergeFloat)
    dpm_parseDWord                           0x08005df1   Thumb Code    82  dataparsermerger.o(i.dpm_parseDWord)
    dpm_parseFloat                           0x08005e45   Thumb Code    92  dataparsermerger.o(i.dpm_parseFloat)
    fabs                                     0x08005ea5   Thumb Code    24  fabs.o(i.fabs)
    fc27                                     0x08005ebd   Thumb Code   120  protection_functions.o(i.fc27)
    fc27_all                                 0x08005f39   Thumb Code   200  fc27.o(i.fc27_all)
    fc27_init                                0x08006025   Thumb Code    24  fc27.o(i.fc27_init)
    fc37                                     0x08006045   Thumb Code   112  protection_functions.o(i.fc37)
    fc37_all                                 0x080060b9   Thumb Code   298  fc37.o(i.fc37_all)
    fc37_init                                0x08006225   Thumb Code    24  fc37.o(i.fc37_init)
    fc46_all                                 0x08006245   Thumb Code   116  fc46.o(i.fc46_all)
    fc46_init                                0x080062cd   Thumb Code    54  fc46.o(i.fc46_init)
    fc46d                                    0x08006311   Thumb Code   336  protection_functions.o(i.fc46d)
    fc46i                                    0x08006469   Thumb Code   312  protection_functions.o(i.fc46i)
    fc49                                     0x080065b5   Thumb Code    72  protection_functions.o(i.fc49)
    fc49_all                                 0x08006601   Thumb Code   268  fc49.o(i.fc49_all)
    fc49_init                                0x0800671d   Thumb Code    72  fc49.o(i.fc49_init)
    fc50                                     0x08006775   Thumb Code   222  protection_functions.o(i.fc50)
    fc50N_all                                0x08006859   Thumb Code   114  fc50n.o(i.fc50N_all)
    fc50N_init                               0x080068e9   Thumb Code    22  fc50n.o(i.fc50N_init)
    fc50_all                                 0x08006909   Thumb Code   520  fc50.o(i.fc50_all)
    fc50_init                                0x08006b61   Thumb Code    40  fc50.o(i.fc50_init)
    fc51                                     0x08006b91   Thumb Code   222  protection_functions.o(i.fc51)
    fc51N_all                                0x08006c81   Thumb Code    52  fc51n.o(i.fc51N_all)
    fc51N_init                               0x08006cc9   Thumb Code    46  fc51n.o(i.fc51N_init)
    fc51_all                                 0x08006d05   Thumb Code   222  fc51.o(i.fc51_all)
    fc51_init                                0x08006df9   Thumb Code    62  fc51.o(i.fc51_init)
    fc59                                     0x08006e45   Thumb Code    92  protection_functions.o(i.fc59)
    fc59_all                                 0x08006ea5   Thumb Code   166  fc59.o(i.fc59_all)
    fc59_init                                0x08006f59   Thumb Code    18  fc59.o(i.fc59_init)
    fcBF                                     0x08006f75   Thumb Code   274  protection_functions.o(i.fcBF)
    fcBF_all                                 0x0800708d   Thumb Code   208  fcbf.o(i.fcBF_all)
    fcBF_init                                0x08007179   Thumb Code    18  fcbf.o(i.fcBF_init)
    fcPVP_all                                0x08007195   Thumb Code   484  fcpvp.o(i.fcPVP_all)
    fcPVP_init                               0x080073b1   Thumb Code    18  fcpvp.o(i.fcPVP_init)
    fcPVPd                                   0x080073cd   Thumb Code   108  protection_functions.o(i.fcPVPd)
    fcPVPi                                   0x0800743d   Thumb Code   174  protection_functions.o(i.fcPVPi)
    fcUNB_all                                0x080074fd   Thumb Code   390  fcunb.o(i.fcUNB_all)
    fcUNB_init                               0x080076b5   Thumb Code    32  fcunb.o(i.fcUNB_init)
    fcUNB_initial_dt                         0x080076e1   Thumb Code   190  fcunb.o(i.fcUNB_initial_dt)
    fcUNBd                                   0x080077c9   Thumb Code   108  protection_functions.o(i.fcUNBd)
    fcUNBi                                   0x08007839   Thumb Code   192  protection_functions.o(i.fcUNBi)
    initFunctions                            0x08007911   Thumb Code    58  initfunctions.o(i.initFunctions)
    init_conversion                          0x0800794d   Thumb Code   184  conversion.o(i.init_conversion)
    init_protection                          0x08007a41   Thumb Code  1830  init_protection.o(i.init_protection)
    main                                     0x0800816d   Thumb Code   284  main.o(i.main)
    main_flow                                0x080082bd   Thumb Code    78  main_flow.o(i.main_flow)
    maxSelector_3p                           0x0800830b   Thumb Code    10  protection_functions.o(i.maxSelector_3p)
    minSelector_3p                           0x08008315   Thumb Code    10  protection_functions.o(i.minSelector_3p)
    off_delay                                0x0800831f   Thumb Code    66  protection_functions.o(i.off_delay)
    on_off_delay                             0x08008361   Thumb Code    44  protection_functions.o(i.on_off_delay)
    pick_trip_reset_handles                  0x0800838d   Thumb Code    18  pickup_handles.o(i.pick_trip_reset_handles)
    pick_up_handles                          0x080083a1   Thumb Code  2402  pickup_handles.o(i.pick_up_handles)
    pullDataFromMaster                       0x08008d11   Thumb Code  1214  configparams.o(i.pullDataFromMaster)
    pushDataToMaster                         0x080091d1   Thumb Code  1650  commparams.o(i.pushDataToMaster)
    pvp_curve                                0x08009889   Thumb Code   260  protection_functions.o(i.pvp_curve)
    reset_handles                            0x08009a11   Thumb Code   968  pickup_handles.o(i.reset_handles)
    spi_initComApp                           0x08009ed5   Thumb Code     2  spi_masterslave.o(i.spi_initComApp)
    spi_runComApp                            0x08009ed9   Thumb Code   818  spi_masterslave.o(i.spi_runComApp)
    spi_sysTickCallApp                       0x0800a219   Thumb Code    62  spi_masterslave.o(i.spi_sysTickCallApp)
    trip_handles                             0x0800a25d   Thumb Code  1792  pickup_handles.o(i.trip_handles)
    trueRMS                                  0x0800a95d   Thumb Code   302  truerms.o(i.trueRMS)
    uart_initComApp                          0x0800aa9d   Thumb Code    10  uart_masterslave.o(i.uart_initComApp)
    uart_runComApp                           0x0800aab1   Thumb Code   374  uart_masterslave.o(i.uart_runComApp)
    uart_sysTickCallApp                      0x0800ac35   Thumb Code    60  uart_masterslave.o(i.uart_sysTickCallApp)
    AHBPrescTable                            0x0800ac7c   Data          16  system_stm32f7xx.o(.constdata)
    APBPrescTable                            0x0800ac8c   Data           8  system_stm32f7xx.o(.constdata)
    __mathlib_zero                           0x0800af98   Data           8  qnan.o(.constdata)
    Region$$Table$$Base                      0x0800b090   Number         0  anon$$obj.o(Region$$Table)
    Region$$Table$$Limit                     0x0800b0c0   Number         0  anon$$obj.o(Region$$Table)
    Long Thumb to Thumb Veneer to __hardfp_sqrt 0x20000001   Thumb Code    10  anon$$obj.o(Veneer$$Code)
    Long Thumb to Thumb Veneer to __hardfp_atan2 0x2000000b   Thumb Code    10  anon$$obj.o(Veneer$$Code)
    Long Thumb to Thumb Veneer to __hardfp_sqrtf 0x20000015   Thumb Code    10  anon$$obj.o(Veneer$$Code)
    Long Thumb to Thumb Veneer to __aeabi_memcpy4 0x2000001f   Thumb Code    10  anon$$obj.o(Veneer$$Code)
    cs_computations                          0x20000029   Thumb Code   316  measurement_functions.o(i.cs_computations)
    cs_generation                            0x20000181   Thumb Code   178  measurement_functions.o(i.cs_generation)
    peak_detect_rms                          0x20000235   Thumb Code   162  measurement_functions.o(i.peak_detect_rms)
    prefilter_oc                             0x200002e1   Thumb Code    42  measurement_functions.o(i.prefilter_oc)
    pvp_post_filter                          0x20000315   Thumb Code   178  measurement_functions.o(i.pvp_post_filter)
    signal_spectra                           0x200003c9   Thumb Code   158  measurement_functions.o(i.signal_spectra)
    signal_thd                               0x2000046d   Thumb Code    96  measurement_functions.o(i.signal_thd)
    spectral_analysis                        0x200004d5   Thumb Code   206  spectra.o(i.spectral_analysis)
    sym_comp                                 0x200005c1   Thumb Code   126  measurement_functions.o(i.sym_comp)
    sym_mag                                  0x20000649   Thumb Code   386  measurement_functions.o(i.sym_mag)
    thermal_status                           0x200007d5   Thumb Code   114  measurement_functions.o(i.thermal_status)
    true_rms                                 0x2000084d   Thumb Code   106  measurement_functions.o(i.true_rms)
    incoming_data_flag                       0x200008bc   Data           1  main.o(.data)
    incoming_data_flag_counter               0x200008c0   Data           4  main.o(.data)
    uwTick                                   0x200008c4   Data           4  stm32f7xx_hal.o(.data)
    SystemCoreClock                          0x200008c8   Data           4  system_stm32f7xx.o(.data)
    curve                                    0x200008cc   Data           1  init_protection.o(.data)
    cSelect1                                 0x200008d0   Data           4  init_protection.o(.data)
    cSelect2                                 0x200008d4   Data           4  init_protection.o(.data)
    curve_data                               0x200008d8   Data          96  init_protection.o(.data)
    fc27_obj1_L1_out                         0x20000940   Data           8  fc27.o(.data)
    fc27_obj1_L2_out                         0x20000948   Data           8  fc27.o(.data)
    fc49_obj1_L1_out_a                       0x20000954   Data           4  fc49.o(.data)
    fc49_obj1_L1_out_b                       0x20000958   Data           4  fc49.o(.data)
    fc49_obj1_L1_out_c                       0x2000095c   Data           4  fc49.o(.data)
    fc49_obj2_L1_out_a                       0x20000960   Data           4  fc49.o(.data)
    fc49_obj2_L1_out_b                       0x20000964   Data           4  fc49.o(.data)
    fc49_obj2_L1_out_c                       0x20000968   Data           4  fc49.o(.data)
    therm_a_obj1                             0x2000096c   Data           4  fc49.o(.data)
    therm_b_obj1                             0x20000970   Data           4  fc49.o(.data)
    therm_c_obj1                             0x20000974   Data           4  fc49.o(.data)
    therm_a_obj2                             0x20000978   Data           4  fc49.o(.data)
    therm_b_obj2                             0x2000097c   Data           4  fc49.o(.data)
    therm_c_obj2                             0x20000980   Data           4  fc49.o(.data)
    fc49_obj1_L1_in                          0x20000984   Data           4  fc49.o(.data)
    fc49_obj2_L1_in                          0x20000988   Data           4  fc49.o(.data)
    current_checked                          0x2000098c   Data           1  fc37.o(.data)
    fc37_obj1_L1_out_a                       0x20000998   Data           8  fc37.o(.data)
    fc37_obj1_L1_out_b                       0x200009a0   Data           8  fc37.o(.data)
    fc37_obj1_L1_out_c                       0x200009a8   Data           8  fc37.o(.data)
    fc37_obj2_L1_out_a                       0x200009b0   Data           8  fc37.o(.data)
    fc37_obj2_L1_out_b                       0x200009b8   Data           8  fc37.o(.data)
    fc37_obj2_L1_out_c                       0x200009c0   Data           8  fc37.o(.data)
    UNBpcorrection                           0x200009cc   Data           4  fcunb.o(.data)
    UNBa_rms                                 0x200009d0   Data           4  fcunb.o(.data)
    UNBb_rms                                 0x200009d4   Data           4  fcunb.o(.data)
    fcUNBi_obj1_L1_in                        0x200009e0   Data           8  fcunb.o(.data)
    peak_a                                   0x200009f4   Data           4  fcpvp.o(.data)
    peak_b                                   0x200009f8   Data           4  fcpvp.o(.data)
    peak_c                                   0x200009fc   Data           4  fcpvp.o(.data)
    fcPVPd_obj1_L1_out_a                     0x20000a00   Data           8  fcpvp.o(.data)
    fcPVPd_obj1_L1_out_b                     0x20000a08   Data           8  fcpvp.o(.data)
    fcPVPd_obj1_L1_out_c                     0x20000a10   Data           8  fcpvp.o(.data)
    pvp_coefficents                          0x20000a18   Data         404  fcpvp.o(.data)
    fault_code                               0x20000bac   Data           1  pickup_handles.o(.data)
    alarm                                    0x20000bae   Data           1  alarms.o(.data)
    n                                        0x20000bb0   Data           8  cs_handles.o(.data)
    UNBa                                     0x20000bb8   Data           8  cs_handles.o(.data)
    UNBb                                     0x20000bc0   Data           8  cs_handles.o(.data)
    sin_coeffs                               0x20000bc8   Data         200  cs_handles.o(.data)
    cos_coeffs                               0x20000c90   Data         200  cs_handles.o(.data)
    coeffs_real                              0x20000d60   Data         200  spectra.o(.data)
    coeffs_imag                              0x20000e28   Data         200  spectra.o(.data)
    conversion_completed                     0x20000ef0   Data           1  conversion.o(.data)
    cycle_count_1                            0x20000ef4   Data           4  conversion.o(.data)
    cycle_count_2                            0x20000ef8   Data           4  conversion.o(.data)
    DI                                       0x20000efc   Data           4  boardio.o(.data)
    DO                                       0x20000f00   Data           4  boardio.o(.data)
    typeCnv                                  0x20000f04   Data           4  dataparsermerger.o(.data)
    mSelect                                  0x20000f08   Data           4  configparams.o(.data)
    pFlag                                    0x20000f0c   Data           4  configparams.o(.data)
    pEN                                      0x20000f10   Data           4  configparams.o(.data)
    htim1                                    0x20000f18   Data          64  tim.o(.bss)
    htim6                                    0x20000f58   Data          64  tim.o(.bss)
    hrtc                                     0x20000f98   Data          32  rtc.o(.bss)
    hqspi                                    0x20000fb8   Data          76  quadspi.o(.bss)
    hadc1                                    0x20001004   Data          72  adc.o(.bss)
    hadc2                                    0x2000104c   Data          72  adc.o(.bss)
    hadc3                                    0x20001094   Data          72  adc.o(.bss)
    hdma_adc1                                0x200010dc   Data          96  adc.o(.bss)
    hdma_adc2                                0x2000113c   Data          96  adc.o(.bss)
    hdma_adc3                                0x2000119c   Data          96  adc.o(.bss)
    adc_values                               0x200011fc   Data          60  main.o(.bss)
    huart2                                   0x20001238   Data         112  usart.o(.bss)
    hspi2                                    0x200012a8   Data         100  spi.o(.bss)
    EN                                       0x2000130c   Data         116  init_protection.o(.bss)
    fc50_obj1_L1_out_a                       0x20001380   Data          12  fc50.o(.bss)
    fc50_obj1_L1_out_b                       0x2000138c   Data          12  fc50.o(.bss)
    fc50_obj1_L1_out_c                       0x20001398   Data          12  fc50.o(.bss)
    fc50_obj1_L2_out_a                       0x200013a4   Data          12  fc50.o(.bss)
    fc50_obj1_L2_out_b                       0x200013b0   Data          12  fc50.o(.bss)
    fc50_obj1_L2_out_c                       0x200013bc   Data          12  fc50.o(.bss)
    fc50_obj1_L3_out_a                       0x200013c8   Data          12  fc50.o(.bss)
    fc50_obj1_L3_out_b                       0x200013d4   Data          12  fc50.o(.bss)
    fc50_obj1_L3_out_c                       0x200013e0   Data          12  fc50.o(.bss)
    fc50_obj2_L1_out_a                       0x200013ec   Data          12  fc50.o(.bss)
    fc50_obj2_L1_out_b                       0x200013f8   Data          12  fc50.o(.bss)
    fc50_obj2_L1_out_c                       0x20001404   Data          12  fc50.o(.bss)
    fc50_obj2_L2_out_a                       0x20001410   Data          12  fc50.o(.bss)
    fc50_obj2_L2_out_b                       0x2000141c   Data          12  fc50.o(.bss)
    fc50_obj2_L2_out_c                       0x20001428   Data          12  fc50.o(.bss)
    fc50_obj2_L3_out_a                       0x20001434   Data          12  fc50.o(.bss)
    fc50_obj2_L3_out_b                       0x20001440   Data          12  fc50.o(.bss)
    fc50_obj2_L3_out_c                       0x2000144c   Data          12  fc50.o(.bss)
    fc50_obj1_L1_in                          0x20001458   Data          16  fc50.o(.bss)
    fc50_obj1_L2_in                          0x20001468   Data          16  fc50.o(.bss)
    fc50_obj1_L3_in                          0x20001478   Data          16  fc50.o(.bss)
    fc50_obj2_L1_in                          0x20001488   Data          16  fc50.o(.bss)
    fc50_obj2_L2_in                          0x20001498   Data          16  fc50.o(.bss)
    fc50_obj2_L3_in                          0x200014a8   Data          16  fc50.o(.bss)
    fc50N_obj1_L1_out                        0x200014b8   Data          12  fc50n.o(.bss)
    fc50N_obj1_L2_out                        0x200014c4   Data          12  fc50n.o(.bss)
    fc50N_obj1_L3_out                        0x200014d0   Data          12  fc50n.o(.bss)
    fc50N_obj1_L1_in                         0x200014dc   Data          16  fc50n.o(.bss)
    fc50N_obj1_L2_in                         0x200014ec   Data          16  fc50n.o(.bss)
    fc50N_obj1_L3_in                         0x200014fc   Data          16  fc50n.o(.bss)
    fc51_obj1_out_a                          0x2000150c   Data          12  fc51.o(.bss)
    fc51_obj1_out_b                          0x20001518   Data          12  fc51.o(.bss)
    fc51_obj1_out_c                          0x20001524   Data          12  fc51.o(.bss)
    fc51_obj2_out_a                          0x20001530   Data          12  fc51.o(.bss)
    fc51_obj2_out_b                          0x2000153c   Data          12  fc51.o(.bss)
    fc51_obj2_out_c                          0x20001548   Data          12  fc51.o(.bss)
    fc51_obj1_in                             0x20001554   Data          20  fc51.o(.bss)
    fc51_obj2_in                             0x20001568   Data          20  fc51.o(.bss)
    fc51N_obj1_out                           0x2000157c   Data          12  fc51n.o(.bss)
    fc51N_obj1_in                            0x20001588   Data          20  fc51n.o(.bss)
    fc27_obj1_L1_in                          0x2000159c   Data          12  fc27.o(.bss)
    fc27_obj1_L2_in                          0x200015a8   Data          12  fc27.o(.bss)
    fc59_obj1_L1_out_a                       0x200015b4   Data          12  fc59.o(.bss)
    fc59_obj1_L1_out_b                       0x200015c0   Data          12  fc59.o(.bss)
    fc59_obj1_L1_out_c                       0x200015cc   Data          12  fc59.o(.bss)
    fc59_obj1_L2_out_a                       0x200015d8   Data          12  fc59.o(.bss)
    fc59_obj1_L2_out_b                       0x200015e4   Data          12  fc59.o(.bss)
    fc59_obj1_L2_out_c                       0x200015f0   Data          12  fc59.o(.bss)
    fc59_obj1_L1_in                          0x200015fc   Data          12  fc59.o(.bss)
    fc59_obj1_L2_in                          0x20001608   Data          12  fc59.o(.bss)
    fc46d_obj1_L1_out                        0x20001614   Data          16  fc46.o(.bss)
    fc46i_obj1_L1_out                        0x20001624   Data          16  fc46.o(.bss)
    fc46d_obj1_L1_in                         0x20001634   Data          16  fc46.o(.bss)
    fc46i_obj1_L1_in                         0x20001644   Data          20  fc46.o(.bss)
    fc49_obj1_therm                          0x20001658   Data          20  fc49.o(.bss)
    fc49_obj2_therm                          0x2000166c   Data          20  fc49.o(.bss)
    fcBF_out                                 0x20001680   Data          12  fcbf.o(.bss)
    fcBF_in                                  0x2000168c   Data          24  fcbf.o(.bss)
    fc37_obj1_L1_in                          0x200016a4   Data          12  fc37.o(.bss)
    fc37_obj2_L1_in                          0x200016b0   Data          12  fc37.o(.bss)
    fcUNBd_obj1_L1_out_a                     0x200016bc   Data          16  fcunb.o(.bss)
    fcUNBd_obj1_L1_out_b                     0x200016cc   Data          16  fcunb.o(.bss)
    fcUNBi_obj1_L1_out_a                     0x200016dc   Data          12  fcunb.o(.bss)
    fcUNBi_obj1_L1_out_b                     0x200016e8   Data          12  fcunb.o(.bss)
    phase_cs_UNBa_comp                       0x200016f4   Data          16  fcunb.o(.bss)
    phase_cs_UNBb_comp                       0x20001704   Data          16  fcunb.o(.bss)
    cc_buffer                                0x20001714   Data         400  fcunb.o(.bss)
    cs_buffer                                0x200018a4   Data         400  fcunb.o(.bss)
    fcUNBd_obj1_L1_in                        0x20001a34   Data          16  fcunb.o(.bss)
    pvp_out                                  0x20001a44   Data          12  fcpvp.o(.bss)
    pvp_out_back                             0x20001a50   Data          12  fcpvp.o(.bss)
    fcPVPi_obj1_L1_out_a                     0x20001a5c   Data          12  fcpvp.o(.bss)
    fcPVPi_obj1_L1_out_b                     0x20001a68   Data          12  fcpvp.o(.bss)
    fcPVPi_obj1_L1_out_c                     0x20001a74   Data          12  fcpvp.o(.bss)
    pvp_buf                                  0x20001a80   Data        1212  fcpvp.o(.bss)
    fcPVPd_obj1_L1_in                        0x200023ec   Data          12  fcpvp.o(.bss)
    fcPVPi_obj1_L1_in                        0x200023f8   Data          20  fcpvp.o(.bss)
    pick                                     0x2000240c   Data          12  pickup_handles.o(.bss)
    trip                                     0x20002418   Data          12  pickup_handles.o(.bss)
    pick_words                               0x20002424   Data          12  pickup_handles.o(.bss)
    trip_words                               0x20002430   Data          12  pickup_handles.o(.bss)
    phase_cs_A                               0x20002540   Data          16  cs_handles.o(.bss)
    phase_cs_B                               0x20002550   Data          16  cs_handles.o(.bss)
    phase_cs_C                               0x20002560   Data          16  cs_handles.o(.bss)
    phase_cs_A_out                           0x20002570   Data          44  cs_handles.o(.bss)
    phase_cs_B_out                           0x2000259c   Data          44  cs_handles.o(.bss)
    phase_cs_C_out                           0x200025c8   Data          44  cs_handles.o(.bss)
    sym                                      0x200025f4   Data          24  cs_handles.o(.bss)
    sym_hist                                 0x2000260c   Data          24  cs_handles.o(.bss)
    mag_sym                                  0x20002624   Data          24  cs_handles.o(.bss)
    c_buffer                                 0x2000263c   Data        2400  cs_handles.o(.bss)
    s_buffer                                 0x20002f9c   Data        2400  cs_handles.o(.bss)
    P                                        0x200038fc   Data          28  cs_handles.o(.bss)
    Q                                        0x20003918   Data          28  cs_handles.o(.bss)
    fRMS                                     0x20003934   Data          60  cs_handles.o(.bss)
    tRMS                                     0x20003970   Data          60  truerms.o(.bss)
    backRMS                                  0x200039ac   Data          60  truerms.o(.bss)
    bufferRMS                                0x200039e8   Data        3000  truerms.o(.bss)
    spect_Ia                                 0x200045a0   Data         380  spectra.o(.bss)
    spect_Ib                                 0x2000471c   Data         380  spectra.o(.bss)
    spect_Ic                                 0x20004898   Data         380  spectra.o(.bss)
    thd                                      0x20004a14   Data          12  spectra.o(.bss)
    rawAdc                                   0x20004a20   Data          60  conversion.o(.bss)
    fAdc                                     0x20004a5c   Data          60  conversion.o(.bss)
    offset                                   0x20004a98   Data          60  conversion.o(.bss)
    scale                                    0x20004ad4   Data          60  conversion.o(.bss)
    oc                                       0x20004b10   Data         180  conversion.o(.bss)
    TR                                       0x20004bc4   Data          48  conversion.o(.bss)
    Sys                                      0x20004bf4   Data          36  powersysdata.o(.bss)
    comParams                                0x20004c18   Data        6020  spi_masterslave.o(.bss)
    spiCRC                                   0x2000639c   Data          12  spi_masterslave.o(.bss)
    comParams_uart                           0x200063a8   Data        2996  uart_masterslave.o(.bss)
    uartCRC                                  0x20006f5c   Data          12  uart_masterslave.o(.bss)
    __initial_sp                             0x20007768   Data           0  startup_stm32f767xx.o(STACK)



==============================================================================

Memory Map of the image

  Image Entry point : 0x080001f9

  Load Region LR_IROM1 (Base: 0x08000000, Size: 0x0000bfd8, Max: 0x00200000, ABSOLUTE, COMPRESSED[0x0000bc44])

    Execution Region ER_IROM1 (Base: 0x08000000, Size: 0x0000b0c0, Max: 0x00200000, ABSOLUTE)

    Base Addr    Size         Type   Attr      Idx    E Section Name        Object

    0x08000000   0x000001f8   Data   RO          892    RESET               startup_stm32f767xx.o
    0x080001f8   0x00000000   Code   RO         5759  * .ARM.Collect$$$$00000000  mc_w.l(entry.o)
    0x080001f8   0x00000004   Code   RO         5831    .ARM.Collect$$$$00000001  mc_w.l(entry2.o)
    0x080001fc   0x00000004   Code   RO         5834    .ARM.Collect$$$$00000004  mc_w.l(entry5.o)
    0x08000200   0x00000000   Code   RO         5836    .ARM.Collect$$$$00000008  mc_w.l(entry7b.o)
    0x08000200   0x00000000   Code   RO         5838    .ARM.Collect$$$$0000000A  mc_w.l(entry8b.o)
    0x08000200   0x00000008   Code   RO         5839    .ARM.Collect$$$$0000000B  mc_w.l(entry9a.o)
    0x08000208   0x00000000   Code   RO         5841    .ARM.Collect$$$$0000000D  mc_w.l(entry10a.o)
    0x08000208   0x00000000   Code   RO         5843    .ARM.Collect$$$$0000000F  mc_w.l(entry11a.o)
    0x08000208   0x00000004   Code   RO         5832    .ARM.Collect$$$$00002712  mc_w.l(entry2.o)
    0x0800020c   0x00000024   Code   RO          893    .text               startup_stm32f767xx.o
    0x08000230   0x00000024   Code   RO         5762    .text               mc_w.l(memcpya.o)
    0x08000254   0x00000000   Code   RO         5852    .text               mc_w.l(iusefp.o)
    0x08000254   0x00000004   Code   RO         5853    .text               mf_w.l(fpstat.o)
    0x08000258   0x00000024   Code   RO         5859    .text               mc_w.l(init.o)
    0x0800027c   0x0000005e   Code   RO         5869    .text               mc_w.l(__dclz77c.o)
    0x080002da   0x0000000a   Ven    RO         5871    Veneer$$Code        anon$$obj.o
    0x080002e4   0x0000000a   Ven    RO         5872    Veneer$$Code        anon$$obj.o
    0x080002ee   0x0000000a   Ven    RO         5873    Veneer$$Code        anon$$obj.o
    0x080002f8   0x0000000a   Ven    RO         5874    Veneer$$Code        anon$$obj.o
    0x08000302   0x0000000a   Ven    RO         5875    Veneer$$Code        anon$$obj.o
    0x0800030c   0x0000000a   Ven    RO         5876    Veneer$$Code        anon$$obj.o
    0x08000316   0x0000000a   Ven    RO         5877    Veneer$$Code        anon$$obj.o
    0x08000320   0x0000000a   Ven    RO         5878    Veneer$$Code        anon$$obj.o
    0x0800032a   0x0000000a   Ven    RO         5879    Veneer$$Code        anon$$obj.o
    0x08000334   0x0000000a   Ven    RO         5880    Veneer$$Code        anon$$obj.o
    0x0800033e   0x00000060   Code   RO         2094    i.ADC_MultiModeDMAConvCplt  stm32f7xx_hal_adc_ex.o
    0x0800039e   0x00000012   Code   RO         2095    i.ADC_MultiModeDMAError  stm32f7xx_hal_adc_ex.o
    0x080003b0   0x00000006   Code   RO         2096    i.ADC_MultiModeDMAHalfConvCplt  stm32f7xx_hal_adc_ex.o
    0x080003b6   0x00000002   Code   RO          310    i.BusFault_Handler  stm32f7xx_it.o
    0x080003b8   0x0000000c   Code   RO          311    i.DMA2_Stream0_IRQHandler  stm32f7xx_it.o
    0x080003c4   0x0000000c   Code   RO          312    i.DMA2_Stream1_IRQHandler  stm32f7xx_it.o
    0x080003d0   0x0000000c   Code   RO          313    i.DMA2_Stream2_IRQHandler  stm32f7xx_it.o
    0x080003dc   0x00000002   Code   RO          314    i.DebugMon_Handler  stm32f7xx_it.o
    0x080003de   0x00000002   PAD
    0x080003e0   0x00000010   Code   RO          315    i.EXTI15_10_IRQHandler  stm32f7xx_it.o
    0x080003f0   0x00000078   Code   RO         2105    i.HAL_ADCEx_MultiModeConfigChannel  stm32f7xx_hal_adc_ex.o
    0x08000468   0x00000168   Code   RO         2107    i.HAL_ADCEx_MultiModeStart_DMA  stm32f7xx_hal_adc_ex.o
    0x080005d0   0x000001cc   Code   RO          904    i.HAL_ADC_ConfigChannel  stm32f7xx_hal_adc.o
    0x0800079c   0x000002f8   Code   RO         5249    i.HAL_ADC_ConvCpltCallback  conversion.o
    0x08000a94   0x00000002   Code   RO          906    i.HAL_ADC_ConvHalfCpltCallback  stm32f7xx_hal_adc.o
    0x08000a96   0x00000002   Code   RO          908    i.HAL_ADC_ErrorCallback  stm32f7xx_hal_adc.o
    0x08000a98   0x0000017c   Code   RO          913    i.HAL_ADC_Init      stm32f7xx_hal_adc.o
    0x08000c14   0x0000019c   Code   RO          443    i.HAL_ADC_MspInit   adc.o
    0x08000db0   0x00000110   Code   RO          919    i.HAL_ADC_Start     stm32f7xx_hal_adc.o
    0x08000ec0   0x00000024   Code   RO         2485    i.HAL_DMA_Abort_IT  stm32f7xx_hal_dma.o
    0x08000ee4   0x000001dc   Code   RO         2489    i.HAL_DMA_IRQHandler  stm32f7xx_hal_dma.o
    0x080010c0   0x0000016c   Code   RO         2490    i.HAL_DMA_Init      stm32f7xx_hal_dma.o
    0x0800122c   0x0000009c   Code   RO         2494    i.HAL_DMA_Start_IT  stm32f7xx_hal_dma.o
    0x080012c8   0x00000002   Code   RO          496    i.HAL_GPIO_EXTI_Callback  main.o
    0x080012ca   0x00000002   PAD
    0x080012cc   0x00000018   Code   RO         1426    i.HAL_GPIO_EXTI_IRQHandler  stm32f7xx_hal_gpio.o
    0x080012e4   0x00000250   Code   RO         1427    i.HAL_GPIO_Init     stm32f7xx_hal_gpio.o
    0x08001534   0x0000000a   Code   RO         1429    i.HAL_GPIO_ReadPin  stm32f7xx_hal_gpio.o
    0x0800153e   0x0000000a   Code   RO         1431    i.HAL_GPIO_WritePin  stm32f7xx_hal_gpio.o
    0x08001548   0x0000000c   Code   RO         2312    i.HAL_GetTick       stm32f7xx_hal.o
    0x08001554   0x00000010   Code   RO         2316    i.HAL_IncTick       stm32f7xx_hal.o
    0x08001564   0x00000016   Code   RO         2317    i.HAL_Init          stm32f7xx_hal.o
    0x0800157a   0x00000002   PAD
    0x0800157c   0x00000028   Code   RO         2318    i.HAL_InitTick      stm32f7xx_hal.o
    0x080015a4   0x00000058   Code   RO          286    i.HAL_MspInit       stm32f7xx_hal_msp.o
    0x080015fc   0x00000018   Code   RO         1299    i.HAL_NVIC_EnableIRQ  stm32f7xx_hal_cortex.o
    0x08001614   0x00000060   Code   RO         1305    i.HAL_NVIC_SetPriority  stm32f7xx_hal_cortex.o
    0x08001674   0x00000024   Code   RO         1306    i.HAL_NVIC_SetPriorityGrouping  stm32f7xx_hal_cortex.o
    0x08001698   0x0000007c   Code   RO         2209    i.HAL_PWREx_EnableOverDrive  stm32f7xx_hal_pwr_ex.o
    0x08001714   0x000000cc   Code   RO         3435    i.HAL_QSPI_Init     stm32f7xx_hal_qspi.o
    0x080017e0   0x00000088   Code   RO          215    i.HAL_QSPI_MspInit  quadspi.o
    0x08001868   0x000005dc   Code   RO         2697    i.HAL_RCCEx_PeriphCLKConfig  stm32f7xx_hal_rcc_ex.o
    0x08001e44   0x000001a8   Code   RO         2972    i.HAL_RCC_ClockConfig  stm32f7xx_hal_rcc.o
    0x08001fec   0x0000000c   Code   RO         2977    i.HAL_RCC_GetHCLKFreq  stm32f7xx_hal_rcc.o
    0x08001ff8   0x00000020   Code   RO         2979    i.HAL_RCC_GetPCLK1Freq  stm32f7xx_hal_rcc.o
    0x08002018   0x00000020   Code   RO         2980    i.HAL_RCC_GetPCLK2Freq  stm32f7xx_hal_rcc.o
    0x08002038   0x00000070   Code   RO         2981    i.HAL_RCC_GetSysClockFreq  stm32f7xx_hal_rcc.o
    0x080020a8   0x000003c0   Code   RO         2984    i.HAL_RCC_OscConfig  stm32f7xx_hal_rcc.o
    0x08002468   0x000000ca   Code   RO         1073    i.HAL_RTC_Init      stm32f7xx_hal_rtc.o
    0x08002532   0x00000002   PAD
    0x08002534   0x00000020   Code   RO          173    i.HAL_RTC_MspInit   rtc.o
    0x08002554   0x00000002   Code   RO         4375    i.HAL_SPI_ErrorCallback  stm32f7xx_hal_spi.o
    0x08002556   0x00000002   PAD
    0x08002558   0x000000f8   Code   RO         4378    i.HAL_SPI_IRQHandler  stm32f7xx_hal_spi.o
    0x08002650   0x000000d2   Code   RO         4379    i.HAL_SPI_Init      stm32f7xx_hal_spi.o
    0x08002722   0x00000002   PAD
    0x08002724   0x00000064   Code   RO          640    i.HAL_SPI_MspInit   spi.o
    0x08002788   0x000000a0   Code   RO         4392    i.HAL_SPI_Transmit_IT  stm32f7xx_hal_spi.o
    0x08002828   0x00000020   Code   RO         5482    i.HAL_SPI_TxCpltCallback  spi_masterslave.o
    0x08002848   0x00000016   Code   RO         1308    i.HAL_SYSTICK_CLKSourceConfig  stm32f7xx_hal_cortex.o
    0x0800285e   0x00000002   Code   RO         1309    i.HAL_SYSTICK_Callback  stm32f7xx_hal_cortex.o
    0x08002860   0x00000028   Code   RO         1310    i.HAL_SYSTICK_Config  stm32f7xx_hal_cortex.o
    0x08002888   0x00000008   Code   RO         1311    i.HAL_SYSTICK_IRQHandler  stm32f7xx_hal_cortex.o
    0x08002890   0x00000002   Code   RO         3108    i.HAL_TIMEx_BreakCallback  stm32f7xx_hal_tim_ex.o
    0x08002892   0x00000002   Code   RO         3109    i.HAL_TIMEx_CommutationCallback  stm32f7xx_hal_tim_ex.o
    0x08002894   0x0000005e   Code   RO         3127    i.HAL_TIMEx_MasterConfigSynchronization  stm32f7xx_hal_tim_ex.o
    0x080028f2   0x00000036   Code   RO         1492    i.HAL_TIM_Base_Init  stm32f7xx_hal_tim.o
    0x08002928   0x0000005c   Code   RO            5    i.HAL_TIM_Base_MspInit  tim.o
    0x08002984   0x00000018   Code   RO         1497    i.HAL_TIM_Base_Start_IT  stm32f7xx_hal_tim.o
    0x0800299c   0x000001d4   Code   RO         1501    i.HAL_TIM_ConfigClockSource  stm32f7xx_hal_tim.o
    0x08002b70   0x00000002   Code   RO         1521    i.HAL_TIM_IC_CaptureCallback  stm32f7xx_hal_tim.o
    0x08002b72   0x00000184   Code   RO         1534    i.HAL_TIM_IRQHandler  stm32f7xx_hal_tim.o
    0x08002cf6   0x00000002   Code   RO         1537    i.HAL_TIM_OC_DelayElapsedCallback  stm32f7xx_hal_tim.o
    0x08002cf8   0x00000002   Code   RO         1564    i.HAL_TIM_PWM_PulseFinishedCallback  stm32f7xx_hal_tim.o
    0x08002cfa   0x00000002   Code   RO         1571    i.HAL_TIM_PeriodElapsedCallback  stm32f7xx_hal_tim.o
    0x08002cfc   0x00000002   Code   RO         1575    i.HAL_TIM_TriggerCallback  stm32f7xx_hal_tim.o
    0x08002cfe   0x00000002   Code   RO         4120    i.HAL_UART_ErrorCallback  stm32f7xx_hal_uart.o
    0x08002d00   0x00000290   Code   RO         4123    i.HAL_UART_IRQHandler  stm32f7xx_hal_uart.o
    0x08002f90   0x0000006e   Code   RO         4124    i.HAL_UART_Init     stm32f7xx_hal_uart.o
    0x08002ffe   0x00000002   PAD
    0x08003000   0x00000060   Code   RO          598    i.HAL_UART_MspInit  usart.o
    0x08003060   0x00000096   Code   RO         4129    i.HAL_UART_Receive_IT  stm32f7xx_hal_uart.o
    0x080030f6   0x00000002   PAD
    0x080030f8   0x00000050   Code   RO         5535    i.HAL_UART_RxCpltCallback  uart_masterslave.o
    0x08003148   0x00000020   Code   RO         5536    i.HAL_UART_TxCpltCallback  uart_masterslave.o
    0x08003168   0x00000002   Code   RO          316    i.HardFault_Handler  stm32f7xx_it.o
    0x0800316a   0x00000002   PAD
    0x0800316c   0x000000f8   Code   RO          444    i.MX_ADC1_Init      adc.o
    0x08003264   0x000000d0   Code   RO          445    i.MX_ADC2_Init      adc.o
    0x08003334   0x000000d0   Code   RO          446    i.MX_ADC3_Init      adc.o
    0x08003404   0x0000002c   Code   RO          259    i.MX_DMA_Init       dma.o
    0x08003430   0x00000238   Code   RO          573    i.MX_GPIO_Init      gpio.o
    0x08003668   0x00000054   Code   RO          216    i.MX_QUADSPI_Init   quadspi.o
    0x080036bc   0x0000004c   Code   RO          174    i.MX_RTC_Init       rtc.o
    0x08003708   0x00000064   Code   RO          641    i.MX_SPI2_Init      spi.o
    0x0800376c   0x00000080   Code   RO            6    i.MX_TIM1_Init      tim.o
    0x080037ec   0x00000060   Code   RO            7    i.MX_TIM6_Init      tim.o
    0x0800384c   0x00000054   Code   RO          599    i.MX_USART2_UART_Init  usart.o
    0x080038a0   0x00000002   Code   RO          317    i.MemManage_Handler  stm32f7xx_it.o
    0x080038a2   0x00000002   Code   RO          318    i.NMI_Handler       stm32f7xx_it.o
    0x080038a4   0x00000002   Code   RO          319    i.PendSV_Handler    stm32f7xx_it.o
    0x080038a6   0x00000058   Code   RO         3460    i.QSPI_WaitFlagStateUntilTimeout  stm32f7xx_hal_qspi.o
    0x080038fe   0x00000002   PAD
    0x08003900   0x0000000c   Code   RO          320    i.SPI2_IRQHandler   stm32f7xx_it.o
    0x0800390c   0x00000012   Code   RO         4403    i.SPI_DMAAbortOnError  stm32f7xx_hal_spi.o
    0x0800391e   0x0000004a   Code   RO         4413    i.SPI_EndRxTxTransaction  stm32f7xx_hal_spi.o
    0x08003968   0x00000068   Code   RO         4416    i.SPI_TxISR_16BIT   stm32f7xx_hal_spi.o
    0x080039d0   0x00000066   Code   RO         4417    i.SPI_TxISR_8BIT    stm32f7xx_hal_spi.o
    0x08003a36   0x00000002   PAD
    0x08003a38   0x0000009c   Code   RO         4418    i.SPI_WaitFifoStateUntilTimeout  stm32f7xx_hal_spi.o
    0x08003ad4   0x0000008c   Code   RO         4419    i.SPI_WaitFlagStateUntilTimeout  stm32f7xx_hal_spi.o
    0x08003b60   0x00000002   Code   RO          321    i.SVC_Handler       stm32f7xx_it.o
    0x08003b62   0x00000016   Code   RO          322    i.SysTick_Handler   stm32f7xx_it.o
    0x08003b78   0x000000c4   Code   RO          497    i.SystemClock_Config  main.o
    0x08003c3c   0x00000060   Code   RO         4676    i.SystemInit        system_stm32f7xx.o
    0x08003c9c   0x0000000c   Code   RO          323    i.TIM1_UP_TIM10_IRQHandler  stm32f7xx_it.o
    0x08003ca8   0x000000c8   Code   RO         1576    i.TIM_Base_SetConfig  stm32f7xx_hal_tim.o
    0x08003d70   0x000000da   Code   RO         4137    i.UART_AdvFeatureConfig  stm32f7xx_hal_uart.o
    0x08003e4a   0x00000044   Code   RO         4138    i.UART_CheckIdleState  stm32f7xx_hal_uart.o
    0x08003e8e   0x00000014   Code   RO         4139    i.UART_DMAAbortOnError  stm32f7xx_hal_uart.o
    0x08003ea2   0x00000002   PAD
    0x08003ea4   0x000002bc   Code   RO         4145    i.UART_SetConfig    stm32f7xx_hal_uart.o
    0x08004160   0x00000076   Code   RO         4146    i.UART_WaitOnFlagUntilTimeout  stm32f7xx_hal_uart.o
    0x080041d6   0x00000002   PAD
    0x080041d8   0x0000000c   Code   RO          324    i.USART2_IRQHandler  stm32f7xx_it.o
    0x080041e4   0x00000002   Code   RO          325    i.UsageFault_Handler  stm32f7xx_it.o
    0x080041e6   0x00000002   Code   RO          498    i._Error_Handler    main.o
    0x080041e8   0x00000030   Code   RO         5855    i.__ARM_fpclassify  m_wv.l(fpclassify.o)
    0x08004218   0x00000026   Code   RO         5803    i.__ARM_fpclassifyf  m_wv.l(fpclassifyf.o)
    0x0800423e   0x00000002   PAD
    0x08004240   0x00000200   Code   RO         5766    i.__hardfp_atan     m_wv.l(atan.o)
    0x08004440   0x000001c0   Code   RO         5685    i.__hardfp_atan2    m_wv.l(atan2.o)
    0x08004600   0x00000258   Code   RO         5697    i.__hardfp_atan2f   m_wv.l(atan2f.o)
    0x08004858   0x00000658   Code   RO         5709    i.__hardfp_powf     m_wv.l(powf.o)
    0x08004eb0   0x000000b0   Code   RO         5723    i.__hardfp_sin      m_wv.l(sin.o)
    0x08004f60   0x00000066   Code   RO         5735    i.__hardfp_sqrt     m_wv.l(sqrt.o)
    0x08004fc6   0x0000003a   Code   RO         5747    i.__hardfp_sqrtf    m_wv.l(sqrtf.o)
    0x08005000   0x00000310   Code   RO         5820    i.__ieee754_rem_pio2  m_wv.l(rred.o)
    0x08005310   0x000000e0   Code   RO         5780    i.__kernel_cos      m_wv.l(cos_i.o)
    0x080053f0   0x00000070   Code   RO         5857    i.__kernel_poly     m_wv.l(poly.o)
    0x08005460   0x000000a8   Code   RO         5825    i.__kernel_sin      m_wv.l(sin_i.o)
    0x08005508   0x00000006   Code   RO         5784    i.__mathlib_dbl_infnan  m_wv.l(dunder.o)
    0x0800550e   0x00000006   Code   RO         5785    i.__mathlib_dbl_infnan2  m_wv.l(dunder.o)
    0x08005514   0x00000004   PAD
    0x08005518   0x00000018   Code   RO         5786    i.__mathlib_dbl_invalid  m_wv.l(dunder.o)
    0x08005530   0x00000018   Code   RO         5789    i.__mathlib_dbl_underflow  m_wv.l(dunder.o)
    0x08005548   0x00000018   Code   RO         5805    i.__mathlib_flt_divzero  m_wv.l(funder.o)
    0x08005560   0x00000006   Code   RO         5807    i.__mathlib_flt_infnan2  m_wv.l(funder.o)
    0x08005566   0x00000002   PAD
    0x08005568   0x00000010   Code   RO         5808    i.__mathlib_flt_invalid  m_wv.l(funder.o)
    0x08005578   0x00000010   Code   RO         5809    i.__mathlib_flt_overflow  m_wv.l(funder.o)
    0x08005588   0x00000010   Code   RO         5811    i.__mathlib_flt_underflow  m_wv.l(funder.o)
    0x08005598   0x0000000e   Code   RO         5863    i.__scatterload_copy  mc_w.l(handlers.o)
    0x080055a6   0x00000002   Code   RO         5864    i.__scatterload_null  mc_w.l(handlers.o)
    0x080055a8   0x0000000e   Code   RO         5865    i.__scatterload_zeroinit  mc_w.l(handlers.o)
    0x080055b6   0x00000002   PAD
    0x080055b8   0x0000000c   Code   RO         5847    i.__set_errno       mc_w.l(errno.o)
    0x080055c4   0x000000f8   Code   RO         5145    i.alarms            alarms.o
    0x080056bc   0x00000010   Code   RO         5768    i.atan              m_wv.l(atan.o)
    0x080056cc   0x0000024c   Code   RO         5322    i.boardIO           boardio.o
    0x08005918   0x000000a4   Code   RO         5172    i.cs_PQ_combination  cs_handles.o
    0x080059bc   0x00000368   Code   RO         5173    i.cs_handles        cs_handles.o
    0x08005d24   0x0000006c   Code   RO         5361    i.dpm_mergeDWord    dataparsermerger.o
    0x08005d90   0x00000060   Code   RO         5362    i.dpm_mergeFloat    dataparsermerger.o
    0x08005df0   0x00000052   Code   RO         5363    i.dpm_parseDWord    dataparsermerger.o
    0x08005e42   0x00000002   PAD
    0x08005e44   0x00000060   Code   RO         5364    i.dpm_parseFloat    dataparsermerger.o
    0x08005ea4   0x00000018   Code   RO         5799    i.fabs              m_wv.l(fabs.o)
    0x08005ebc   0x0000007c   Code   RO          766    i.fc27              protection_functions.o
    0x08005f38   0x000000ec   Code   RO         4842    i.fc27_all          fc27.o
    0x08006024   0x00000020   Code   RO         4843    i.fc27_init         fc27.o
    0x08006044   0x00000074   Code   RO          767    i.fc37              protection_functions.o
    0x080060b8   0x0000016c   Code   RO         4989    i.fc37_all          fc37.o
    0x08006224   0x00000020   Code   RO         4990    i.fc37_init         fc37.o
    0x08006244   0x00000088   Code   RO         4899    i.fc46_all          fc46.o
    0x080062cc   0x00000044   Code   RO         4900    i.fc46_init         fc46.o
    0x08006310   0x00000158   Code   RO          768    i.fc46d             protection_functions.o
    0x08006468   0x0000014c   Code   RO          769    i.fc46i             protection_functions.o
    0x080065b4   0x0000004c   Code   RO          770    i.fc49              protection_functions.o
    0x08006600   0x0000011c   Code   RO         4923    i.fc49_all          fc49.o
    0x0800671c   0x00000058   Code   RO         4924    i.fc49_init         fc49.o
    0x08006774   0x000000e4   Code   RO          771    i.fc50              protection_functions.o
    0x08006858   0x00000090   Code   RO         4764    i.fc50N_all         fc50n.o
    0x080068e8   0x00000020   Code   RO         4765    i.fc50N_init        fc50n.o
    0x08006908   0x00000258   Code   RO         4734    i.fc50_all          fc50.o
    0x08006b60   0x00000030   Code   RO         4735    i.fc50_init         fc50.o
    0x08006b90   0x000000f0   Code   RO          772    i.fc51              protection_functions.o
    0x08006c80   0x00000048   Code   RO         4816    i.fc51N_all         fc51n.o
    0x08006cc8   0x0000003c   Code   RO         4817    i.fc51N_init        fc51n.o
    0x08006d04   0x000000f4   Code   RO         4790    i.fc51_all          fc51.o
    0x08006df8   0x0000004c   Code   RO         4791    i.fc51_init         fc51.o
    0x08006e44   0x00000060   Code   RO          773    i.fc59              protection_functions.o
    0x08006ea4   0x000000b4   Code   RO         4877    i.fc59_all          fc59.o
    0x08006f58   0x0000001c   Code   RO         4878    i.fc59_init         fc59.o
    0x08006f74   0x00000118   Code   RO          774    i.fcBF              protection_functions.o
    0x0800708c   0x000000ec   Code   RO         4951    i.fcBF_all          fcbf.o
    0x08007178   0x0000001c   Code   RO         4952    i.fcBF_init         fcbf.o
    0x08007194   0x0000021c   Code   RO         5056    i.fcPVP_all         fcpvp.o
    0x080073b0   0x0000001c   Code   RO         5057    i.fcPVP_init        fcpvp.o
    0x080073cc   0x00000070   Code   RO          775    i.fcPVPd            protection_functions.o
    0x0800743c   0x000000c0   Code   RO          776    i.fcPVPi            protection_functions.o
    0x080074fc   0x000001b8   Code   RO         5021    i.fcUNB_all         fcunb.o
    0x080076b4   0x0000002c   Code   RO         5022    i.fcUNB_init        fcunb.o
    0x080076e0   0x000000e8   Code   RO         5023    i.fcUNB_initial_dt  fcunb.o
    0x080077c8   0x00000070   Code   RO          777    i.fcUNBd            protection_functions.o
    0x08007838   0x000000d8   Code   RO          778    i.fcUNBi            protection_functions.o
    0x08007910   0x0000003a   Code   RO         5292    i.initFunctions     initfunctions.o
    0x0800794a   0x00000002   PAD
    0x0800794c   0x000000f4   Code   RO         5250    i.init_conversion   conversion.o
    0x08007a40   0x0000072c   Code   RO         4710    i.init_protection   init_protection.o
    0x0800816c   0x00000150   Code   RO          499    i.main              main.o
    0x080082bc   0x0000004e   Code   RO         5661    i.main_flow         main_flow.o
    0x0800830a   0x0000000a   Code   RO          779    i.maxSelector_3p    protection_functions.o
    0x08008314   0x0000000a   Code   RO          780    i.minSelector_3p    protection_functions.o
    0x0800831e   0x00000042   Code   RO          781    i.off_delay         protection_functions.o
    0x08008360   0x0000002c   Code   RO          783    i.on_off_delay      protection_functions.o
    0x0800838c   0x00000012   Code   RO         5091    i.pick_trip_reset_handles  pickup_handles.o
    0x0800839e   0x00000002   PAD
    0x080083a0   0x00000970   Code   RO         5092    i.pick_up_handles   pickup_handles.o
    0x08008d10   0x000004be   Code   RO         5634    i.pullDataFromMaster  configparams.o
    0x080091ce   0x00000002   PAD
    0x080091d0   0x000006b8   Code   RO         5589    i.pushDataToMaster  commparams.o
    0x08009888   0x00000188   Code   RO          784    i.pvp_curve         protection_functions.o
    0x08009a10   0x000004c4   Code   RO         5093    i.reset_handles     pickup_handles.o
    0x08009ed4   0x00000002   Code   RO         5483    i.spi_initComApp    spi_masterslave.o
    0x08009ed6   0x00000002   PAD
    0x08009ed8   0x00000340   Code   RO         5484    i.spi_runComApp     spi_masterslave.o
    0x0800a218   0x00000044   Code   RO         5485    i.spi_sysTickCallApp  spi_masterslave.o
    0x0800a25c   0x00000700   Code   RO         5094    i.trip_handles      pickup_handles.o
    0x0800a95c   0x00000140   Code   RO         5210    i.trueRMS           truerms.o
    0x0800aa9c   0x00000014   Code   RO         5537    i.uart_initComApp   uart_masterslave.o
    0x0800aab0   0x00000184   Code   RO         5538    i.uart_runComApp    uart_masterslave.o
    0x0800ac34   0x00000040   Code   RO         5539    i.uart_sysTickCallApp  uart_masterslave.o
    0x0800ac74   0x00000008   Data   RO         2496    .constdata          stm32f7xx_hal_dma.o
    0x0800ac7c   0x00000010   Data   RO         4677    .constdata          system_stm32f7xx.o
    0x0800ac8c   0x00000008   Data   RO         4678    .constdata          system_stm32f7xx.o
    0x0800ac94   0x00000010   Data   RO         4737    .constdata          fc50.o
    0x0800aca4   0x00000010   Data   RO         4767    .constdata          fc50n.o
    0x0800acb4   0x00000014   Data   RO         4793    .constdata          fc51.o
    0x0800acc8   0x00000014   Data   RO         4819    .constdata          fc51n.o
    0x0800acdc   0x0000000c   Data   RO         4845    .constdata          fc27.o
    0x0800ace8   0x0000000c   Data   RO         4880    .constdata          fc59.o
    0x0800acf4   0x00000024   Data   RO         4903    .constdata          fc46.o
    0x0800ad18   0x00000018   Data   RO         4926    .constdata          fc49.o
    0x0800ad30   0x00000018   Data   RO         4954    .constdata          fcbf.o
    0x0800ad48   0x0000000c   Data   RO         4992    .constdata          fc37.o
    0x0800ad54   0x00000018   Data   RO         5025    .constdata          fcunb.o
    0x0800ad6c   0x00000020   Data   RO         5061    .constdata          fcpvp.o
    0x0800ad8c   0x00000140   Data   RO         5712    .constdata          m_wv.l(powf.o)
    0x0800aecc   0x00000004   PAD
    0x0800aed0   0x00000098   Data   RO         5769    .constdata          m_wv.l(atan.o)
    0x0800af68   0x00000030   Data   RO         5781    .constdata          m_wv.l(cos_i.o)
    0x0800af98   0x00000008   Data   RO         5819    .constdata          m_wv.l(qnan.o)
    0x0800afa0   0x000000c8   Data   RO         5822    .constdata          m_wv.l(rred.o)
    0x0800b068   0x00000028   Data   RO         5826    .constdata          m_wv.l(sin_i.o)
    0x0800b090   0x00000030   Data   RO         5861    Region$$Table       anon$$obj.o


    Execution Region RW_IRAM1 (Base: 0x20000000, Size: 0x00007768, Max: 0x0001ffff, ABSOLUTE, COMPRESSED[0x000002c8])

    Base Addr    Size         Type   Attr      Idx    E Section Name        Object

    0x20000000   0x0000000a   Ven    RO         5881    Veneer$$Code        anon$$obj.o
    0x2000000a   0x0000000a   Ven    RO         5882    Veneer$$Code        anon$$obj.o
    0x20000014   0x0000000a   Ven    RO         5883    Veneer$$Code        anon$$obj.o
    0x2000001e   0x0000000a   Ven    RO         5884    Veneer$$Code        anon$$obj.o
    0x20000028   0x00000158   Code   RO          678    i.cs_computations   measurement_functions.o
    0x20000180   0x000000b2   Code   RO          679    i.cs_generation     measurement_functions.o
    0x20000232   0x00000002   PAD
    0x20000234   0x000000ac   Code   RO          680    i.peak_detect_rms   measurement_functions.o
    0x200002e0   0x00000034   Code   RO          681    i.prefilter_oc      measurement_functions.o
    0x20000314   0x000000b2   Code   RO          683    i.pvp_post_filter   measurement_functions.o
    0x200003c6   0x00000002   PAD
    0x200003c8   0x000000a4   Code   RO          684    i.signal_spectra    measurement_functions.o
    0x2000046c   0x00000068   Code   RO          685    i.signal_thd        measurement_functions.o
    0x200004d4   0x000000ec   Code   RO         5230    i.spectral_analysis  spectra.o
    0x200005c0   0x00000088   Code   RO          686    i.sym_comp          measurement_functions.o
    0x20000648   0x0000018c   Code   RO          687    i.sym_mag           measurement_functions.o
    0x200007d4   0x00000078   Code   RO          688    i.thermal_status    measurement_functions.o
    0x2000084c   0x00000070   Code   RO          689    i.true_rms          measurement_functions.o
    0x200008bc   0x00000008   Data   RW          501    .data               main.o
    0x200008c4   0x00000004   Data   RW         2323    .data               stm32f7xx_hal.o
    0x200008c8   0x00000004   Data   RW         4679    .data               system_stm32f7xx.o
    0x200008cc   0x0000006c   Data   RW         4712    .data               init_protection.o
    0x20000938   0x00000018   Data   RW         4846    .data               fc27.o
    0x20000950   0x00000001   Data   RW         4904    .data               fc46.o
    0x20000951   0x00000003   PAD
    0x20000954   0x00000038   Data   RW         4927    .data               fc49.o
    0x2000098c   0x0000003c   Data   RW         4993    .data               fc37.o
    0x200009c8   0x00000020   Data   RW         5026    .data               fcunb.o
    0x200009e8   0x000001c4   Data   RW         5062    .data               fcpvp.o
    0x20000bac   0x00000002   Data   RW         5096    .data               pickup_handles.o
    0x20000bae   0x00000001   Data   RW         5147    .data               alarms.o
    0x20000baf   0x00000001   PAD
    0x20000bb0   0x000001a8   Data   RW         5178    .data               cs_handles.o
    0x20000d58   0x00000001   Data   RW         5212    .data               truerms.o
    0x20000d59   0x00000003   PAD
    0x20000d5c   0x00000194   Data   RW         5232    .data               spectra.o
    0x20000ef0   0x00000008   Data   RW         5252    .data               conversion.o
    0x20000ef8   0x00000004   Data   RW         5253    .data               conversion.o
    0x20000efc   0x00000008   Data   RW         5323    .data               boardio.o
    0x20000f04   0x00000004   Data   RW         5365    .data               dataparsermerger.o
    0x20000f08   0x0000000c   Data   RW         5635    .data               configparams.o
    0x20000f14   0x00000004   Data   RW         5848    .data               mc_w.l(errno.o)
    0x20000f18   0x00000080   Zero   RW            8    .bss                tim.o
    0x20000f98   0x00000020   Zero   RW          175    .bss                rtc.o
    0x20000fb8   0x0000004c   Zero   RW          217    .bss                quadspi.o
    0x20001004   0x000001f8   Zero   RW          447    .bss                adc.o
    0x200011fc   0x0000003c   Zero   RW          500    .bss                main.o
    0x20001238   0x00000070   Zero   RW          600    .bss                usart.o
    0x200012a8   0x00000064   Zero   RW          642    .bss                spi.o
    0x2000130c   0x00000074   Zero   RW         4711    .bss                init_protection.o
    0x20001380   0x00000138   Zero   RW         4736    .bss                fc50.o
    0x200014b8   0x00000054   Zero   RW         4766    .bss                fc50n.o
    0x2000150c   0x00000070   Zero   RW         4792    .bss                fc51.o
    0x2000157c   0x00000020   Zero   RW         4818    .bss                fc51n.o
    0x2000159c   0x00000018   Zero   RW         4844    .bss                fc27.o
    0x200015b4   0x00000060   Zero   RW         4879    .bss                fc59.o
    0x20001614   0x00000044   Zero   RW         4901    .bss                fc46.o
    0x20001658   0x00000028   Zero   RW         4925    .bss                fc49.o
    0x20001680   0x00000024   Zero   RW         4953    .bss                fcbf.o
    0x200016a4   0x00000018   Zero   RW         4991    .bss                fc37.o
    0x200016bc   0x00000388   Zero   RW         5024    .bss                fcunb.o
    0x20001a44   0x000009c8   Zero   RW         5060    .bss                fcpvp.o
    0x2000240c   0x00000128   Zero   RW         5095    .bss                pickup_handles.o
    0x20002534   0x0000000c   Zero   RW         5146    .bss                alarms.o
    0x20002540   0x00001430   Zero   RW         5174    .bss                cs_handles.o
    0x20003970   0x00000c30   Zero   RW         5211    .bss                truerms.o
    0x200045a0   0x00000480   Zero   RW         5231    .bss                spectra.o
    0x20004a20   0x000001d4   Zero   RW         5251    .bss                conversion.o
    0x20004bf4   0x00000024   Zero   RW         5307    .bss                powersysdata.o
    0x20004c18   0x00001790   Zero   RW         5486    .bss                spi_masterslave.o
    0x200063a8   0x00000bc0   Zero   RW         5540    .bss                uart_masterslave.o
    0x20006f68   0x00000800   Zero   RW          890    STACK               startup_stm32f767xx.o


==============================================================================

Image component sizes


      Code (inc. data)   RO Data    RW Data    ZI Data      Debug   Object Name

      1076        136          0          0        504       3797   adc.o
       248         26          0          1         12       2161   alarms.o
       588         28          0          8          0       1998   boardio.o
      1720        224          0          0          0       1691   commparams.o
      1214        160          0         12          0       7312   configparams.o
      1004         78          0         12        468       4411   conversion.o
      1036         42          0        424       5168       5756   cs_handles.o
       382          8          0          4          0       4150   dataparsermerger.o
        44          4          0          0          0        774   dma.o
       268         44         12         24         24       2453   fc27.o
       396         74         12         60         24       1835   fc37.o
       204         34         36          1         68       1979   fc46.o
       372         32         24         56         40       2157   fc49.o
       648         88         16          0        312       2699   fc50.o
       176         40         16          0         84       1516   fc50n.o
       320         36         20          0        112       1763   fc51.o
       132         34         20          0         32       1340   fc51n.o
       208         24         12          0         96       1559   fc59.o
       264         38         24          0         36       1406   fcbf.o
       568         66         32        452       2504       2818   fcpvp.o
       716        104         24         32        904       3427   fcunb.o
       568         38          0          0          0       1255   gpio.o
      1836        134          0        108        116      10360   init_protection.o
        58          0          0          0          0        536   initfunctions.o
       536         62          0          8         60      38470   main.o
        78          0          0          0          0        548   main_flow.o
      1956         94          0          0          0      11772   measurement_functions.o
      5446        794          0          2        296      14420   pickup_handles.o
         0          0          0          0         36        954   powersysdata.o
      2990        256          0          0          0      19185   protection_functions.o
       220         48          0          0         76       1753   quadspi.o
       108         30          0          0         32       1475   rtc.o
       236         30          0        404       1152       1369   spectra.o
       200         36          0          0        100       1705   spi.o
       934         28          0          0       6032       6382   spi_masterslave.o
        36          8        504          0       2048        816   startup_stm32f767xx.o
        90         18          0          4          0       3263   stm32f7xx_hal.o
      1116         42          0          0          0       4834   stm32f7xx_hal_adc.o
       600         34          0          0          0       4358   stm32f7xx_hal_adc_ex.o
       228         14          0          0          0      36741   stm32f7xx_hal_cortex.o
      1032         26          8          0          0       5170   stm32f7xx_hal_dma.o
       636         24          0          0          0       3826   stm32f7xx_hal_gpio.o
        88          0          0          0          0        538   stm32f7xx_hal_msp.o
       124          8          0          0          0       1276   stm32f7xx_hal_pwr_ex.o
       292          4          0          0          0       2912   stm32f7xx_hal_qspi.o
      1572        112          0          0          0       5878   stm32f7xx_hal_rcc.o
      1500         36          0          0          0       2336   stm32f7xx_hal_rcc_ex.o
       202          0          0          0          0       1609   stm32f7xx_hal_rtc.o
      1214         14          0          0          0       9251   stm32f7xx_hal_spi.o
      1144         20          0          0          0       9959   stm32f7xx_hal_tim.o
        98          0          0          0          0       2798   stm32f7xx_hal_tim_ex.o
      2042         42          0          0          0       9232   stm32f7xx_hal_uart.o
       126         40          0          0          0       7604   stm32f7xx_it.o
        96         20         24          4          0       1263   system_stm32f7xx.o
       316         58          0          0        128     902187   tim.o
       320         18          0          1       3120       3233   truerms.o
       584         42          0          0       3008       6482   uart_masterslave.o
       180         32          0          0        112       1722   usart.o

    ----------------------------------------------------------------------
     40566       3482        832       1624      26704    1194474   Object Totals
       140          0         48          0          0          0   (incl. Generated)
        40          0          0          7          0          0   (incl. Padding)

    ----------------------------------------------------------------------

      Code (inc. data)   RO Data    RW Data    ZI Data      Debug   Library Member Name

       528        110        152          0          0        348   atan.o
       448         68          0          0          0        180   atan2.o
       600         98          0          0          0        184   atan2f.o
       224         42         48          0          0        184   cos_i.o
        60         28          0          0          0        464   dunder.o
        24          0          0          0          0        124   fabs.o
        48          0          0          0          0        124   fpclassify.o
        38          0          0          0          0        116   fpclassifyf.o
        78         28          0          0          0        580   funder.o
       112          0          0          0          0        116   poly.o
      1624        130        320          0          0        400   powf.o
         0          0          8          0          0          0   qnan.o
       784        138        200          0          0        172   rred.o
       176         18          0          0          0        160   sin.o
       168         24         40          0          0        196   sin_i.o
       102          0          0          0          0        140   sqrt.o
        58          0          0          0          0        136   sqrtf.o
        94          0          0          0          0          0   __dclz77c.o
         0          0          0          0          0          0   entry.o
         0          0          0          0          0          0   entry10a.o
         0          0          0          0          0          0   entry11a.o
         8          4          0          0          0          0   entry2.o
         4          0          0          0          0          0   entry5.o
         0          0          0          0          0          0   entry7b.o
         0          0          0          0          0          0   entry8b.o
         8          4          0          0          0          0   entry9a.o
        12          6          0          4          0         68   errno.o
        30          0          0          0          0          0   handlers.o
        36          8          0          0          0         68   init.o
         0          0          0          0          0          0   iusefp.o
        36          0          0          0          0         68   memcpya.o
         4          0          0          0          0         68   fpstat.o

    ----------------------------------------------------------------------
      5314        706        772          4          0       3896   Library Totals
        10          0          4          0          0          0   (incl. Padding)

    ----------------------------------------------------------------------

      Code (inc. data)   RO Data    RW Data    ZI Data      Debug   Library Name

      5072        684        768          0          0       3624   m_wv.l
       228         22          0          4          0        204   mc_w.l
         4          0          0          0          0         68   mf_w.l

    ----------------------------------------------------------------------
      5314        706        772          4          0       3896   Library Totals

    ----------------------------------------------------------------------

==============================================================================


      Code (inc. data)   RO Data    RW Data    ZI Data      Debug   

     45880       4188       1604       1628      26704    1178702   Grand Totals
     45880       4188       1604        712      26704    1178702   ELF Image Totals (compressed)
     45880       4188       1604        712          0          0   ROM Totals

==============================================================================

    Total RO  Size (Code + RO Data)                47484 (  46.37kB)
    Total RW  Size (RW Data + ZI Data)             28332 (  27.67kB)
    Total ROM Size (Code + RO Data + RW Data)      48196 (  47.07kB)

==============================================================================

