Component: ARM Compiler 5.06 update 3 (build 300) Tool: armlink [4d35c9]

==============================================================================

Section Cross References

    tim.o(i.HAL_TIM_Base_MspDeInit) refers to stm32f7xx_hal_cortex.o(i.HAL_NVIC_DisableIRQ) for HAL_NVIC_DisableIRQ
    tim.o(i.HAL_TIM_Base_MspInit) refers to stm32f7xx_hal_cortex.o(i.HAL_NVIC_SetPriority) for HAL_NVIC_SetPriority
    tim.o(i.HAL_TIM_Base_MspInit) refers to stm32f7xx_hal_cortex.o(i.HAL_NVIC_EnableIRQ) for HAL_NVIC_EnableIRQ
    tim.o(i.MX_TIM1_Init) refers to stm32f7xx_hal_tim.o(i.HAL_TIM_Base_Init) for HAL_TIM_Base_Init
    tim.o(i.MX_TIM1_Init) refers to main.o(i._Error_Handler) for _Error_Handler
    tim.o(i.MX_TIM1_Init) refers to stm32f7xx_hal_tim.o(i.HAL_TIM_ConfigClockSource) for HAL_TIM_ConfigClockSource
    tim.o(i.MX_TIM1_Init) refers to stm32f7xx_hal_tim_ex.o(i.HAL_TIMEx_MasterConfigSynchronization) for HAL_TIMEx_MasterConfigSynchronization
    tim.o(i.MX_TIM1_Init) refers to tim.o(.bss) for .bss
    tim.o(i.MX_TIM6_Init) refers to stm32f7xx_hal_tim.o(i.HAL_TIM_Base_Init) for HAL_TIM_Base_Init
    tim.o(i.MX_TIM6_Init) refers to main.o(i._Error_Handler) for _Error_Handler
    tim.o(i.MX_TIM6_Init) refers to stm32f7xx_hal_tim_ex.o(i.HAL_TIMEx_MasterConfigSynchronization) for HAL_TIMEx_MasterConfigSynchronization
    tim.o(i.MX_TIM6_Init) refers to tim.o(.bss) for .bss
    rtc.o(i.MX_RTC_Init) refers to stm32f7xx_hal_rtc.o(i.HAL_RTC_Init) for HAL_RTC_Init
    rtc.o(i.MX_RTC_Init) refers to main.o(i._Error_Handler) for _Error_Handler
    rtc.o(i.MX_RTC_Init) refers to rtc.o(.bss) for .bss
    quadspi.o(i.HAL_QSPI_MspDeInit) refers to stm32f7xx_hal_gpio.o(i.HAL_GPIO_DeInit) for HAL_GPIO_DeInit
    quadspi.o(i.HAL_QSPI_MspInit) refers to stm32f7xx_hal_gpio.o(i.HAL_GPIO_Init) for HAL_GPIO_Init
    quadspi.o(i.MX_QUADSPI_Init) refers to stm32f7xx_hal_qspi.o(i.HAL_QSPI_Init) for HAL_QSPI_Init
    quadspi.o(i.MX_QUADSPI_Init) refers to main.o(i._Error_Handler) for _Error_Handler
    quadspi.o(i.MX_QUADSPI_Init) refers to quadspi.o(.bss) for .bss
    dma.o(i.MX_DMA_Init) refers to stm32f7xx_hal_cortex.o(i.HAL_NVIC_SetPriority) for HAL_NVIC_SetPriority
    dma.o(i.MX_DMA_Init) refers to stm32f7xx_hal_cortex.o(i.HAL_NVIC_EnableIRQ) for HAL_NVIC_EnableIRQ
    stm32f7xx_hal_msp.o(i.HAL_MspInit) refers to stm32f7xx_hal_cortex.o(i.HAL_NVIC_SetPriorityGrouping) for HAL_NVIC_SetPriorityGrouping
    stm32f7xx_hal_msp.o(i.HAL_MspInit) refers to stm32f7xx_hal_cortex.o(i.HAL_NVIC_SetPriority) for HAL_NVIC_SetPriority
    stm32f7xx_it.o(i.DMA2_Stream0_IRQHandler) refers to stm32f7xx_hal_dma.o(i.HAL_DMA_IRQHandler) for HAL_DMA_IRQHandler
    stm32f7xx_it.o(i.DMA2_Stream0_IRQHandler) refers to adc.o(.bss) for hdma_adc1
    stm32f7xx_it.o(i.DMA2_Stream1_IRQHandler) refers to stm32f7xx_hal_dma.o(i.HAL_DMA_IRQHandler) for HAL_DMA_IRQHandler
    stm32f7xx_it.o(i.DMA2_Stream1_IRQHandler) refers to adc.o(.bss) for hdma_adc3
    stm32f7xx_it.o(i.DMA2_Stream2_IRQHandler) refers to stm32f7xx_hal_dma.o(i.HAL_DMA_IRQHandler) for HAL_DMA_IRQHandler
    stm32f7xx_it.o(i.DMA2_Stream2_IRQHandler) refers to adc.o(.bss) for hdma_adc2
    stm32f7xx_it.o(i.EXTI15_10_IRQHandler) refers to stm32f7xx_hal_gpio.o(i.HAL_GPIO_EXTI_IRQHandler) for HAL_GPIO_EXTI_IRQHandler
    stm32f7xx_it.o(i.EXTI15_10_IRQHandler) refers to main.o(.data) for incoming_data_flag
    stm32f7xx_it.o(i.SPI2_IRQHandler) refers to stm32f7xx_hal_spi.o(i.HAL_SPI_IRQHandler) for HAL_SPI_IRQHandler
    stm32f7xx_it.o(i.SPI2_IRQHandler) refers to spi.o(.bss) for hspi2
    stm32f7xx_it.o(i.SysTick_Handler) refers to stm32f7xx_hal.o(i.HAL_IncTick) for HAL_IncTick
    stm32f7xx_it.o(i.SysTick_Handler) refers to stm32f7xx_hal_cortex.o(i.HAL_SYSTICK_IRQHandler) for HAL_SYSTICK_IRQHandler
    stm32f7xx_it.o(i.SysTick_Handler) refers to uart_masterslave.o(i.uart_sysTickCallApp) for uart_sysTickCallApp
    stm32f7xx_it.o(i.SysTick_Handler) refers to spi_masterslave.o(i.spi_sysTickCallApp) for spi_sysTickCallApp
    stm32f7xx_it.o(i.TIM1_UP_TIM10_IRQHandler) refers to stm32f7xx_hal_tim.o(i.HAL_TIM_IRQHandler) for HAL_TIM_IRQHandler
    stm32f7xx_it.o(i.TIM1_UP_TIM10_IRQHandler) refers to tim.o(.bss) for htim1
    stm32f7xx_it.o(i.USART2_IRQHandler) refers to stm32f7xx_hal_uart.o(i.HAL_UART_IRQHandler) for HAL_UART_IRQHandler
    stm32f7xx_it.o(i.USART2_IRQHandler) refers to usart.o(.bss) for huart2
    adc.o(i.HAL_ADC_MspDeInit) refers to stm32f7xx_hal_gpio.o(i.HAL_GPIO_DeInit) for HAL_GPIO_DeInit
    adc.o(i.HAL_ADC_MspDeInit) refers to stm32f7xx_hal_dma.o(i.HAL_DMA_DeInit) for HAL_DMA_DeInit
    adc.o(i.HAL_ADC_MspInit) refers to stm32f7xx_hal_gpio.o(i.HAL_GPIO_Init) for HAL_GPIO_Init
    adc.o(i.HAL_ADC_MspInit) refers to stm32f7xx_hal_dma.o(i.HAL_DMA_Init) for HAL_DMA_Init
    adc.o(i.HAL_ADC_MspInit) refers to main.o(i._Error_Handler) for _Error_Handler
    adc.o(i.HAL_ADC_MspInit) refers to adc.o(.bss) for .bss
[...]
    EXTI1_IRQHandler                         0x08000227   Thumb Code     0  startup_stm32f767xx.o(.text)
    EXTI2_IRQHandler                         0x08000227   Thumb Code     0  startup_stm32f767xx.o(.text)
    EXTI3_IRQHandler                         0x08000227   Thumb Code     0  startup_stm32f767xx.o(.text)
    EXTI4_IRQHandler                         0x08000227   Thumb Code     0  startup_stm32f767xx.o(.text)
    EXTI9_5_IRQHandler                       0x08000227   Thumb Code     0  startup_stm32f767xx.o(.text)
    FLASH_IRQHandler                         0x08000227   Thumb Code     0  startup_stm32f767xx.o(.text)
    FMC_IRQHandler                           0x08000227   Thumb Code     0  startup_stm32f767xx.o(.text)
    FPU_IRQHandler                           0x08000227   Thumb Code     0  startup_stm32f767xx.o(.text)
    I2C1_ER_IRQHandler                       0x08000227   Thumb Code     0  startup_stm32f767xx.o(.text)
    I2C1_EV_IRQHandler                       0x08000227   Thumb Code     0  startup_stm32f767xx.o(.text)
    I2C2_ER_IRQHandler                       0x08000227   Thumb Code     0  startup_stm32f767xx.o(.text)
    I2C2_EV_IRQHandler                       0x08000227   Thumb Code     0  startup_stm32f767xx.o(.text)
    I2C3_ER_IRQHandler                       0x08000227   Thumb Code     0  startup_stm32f767xx.o(.text)
    I2C3_EV_IRQHandler                       0x08000227   Thumb Code     0  startup_stm32f767xx.o(.text)
    I2C4_ER_IRQHandler                       0x08000227   Thumb Code     0  startup_stm32f767xx.o(.text)
    I2C4_EV_IRQHandler                       0x08000227   Thumb Code     0  startup_stm32f767xx.o(.text)
    JPEG_IRQHandler                          0x08000227   Thumb Code     0  startup_stm32f767xx.o(.text)
    LPTIM1_IRQHandler                        0x08000227   Thumb Code     0  startup_stm32f767xx.o(.text)
    LTDC_ER_IRQHandler                       0x08000227   Thumb Code     0  startup_stm32f767xx.o(.text)
    LTDC_IRQHandler                          0x08000227   Thumb Code     0  startup_stm32f767xx.o(.text)
    MDIOS_IRQHandler                         0x08000227   Thumb Code     0  startup_stm32f767xx.o(.text)
    OTG_FS_IRQHandler                        0x08000227   Thumb Code     0  startup_stm32f767xx.o(.text)
    OTG_FS_WKUP_IRQHandler                   0x08000227   Thumb Code     0  startup_stm32f767xx.o(.text)
    OTG_HS_EP1_IN_IRQHandler                 0x08000227   Thumb Code     0  startup_stm32f767xx.o(.text)
    OTG_HS_EP1_OUT_IRQHandler                0x08000227   Thumb Code     0  startup_stm32f767xx.o(.text)
    OTG_HS_IRQHandler                        0x08000227   Thumb Code     0  startup_stm32f767xx.o(.text)
    OTG_HS_WKUP_IRQHandler                   0x08000227   Thumb Code     0  startup_stm32f767xx.o(.text)
    PVD_IRQHandler                           0x08000227   Thumb Code     0  startup_stm32f767xx.o(.text)
    QUADSPI_IRQHandler                       0x08000227   Thumb Code     0  startup_stm32f767xx.o(.text)
    RCC_IRQHandler                           0x08000227   Thumb Code     0  startup_stm32f767xx.o(.text)
    RNG_IRQHandler                           0x08000227   Thumb Code     0  startup_stm32f767xx.o(.text)
    RTC_Alarm_IRQHandler                     0x08000227   Thumb Code     0  startup_stm32f767xx.o(.text)
    RTC_WKUP_IRQHandler                      0x08000227   Thumb Code     0  startup_stm32f767xx.o(.text)
    SAI1_IRQHandler                          0x08000227   Thumb Code     0  startup_stm32f767xx.o(.text)
    SAI2_IRQHandler                          0x08000227   Thumb Code     0  startup_stm32f767xx.o(.text)
    SDMMC1_IRQHandler                        0x08000227   Thumb Code     0  startup_stm32f767xx.o(.text)
    SDMMC2_IRQHandler                        0x08000227   Thumb Code     0  startup_stm32f767xx.o(.text)
    SPDIF_RX_IRQHandler                      0x08000227   Thumb Code     0  startup_stm32f767xx.o(.text)
    SPI1_IRQHandler                          0x08000227   Thumb Code     0  startup_stm32f767xx.o(.text)
    SPI3_IRQHandler                          0x08000227   Thumb Code     0  startup_stm32f767xx.o(.text)
    SPI4_IRQHandler                          0x08000227   Thumb Code     0  startup_stm32f767xx.o(.text)
    SPI5_IRQHandler                          0x08000227   Thumb Code     0  startup_stm32f767xx.o(.text)
    SPI6_IRQHandler                          0x08000227   Thumb Code     0  startup_stm32f767xx.o(.text)
    TAMP_STAMP_IRQHandler                    0x08000227   Thumb Code     0  startup_stm32f767xx.o(.text)
    TIM1_BRK_TIM9_IRQHandler                 0x08000227   Thumb Code     0  startup_stm32f767xx.o(.text)
    TIM1_CC_IRQHandler                       0x08000227   Thumb Code     0  startup_stm32f767xx.o(.text)
    TIM1_TRG_COM_TIM11_IRQHandler            0x08000227   Thumb Code     0  startup_stm32f767xx.o(.text)
    TIM2_IRQHandler                          0x08000227   Thumb Code     0  startup_stm32f767xx.o(.text)
    TIM3_IRQHandler                          0x08000227   Thumb Code     0  startup_stm32f767xx.o(.text)
    TIM4_IRQHandler                          0x08000227   Thumb Code     0  startup_stm32f767xx.o(.text)
    TIM5_IRQHandler                          0x08000227   Thumb Code     0  startup_stm32f767xx.o(.text)
    TIM6_DAC_IRQHandler                      0x08000227   Thumb Code     0  startup_stm32f767xx.o(.text)
    TIM7_IRQHandler                          0x08000227   Thumb Code     0  startup_stm32f767xx.o(.text)
    TIM8_BRK_TIM12_IRQHandler                0x08000227   Thumb Code     0  startup_stm32f767xx.o(.text)
    TIM8_CC_IRQHandler                       0x08000227   Thumb Code     0  startup_stm32f767xx.o(.text)
    TIM8_TRG_COM_TIM14_IRQHandler            0x08000227   Thumb Code     0  startup_stm32f767xx.o(.text)
    TIM8_UP_TIM13_IRQHandler                 0x08000227   Thumb Code     0  startup_stm32f767xx.o(.text)
    UART4_IRQHandler                         0x08000227   Thumb Code     0  startup_stm32f767xx.o(.text)
    UART5_IRQHandler                         0x08000227   Thumb Code     0  startup_stm32f767xx.o(.text)
    UART7_IRQHandler                         0x08000227   Thumb Code     0  startup_stm32f767xx.o(.text)
    UART8_IRQHandler                         0x08000227   Thumb Code     0  startup_stm32f767xx.o(.text)
    USART1_IRQHandler                        0x08000227   Thumb Code     0  startup_stm32f767xx.o(.text)
    USART3_IRQHandler                        0x08000227   Thumb Code     0  startup_stm32f767xx.o(.text)
    USART6_IRQHandler                        0x08000227   Thumb Code     0  startup_stm32f767xx.o(.text)
    WWDG_IRQHandler                          0x08000227   Thumb Code     0  startup_stm32f767xx.o(.text)
    __aeabi_memcpy                           0x08000231   Thumb Code    36  memcpya.o(.text)
    __aeabi_memcpy4                          0x08000231   Thumb Code     0  memcpya.o(.text)
    __aeabi_memcpy8                          0x08000231   Thumb Code     0  memcpya.o(.text)
    __I$use$fp                               0x08000255   Thumb Code     0  iusefp.o(.text)
    __fp_status                              0x08000255   Thumb Code     4  fpstat.o(.text)
    __ieee_status                            0x08000255   Thumb Code     0  fpstat.o(.text)
    __scatterload                            0x08000259   Thumb Code    28  init.o(.text)
    __scatterload_rt2                        0x08000259   Thumb Code     0  init.o(.text)
    __decompress                             0x0800027d   Thumb Code     0  __dclz77c.o(.text)
    __decompress2                            0x0800027d   Thumb Code    94  __dclz77c.o(.text)
    Long Thumb to Thumb Veneer to prefilter_oc 0x080002db   Thumb Code    10  anon$$obj.o(Veneer$$Code)
    Long Thumb to Thumb Veneer to cs_generation 0x080002e5   Thumb Code    10  anon$$obj.o(Veneer$$Code)
    Long Thumb to Thumb Veneer to cs_computations 0x080002ef   Thumb Code    10  anon$$obj.o(Veneer$$Code)
    Long Thumb to Thumb Veneer to sym_comp   0x080002f9   Thumb Code    10  anon$$obj.o(Veneer$$Code)
    Long Thumb to Thumb Veneer to sym_mag    0x08000303   Thumb Code    10  anon$$obj.o(Veneer$$Code)
    Long Thumb to Thumb Veneer to thermal_status 0x0800030d   Thumb Code    10  anon$$obj.o(Veneer$$Code)
    Long Thumb to Thumb Veneer to pvp_post_filter 0x08000317   Thumb Code    10  anon$$obj.o(Veneer$$Code)
    Long Thumb to Thumb Veneer to peak_detect_rms 0x08000321   Thumb Code    10  anon$$obj.o(Veneer$$Code)
    Long Thumb to Thumb Veneer to true_rms   0x0800032b   Thumb Code    10  anon$$obj.o(Veneer$$Code)
    Long Thumb to Thumb Veneer to spectral_analysis 0x08000335   Thumb Code    10  anon$$obj.o(Veneer$$Code)
    BusFault_Handler                         0x080003b7   Thumb Code     2  stm32f7xx_it.o(i.BusFault_Handler)
    DMA2_Stream0_IRQHandler                  0x080003b9   Thumb Code     6  stm32f7xx_it.o(i.DMA2_Stream0_IRQHandler)
    DMA2_Stream1_IRQHandler                  0x080003c5   Thumb Code     6  stm32f7xx_it.o(i.DMA2_Stream1_IRQHandler)
    DMA2_Stream2_IRQHandler                  0x080003d1   Thumb Code     6  stm32f7xx_it.o(i.DMA2_Stream2_IRQHandler)
    DebugMon_Handler                         0x080003dd   Thumb Code     2  stm32f7xx_it.o(i.DebugMon_Handler)
    EXTI15_10_IRQHandler                     0x080003e1   Thumb Code    12  stm32f7xx_it.o(i.EXTI15_10_IRQHandler)
    FLASH_WaitForLastOperation               0x080003f1   Thumb Code   174  stm32f7xx_hal_flash.o(i.FLASH_WaitForLastOperation)
    HAL_ADCEx_MultiModeConfigChannel         0x080004a9   Thumb Code   116  stm32f7xx_hal_adc_ex.o(i.HAL_ADCEx_MultiModeConfigChannel)
    HAL_ADCEx_MultiModeStart_DMA             0x08000521   Thumb Code   330  stm32f7xx_hal_adc_ex.o(i.HAL_ADCEx_MultiModeStart_DMA)
    HAL_ADC_ConfigChannel                    0x08000689   Thumb Code   442  stm32f7xx_hal_adc.o(i.HAL_ADC_ConfigChannel)
    HAL_ADC_ConvCpltCallback                 0x08000855   Thumb Code   742  conversion.o(i.HAL_ADC_ConvCpltCallback)
    HAL_ADC_ConvHalfCpltCallback             0x08000b4d   Thumb Code     2  stm32f7xx_hal_adc.o(i.HAL_ADC_ConvHalfCpltCallback)
    HAL_ADC_ErrorCallback                    0x08000b4f   Thumb Code     2  stm32f7xx_hal_adc.o(i.HAL_ADC_ErrorCallback)
    HAL_ADC_Init                             0x08000b51   Thumb Code   368  stm32f7xx_hal_adc.o(i.HAL_ADC_Init)
    HAL_ADC_MspInit                          0x08000ccd   Thumb Code   352  adc.o(i.HAL_ADC_MspInit)
    HAL_ADC_Start                            0x08000e69   Thumb Code   260  stm32f7xx_hal_adc.o(i.HAL_ADC_Start)
    HAL_DMA_Abort_IT                         0x08000f79   Thumb Code    36  stm32f7xx_hal_dma.o(i.HAL_DMA_Abort_IT)
    HAL_DMA_IRQHandler                       0x08000f9d   Thumb Code   464  stm32f7xx_hal_dma.o(i.HAL_DMA_IRQHandler)
    HAL_DMA_Init                             0x08001179   Thumb Code   350  stm32f7xx_hal_dma.o(i.HAL_DMA_Init)
    HAL_DMA_Start_IT                         0x080012e5   Thumb Code   156  stm32f7xx_hal_dma.o(i.HAL_DMA_Start_IT)
    HAL_FLASHEx_Erase                        0x08001381   Thumb Code   284  stm32f7xx_hal_flash_ex.o(i.HAL_FLASHEx_Erase)
    HAL_FLASH_Lock                           0x080014a5   Thumb Code    14  stm32f7xx_hal_flash.o(i.HAL_FLASH_Lock)
    HAL_FLASH_Program                        0x080014b9   Thumb Code   212  stm32f7xx_hal_flash.o(i.HAL_FLASH_Program)
    HAL_FLASH_Unlock                         0x08001595   Thumb Code    28  stm32f7xx_hal_flash.o(i.HAL_FLASH_Unlock)
    HAL_GPIO_EXTI_Callback                   0x080015c1   Thumb Code     2  main.o(i.HAL_GPIO_EXTI_Callback)
    HAL_GPIO_EXTI_IRQHandler                 0x080015c5   Thumb Code    20  stm32f7xx_hal_gpio.o(i.HAL_GPIO_EXTI_IRQHandler)
    HAL_GPIO_Init                            0x080015dd   Thumb Code   572  stm32f7xx_hal_gpio.o(i.HAL_GPIO_Init)
    HAL_GPIO_ReadPin                         0x0800182d   Thumb Code    10  stm32f7xx_hal_gpio.o(i.HAL_GPIO_ReadPin)
    HAL_GPIO_WritePin                        0x08001837   Thumb Code    10  stm32f7xx_hal_gpio.o(i.HAL_GPIO_WritePin)
    HAL_GetTick                              0x08001841   Thumb Code     6  stm32f7xx_hal.o(i.HAL_GetTick)
    HAL_IncTick                              0x0800184d   Thumb Code    10  stm32f7xx_hal.o(i.HAL_IncTick)
    HAL_Init                                 0x0800185d   Thumb Code    22  stm32f7xx_hal.o(i.HAL_Init)
    HAL_InitTick                             0x08001875   Thumb Code    34  stm32f7xx_hal.o(i.HAL_InitTick)
    HAL_MspInit                              0x0800189d   Thumb Code    88  stm32f7xx_hal_msp.o(i.HAL_MspInit)
    HAL_NVIC_EnableIRQ                       0x080018f5   Thumb Code    24  stm32f7xx_hal_cortex.o(i.HAL_NVIC_EnableIRQ)
    HAL_NVIC_SetPriority                     0x0800190d   Thumb Code    92  stm32f7xx_hal_cortex.o(i.HAL_NVIC_SetPriority)
    HAL_NVIC_SetPriorityGrouping             0x0800196d   Thumb Code    30  stm32f7xx_hal_cortex.o(i.HAL_NVIC_SetPriorityGrouping)
    HAL_PWREx_EnableOverDrive                0x08001991   Thumb Code   116  stm32f7xx_hal_pwr_ex.o(i.HAL_PWREx_EnableOverDrive)
    HAL_QSPI_Init                            0x08001a0d   Thumb Code   200  stm32f7xx_hal_qspi.o(i.HAL_QSPI_Init)
    HAL_QSPI_MspInit                         0x08001ad9   Thumb Code   118  quadspi.o(i.HAL_QSPI_MspInit)
    HAL_RCCEx_PeriphCLKConfig                0x08001b61   Thumb Code  1496  stm32f7xx_hal_rcc_ex.o(i.HAL_RCCEx_PeriphCLKConfig)
    HAL_RCC_ClockConfig                      0x0800213d   Thumb Code   392  stm32f7xx_hal_rcc.o(i.HAL_RCC_ClockConfig)
    HAL_RCC_GetHCLKFreq                      0x080022e5   Thumb Code     6  stm32f7xx_hal_rcc.o(i.HAL_RCC_GetHCLKFreq)
    HAL_RCC_GetPCLK1Freq                     0x080022f1   Thumb Code    20  stm32f7xx_hal_rcc.o(i.HAL_RCC_GetPCLK1Freq)
    HAL_RCC_GetPCLK2Freq                     0x08002311   Thumb Code    20  stm32f7xx_hal_rcc.o(i.HAL_RCC_GetPCLK2Freq)
    HAL_RCC_GetSysClockFreq                  0x08002331   Thumb Code    94  stm32f7xx_hal_rcc.o(i.HAL_RCC_GetSysClockFreq)
    HAL_RCC_OscConfig                        0x080023a1   Thumb Code   928  stm32f7xx_hal_rcc.o(i.HAL_RCC_OscConfig)
    HAL_RTC_Init                             0x08002761   Thumb Code   202  stm32f7xx_hal_rtc.o(i.HAL_RTC_Init)
    HAL_RTC_MspInit                          0x0800282d   Thumb Code    26  rtc.o(i.HAL_RTC_MspInit)
    HAL_SPI_ErrorCallback                    0x0800284d   Thumb Code     2  stm32f7xx_hal_spi.o(i.HAL_SPI_ErrorCallback)
    HAL_SPI_IRQHandler                       0x08002851   Thumb Code   242  stm32f7xx_hal_spi.o(i.HAL_SPI_IRQHandler)
    HAL_SPI_Init                             0x08002949   Thumb Code   210  stm32f7xx_hal_spi.o(i.HAL_SPI_Init)
    HAL_SPI_MspInit                          0x08002a1d   Thumb Code    90  spi.o(i.HAL_SPI_MspInit)
    HAL_SPI_Transmit_IT                      0x08002a81   Thumb Code   152  stm32f7xx_hal_spi.o(i.HAL_SPI_Transmit_IT)
    HAL_SPI_TxCpltCallback                   0x08002b21   Thumb Code    24  spi_masterslave.o(i.HAL_SPI_TxCpltCallback)
    HAL_SYSTICK_CLKSourceConfig              0x08002b41   Thumb Code    22  stm32f7xx_hal_cortex.o(i.HAL_SYSTICK_CLKSourceConfig)
    HAL_SYSTICK_Callback                     0x08002b57   Thumb Code     2  stm32f7xx_hal_cortex.o(i.HAL_SYSTICK_Callback)
    HAL_SYSTICK_Config                       0x08002b59   Thumb Code    36  stm32f7xx_hal_cortex.o(i.HAL_SYSTICK_Config)
    HAL_SYSTICK_IRQHandler                   0x08002b81   Thumb Code     8  stm32f7xx_hal_cortex.o(i.HAL_SYSTICK_IRQHandler)
    HAL_TIMEx_BreakCallback                  0x08002b89   Thumb Code     2  stm32f7xx_hal_tim_ex.o(i.HAL_TIMEx_BreakCallback)
    HAL_TIMEx_CommutationCallback            0x08002b8b   Thumb Code     2  stm32f7xx_hal_tim_ex.o(i.HAL_TIMEx_CommutationCallback)
    HAL_TIMEx_MasterConfigSynchronization    0x08002b8d   Thumb Code    94  stm32f7xx_hal_tim_ex.o(i.HAL_TIMEx_MasterConfigSynchronization)
    HAL_TIM_Base_Init                        0x08002beb   Thumb Code    54  stm32f7xx_hal_tim.o(i.HAL_TIM_Base_Init)
    HAL_TIM_Base_MspInit                     0x08002c21   Thumb Code    84  tim.o(i.HAL_TIM_Base_MspInit)
    HAL_TIM_Base_Start_IT                    0x08002c7d   Thumb Code    24  stm32f7xx_hal_tim.o(i.HAL_TIM_Base_Start_IT)
    HAL_TIM_ConfigClockSource                0x08002c95   Thumb Code   468  stm32f7xx_hal_tim.o(i.HAL_TIM_ConfigClockSource)
    HAL_TIM_IC_CaptureCallback               0x08002e69   Thumb Code     2  stm32f7xx_hal_tim.o(i.HAL_TIM_IC_CaptureCallback)
    HAL_TIM_IRQHandler                       0x08002e6b   Thumb Code   388  stm32f7xx_hal_tim.o(i.HAL_TIM_IRQHandler)
    HAL_TIM_OC_DelayElapsedCallback          0x08002fef   Thumb Code     2  stm32f7xx_hal_tim.o(i.HAL_TIM_OC_DelayElapsedCallback)
    HAL_TIM_PWM_PulseFinishedCallback        0x08002ff1   Thumb Code     2  stm32f7xx_hal_tim.o(i.HAL_TIM_PWM_PulseFinishedCallback)
    HAL_TIM_PeriodElapsedCallback            0x08002ff3   Thumb Code     2  stm32f7xx_hal_tim.o(i.HAL_TIM_PeriodElapsedCallback)
    HAL_TIM_TriggerCallback                  0x08002ff5   Thumb Code     2  stm32f7xx_hal_tim.o(i.HAL_TIM_TriggerCallback)
    HAL_UART_ErrorCallback                   0x08002ff7   Thumb Code     2  stm32f7xx_hal_uart.o(i.HAL_UART_ErrorCallback)
    HAL_UART_IRQHandler                      0x08002ff9   Thumb Code   652  stm32f7xx_hal_uart.o(i.HAL_UART_IRQHandler)
    HAL_UART_Init                            0x08003289   Thumb Code   110  stm32f7xx_hal_uart.o(i.HAL_UART_Init)
    HAL_UART_MspInit                         0x080032f9   Thumb Code    88  usart.o(i.HAL_UART_MspInit)
    HAL_UART_Receive_IT                      0x08003359   Thumb Code   150  stm32f7xx_hal_uart.o(i.HAL_UART_Receive_IT)
    HAL_UART_RxCpltCallback                  0x080033f1   Thumb Code    72  uart_masterslave.o(i.HAL_UART_RxCpltCallback)
    HAL_UART_TxCpltCallback                  0x08003441   Thumb Code    26  uart_masterslave.o(i.HAL_UART_TxCpltCallback)
    HardFault_Handler                        0x08003461   Thumb Code     2  stm32f7xx_it.o(i.HardFault_Handler)
    MX_ADC1_Init                             0x08003465   Thumb Code   222  adc.o(i.MX_ADC1_Init)
    MX_ADC2_Init                             0x0800355d   Thumb Code   182  adc.o(i.MX_ADC2_Init)
    MX_ADC3_Init                             0x0800362d   Thumb Code   184  adc.o(i.MX_ADC3_Init)
    MX_DMA_Init                              0x080036fd   Thumb Code    40  dma.o(i.MX_DMA_Init)
    MX_GPIO_Init                             0x08003729   Thumb Code   530  gpio.o(i.MX_GPIO_Init)
    MX_QUADSPI_Init                          0x08003961   Thumb Code    54  quadspi.o(i.MX_QUADSPI_Init)
    MX_RTC_Init                              0x080039b5   Thumb Code    52  rtc.o(i.MX_RTC_Init)
    MX_SPI2_Init                             0x08003a01   Thumb Code    74  spi.o(i.MX_SPI2_Init)
    MX_TIM1_Init                             0x08003a65   Thumb Code   104  tim.o(i.MX_TIM1_Init)
    MX_TIM6_Init                             0x08003ae5   Thumb Code    70  tim.o(i.MX_TIM6_Init)
    MX_USART2_UART_Init                      0x08003b45   Thumb Code    60  usart.o(i.MX_USART2_UART_Init)
    MemManage_Handler                        0x08003b99   Thumb Code     2  stm32f7xx_it.o(i.MemManage_Handler)
    NMI_Handler                              0x08003b9b   Thumb Code     2  stm32f7xx_it.o(i.NMI_Handler)
    PendSV_Handler                           0x08003b9d   Thumb Code     2  stm32f7xx_it.o(i.PendSV_Handler)
    SPI2_IRQHandler                          0x08003bf9   Thumb Code     6  stm32f7xx_it.o(i.SPI2_IRQHandler)
    SVC_Handler                              0x08003e59   Thumb Code     2  stm32f7xx_it.o(i.SVC_Handler)
    SysTick_Handler                          0x08003e5b   Thumb Code    22  stm32f7xx_it.o(i.SysTick_Handler)
    SystemClock_Config                       0x08003e71   Thumb Code   186  main.o(i.SystemClock_Config)
    SystemInit                               0x08003f35   Thumb Code    76  system_stm32f7xx.o(i.SystemInit)
    TIM1_UP_TIM10_IRQHandler                 0x08003f95   Thumb Code     6  stm32f7xx_it.o(i.TIM1_UP_TIM10_IRQHandler)
    TIM_Base_SetConfig                       0x08003fa1   Thumb Code   180  stm32f7xx_hal_tim.o(i.TIM_Base_SetConfig)
    UART_AdvFeatureConfig                    0x08004069   Thumb Code   218  stm32f7xx_hal_uart.o(i.UART_AdvFeatureConfig)
    UART_CheckIdleState                      0x08004143   Thumb Code    68  stm32f7xx_hal_uart.o(i.UART_CheckIdleState)
    UART_SetConfig                           0x0800419d   Thumb Code   682  stm32f7xx_hal_uart.o(i.UART_SetConfig)
    UART_WaitOnFlagUntilTimeout              0x08004459   Thumb Code   118  stm32f7xx_hal_uart.o(i.UART_WaitOnFlagUntilTimeout)
    USART2_IRQHandler                        0x080044d1   Thumb Code     6  stm32f7xx_it.o(i.USART2_IRQHandler)
    UsageFault_Handler                       0x080044dd   Thumb Code     2  stm32f7xx_it.o(i.UsageFault_Handler)
    _Error_Handler                           0x080044df   Thumb Code     2  main.o(i._Error_Handler)
    __ARM_fpclassify                         0x080044e1   Thumb Code    48  fpclassify.o(i.__ARM_fpclassify)
    __ARM_fpclassifyf                        0x08004511   Thumb Code    38  fpclassifyf.o(i.__ARM_fpclassifyf)
    __hardfp_atan                            0x08004539   Thumb Code   402  atan.o(i.__hardfp_atan)
    __hardfp_atan2                           0x08004739   Thumb Code   380  atan2.o(i.__hardfp_atan2)
    __hardfp_atan2f                          0x080048f9   Thumb Code   502  atan2f.o(i.__hardfp_atan2f)
    __hardfp_powf                            0x08004b51   Thumb Code  1590  powf.o(i.__hardfp_powf)
    __mathlib_powf                           0x08004b51   Thumb Code     0  powf.o(i.__hardfp_powf)
    __hardfp_sin                             0x080051a9   Thumb Code   158  sin.o(i.__hardfp_sin)
    __hardfp_sqrt                            0x08005259   Thumb Code   102  sqrt.o(i.__hardfp_sqrt)
    __hardfp_sqrtf                           0x080052bf   Thumb Code    58  sqrtf.o(i.__hardfp_sqrtf)
    __ieee754_rem_pio2                       0x080052f9   Thumb Code   646  rred.o(i.__ieee754_rem_pio2)
    __kernel_cos                             0x08005609   Thumb Code   182  cos_i.o(i.__kernel_cos)
    __kernel_poly                            0x080056e9   Thumb Code   112  poly.o(i.__kernel_poly)
    __kernel_sin                             0x08005759   Thumb Code   144  sin_i.o(i.__kernel_sin)
    __mathlib_dbl_infnan                     0x08005801   Thumb Code     6  dunder.o(i.__mathlib_dbl_infnan)
    __mathlib_dbl_infnan2                    0x08005807   Thumb Code     6  dunder.o(i.__mathlib_dbl_infnan2)
    __mathlib_dbl_invalid                    0x08005811   Thumb Code    10  dunder.o(i.__mathlib_dbl_invalid)
    __mathlib_dbl_underflow                  0x08005829   Thumb Code    10  dunder.o(i.__mathlib_dbl_underflow)
    __mathlib_flt_divzero                    0x08005841   Thumb Code    14  funder.o(i.__mathlib_flt_divzero)
    __mathlib_flt_infnan2                    0x08005859   Thumb Code     6  funder.o(i.__mathlib_flt_infnan2)
    __mathlib_flt_invalid                    0x08005861   Thumb Code    10  funder.o(i.__mathlib_flt_invalid)
    __mathlib_flt_overflow                   0x08005871   Thumb Code    10  funder.o(i.__mathlib_flt_overflow)
    __mathlib_flt_underflow                  0x08005881   Thumb Code    10  funder.o(i.__mathlib_flt_underflow)
    __scatterload_copy                       0x08005891   Thumb Code    14  handlers.o(i.__scatterload_copy)
    __scatterload_null                       0x0800589f   Thumb Code     2  handlers.o(i.__scatterload_null)
    __scatterload_zeroinit                   0x080058a1   Thumb Code    14  handlers.o(i.__scatterload_zeroinit)
    __set_errno                              0x080058b1   Thumb Code     6  errno.o(i.__set_errno)
    alarms                                   0x080058bd   Thumb Code   354  alarms.o(i.alarms)
    atan                                     0x08005a3d   Thumb Code    16  atan.o(i.atan)
    boardIO                                  0x08005a4d   Thumb Code   562  boardio.o(i.boardIO)
    bulkFlashRead                            0x08005c9d   Thumb Code   210  fdatahandling.o(i.bulkFlashRead)
    bulkFlashWrite                           0x08005d95   Thumb Code   280  fdatahandling.o(i.bulkFlashWrite)
    cs_PQ_combination                        0x08005ed9   Thumb Code   154  cs_handles.o(i.cs_PQ_combination)
    cs_handles                               0x08005f7d   Thumb Code   840  cs_handles.o(i.cs_handles)
    dpm_mergeDWord                           0x080062e5   Thumb Code   108  dataparsermerger.o(i.dpm_mergeDWord)
    dpm_mergeFloat                           0x08006351   Thumb Code    92  dataparsermerger.o(i.dpm_mergeFloat)
    dpm_parseDWord                           0x080063b1   Thumb Code    82  dataparsermerger.o(i.dpm_parseDWord)
    dpm_parseFloat                           0x08006405   Thumb Code    92  dataparsermerger.o(i.dpm_parseFloat)
    fabs                                     0x08006465   Thumb Code    24  fabs.o(i.fabs)
    fc27                                     0x0800647d   Thumb Code   120  protection_functions.o(i.fc27)
    fc27_all                                 0x080064f9   Thumb Code   194  fc27.o(i.fc27_all)
    fc27_init                                0x080065dd   Thumb Code    24  fc27.o(i.fc27_init)
    fc37                                     0x080065fd   Thumb Code   112  protection_functions.o(i.fc37)
    fc37_all                                 0x08006671   Thumb Code   344  fc37.o(i.fc37_all)
    fc37_init                                0x08006809   Thumb Code    24  fc37.o(i.fc37_init)
    fc46_all                                 0x08006829   Thumb Code   116  fc46.o(i.fc46_all)
    fc46_init                                0x080068b1   Thumb Code    54  fc46.o(i.fc46_init)
    fc46d                                    0x080068f5   Thumb Code   336  protection_functions.o(i.fc46d)
    fc46i                                    0x08006a4d   Thumb Code   312  protection_functions.o(i.fc46i)
    fc49                                     0x08006b99   Thumb Code    72  protection_functions.o(i.fc49)
    fc49_all                                 0x08006be5   Thumb Code   268  fc49.o(i.fc49_all)
    fc49_init                                0x08006d01   Thumb Code    72  fc49.o(i.fc49_init)
    fc50                                     0x08006d59   Thumb Code   222  protection_functions.o(i.fc50)
    fc50N_all                                0x08006e3d   Thumb Code   114  fc50n.o(i.fc50N_all)
    fc50N_init                               0x08006ecd   Thumb Code    22  fc50n.o(i.fc50N_init)
    fc50_all                                 0x08006eed   Thumb Code   652  fc50.o(i.fc50_all)
    fc50_init                                0x080071cd   Thumb Code    40  fc50.o(i.fc50_init)
    fc51                                     0x080071fd   Thumb Code   222  protection_functions.o(i.fc51)
    fc51N_all                                0x080072ed   Thumb Code    52  fc51n.o(i.fc51N_all)
    fc51N_init                               0x08007335   Thumb Code    46  fc51n.o(i.fc51N_init)
    fc51_all                                 0x08007371   Thumb Code   248  fc51.o(i.fc51_all)
    fc51_init                                0x08007481   Thumb Code    62  fc51.o(i.fc51_init)
    fc59                                     0x080074cd   Thumb Code    92  protection_functions.o(i.fc59)
    fc59_all                                 0x0800752d   Thumb Code   166  fc59.o(i.fc59_all)
    fc59_init                                0x080075e1   Thumb Code    18  fc59.o(i.fc59_init)
    fcBF                                     0x080075fd   Thumb Code   274  protection_functions.o(i.fcBF)
    fcBF_all                                 0x08007715   Thumb Code   178  fcbf.o(i.fcBF_all)
    fcBF_init                                0x080077e5   Thumb Code    18  fcbf.o(i.fcBF_init)
    fcPVP_all                                0x08007801   Thumb Code   484  fcpvp.o(i.fcPVP_all)
    fcPVP_init                               0x08007a1d   Thumb Code    18  fcpvp.o(i.fcPVP_init)
    fcPVPd                                   0x08007a39   Thumb Code   108  protection_functions.o(i.fcPVPd)
    fcPVPi                                   0x08007aa9   Thumb Code   182  protection_functions.o(i.fcPVPi)
    fcUNB_all                                0x08007b71   Thumb Code   320  fcunb.o(i.fcUNB_all)
    fcUNB_init                               0x08007cdd   Thumb Code    32  fcunb.o(i.fcUNB_init)
    fcUNB_initial_dt                         0x08007d09   Thumb Code   230  fcunb.o(i.fcUNB_initial_dt)
    fcUNBd                                   0x08007e15   Thumb Code   108  protection_functions.o(i.fcUNBd)
    fcUNBi                                   0x08007e85   Thumb Code   192  protection_functions.o(i.fcUNBi)
    flashDataCheckStartup                    0x08007f5d   Thumb Code    52  fdatahandling.o(i.flashDataCheckStartup)
    flashDataWriteChecking                   0x08007f9d   Thumb Code    72  fdatahandling.o(i.flashDataWriteChecking)
    initFunctions                            0x08007ff9   Thumb Code    62  initfunctions.o(i.initFunctions)
    init_conversion                          0x08008039   Thumb Code   188  conversion.o(i.init_conversion)
    init_protection                          0x08008135   Thumb Code  1920  init_protection.o(i.init_protection)
    main                                     0x080088b9   Thumb Code   314  main.o(i.main)
    main_flow                                0x08008a29   Thumb Code    78  main_flow.o(i.main_flow)
    maxSelector_3p                           0x08008a77   Thumb Code    10  protection_functions.o(i.maxSelector_3p)
    minSelector_3p                           0x08008a81   Thumb Code    10  protection_functions.o(i.minSelector_3p)
    off_delay                                0x08008a8b   Thumb Code    66  protection_functions.o(i.off_delay)
    on_delay                                 0x08008acd   Thumb Code    64  protection_functions.o(i.on_delay)
    on_off_delay                             0x08008b0d   Thumb Code    44  protection_functions.o(i.on_off_delay)
    pick_trip_reset_handles                  0x08008b39   Thumb Code    18  pickup_handles.o(i.pick_trip_reset_handles)
    pick_up_handles                          0x08008b4d   Thumb Code  2396  pickup_handles.o(i.pick_up_handles)
    pullDataFromMaster                       0x080094b5   Thumb Code  1270  configparams.o(i.pullDataFromMaster)
    pushDataToMaster                         0x080099b1   Thumb Code  1750  commparams.o(i.pushDataToMaster)
    pvp_curve                                0x0800a0d9   Thumb Code   260  protection_functions.o(i.pvp_curve)
    reset_handles                            0x0800a261   Thumb Code  1268  pickup_handles.o(i.reset_handles)
    spi_initComApp                           0x0800a755   Thumb Code     2  spi_masterslave.o(i.spi_initComApp)
    spi_runComApp                            0x0800a759   Thumb Code   818  spi_masterslave.o(i.spi_runComApp)
    spi_sysTickCallApp                       0x0800aa99   Thumb Code    62  spi_masterslave.o(i.spi_sysTickCallApp)
    trip_handles                             0x0800aadd   Thumb Code  1800  pickup_handles.o(i.trip_handles)
    trueRMS                                  0x0800b1e5   Thumb Code   302  truerms.o(i.trueRMS)
    uart_initComApp                          0x0800b325   Thumb Code    10  uart_masterslave.o(i.uart_initComApp)
    uart_runComApp                           0x0800b339   Thumb Code   374  uart_masterslave.o(i.uart_runComApp)
    uart_sysTickCallApp                      0x0800b4bd   Thumb Code    60  uart_masterslave.o(i.uart_sysTickCallApp)
    AHBPrescTable                            0x0800b504   Data          16  system_stm32f7xx.o(.constdata)
    APBPrescTable                            0x0800b514   Data           8  system_stm32f7xx.o(.constdata)
    __mathlib_zero                           0x0800b820   Data           8  qnan.o(.constdata)
    Region$$Table$$Base                      0x0800b918   Number         0  anon$$obj.o(Region$$Table)
    Region$$Table$$Limit                     0x0800b948   Number         0  anon$$obj.o(Region$$Table)
    Long Thumb to Thumb Veneer to __hardfp_sqrt 0x20000001   Thumb Code    10  anon$$obj.o(Veneer$$Code)
    Long Thumb to Thumb Veneer to __hardfp_atan2 0x2000000b   Thumb Code    10  anon$$obj.o(Veneer$$Code)
    Long Thumb to Thumb Veneer to __hardfp_sqrtf 0x20000015   Thumb Code    10  anon$$obj.o(Veneer$$Code)
    Long Thumb to Thumb Veneer to __aeabi_memcpy4 0x2000001f   Thumb Code    10  anon$$obj.o(Veneer$$Code)
    cs_computations                          0x20000029   Thumb Code   316  measurement_functions.o(i.cs_computations)
    cs_generation                            0x20000181   Thumb Code   178  measurement_functions.o(i.cs_generation)
    peak_detect_rms                          0x20000235   Thumb Code   162  measurement_functions.o(i.peak_detect_rms)
    prefilter_oc                             0x200002e1   Thumb Code    42  measurement_functions.o(i.prefilter_oc)
    pvp_post_filter                          0x20000315   Thumb Code   178  measurement_functions.o(i.pvp_post_filter)
    signal_spectra                           0x200003c9   Thumb Code   158  measurement_functions.o(i.signal_spectra)
    signal_thd                               0x2000046d   Thumb Code    96  measurement_functions.o(i.signal_thd)
    spectral_analysis                        0x200004d5   Thumb Code   206  spectra.o(i.spectral_analysis)
    sym_comp                                 0x200005c1   Thumb Code   126  measurement_functions.o(i.sym_comp)
    sym_mag                                  0x20000649   Thumb Code   386  measurement_functions.o(i.sym_mag)
    thermal_status                           0x200007d5   Thumb Code   114  measurement_functions.o(i.thermal_status)
    true_rms                                 0x2000084d   Thumb Code   106  measurement_functions.o(i.true_rms)
    incoming_data_flag                       0x200008bc   Data           1  main.o(.data)
    writeEnable                              0x200008bd   Data           1  main.o(.data)
    write_counter                            0x200008c0   Data           4  main.o(.data)
    uwTick                                   0x200008c4   Data           4  stm32f7xx_hal.o(.data)
    SystemCoreClock                          0x200008c8   Data           4  system_stm32f7xx.o(.data)
    curve                                    0x200008cc   Data           1  init_protection.o(.data)
    cSelect1                                 0x200008d0   Data           4  init_protection.o(.data)
    cSelect2                                 0x200008d4   Data           4  init_protection.o(.data)
    curve_data                               0x200008d8   Data          96  init_protection.o(.data)
    fc27_obj1_L1_out                         0x20000940   Data           8  fc27.o(.data)
    fc27_obj1_L2_out                         0x20000948   Data           8  fc27.o(.data)
    fc49_obj1_L1_out_a                       0x20000954   Data           4  fc49.o(.data)
    fc49_obj1_L1_out_b                       0x20000958   Data           4  fc49.o(.data)
    fc49_obj1_L1_out_c                       0x2000095c   Data           4  fc49.o(.data)
    fc49_obj2_L1_out_a                       0x20000960   Data           4  fc49.o(.data)
    fc49_obj2_L1_out_b                       0x20000964   Data           4  fc49.o(.data)
    fc49_obj2_L1_out_c                       0x20000968   Data           4  fc49.o(.data)
    therm_a_obj1                             0x2000096c   Data           4  fc49.o(.data)
    therm_b_obj1                             0x20000970   Data           4  fc49.o(.data)
    therm_c_obj1                             0x20000974   Data           4  fc49.o(.data)
    therm_a_obj2                             0x20000978   Data           4  fc49.o(.data)
    therm_b_obj2                             0x2000097c   Data           4  fc49.o(.data)
    therm_c_obj2                             0x20000980   Data           4  fc49.o(.data)
    fc49_obj1_L1_in                          0x20000984   Data           4  fc49.o(.data)
    fc49_obj2_L1_in                          0x20000988   Data           4  fc49.o(.data)
    current_checked                          0x2000098c   Data           1  fc37.o(.data)
    fc37_obj1_L1_out_a                       0x20000998   Data           8  fc37.o(.data)
    fc37_obj1_L1_out_b                       0x200009a0   Data           8  fc37.o(.data)
    fc37_obj1_L1_out_c                       0x200009a8   Data           8  fc37.o(.data)
    fc37_obj2_L1_out_a                       0x200009b0   Data           8  fc37.o(.data)
    fc37_obj2_L1_out_b                       0x200009b8   Data           8  fc37.o(.data)
    fc37_obj2_L1_out_c                       0x200009c0   Data           8  fc37.o(.data)
    UNBpcorrection                           0x200009cc   Data           4  fcunb.o(.data)
    UNBa_rms                                 0x200009d0   Data           4  fcunb.o(.data)
    UNBb_rms                                 0x200009d4   Data           4  fcunb.o(.data)
    fcUNBi_obj1_L1_in                        0x200009e0   Data           8  fcunb.o(.data)
    peak_a                                   0x200009f4   Data           4  fcpvp.o(.data)
    peak_b                                   0x200009f8   Data           4  fcpvp.o(.data)
    peak_c                                   0x200009fc   Data           4  fcpvp.o(.data)
    fcPVPd_obj1_L1_out_a                     0x20000a00   Data           8  fcpvp.o(.data)
    fcPVPd_obj1_L1_out_b                     0x20000a08   Data           8  fcpvp.o(.data)
    fcPVPd_obj1_L1_out_c                     0x20000a10   Data           8  fcpvp.o(.data)
    pvp_coefficents                          0x20000a18   Data         404  fcpvp.o(.data)
    fault_code                               0x20000bac   Data           1  pickup_handles.o(.data)
    alarm                                    0x20000bb4   Data           4  alarms.o(.data)
    n                                        0x20000bbc   Data           8  cs_handles.o(.data)
    UNBa                                     0x20000bc4   Data           8  cs_handles.o(.data)
    UNBb                                     0x20000bcc   Data           8  cs_handles.o(.data)
    sin_coeffs                               0x20000bd4   Data         200  cs_handles.o(.data)
    cos_coeffs                               0x20000c9c   Data         200  cs_handles.o(.data)
    coeffs_real                              0x20000d6c   Data         200  spectra.o(.data)
    coeffs_imag                              0x20000e34   Data         200  spectra.o(.data)
    conversion_completed                     0x20000efc   Data           1  conversion.o(.data)
    cycle_count_1                            0x20000f00   Data           4  conversion.o(.data)
    DI                                       0x20000f04   Data           4  boardio.o(.data)
    DO                                       0x20000f08   Data           4  boardio.o(.data)
    typeCnv                                  0x20000f0c   Data           4  dataparsermerger.o(.data)
    mSelect                                  0x20000f10   Data           4  configparams.o(.data)
    pFlag                                    0x20000f14   Data           4  configparams.o(.data)
    pEN                                      0x20000f18   Data           4  configparams.o(.data)
    eraseError                               0x20000f1c   Data           1  fdatahandling.o(.data)
    writeError                               0x20000f1d   Data           1  fdatahandling.o(.data)
    flashWritePending                        0x20000f1e   Data           1  fdatahandling.o(.data)
    sentinel                                 0x20000f20   Data           4  fdatahandling.o(.data)
    SECTORError                              0x20000f24   Data           4  fdatahandling.o(.data)
    htim1                                    0x20000f2c   Data          64  tim.o(.bss)
    htim6                                    0x20000f6c   Data          64  tim.o(.bss)
    hrtc                                     0x20000fac   Data          32  rtc.o(.bss)
    hqspi                                    0x20000fcc   Data          76  quadspi.o(.bss)
    hadc1                                    0x20001018   Data          72  adc.o(.bss)
    hadc2                                    0x20001060   Data          72  adc.o(.bss)
    hadc3                                    0x200010a8   Data          72  adc.o(.bss)
    hdma_adc1                                0x200010f0   Data          96  adc.o(.bss)
    hdma_adc2                                0x20001150   Data          96  adc.o(.bss)
    hdma_adc3                                0x200011b0   Data          96  adc.o(.bss)
    adc_values                               0x20001210   Data          60  main.o(.bss)
    huart2                                   0x2000124c   Data         112  usart.o(.bss)
    hspi2                                    0x200012bc   Data         100  spi.o(.bss)
    pFlash                                   0x20001320   Data          28  stm32f7xx_hal_flash.o(.bss)
    EN                                       0x2000133c   Data         116  init_protection.o(.bss)
    fc50_obj1_L1_out_a                       0x200013b0   Data          12  fc50.o(.bss)
    fc50_obj1_L1_out_b                       0x200013bc   Data          12  fc50.o(.bss)
    fc50_obj1_L1_out_c                       0x200013c8   Data          12  fc50.o(.bss)
    fc50_obj1_L2_out_a                       0x200013d4   Data          12  fc50.o(.bss)
    fc50_obj1_L2_out_b                       0x200013e0   Data          12  fc50.o(.bss)
    fc50_obj1_L2_out_c                       0x200013ec   Data          12  fc50.o(.bss)
    fc50_obj1_L3_out_a                       0x200013f8   Data          12  fc50.o(.bss)
    fc50_obj1_L3_out_b                       0x20001404   Data          12  fc50.o(.bss)
    fc50_obj1_L3_out_c                       0x20001410   Data          12  fc50.o(.bss)
    fc50_obj2_L1_out_a                       0x2000141c   Data          12  fc50.o(.bss)
    fc50_obj2_L1_out_b                       0x20001428   Data          12  fc50.o(.bss)
    fc50_obj2_L1_out_c                       0x20001434   Data          12  fc50.o(.bss)
    fc50_obj2_L2_out_a                       0x20001440   Data          12  fc50.o(.bss)
    fc50_obj2_L2_out_b                       0x2000144c   Data          12  fc50.o(.bss)
    fc50_obj2_L2_out_c                       0x20001458   Data          12  fc50.o(.bss)
    fc50_obj2_L3_out_a                       0x20001464   Data          12  fc50.o(.bss)
    fc50_obj2_L3_out_b                       0x20001470   Data          12  fc50.o(.bss)
    fc50_obj2_L3_out_c                       0x2000147c   Data          12  fc50.o(.bss)
    fc50_obj1_L1_in                          0x20001488   Data          16  fc50.o(.bss)
    fc50_obj1_L2_in                          0x20001498   Data          16  fc50.o(.bss)
    fc50_obj1_L3_in                          0x200014a8   Data          16  fc50.o(.bss)
    fc50_obj2_L1_in                          0x200014b8   Data          16  fc50.o(.bss)
    fc50_obj2_L2_in                          0x200014c8   Data          16  fc50.o(.bss)
    fc50_obj2_L3_in                          0x200014d8   Data          16  fc50.o(.bss)
    fc50N_obj1_L1_out                        0x200014e8   Data          12  fc50n.o(.bss)
    fc50N_obj1_L2_out                        0x200014f4   Data          12  fc50n.o(.bss)
    fc50N_obj1_L3_out                        0x20001500   Data          12  fc50n.o(.bss)
    fc50N_obj1_L1_in                         0x2000150c   Data          16  fc50n.o(.bss)
    fc50N_obj1_L2_in                         0x2000151c   Data          16  fc50n.o(.bss)
    fc50N_obj1_L3_in                         0x2000152c   Data          16  fc50n.o(.bss)
    fc51_obj1_out_a                          0x2000153c   Data          12  fc51.o(.bss)
    fc51_obj1_out_b                          0x20001548   Data          12  fc51.o(.bss)
    fc51_obj1_out_c                          0x20001554   Data          12  fc51.o(.bss)
    fc51_obj2_out_a                          0x20001560   Data          12  fc51.o(.bss)
    fc51_obj2_out_b                          0x2000156c   Data          12  fc51.o(.bss)
    fc51_obj2_out_c                          0x20001578   Data          12  fc51.o(.bss)
    fc51_obj1_in                             0x20001584   Data          20  fc51.o(.bss)
    fc51_obj2_in                             0x20001598   Data          20  fc51.o(.bss)
    fc51N_obj1_out                           0x200015ac   Data          12  fc51n.o(.bss)
    fc51N_obj1_in                            0x200015b8   Data          20  fc51n.o(.bss)
    fc27_obj1_L1_in                          0x200015cc   Data          12  fc27.o(.bss)
    fc27_obj1_L2_in                          0x200015d8   Data          12  fc27.o(.bss)
    fc59_obj1_L1_out_a                       0x200015e4   Data          12  fc59.o(.bss)
    fc59_obj1_L1_out_b                       0x200015f0   Data          12  fc59.o(.bss)
    fc59_obj1_L1_out_c                       0x200015fc   Data          12  fc59.o(.bss)
    fc59_obj1_L2_out_a                       0x20001608   Data          12  fc59.o(.bss)
    fc59_obj1_L2_out_b                       0x20001614   Data          12  fc59.o(.bss)
    fc59_obj1_L2_out_c                       0x20001620   Data          12  fc59.o(.bss)
    fc59_obj1_L1_in                          0x2000162c   Data          12  fc59.o(.bss)
    fc59_obj1_L2_in                          0x20001638   Data          12  fc59.o(.bss)
    fc46d_obj1_L1_out                        0x20001644   Data          16  fc46.o(.bss)
    fc46i_obj1_L1_out                        0x20001654   Data          16  fc46.o(.bss)
    fc46d_obj1_L1_in                         0x20001664   Data          16  fc46.o(.bss)
    fc46i_obj1_L1_in                         0x20001674   Data          20  fc46.o(.bss)
    fc49_obj1_therm                          0x20001688   Data          20  fc49.o(.bss)
    fc49_obj2_therm                          0x2000169c   Data          20  fc49.o(.bss)
    fcBF_out                                 0x200016b0   Data          12  fcbf.o(.bss)
    fcBF_in                                  0x200016bc   Data          24  fcbf.o(.bss)
    fc37_obj1_L1_in                          0x200016d4   Data          12  fc37.o(.bss)
    fc37_obj2_L1_in                          0x200016e0   Data          12  fc37.o(.bss)
    fcUNBd_obj1_L1_out_a                     0x200016ec   Data          16  fcunb.o(.bss)
    fcUNBd_obj1_L1_out_b                     0x200016fc   Data          16  fcunb.o(.bss)
    fcUNBi_obj1_L1_out_a                     0x2000170c   Data          12  fcunb.o(.bss)
    fcUNBi_obj1_L1_out_b                     0x20001718   Data          12  fcunb.o(.bss)
    nucArray                                 0x20001724   Data          16  fcunb.o(.bss)
    fcUNBd_obj1_L1_in                        0x200018c4   Data          16  fcunb.o(.bss)
    pvp_out                                  0x200018d4   Data          12  fcpvp.o(.bss)
    pvp_out_back                             0x200018e0   Data          12  fcpvp.o(.bss)
    fcPVPi_obj1_L1_out_a                     0x200018ec   Data          12  fcpvp.o(.bss)
    fcPVPi_obj1_L1_out_b                     0x200018f8   Data          12  fcpvp.o(.bss)
    fcPVPi_obj1_L1_out_c                     0x20001904   Data          12  fcpvp.o(.bss)
    pvp_buf                                  0x20001910   Data        1212  fcpvp.o(.bss)
    fcPVPd_obj1_L1_in                        0x2000227c   Data          12  fcpvp.o(.bss)
    fcPVPi_obj1_L1_in                        0x20002288   Data          20  fcpvp.o(.bss)
    pick                                     0x2000229c   Data          12  pickup_handles.o(.bss)
    trip                                     0x200022a8   Data          12  pickup_handles.o(.bss)
    pick_words                               0x200022b4   Data          12  pickup_handles.o(.bss)
    trip_words                               0x200022c0   Data          12  pickup_handles.o(.bss)
    phase_cs_A                               0x200023d4   Data          16  cs_handles.o(.bss)
    phase_cs_B                               0x200023e4   Data          16  cs_handles.o(.bss)
    phase_cs_C                               0x200023f4   Data          16  cs_handles.o(.bss)
    phase_cs_A_out                           0x20002404   Data          44  cs_handles.o(.bss)
    phase_cs_B_out                           0x20002430   Data          44  cs_handles.o(.bss)
    phase_cs_C_out                           0x2000245c   Data          44  cs_handles.o(.bss)
    sym                                      0x20002488   Data          24  cs_handles.o(.bss)
    sym_hist                                 0x200024a0   Data          24  cs_handles.o(.bss)
    mag_sym                                  0x200024b8   Data          24  cs_handles.o(.bss)
    c_buffer                                 0x200024d0   Data        2400  cs_handles.o(.bss)
    s_buffer                                 0x20002e30   Data        2400  cs_handles.o(.bss)
    P                                        0x20003790   Data          28  cs_handles.o(.bss)
    Q                                        0x200037ac   Data          28  cs_handles.o(.bss)
    fRMS                                     0x200037c8   Data          60  cs_handles.o(.bss)
    tRMS                                     0x20003804   Data          60  truerms.o(.bss)
    backRMS                                  0x20003840   Data          60  truerms.o(.bss)
    bufferRMS                                0x2000387c   Data        3000  truerms.o(.bss)
    spect_Ia                                 0x20004434   Data         380  spectra.o(.bss)
    spect_Ib                                 0x200045b0   Data         380  spectra.o(.bss)
    spect_Ic                                 0x2000472c   Data         380  spectra.o(.bss)
    thd                                      0x200048a8   Data          12  spectra.o(.bss)
    rawAdc                                   0x200048b4   Data          60  conversion.o(.bss)
    fAdc                                     0x200048f0   Data          60  conversion.o(.bss)
    offset                                   0x2000492c   Data          60  conversion.o(.bss)
    scale                                    0x20004968   Data          60  conversion.o(.bss)
    oc                                       0x200049a4   Data         180  conversion.o(.bss)
    TR                                       0x20004a58   Data          48  conversion.o(.bss)
    Sys                                      0x20004a88   Data          36  powersysdata.o(.bss)
    comParams                                0x20004aac   Data        6020  spi_masterslave.o(.bss)
    spiCRC                                   0x20006230   Data          12  spi_masterslave.o(.bss)
    comParams_uart                           0x2000623c   Data        2996  uart_masterslave.o(.bss)
    uartCRC                                  0x20006df0   Data          12  uart_masterslave.o(.bss)
    __initial_sp                             0x20007610   Data           0  startup_stm32f767xx.o(STACK)



==============================================================================

Memory Map of the image

  Image Entry point : 0x080001f9

  Load Region LR_IROM1 (Base: 0x08000000, Size: 0x0000c874, Max: 0x00200000, ABSOLUTE, COMPRESSED[0x0000c4d4])

    Execution Region ER_IROM1 (Base: 0x08000000, Size: 0x0000b948, Max: 0x00200000, ABSOLUTE)

    Base Addr    Size         Type   Attr      Idx    E Section Name        Object

    0x08000000   0x000001f8   Data   RO          899    RESET               startup_stm32f767xx.o
    0x080001f8   0x00000000   Code   RO         5884  * .ARM.Collect$$$$00000000  mc_w.l(entry.o)
    0x080001f8   0x00000004   Code   RO         5956    .ARM.Collect$$$$00000001  mc_w.l(entry2.o)
    0x080001fc   0x00000004   Code   RO         5959    .ARM.Collect$$$$00000004  mc_w.l(entry5.o)
    0x08000200   0x00000000   Code   RO         5961    .ARM.Collect$$$$00000008  mc_w.l(entry7b.o)
    0x08000200   0x00000000   Code   RO         5963    .ARM.Collect$$$$0000000A  mc_w.l(entry8b.o)
    0x08000200   0x00000008   Code   RO         5964    .ARM.Collect$$$$0000000B  mc_w.l(entry9a.o)
    0x08000208   0x00000000   Code   RO         5966    .ARM.Collect$$$$0000000D  mc_w.l(entry10a.o)
    0x08000208   0x00000000   Code   RO         5968    .ARM.Collect$$$$0000000F  mc_w.l(entry11a.o)
    0x08000208   0x00000004   Code   RO         5957    .ARM.Collect$$$$00002712  mc_w.l(entry2.o)
    0x0800020c   0x00000024   Code   RO          900    .text               startup_stm32f767xx.o
    0x08000230   0x00000024   Code   RO         5887    .text               mc_w.l(memcpya.o)
    0x08000254   0x00000000   Code   RO         5977    .text               mc_w.l(iusefp.o)
    0x08000254   0x00000004   Code   RO         5978    .text               mf_w.l(fpstat.o)
    0x08000258   0x00000024   Code   RO         5984    .text               mc_w.l(init.o)
    0x0800027c   0x0000005e   Code   RO         5994    .text               mc_w.l(__dclz77c.o)
    0x080002da   0x0000000a   Ven    RO         5996    Veneer$$Code        anon$$obj.o
    0x080002e4   0x0000000a   Ven    RO         5997    Veneer$$Code        anon$$obj.o
    0x080002ee   0x0000000a   Ven    RO         5998    Veneer$$Code        anon$$obj.o
    0x080002f8   0x0000000a   Ven    RO         5999    Veneer$$Code        anon$$obj.o
    0x08000302   0x0000000a   Ven    RO         6000    Veneer$$Code        anon$$obj.o
    0x0800030c   0x0000000a   Ven    RO         6001    Veneer$$Code        anon$$obj.o
    0x08000316   0x0000000a   Ven    RO         6002    Veneer$$Code        anon$$obj.o
    0x08000320   0x0000000a   Ven    RO         6003    Veneer$$Code        anon$$obj.o
    0x0800032a   0x0000000a   Ven    RO         6004    Veneer$$Code        anon$$obj.o
    0x08000334   0x0000000a   Ven    RO         6005    Veneer$$Code        anon$$obj.o
    0x0800033e   0x00000060   Code   RO         2101    i.ADC_MultiModeDMAConvCplt  stm32f7xx_hal_adc_ex.o
    0x0800039e   0x00000012   Code   RO         2102    i.ADC_MultiModeDMAError  stm32f7xx_hal_adc_ex.o
    0x080003b0   0x00000006   Code   RO         2103    i.ADC_MultiModeDMAHalfConvCplt  stm32f7xx_hal_adc_ex.o
    0x080003b6   0x00000002   Code   RO          310    i.BusFault_Handler  stm32f7xx_it.o
    0x080003b8   0x0000000c   Code   RO          311    i.DMA2_Stream0_IRQHandler  stm32f7xx_it.o
    0x080003c4   0x0000000c   Code   RO          312    i.DMA2_Stream1_IRQHandler  stm32f7xx_it.o
    0x080003d0   0x0000000c   Code   RO          313    i.DMA2_Stream2_IRQHandler  stm32f7xx_it.o
    0x080003dc   0x00000002   Code   RO          314    i.DebugMon_Handler  stm32f7xx_it.o
    0x080003de   0x00000002   PAD
    0x080003e0   0x00000010   Code   RO          315    i.EXTI15_10_IRQHandler  stm32f7xx_it.o
    0x080003f0   0x000000b8   Code   RO         1208    i.FLASH_WaitForLastOperation  stm32f7xx_hal_flash.o
    0x080004a8   0x00000078   Code   RO         2112    i.HAL_ADCEx_MultiModeConfigChannel  stm32f7xx_hal_adc_ex.o
    0x08000520   0x00000168   Code   RO         2114    i.HAL_ADCEx_MultiModeStart_DMA  stm32f7xx_hal_adc_ex.o
    0x08000688   0x000001cc   Code   RO          911    i.HAL_ADC_ConfigChannel  stm32f7xx_hal_adc.o
    0x08000854   0x000002f8   Code   RO         5285    i.HAL_ADC_ConvCpltCallback  conversion.o
    0x08000b4c   0x00000002   Code   RO          913    i.HAL_ADC_ConvHalfCpltCallback  stm32f7xx_hal_adc.o
    0x08000b4e   0x00000002   Code   RO          915    i.HAL_ADC_ErrorCallback  stm32f7xx_hal_adc.o
    0x08000b50   0x0000017c   Code   RO          920    i.HAL_ADC_Init      stm32f7xx_hal_adc.o
    0x08000ccc   0x0000019c   Code   RO          443    i.HAL_ADC_MspInit   adc.o
    0x08000e68   0x00000110   Code   RO          926    i.HAL_ADC_Start     stm32f7xx_hal_adc.o
    0x08000f78   0x00000024   Code   RO         2492    i.HAL_DMA_Abort_IT  stm32f7xx_hal_dma.o
    0x08000f9c   0x000001dc   Code   RO         2496    i.HAL_DMA_IRQHandler  stm32f7xx_hal_dma.o
    0x08001178   0x0000016c   Code   RO         2497    i.HAL_DMA_Init      stm32f7xx_hal_dma.o
    0x080012e4   0x0000009c   Code   RO         2501    i.HAL_DMA_Start_IT  stm32f7xx_hal_dma.o
    0x08001380   0x00000124   Code   RO         3380    i.HAL_FLASHEx_Erase  stm32f7xx_hal_flash_ex.o
    0x080014a4   0x00000014   Code   RO         1212    i.HAL_FLASH_Lock    stm32f7xx_hal_flash.o
    0x080014b8   0x000000dc   Code   RO         1217    i.HAL_FLASH_Program  stm32f7xx_hal_flash.o
    0x08001594   0x0000002c   Code   RO         1219    i.HAL_FLASH_Unlock  stm32f7xx_hal_flash.o
    0x080015c0   0x00000002   Code   RO          496    i.HAL_GPIO_EXTI_Callback  main.o
    0x080015c2   0x00000002   PAD
    0x080015c4   0x00000018   Code   RO         1433    i.HAL_GPIO_EXTI_IRQHandler  stm32f7xx_hal_gpio.o
    0x080015dc   0x00000250   Code   RO         1434    i.HAL_GPIO_Init     stm32f7xx_hal_gpio.o
    0x0800182c   0x0000000a   Code   RO         1436    i.HAL_GPIO_ReadPin  stm32f7xx_hal_gpio.o
    0x08001836   0x0000000a   Code   RO         1438    i.HAL_GPIO_WritePin  stm32f7xx_hal_gpio.o
    0x08001840   0x0000000c   Code   RO         2319    i.HAL_GetTick       stm32f7xx_hal.o
    0x0800184c   0x00000010   Code   RO         2323    i.HAL_IncTick       stm32f7xx_hal.o
    0x0800185c   0x00000016   Code   RO         2324    i.HAL_Init          stm32f7xx_hal.o
    0x08001872   0x00000002   PAD
    0x08001874   0x00000028   Code   RO         2325    i.HAL_InitTick      stm32f7xx_hal.o
    0x0800189c   0x00000058   Code   RO          286    i.HAL_MspInit       stm32f7xx_hal_msp.o
    0x080018f4   0x00000018   Code   RO         1306    i.HAL_NVIC_EnableIRQ  stm32f7xx_hal_cortex.o
    0x0800190c   0x00000060   Code   RO         1312    i.HAL_NVIC_SetPriority  stm32f7xx_hal_cortex.o
    0x0800196c   0x00000024   Code   RO         1313    i.HAL_NVIC_SetPriorityGrouping  stm32f7xx_hal_cortex.o
    0x08001990   0x0000007c   Code   RO         2216    i.HAL_PWREx_EnableOverDrive  stm32f7xx_hal_pwr_ex.o
    0x08001a0c   0x000000cc   Code   RO         3442    i.HAL_QSPI_Init     stm32f7xx_hal_qspi.o
    0x08001ad8   0x00000088   Code   RO          215    i.HAL_QSPI_MspInit  quadspi.o
    0x08001b60   0x000005dc   Code   RO         2704    i.HAL_RCCEx_PeriphCLKConfig  stm32f7xx_hal_rcc_ex.o
    0x0800213c   0x000001a8   Code   RO         2979    i.HAL_RCC_ClockConfig  stm32f7xx_hal_rcc.o
    0x080022e4   0x0000000c   Code   RO         2984    i.HAL_RCC_GetHCLKFreq  stm32f7xx_hal_rcc.o
    0x080022f0   0x00000020   Code   RO         2986    i.HAL_RCC_GetPCLK1Freq  stm32f7xx_hal_rcc.o
    0x08002310   0x00000020   Code   RO         2987    i.HAL_RCC_GetPCLK2Freq  stm32f7xx_hal_rcc.o
    0x08002330   0x00000070   Code   RO         2988    i.HAL_RCC_GetSysClockFreq  stm32f7xx_hal_rcc.o
    0x080023a0   0x000003c0   Code   RO         2991    i.HAL_RCC_OscConfig  stm32f7xx_hal_rcc.o
    0x08002760   0x000000ca   Code   RO         1080    i.HAL_RTC_Init      stm32f7xx_hal_rtc.o
    0x0800282a   0x00000002   PAD
    0x0800282c   0x00000020   Code   RO          173    i.HAL_RTC_MspInit   rtc.o
    0x0800284c   0x00000002   Code   RO         4382    i.HAL_SPI_ErrorCallback  stm32f7xx_hal_spi.o
    0x0800284e   0x00000002   PAD
    0x08002850   0x000000f8   Code   RO         4385    i.HAL_SPI_IRQHandler  stm32f7xx_hal_spi.o
    0x08002948   0x000000d2   Code   RO         4386    i.HAL_SPI_Init      stm32f7xx_hal_spi.o
    0x08002a1a   0x00000002   PAD
    0x08002a1c   0x00000064   Code   RO          647    i.HAL_SPI_MspInit   spi.o
    0x08002a80   0x000000a0   Code   RO         4399    i.HAL_SPI_Transmit_IT  stm32f7xx_hal_spi.o
    0x08002b20   0x00000020   Code   RO         5518    i.HAL_SPI_TxCpltCallback  spi_masterslave.o
    0x08002b40   0x00000016   Code   RO         1315    i.HAL_SYSTICK_CLKSourceConfig  stm32f7xx_hal_cortex.o
    0x08002b56   0x00000002   Code   RO         1316    i.HAL_SYSTICK_Callback  stm32f7xx_hal_cortex.o
    0x08002b58   0x00000028   Code   RO         1317    i.HAL_SYSTICK_Config  stm32f7xx_hal_cortex.o
    0x08002b80   0x00000008   Code   RO         1318    i.HAL_SYSTICK_IRQHandler  stm32f7xx_hal_cortex.o
    0x08002b88   0x00000002   Code   RO         3115    i.HAL_TIMEx_BreakCallback  stm32f7xx_hal_tim_ex.o
    0x08002b8a   0x00000002   Code   RO         3116    i.HAL_TIMEx_CommutationCallback  stm32f7xx_hal_tim_ex.o
    0x08002b8c   0x0000005e   Code   RO         3134    i.HAL_TIMEx_MasterConfigSynchronization  stm32f7xx_hal_tim_ex.o
    0x08002bea   0x00000036   Code   RO         1499    i.HAL_TIM_Base_Init  stm32f7xx_hal_tim.o
    0x08002c20   0x0000005c   Code   RO            5    i.HAL_TIM_Base_MspInit  tim.o
    0x08002c7c   0x00000018   Code   RO         1504    i.HAL_TIM_Base_Start_IT  stm32f7xx_hal_tim.o
    0x08002c94   0x000001d4   Code   RO         1508    i.HAL_TIM_ConfigClockSource  stm32f7xx_hal_tim.o
    0x08002e68   0x00000002   Code   RO         1528    i.HAL_TIM_IC_CaptureCallback  stm32f7xx_hal_tim.o
    0x08002e6a   0x00000184   Code   RO         1541    i.HAL_TIM_IRQHandler  stm32f7xx_hal_tim.o
    0x08002fee   0x00000002   Code   RO         1544    i.HAL_TIM_OC_DelayElapsedCallback  stm32f7xx_hal_tim.o
    0x08002ff0   0x00000002   Code   RO         1571    i.HAL_TIM_PWM_PulseFinishedCallback  stm32f7xx_hal_tim.o
    0x08002ff2   0x00000002   Code   RO         1578    i.HAL_TIM_PeriodElapsedCallback  stm32f7xx_hal_tim.o
    0x08002ff4   0x00000002   Code   RO         1582    i.HAL_TIM_TriggerCallback  stm32f7xx_hal_tim.o
    0x08002ff6   0x00000002   Code   RO         4127    i.HAL_UART_ErrorCallback  stm32f7xx_hal_uart.o
    0x08002ff8   0x00000290   Code   RO         4130    i.HAL_UART_IRQHandler  stm32f7xx_hal_uart.o
    0x08003288   0x0000006e   Code   RO         4131    i.HAL_UART_Init     stm32f7xx_hal_uart.o
    0x080032f6   0x00000002   PAD
    0x080032f8   0x00000060   Code   RO          605    i.HAL_UART_MspInit  usart.o
    0x08003358   0x00000096   Code   RO         4136    i.HAL_UART_Receive_IT  stm32f7xx_hal_uart.o
    0x080033ee   0x00000002   PAD
    0x080033f0   0x00000050   Code   RO         5571    i.HAL_UART_RxCpltCallback  uart_masterslave.o
    0x08003440   0x00000020   Code   RO         5572    i.HAL_UART_TxCpltCallback  uart_masterslave.o
    0x08003460   0x00000002   Code   RO          316    i.HardFault_Handler  stm32f7xx_it.o
    0x08003462   0x00000002   PAD
    0x08003464   0x000000f8   Code   RO          444    i.MX_ADC1_Init      adc.o
    0x0800355c   0x000000d0   Code   RO          445    i.MX_ADC2_Init      adc.o
    0x0800362c   0x000000d0   Code   RO          446    i.MX_ADC3_Init      adc.o
    0x080036fc   0x0000002c   Code   RO          259    i.MX_DMA_Init       dma.o
    0x08003728   0x00000238   Code   RO          580    i.MX_GPIO_Init      gpio.o
    0x08003960   0x00000054   Code   RO          216    i.MX_QUADSPI_Init   quadspi.o
    0x080039b4   0x0000004c   Code   RO          174    i.MX_RTC_Init       rtc.o
    0x08003a00   0x00000064   Code   RO          648    i.MX_SPI2_Init      spi.o
    0x08003a64   0x00000080   Code   RO            6    i.MX_TIM1_Init      tim.o
    0x08003ae4   0x00000060   Code   RO            7    i.MX_TIM6_Init      tim.o
    0x08003b44   0x00000054   Code   RO          606    i.MX_USART2_UART_Init  usart.o
    0x08003b98   0x00000002   Code   RO          317    i.MemManage_Handler  stm32f7xx_it.o
    0x08003b9a   0x00000002   Code   RO          318    i.NMI_Handler       stm32f7xx_it.o
    0x08003b9c   0x00000002   Code   RO          319    i.PendSV_Handler    stm32f7xx_it.o
    0x08003b9e   0x00000058   Code   RO         3467    i.QSPI_WaitFlagStateUntilTimeout  stm32f7xx_hal_qspi.o
    0x08003bf6   0x00000002   PAD
    0x08003bf8   0x0000000c   Code   RO          320    i.SPI2_IRQHandler   stm32f7xx_it.o
    0x08003c04   0x00000012   Code   RO         4410    i.SPI_DMAAbortOnError  stm32f7xx_hal_spi.o
    0x08003c16   0x0000004a   Code   RO         4420    i.SPI_EndRxTxTransaction  stm32f7xx_hal_spi.o
    0x08003c60   0x00000068   Code   RO         4423    i.SPI_TxISR_16BIT   stm32f7xx_hal_spi.o
    0x08003cc8   0x00000066   Code   RO         4424    i.SPI_TxISR_8BIT    stm32f7xx_hal_spi.o
    0x08003d2e   0x00000002   PAD
    0x08003d30   0x0000009c   Code   RO         4425    i.SPI_WaitFifoStateUntilTimeout  stm32f7xx_hal_spi.o
    0x08003dcc   0x0000008c   Code   RO         4426    i.SPI_WaitFlagStateUntilTimeout  stm32f7xx_hal_spi.o
    0x08003e58   0x00000002   Code   RO          321    i.SVC_Handler       stm32f7xx_it.o
    0x08003e5a   0x00000016   Code   RO          322    i.SysTick_Handler   stm32f7xx_it.o
    0x08003e70   0x000000c4   Code   RO          497    i.SystemClock_Config  main.o
    0x08003f34   0x00000060   Code   RO         4683    i.SystemInit        system_stm32f7xx.o
    0x08003f94   0x0000000c   Code   RO          323    i.TIM1_UP_TIM10_IRQHandler  stm32f7xx_it.o
    0x08003fa0   0x000000c8   Code   RO         1583    i.TIM_Base_SetConfig  stm32f7xx_hal_tim.o
    0x08004068   0x000000da   Code   RO         4144    i.UART_AdvFeatureConfig  stm32f7xx_hal_uart.o
    0x08004142   0x00000044   Code   RO         4145    i.UART_CheckIdleState  stm32f7xx_hal_uart.o
    0x08004186   0x00000014   Code   RO         4146    i.UART_DMAAbortOnError  stm32f7xx_hal_uart.o
    0x0800419a   0x00000002   PAD
    0x0800419c   0x000002bc   Code   RO         4152    i.UART_SetConfig    stm32f7xx_hal_uart.o
    0x08004458   0x00000076   Code   RO         4153    i.UART_WaitOnFlagUntilTimeout  stm32f7xx_hal_uart.o
    0x080044ce   0x00000002   PAD
    0x080044d0   0x0000000c   Code   RO          324    i.USART2_IRQHandler  stm32f7xx_it.o
    0x080044dc   0x00000002   Code   RO          325    i.UsageFault_Handler  stm32f7xx_it.o
    0x080044de   0x00000002   Code   RO          498    i._Error_Handler    main.o
    0x080044e0   0x00000030   Code   RO         5980    i.__ARM_fpclassify  m_wv.l(fpclassify.o)
    0x08004510   0x00000026   Code   RO         5928    i.__ARM_fpclassifyf  m_wv.l(fpclassifyf.o)
    0x08004536   0x00000002   PAD
    0x08004538   0x00000200   Code   RO         5891    i.__hardfp_atan     m_wv.l(atan.o)
    0x08004738   0x000001c0   Code   RO         5810    i.__hardfp_atan2    m_wv.l(atan2.o)
    0x080048f8   0x00000258   Code   RO         5822    i.__hardfp_atan2f   m_wv.l(atan2f.o)
    0x08004b50   0x00000658   Code   RO         5834    i.__hardfp_powf     m_wv.l(powf.o)
    0x080051a8   0x000000b0   Code   RO         5848    i.__hardfp_sin      m_wv.l(sin.o)
    0x08005258   0x00000066   Code   RO         5860    i.__hardfp_sqrt     m_wv.l(sqrt.o)
    0x080052be   0x0000003a   Code   RO         5872    i.__hardfp_sqrtf    m_wv.l(sqrtf.o)
    0x080052f8   0x00000310   Code   RO         5945    i.__ieee754_rem_pio2  m_wv.l(rred.o)
    0x08005608   0x000000e0   Code   RO         5905    i.__kernel_cos      m_wv.l(cos_i.o)
    0x080056e8   0x00000070   Code   RO         5982    i.__kernel_poly     m_wv.l(poly.o)
    0x08005758   0x000000a8   Code   RO         5950    i.__kernel_sin      m_wv.l(sin_i.o)
    0x08005800   0x00000006   Code   RO         5909    i.__mathlib_dbl_infnan  m_wv.l(dunder.o)
    0x08005806   0x00000006   Code   RO         5910    i.__mathlib_dbl_infnan2  m_wv.l(dunder.o)
    0x0800580c   0x00000004   PAD
    0x08005810   0x00000018   Code   RO         5911    i.__mathlib_dbl_invalid  m_wv.l(dunder.o)
    0x08005828   0x00000018   Code   RO         5914    i.__mathlib_dbl_underflow  m_wv.l(dunder.o)
    0x08005840   0x00000018   Code   RO         5930    i.__mathlib_flt_divzero  m_wv.l(funder.o)
    0x08005858   0x00000006   Code   RO         5932    i.__mathlib_flt_infnan2  m_wv.l(funder.o)
    0x0800585e   0x00000002   PAD
    0x08005860   0x00000010   Code   RO         5933    i.__mathlib_flt_invalid  m_wv.l(funder.o)
    0x08005870   0x00000010   Code   RO         5934    i.__mathlib_flt_overflow  m_wv.l(funder.o)
    0x08005880   0x00000010   Code   RO         5936    i.__mathlib_flt_underflow  m_wv.l(funder.o)
    0x08005890   0x0000000e   Code   RO         5988    i.__scatterload_copy  mc_w.l(handlers.o)
    0x0800589e   0x00000002   Code   RO         5989    i.__scatterload_null  mc_w.l(handlers.o)
    0x080058a0   0x0000000e   Code   RO         5990    i.__scatterload_zeroinit  mc_w.l(handlers.o)
    0x080058ae   0x00000002   PAD
    0x080058b0   0x0000000c   Code   RO         5972    i.__set_errno       mc_w.l(errno.o)
    0x080058bc   0x00000180   Code   RO         5181    i.alarms            alarms.o
    0x08005a3c   0x00000010   Code   RO         5893    i.atan              m_wv.l(atan.o)
    0x08005a4c   0x00000250   Code   RO         5358    i.boardIO           boardio.o
    0x08005c9c   0x000000f8   Code   RO         5729    i.bulkFlashRead     fdatahandling.o
    0x08005d94   0x00000144   Code   RO         5730    i.bulkFlashWrite    fdatahandling.o
    0x08005ed8   0x000000a4   Code   RO         5208    i.cs_PQ_combination  cs_handles.o
    0x08005f7c   0x00000368   Code   RO         5209    i.cs_handles        cs_handles.o
    0x080062e4   0x0000006c   Code   RO         5397    i.dpm_mergeDWord    dataparsermerger.o
    0x08006350   0x00000060   Code   RO         5398    i.dpm_mergeFloat    dataparsermerger.o
    0x080063b0   0x00000052   Code   RO         5399    i.dpm_parseDWord    dataparsermerger.o
    0x08006402   0x00000002   PAD
    0x08006404   0x00000060   Code   RO         5400    i.dpm_parseFloat    dataparsermerger.o
    0x08006464   0x00000018   Code   RO         5924    i.fabs              m_wv.l(fabs.o)
    0x0800647c   0x0000007c   Code   RO          773    i.fc27              protection_functions.o
    0x080064f8   0x000000e4   Code   RO         4877    i.fc27_all          fc27.o
    0x080065dc   0x00000020   Code   RO         4878    i.fc27_init         fc27.o
    0x080065fc   0x00000074   Code   RO          774    i.fc37              protection_functions.o
    0x08006670   0x00000198   Code   RO         5020    i.fc37_all          fc37.o
    0x08006808   0x00000020   Code   RO         5021    i.fc37_init         fc37.o
    0x08006828   0x00000088   Code   RO         4934    i.fc46_all          fc46.o
    0x080068b0   0x00000044   Code   RO         4935    i.fc46_init         fc46.o
    0x080068f4   0x00000158   Code   RO          775    i.fc46d             protection_functions.o
    0x08006a4c   0x0000014c   Code   RO          776    i.fc46i             protection_functions.o
    0x08006b98   0x0000004c   Code   RO          777    i.fc49              protection_functions.o
    0x08006be4   0x0000011c   Code   RO         4958    i.fc49_all          fc49.o
    0x08006d00   0x00000058   Code   RO         4959    i.fc49_init         fc49.o
    0x08006d58   0x000000e4   Code   RO          778    i.fc50              protection_functions.o
    0x08006e3c   0x00000090   Code   RO         4787    i.fc50N_all         fc50n.o
    0x08006ecc   0x00000020   Code   RO         4788    i.fc50N_init        fc50n.o
    0x08006eec   0x000002e0   Code   RO         4744    i.fc50_all          fc50.o
    0x080071cc   0x00000030   Code   RO         4745    i.fc50_init         fc50.o
    0x080071fc   0x000000f0   Code   RO          779    i.fc51              protection_functions.o
    0x080072ec   0x00000048   Code   RO         4851    i.fc51N_all         fc51n.o
    0x08007334   0x0000003c   Code   RO         4852    i.fc51N_init        fc51n.o
    0x08007370   0x00000110   Code   RO         4816    i.fc51_all          fc51.o
    0x08007480   0x0000004c   Code   RO         4817    i.fc51_init         fc51.o
    0x080074cc   0x00000060   Code   RO          780    i.fc59              protection_functions.o
    0x0800752c   0x000000b4   Code   RO         4912    i.fc59_all          fc59.o
    0x080075e0   0x0000001c   Code   RO         4913    i.fc59_init         fc59.o
    0x080075fc   0x00000118   Code   RO          781    i.fcBF              protection_functions.o
    0x08007714   0x000000d0   Code   RO         4986    i.fcBF_all          fcbf.o
    0x080077e4   0x0000001c   Code   RO         4987    i.fcBF_init         fcbf.o
    0x08007800   0x0000021c   Code   RO         5091    i.fcPVP_all         fcpvp.o
    0x08007a1c   0x0000001c   Code   RO         5092    i.fcPVP_init        fcpvp.o
    0x08007a38   0x00000070   Code   RO          782    i.fcPVPd            protection_functions.o
    0x08007aa8   0x000000c8   Code   RO          783    i.fcPVPi            protection_functions.o
    0x08007b70   0x0000016c   Code   RO         5052    i.fcUNB_all         fcunb.o
    0x08007cdc   0x0000002c   Code   RO         5053    i.fcUNB_init        fcunb.o
    0x08007d08   0x0000010c   Code   RO         5054    i.fcUNB_initial_dt  fcunb.o
    0x08007e14   0x00000070   Code   RO          784    i.fcUNBd            protection_functions.o
    0x08007e84   0x000000d8   Code   RO          785    i.fcUNBi            protection_functions.o
    0x08007f5c   0x00000040   Code   RO         5733    i.flashDataCheckStartup  fdatahandling.o
    0x08007f9c   0x0000005c   Code   RO         5734    i.flashDataWriteChecking  fdatahandling.o
    0x08007ff8   0x0000003e   Code   RO         5328    i.initFunctions     initfunctions.o
    0x08008036   0x00000002   PAD
    0x08008038   0x000000fc   Code   RO         5286    i.init_conversion   conversion.o
    0x08008134   0x00000784   Code   RO         4717    i.init_protection   init_protection.o
    0x080088b8   0x00000170   Code   RO          499    i.main              main.o
    0x08008a28   0x0000004e   Code   RO         5702    i.main_flow         main_flow.o
    0x08008a76   0x0000000a   Code   RO          786    i.maxSelector_3p    protection_functions.o
    0x08008a80   0x0000000a   Code   RO          787    i.minSelector_3p    protection_functions.o
    0x08008a8a   0x00000042   Code   RO          788    i.off_delay         protection_functions.o
    0x08008acc   0x00000040   Code   RO          789    i.on_delay          protection_functions.o
    0x08008b0c   0x0000002c   Code   RO          790    i.on_off_delay      protection_functions.o
    0x08008b38   0x00000012   Code   RO         5126    i.pick_trip_reset_handles  pickup_handles.o
    0x08008b4a   0x00000002   PAD
    0x08008b4c   0x00000968   Code   RO         5127    i.pick_up_handles   pickup_handles.o
    0x080094b4   0x000004fc   Code   RO         5674    i.pullDataFromMaster  configparams.o
    0x080099b0   0x00000728   Code   RO         5625    i.pushDataToMaster  commparams.o
    0x0800a0d8   0x00000188   Code   RO          791    i.pvp_curve         protection_functions.o
    0x0800a260   0x000004f4   Code   RO         5128    i.reset_handles     pickup_handles.o
    0x0800a754   0x00000002   Code   RO         5519    i.spi_initComApp    spi_masterslave.o
    0x0800a756   0x00000002   PAD
    0x0800a758   0x00000340   Code   RO         5520    i.spi_runComApp     spi_masterslave.o
    0x0800aa98   0x00000044   Code   RO         5521    i.spi_sysTickCallApp  spi_masterslave.o
    0x0800aadc   0x00000708   Code   RO         5129    i.trip_handles      pickup_handles.o
    0x0800b1e4   0x00000140   Code   RO         5246    i.trueRMS           truerms.o
    0x0800b324   0x00000014   Code   RO         5573    i.uart_initComApp   uart_masterslave.o
    0x0800b338   0x00000184   Code   RO         5574    i.uart_runComApp    uart_masterslave.o
    0x0800b4bc   0x00000040   Code   RO         5575    i.uart_sysTickCallApp  uart_masterslave.o
    0x0800b4fc   0x00000008   Data   RO         2503    .constdata          stm32f7xx_hal_dma.o
    0x0800b504   0x00000010   Data   RO         4684    .constdata          system_stm32f7xx.o
    0x0800b514   0x00000008   Data   RO         4685    .constdata          system_stm32f7xx.o
    0x0800b51c   0x00000010   Data   RO         4747    .constdata          fc50.o
    0x0800b52c   0x00000010   Data   RO         4790    .constdata          fc50n.o
    0x0800b53c   0x00000014   Data   RO         4819    .constdata          fc51.o
    0x0800b550   0x00000014   Data   RO         4854    .constdata          fc51n.o
    0x0800b564   0x0000000c   Data   RO         4880    .constdata          fc27.o
    0x0800b570   0x0000000c   Data   RO         4915    .constdata          fc59.o
    0x0800b57c   0x00000024   Data   RO         4938    .constdata          fc46.o
    0x0800b5a0   0x00000018   Data   RO         4961    .constdata          fc49.o
    0x0800b5b8   0x00000018   Data   RO         4989    .constdata          fcbf.o
    0x0800b5d0   0x0000000c   Data   RO         5023    .constdata          fc37.o
    0x0800b5dc   0x00000018   Data   RO         5060    .constdata          fcunb.o
    0x0800b5f4   0x00000020   Data   RO         5096    .constdata          fcpvp.o
    0x0800b614   0x00000140   Data   RO         5837    .constdata          m_wv.l(powf.o)
    0x0800b754   0x00000004   PAD
    0x0800b758   0x00000098   Data   RO         5894    .constdata          m_wv.l(atan.o)
    0x0800b7f0   0x00000030   Data   RO         5906    .constdata          m_wv.l(cos_i.o)
    0x0800b820   0x00000008   Data   RO         5944    .constdata          m_wv.l(qnan.o)
    0x0800b828   0x000000c8   Data   RO         5947    .constdata          m_wv.l(rred.o)
    0x0800b8f0   0x00000028   Data   RO         5951    .constdata          m_wv.l(sin_i.o)
    0x0800b918   0x00000030   Data   RO         5986    Region$$Table       anon$$obj.o


    Execution Region RW_IRAM1 (Base: 0x20000000, Size: 0x00007610, Max: 0x0001ffff, ABSOLUTE, COMPRESSED[0x000002d0])

    Base Addr    Size         Type   Attr      Idx    E Section Name        Object

    0x20000000   0x0000000a   Ven    RO         6006    Veneer$$Code        anon$$obj.o
    0x2000000a   0x0000000a   Ven    RO         6007    Veneer$$Code        anon$$obj.o
    0x20000014   0x0000000a   Ven    RO         6008    Veneer$$Code        anon$$obj.o
    0x2000001e   0x0000000a   Ven    RO         6009    Veneer$$Code        anon$$obj.o
    0x20000028   0x00000158   Code   RO          685    i.cs_computations   measurement_functions.o
    0x20000180   0x000000b2   Code   RO          686    i.cs_generation     measurement_functions.o
    0x20000232   0x00000002   PAD
    0x20000234   0x000000ac   Code   RO          687    i.peak_detect_rms   measurement_functions.o
    0x200002e0   0x00000034   Code   RO          688    i.prefilter_oc      measurement_functions.o
    0x20000314   0x000000b2   Code   RO          690    i.pvp_post_filter   measurement_functions.o
    0x200003c6   0x00000002   PAD
    0x200003c8   0x000000a4   Code   RO          691    i.signal_spectra    measurement_functions.o
    0x2000046c   0x00000068   Code   RO          692    i.signal_thd        measurement_functions.o
    0x200004d4   0x000000ec   Code   RO         5266    i.spectral_analysis  spectra.o
    0x200005c0   0x00000088   Code   RO          693    i.sym_comp          measurement_functions.o
    0x20000648   0x0000018c   Code   RO          694    i.sym_mag           measurement_functions.o
    0x200007d4   0x00000078   Code   RO          695    i.thermal_status    measurement_functions.o
    0x2000084c   0x00000070   Code   RO          696    i.true_rms          measurement_functions.o
    0x200008bc   0x00000008   Data   RW          501    .data               main.o
    0x200008c4   0x00000004   Data   RW         2330    .data               stm32f7xx_hal.o
    0x200008c8   0x00000004   Data   RW         4686    .data               system_stm32f7xx.o
    0x200008cc   0x0000006c   Data   RW         4719    .data               init_protection.o
    0x20000938   0x00000018   Data   RW         4881    .data               fc27.o
    0x20000950   0x00000001   Data   RW         4939    .data               fc46.o
    0x20000951   0x00000003   PAD
    0x20000954   0x00000038   Data   RW         4962    .data               fc49.o
    0x2000098c   0x0000003c   Data   RW         5024    .data               fc37.o
    0x200009c8   0x00000020   Data   RW         5061    .data               fcunb.o
    0x200009e8   0x000001c4   Data   RW         5097    .data               fcpvp.o
    0x20000bac   0x00000002   Data   RW         5131    .data               pickup_handles.o
    0x20000bae   0x00000002   PAD
    0x20000bb0   0x0000000c   Data   RW         5183    .data               alarms.o
    0x20000bbc   0x000001a8   Data   RW         5214    .data               cs_handles.o
    0x20000d64   0x00000001   Data   RW         5248    .data               truerms.o
    0x20000d65   0x00000003   PAD
    0x20000d68   0x00000194   Data   RW         5268    .data               spectra.o
    0x20000efc   0x00000008   Data   RW         5288    .data               conversion.o
    0x20000f04   0x00000008   Data   RW         5359    .data               boardio.o
    0x20000f0c   0x00000004   Data   RW         5401    .data               dataparsermerger.o
    0x20000f10   0x0000000c   Data   RW         5675    .data               configparams.o
    0x20000f1c   0x0000000c   Data   RW         5741    .data               fdatahandling.o
    0x20000f28   0x00000004   Data   RW         5973    .data               mc_w.l(errno.o)
    0x20000f2c   0x00000080   Zero   RW            8    .bss                tim.o
    0x20000fac   0x00000020   Zero   RW          175    .bss                rtc.o
    0x20000fcc   0x0000004c   Zero   RW          217    .bss                quadspi.o
    0x20001018   0x000001f8   Zero   RW          447    .bss                adc.o
    0x20001210   0x0000003c   Zero   RW          500    .bss                main.o
    0x2000124c   0x00000070   Zero   RW          607    .bss                usart.o
    0x200012bc   0x00000064   Zero   RW          649    .bss                spi.o
    0x20001320   0x0000001c   Zero   RW         1220    .bss                stm32f7xx_hal_flash.o
    0x2000133c   0x00000074   Zero   RW         4718    .bss                init_protection.o
    0x200013b0   0x00000138   Zero   RW         4746    .bss                fc50.o
    0x200014e8   0x00000054   Zero   RW         4789    .bss                fc50n.o
    0x2000153c   0x00000070   Zero   RW         4818    .bss                fc51.o
    0x200015ac   0x00000020   Zero   RW         4853    .bss                fc51n.o
    0x200015cc   0x00000018   Zero   RW         4879    .bss                fc27.o
    0x200015e4   0x00000060   Zero   RW         4914    .bss                fc59.o
    0x20001644   0x00000044   Zero   RW         4936    .bss                fc46.o
    0x20001688   0x00000028   Zero   RW         4960    .bss                fc49.o
    0x200016b0   0x00000024   Zero   RW         4988    .bss                fcbf.o
    0x200016d4   0x00000018   Zero   RW         5022    .bss                fc37.o
    0x200016ec   0x000001e8   Zero   RW         5055    .bss                fcunb.o
    0x200018d4   0x000009c8   Zero   RW         5095    .bss                fcpvp.o
    0x2000229c   0x00000128   Zero   RW         5130    .bss                pickup_handles.o
    0x200023c4   0x00000010   Zero   RW         5182    .bss                alarms.o
    0x200023d4   0x00001430   Zero   RW         5210    .bss                cs_handles.o
    0x20003804   0x00000c30   Zero   RW         5247    .bss                truerms.o
    0x20004434   0x00000480   Zero   RW         5267    .bss                spectra.o
    0x200048b4   0x000001d4   Zero   RW         5287    .bss                conversion.o
    0x20004a88   0x00000024   Zero   RW         5343    .bss                powersysdata.o
    0x20004aac   0x00001790   Zero   RW         5522    .bss                spi_masterslave.o
    0x2000623c   0x00000bc0   Zero   RW         5576    .bss                uart_masterslave.o
    0x20006dfc   0x00000014   Zero   RW         5740    .bss                fdatahandling.o
    0x20006e10   0x00000800   Zero   RW          897    STACK               startup_stm32f767xx.o


==============================================================================

Image component sizes


      Code (inc. data)   RO Data    RW Data    ZI Data      Debug   Object Name

      1076        136          0          0        504       3817   adc.o
       384         30          0         12         16       2341   alarms.o
       592         30          0          8          0       2006   boardio.o
      1832        266          0          0          0       1735   commparams.o
      1276        176          0         12          0       7352   configparams.o
      1012         82          0          8        468       4427   conversion.o
      1036         42          0        424       5168       5776   cs_handles.o
       382          8          0          4          0       4170   dataparsermerger.o
        44          4          0          0          0        782   dma.o
       260         42         12         24         24       2461   fc27.o
       440         72         12         60         24       1931   fc37.o
       204         34         36          1         68       1987   fc46.o
       372         32         24         56         40       2165   fc49.o
       784         92         16          0        312       2827   fc50.o
       176         40         16          0         84       1524   fc50n.o
       348         38         20          0        112       1779   fc51.o
       132         34         20          0         32       1344   fc51n.o
       208         24         12          0         96       1571   fc59.o
       236         40         24          0         36       1394   fcbf.o
       568         66         32        452       2504       2830   fcpvp.o
       676         94         24         32        488       3504   fcunb.o
       728        114          0         12         20       5736   fdatahandling.o
       568         38          0          0          0       1263   gpio.o
      1924        132          0        108        116      10372   init_protection.o
        62          0          0          0          0        540   initfunctions.o
       568         64          0          8         60      38599   main.o
        78          0          0          0          0        544   main_flow.o
      1956         94          0          0          0      11824   measurement_functions.o
      5494        812          0          2        296      14851   pickup_handles.o
         0          0          0          0         36        962   powersysdata.o
      3062        256          0          0          0      20085   protection_functions.o
       220         48          0          0         76       1769   quadspi.o
       108         30          0          0         32       1491   rtc.o
       236         30          0        404       1152       1381   spectra.o
       200         36          0          0        100       1713   spi.o
       934         28          0          0       6032       6398   spi_masterslave.o
        36          8        504          0       2048        816   startup_stm32f767xx.o
        90         18          0          4          0       3279   stm32f7xx_hal.o
      1116         42          0          0          0       4854   stm32f7xx_hal_adc.o
       600         34          0          0          0       4378   stm32f7xx_hal_adc_ex.o
       228         14          0          0          0      36773   stm32f7xx_hal_cortex.o
      1032         26          8          0          0       5182   stm32f7xx_hal_dma.o
       468         40          0          0         28       4418   stm32f7xx_hal_flash.o
       292          8          0          0          0       2880   stm32f7xx_hal_flash_ex.o
       636         24          0          0          0       3838   stm32f7xx_hal_gpio.o
        88          0          0          0          0        542   stm32f7xx_hal_msp.o
       124          8          0          0          0       1284   stm32f7xx_hal_pwr_ex.o
       292          4          0          0          0       2924   stm32f7xx_hal_qspi.o
      1572        112          0          0          0       5906   stm32f7xx_hal_rcc.o
      1500         36          0          0          0       2344   stm32f7xx_hal_rcc_ex.o
       202          0          0          0          0       1617   stm32f7xx_hal_rtc.o
      1214         14          0          0          0       9275   stm32f7xx_hal_spi.o
      1144         20          0          0          0       9983   stm32f7xx_hal_tim.o
        98          0          0          0          0       2814   stm32f7xx_hal_tim_ex.o
      2042         42          0          0          0       9260   stm32f7xx_hal_uart.o
       126         40          0          0          0       7660   stm32f7xx_it.o
        96         20         24          4          0       1267   system_stm32f7xx.o
       316         58          0          0        128     914723   tim.o
       320         18          0          1       3120       3245   truerms.o
       584         42          0          0       3008       6510   uart_masterslave.o
       180         32          0          0        112       1734   usart.o

    ----------------------------------------------------------------------
     42750       3724        832       1644      26340    1222757   Object Totals
       140          0         48          0          0          0   (incl. Generated)
        38          0          0          8          0          0   (incl. Padding)

    ----------------------------------------------------------------------

      Code (inc. data)   RO Data    RW Data    ZI Data      Debug   Library Member Name

       528        110        152          0          0        348   atan.o
       448         68          0          0          0        180   atan2.o
       600         98          0          0          0        184   atan2f.o
       224         42         48          0          0        184   cos_i.o
        60         28          0          0          0        464   dunder.o
        24          0          0          0          0        124   fabs.o
        48          0          0          0          0        124   fpclassify.o
        38          0          0          0          0        116   fpclassifyf.o
        78         28          0          0          0        580   funder.o
       112          0          0          0          0        116   poly.o
      1624        130        320          0          0        400   powf.o
         0          0          8          0          0          0   qnan.o
       784        138        200          0          0        172   rred.o
       176         18          0          0          0        160   sin.o
       168         24         40          0          0        196   sin_i.o
       102          0          0          0          0        140   sqrt.o
        58          0          0          0          0        136   sqrtf.o
        94          0          0          0          0          0   __dclz77c.o
         0          0          0          0          0          0   entry.o
         0          0          0          0          0          0   entry10a.o
         0          0          0          0          0          0   entry11a.o
         8          4          0          0          0          0   entry2.o
         4          0          0          0          0          0   entry5.o
         0          0          0          0          0          0   entry7b.o
         0          0          0          0          0          0   entry8b.o
         8          4          0          0          0          0   entry9a.o
        12          6          0          4          0         68   errno.o
        30          0          0          0          0          0   handlers.o
        36          8          0          0          0         68   init.o
         0          0          0          0          0          0   iusefp.o
        36          0          0          0          0         68   memcpya.o
         4          0          0          0          0         68   fpstat.o

    ----------------------------------------------------------------------
      5314        706        772          4          0       3896   Library Totals
        10          0          4          0          0          0   (incl. Padding)

    ----------------------------------------------------------------------

      Code (inc. data)   RO Data    RW Data    ZI Data      Debug   Library Name

      5072        684        768          0          0       3624   m_wv.l
       228         22          0          4          0        204   mc_w.l
         4          0          0          0          0         68   mf_w.l

    ----------------------------------------------------------------------
      5314        706        772          4          0       3896   Library Totals

    ----------------------------------------------------------------------

==============================================================================


      Code (inc. data)   RO Data    RW Data    ZI Data      Debug   

     48064       4430       1604       1648      26340    1205985   Grand Totals
     48064       4430       1604        720      26340    1205985   ELF Image Totals (compressed)
     48064       4430       1604        720          0          0   ROM Totals

==============================================================================

    Total RO  Size (Code + RO Data)                49668 (  48.50kB)
    Total RW  Size (RW Data + ZI Data)             27988 (  27.33kB)
    Total ROM Size (Code + RO Data + RW Data)      50388 (  49.21kB)

==============================================================================

