Component: ARM Compiler 5.06 update 3 (build 300) Tool: armlink [4d35c9]

==============================================================================

Section Cross References

    tim.o(i.HAL_TIM_Base_MspDeInit) refers to stm32f7xx_hal_cortex.o(i.HAL_NVIC_DisableIRQ) for HAL_NVIC_DisableIRQ
    tim.o(i.HAL_TIM_Base_MspInit) refers to stm32f7xx_hal_cortex.o(i.HAL_NVIC_SetPriority) for HAL_NVIC_SetPriority
    tim.o(i.HAL_TIM_Base_MspInit) refers to stm32f7xx_hal_cortex.o(i.HAL_NVIC_EnableIRQ) for HAL_NVIC_EnableIRQ
    tim.o(i.MX_TIM1_Init) refers to stm32f7xx_hal_tim.o(i.HAL_TIM_Base_Init) for HAL_TIM_Base_Init
    tim.o(i.MX_TIM1_Init) refers to main.o(i._Error_Handler) for _Error_Handler
    tim.o(i.MX_TIM1_Init) refers to stm32f7xx_hal_tim.o(i.HAL_TIM_ConfigClockSource) for HAL_TIM_ConfigClockSource
    tim.o(i.MX_TIM1_Init) refers to stm32f7xx_hal_tim_ex.o(i.HAL_TIMEx_MasterConfigSynchronization) for HAL_TIMEx_MasterConfigSynchronization
    tim.o(i.MX_TIM1_Init) refers to tim.o(.bss) for .bss
    tim.o(i.MX_TIM6_Init) refers to stm32f7xx_hal_tim.o(i.HAL_TIM_Base_Init) for HAL_TIM_Base_Init
    tim.o(i.MX_TIM6_Init) refers to main.o(i._Error_Handler) for _Error_Handler
    tim.o(i.MX_TIM6_Init) refers to stm32f7xx_hal_tim_ex.o(i.HAL_TIMEx_MasterConfigSynchronization) for HAL_TIMEx_MasterConfigSynchronization
    tim.o(i.MX_TIM6_Init) refers to tim.o(.bss) for .bss
    rtc.o(i.MX_RTC_Init) refers to stm32f7xx_hal_rtc.o(i.HAL_RTC_Init) for HAL_RTC_Init
    rtc.o(i.MX_RTC_Init) refers to main.o(i._Error_Handler) for _Error_Handler
    rtc.o(i.MX_RTC_Init) refers to rtc.o(.bss) for .bss
    quadspi.o(i.HAL_QSPI_MspDeInit) refers to stm32f7xx_hal_gpio.o(i.HAL_GPIO_DeInit) for HAL_GPIO_DeInit
    quadspi.o(i.HAL_QSPI_MspInit) refers to stm32f7xx_hal_gpio.o(i.HAL_GPIO_Init) for HAL_GPIO_Init
    quadspi.o(i.MX_QUADSPI_Init) refers to stm32f7xx_hal_qspi.o(i.HAL_QSPI_Init) for HAL_QSPI_Init
    quadspi.o(i.MX_QUADSPI_Init) refers to main.o(i._Error_Handler) for _Error_Handler
    quadspi.o(i.MX_QUADSPI_Init) refers to quadspi.o(.bss) for .bss
    dma.o(i.MX_DMA_Init) refers to stm32f7xx_hal_cortex.o(i.HAL_NVIC_SetPriority) for HAL_NVIC_SetPriority
    dma.o(i.MX_DMA_Init) refers to stm32f7xx_hal_cortex.o(i.HAL_NVIC_EnableIRQ) for HAL_NVIC_EnableIRQ
    stm32f7xx_hal_msp.o(i.HAL_MspInit) refers to stm32f7xx_hal_cortex.o(i.HAL_NVIC_SetPriorityGrouping) for HAL_NVIC_SetPriorityGrouping
    stm32f7xx_hal_msp.o(i.HAL_MspInit) refers to stm32f7xx_hal_cortex.o(i.HAL_NVIC_SetPriority) for HAL_NVIC_SetPriority
    stm32f7xx_it.o(i.DMA2_Stream0_IRQHandler) refers to stm32f7xx_hal_dma.o(i.HAL_DMA_IRQHandler) for HAL_DMA_IRQHandler
    stm32f7xx_it.o(i.DMA2_Stream0_IRQHandler) refers to adc.o(.bss) for hdma_adc1
    stm32f7xx_it.o(i.DMA2_Stream1_IRQHandler) refers to stm32f7xx_hal_dma.o(i.HAL_DMA_IRQHandler) for HAL_DMA_IRQHandler
    stm32f7xx_it.o(i.DMA2_Stream1_IRQHandler) refers to adc.o(.bss) for hdma_adc3
    stm32f7xx_it.o(i.DMA2_Stream2_IRQHandler) refers to stm32f7xx_hal_dma.o(i.HAL_DMA_IRQHandler) for HAL_DMA_IRQHandler
    stm32f7xx_it.o(i.DMA2_Stream2_IRQHandler) refers to adc.o(.bss) for hdma_adc2
    stm32f7xx_it.o(i.EXTI15_10_IRQHandler) refers to stm32f7xx_hal_gpio.o(i.HAL_GPIO_EXTI_IRQHandler) for HAL_GPIO_EXTI_IRQHandler
    stm32f7xx_it.o(i.EXTI15_10_IRQHandler) refers to main.o(.data) for incoming_data_flag
    stm32f7xx_it.o(i.SPI2_IRQHandler) refers to stm32f7xx_hal_spi.o(i.HAL_SPI_IRQHandler) for HAL_SPI_IRQHandler
    stm32f7xx_it.o(i.SPI2_IRQHandler) refers to spi.o(.bss) for hspi2
    stm32f7xx_it.o(i.SysTick_Handler) refers to stm32f7xx_hal.o(i.HAL_IncTick) for HAL_IncTick
    stm32f7xx_it.o(i.SysTick_Handler) refers to stm32f7xx_hal_cortex.o(i.HAL_SYSTICK_IRQHandler) for HAL_SYSTICK_IRQHandler
    stm32f7xx_it.o(i.SysTick_Handler) refers to uart_masterslave.o(i.uart_sysTickCallApp) for uart_sysTickCallApp
    stm32f7xx_it.o(i.SysTick_Handler) refers to spi_masterslave.o(i.spi_sysTickCallApp) for spi_sysTickCallApp
    stm32f7xx_it.o(i.TIM1_UP_TIM10_IRQHandler) refers to stm32f7xx_hal_tim.o(i.HAL_TIM_IRQHandler) for HAL_TIM_IRQHandler
    stm32f7xx_it.o(i.TIM1_UP_TIM10_IRQHandler) refers to tim.o(.bss) for htim1
    stm32f7xx_it.o(i.USART2_IRQHandler) refers to stm32f7xx_hal_uart.o(i.HAL_UART_IRQHandler) for HAL_UART_IRQHandler
    stm32f7xx_it.o(i.USART2_IRQHandler) refers to usart.o(.bss) for huart2
    adc.o(i.HAL_ADC_MspDeInit) refers to stm32f7xx_hal_gpio.o(i.HAL_GPIO_DeInit) for HAL_GPIO_DeInit
    adc.o(i.HAL_ADC_MspDeInit) refers to stm32f7xx_hal_dma.o(i.HAL_DMA_DeInit) for HAL_DMA_DeInit
    adc.o(i.HAL_ADC_MspInit) refers to stm32f7xx_hal_gpio.o(i.HAL_GPIO_Init) for HAL_GPIO_Init
    adc.o(i.HAL_ADC_MspInit) refers to stm32f7xx_hal_dma.o(i.HAL_DMA_Init) for HAL_DMA_Init
    adc.o(i.HAL_ADC_MspInit) refers to main.o(i._Error_Handler) for _Error_Handler
    adc.o(i.HAL_ADC_MspInit) refers to adc.o(.bss) for .bss
[...]
    __Vectors                                0x08000000   Data           4  startup_stm32f767xx.o(RESET)
    __Vectors_End                            0x080001f8   Data           0  startup_stm32f767xx.o(RESET)
    __main                                   0x080001f9   Thumb Code     0  entry.o(.ARM.Collect$$$$00000000)
    _main_stk                                0x080001f9   Thumb Code     0  entry2.o(.ARM.Collect$$$$00000001)
    _main_scatterload                        0x080001fd   Thumb Code     0  entry5.o(.ARM.Collect$$$$00000004)
    __main_after_scatterload                 0x08000201   Thumb Code     0  entry5.o(.ARM.Collect$$$$00000004)
    _main_clock                              0x08000201   Thumb Code     0  entry7b.o(.ARM.Collect$$$$00000008)
    _main_cpp_init                           0x08000201   Thumb Code     0  entry8b.o(.ARM.Collect$$$$0000000A)
    _main_init                               0x08000201   Thumb Code     0  entry9a.o(.ARM.Collect$$$$0000000B)
    __rt_final_cpp                           0x08000209   Thumb Code     0  entry10a.o(.ARM.Collect$$$$0000000D)
    __rt_final_exit                          0x08000209   Thumb Code     0  entry11a.o(.ARM.Collect$$$$0000000F)
    Reset_Handler                            0x0800020d   Thumb Code     8  startup_stm32f767xx.o(.text)
    ADC_IRQHandler                           0x08000227   Thumb Code     0  startup_stm32f767xx.o(.text)
    CAN1_RX0_IRQHandler                      0x08000227   Thumb Code     0  startup_stm32f767xx.o(.text)
    CAN1_RX1_IRQHandler                      0x08000227   Thumb Code     0  startup_stm32f767xx.o(.text)
    CAN1_SCE_IRQHandler                      0x08000227   Thumb Code     0  startup_stm32f767xx.o(.text)
    CAN1_TX_IRQHandler                       0x08000227   Thumb Code     0  startup_stm32f767xx.o(.text)
    CAN2_RX0_IRQHandler                      0x08000227   Thumb Code     0  startup_stm32f767xx.o(.text)
    CAN2_RX1_IRQHandler                      0x08000227   Thumb Code     0  startup_stm32f767xx.o(.text)
    CAN2_SCE_IRQHandler                      0x08000227   Thumb Code     0  startup_stm32f767xx.o(.text)
    CAN2_TX_IRQHandler                       0x08000227   Thumb Code     0  startup_stm32f767xx.o(.text)
    CAN3_RX0_IRQHandler                      0x08000227   Thumb Code     0  startup_stm32f767xx.o(.text)
    CAN3_RX1_IRQHandler                      0x08000227   Thumb Code     0  startup_stm32f767xx.o(.text)
    CAN3_SCE_IRQHandler                      0x08000227   Thumb Code     0  startup_stm32f767xx.o(.text)
    CAN3_TX_IRQHandler                       0x08000227   Thumb Code     0  startup_stm32f767xx.o(.text)
    CEC_IRQHandler                           0x08000227   Thumb Code     0  startup_stm32f767xx.o(.text)
    DCMI_IRQHandler                          0x08000227   Thumb Code     0  startup_stm32f767xx.o(.text)
    DFSDM1_FLT0_IRQHandler                   0x08000227   Thumb Code     0  startup_stm32f767xx.o(.text)
    DFSDM1_FLT1_IRQHandler                   0x08000227   Thumb Code     0  startup_stm32f767xx.o(.text)
    DFSDM1_FLT2_IRQHandler                   0x08000227   Thumb Code     0  startup_stm32f767xx.o(.text)
    DFSDM1_FLT3_IRQHandler                   0x08000227   Thumb Code     0  startup_stm32f767xx.o(.text)
    DMA1_Stream0_IRQHandler                  0x08000227   Thumb Code     0  startup_stm32f767xx.o(.text)
    DMA1_Stream1_IRQHandler                  0x08000227   Thumb Code     0  startup_stm32f767xx.o(.text)
    DMA1_Stream2_IRQHandler                  0x08000227   Thumb Code     0  startup_stm32f767xx.o(.text)
    DMA1_Stream3_IRQHandler                  0x08000227   Thumb Code     0  startup_stm32f767xx.o(.text)
    DMA1_Stream4_IRQHandler                  0x08000227   Thumb Code     0  startup_stm32f767xx.o(.text)
    DMA1_Stream5_IRQHandler                  0x08000227   Thumb Code     0  startup_stm32f767xx.o(.text)
    DMA1_Stream6_IRQHandler                  0x08000227   Thumb Code     0  startup_stm32f767xx.o(.text)
    DMA1_Stream7_IRQHandler                  0x08000227   Thumb Code     0  startup_stm32f767xx.o(.text)
    DMA2D_IRQHandler                         0x08000227   Thumb Code     0  startup_stm32f767xx.o(.text)
    DMA2_Stream3_IRQHandler                  0x08000227   Thumb Code     0  startup_stm32f767xx.o(.text)
    DMA2_Stream4_IRQHandler                  0x08000227   Thumb Code     0  startup_stm32f767xx.o(.text)
    DMA2_Stream5_IRQHandler                  0x08000227   Thumb Code     0  startup_stm32f767xx.o(.text)
    DMA2_Stream6_IRQHandler                  0x08000227   Thumb Code     0  startup_stm32f767xx.o(.text)
    DMA2_Stream7_IRQHandler                  0x08000227   Thumb Code     0  startup_stm32f767xx.o(.text)
    ETH_IRQHandler                           0x08000227   Thumb Code     0  startup_stm32f767xx.o(.text)
    ETH_WKUP_IRQHandler                      0x08000227   Thumb Code     0  startup_stm32f767xx.o(.text)
    EXTI0_IRQHandler                         0x08000227   Thumb Code     0  startup_stm32f767xx.o(.text)
    EXTI1_IRQHandler                         0x08000227   Thumb Code     0  startup_stm32f767xx.o(.text)
    EXTI2_IRQHandler                         0x08000227   Thumb Code     0  startup_stm32f767xx.o(.text)
    EXTI3_IRQHandler                         0x08000227   Thumb Code     0  startup_stm32f767xx.o(.text)
    EXTI4_IRQHandler                         0x08000227   Thumb Code     0  startup_stm32f767xx.o(.text)
    EXTI9_5_IRQHandler                       0x08000227   Thumb Code     0  startup_stm32f767xx.o(.text)
    FLASH_IRQHandler                         0x08000227   Thumb Code     0  startup_stm32f767xx.o(.text)
    FMC_IRQHandler                           0x08000227   Thumb Code     0  startup_stm32f767xx.o(.text)
    FPU_IRQHandler                           0x08000227   Thumb Code     0  startup_stm32f767xx.o(.text)
    I2C1_ER_IRQHandler                       0x08000227   Thumb Code     0  startup_stm32f767xx.o(.text)
    I2C1_EV_IRQHandler                       0x08000227   Thumb Code     0  startup_stm32f767xx.o(.text)
    I2C2_ER_IRQHandler                       0x08000227   Thumb Code     0  startup_stm32f767xx.o(.text)
    I2C2_EV_IRQHandler                       0x08000227   Thumb Code     0  startup_stm32f767xx.o(.text)
    I2C3_ER_IRQHandler                       0x08000227   Thumb Code     0  startup_stm32f767xx.o(.text)
    I2C3_EV_IRQHandler                       0x08000227   Thumb Code     0  startup_stm32f767xx.o(.text)
    I2C4_ER_IRQHandler                       0x08000227   Thumb Code     0  startup_stm32f767xx.o(.text)
    I2C4_EV_IRQHandler                       0x08000227   Thumb Code     0  startup_stm32f767xx.o(.text)
    JPEG_IRQHandler                          0x08000227   Thumb Code     0  startup_stm32f767xx.o(.text)
    LPTIM1_IRQHandler                        0x08000227   Thumb Code     0  startup_stm32f767xx.o(.text)
    LTDC_ER_IRQHandler                       0x08000227   Thumb Code     0  startup_stm32f767xx.o(.text)
    LTDC_IRQHandler                          0x08000227   Thumb Code     0  startup_stm32f767xx.o(.text)
    MDIOS_IRQHandler                         0x08000227   Thumb Code     0  startup_stm32f767xx.o(.text)
    OTG_FS_IRQHandler                        0x08000227   Thumb Code     0  startup_stm32f767xx.o(.text)
    OTG_FS_WKUP_IRQHandler                   0x08000227   Thumb Code     0  startup_stm32f767xx.o(.text)
    OTG_HS_EP1_IN_IRQHandler                 0x08000227   Thumb Code     0  startup_stm32f767xx.o(.text)
    OTG_HS_EP1_OUT_IRQHandler                0x08000227   Thumb Code     0  startup_stm32f767xx.o(.text)
    OTG_HS_IRQHandler                        0x08000227   Thumb Code     0  startup_stm32f767xx.o(.text)
    OTG_HS_WKUP_IRQHandler                   0x08000227   Thumb Code     0  startup_stm32f767xx.o(.text)
    PVD_IRQHandler                           0x08000227   Thumb Code     0  startup_stm32f767xx.o(.text)
    QUADSPI_IRQHandler                       0x08000227   Thumb Code     0  startup_stm32f767xx.o(.text)
    RCC_IRQHandler                           0x08000227   Thumb Code     0  startup_stm32f767xx.o(.text)
    RNG_IRQHandler                           0x08000227   Thumb Code     0  startup_stm32f767xx.o(.text)
    RTC_Alarm_IRQHandler                     0x08000227   Thumb Code     0  startup_stm32f767xx.o(.text)
    RTC_WKUP_IRQHandler                      0x08000227   Thumb Code     0  startup_stm32f767xx.o(.text)
    SAI1_IRQHandler                          0x08000227   Thumb Code     0  startup_stm32f767xx.o(.text)
    SAI2_IRQHandler                          0x08000227   Thumb Code     0  startup_stm32f767xx.o(.text)
    SDMMC1_IRQHandler                        0x08000227   Thumb Code     0  startup_stm32f767xx.o(.text)
    SDMMC2_IRQHandler                        0x08000227   Thumb Code     0  startup_stm32f767xx.o(.text)
    SPDIF_RX_IRQHandler                      0x08000227   Thumb Code     0  startup_stm32f767xx.o(.text)
    SPI1_IRQHandler                          0x08000227   Thumb Code     0  startup_stm32f767xx.o(.text)
    SPI3_IRQHandler                          0x08000227   Thumb Code     0  startup_stm32f767xx.o(.text)
    SPI4_IRQHandler                          0x08000227   Thumb Code     0  startup_stm32f767xx.o(.text)
    SPI5_IRQHandler                          0x08000227   Thumb Code     0  startup_stm32f767xx.o(.text)
    SPI6_IRQHandler                          0x08000227   Thumb Code     0  startup_stm32f767xx.o(.text)
    TAMP_STAMP_IRQHandler                    0x08000227   Thumb Code     0  startup_stm32f767xx.o(.text)
    TIM1_BRK_TIM9_IRQHandler                 0x08000227   Thumb Code     0  startup_stm32f767xx.o(.text)
    TIM1_CC_IRQHandler                       0x08000227   Thumb Code     0  startup_stm32f767xx.o(.text)
    TIM1_TRG_COM_TIM11_IRQHandler            0x08000227   Thumb Code     0  startup_stm32f767xx.o(.text)
    TIM2_IRQHandler                          0x08000227   Thumb Code     0  startup_stm32f767xx.o(.text)
    TIM3_IRQHandler                          0x08000227   Thumb Code     0  startup_stm32f767xx.o(.text)
    TIM4_IRQHandler                          0x08000227   Thumb Code     0  startup_stm32f767xx.o(.text)
    TIM5_IRQHandler                          0x08000227   Thumb Code     0  startup_stm32f767xx.o(.text)
    TIM6_DAC_IRQHandler                      0x08000227   Thumb Code     0  startup_stm32f767xx.o(.text)
    TIM7_IRQHandler                          0x08000227   Thumb Code     0  startup_stm32f767xx.o(.text)
    TIM8_BRK_TIM12_IRQHandler                0x08000227   Thumb Code     0  startup_stm32f767xx.o(.text)
    TIM8_CC_IRQHandler                       0x08000227   Thumb Code     0  startup_stm32f767xx.o(.text)
    TIM8_TRG_COM_TIM14_IRQHandler            0x08000227   Thumb Code     0  startup_stm32f767xx.o(.text)
    TIM8_UP_TIM13_IRQHandler                 0x08000227   Thumb Code     0  startup_stm32f767xx.o(.text)
    UART4_IRQHandler                         0x08000227   Thumb Code     0  startup_stm32f767xx.o(.text)
    UART5_IRQHandler                         0x08000227   Thumb Code     0  startup_stm32f767xx.o(.text)
    UART7_IRQHandler                         0x08000227   Thumb Code     0  startup_stm32f767xx.o(.text)
    UART8_IRQHandler                         0x08000227   Thumb Code     0  startup_stm32f767xx.o(.text)
    USART1_IRQHandler                        0x08000227   Thumb Code     0  startup_stm32f767xx.o(.text)
    USART3_IRQHandler                        0x08000227   Thumb Code     0  startup_stm32f767xx.o(.text)
    USART6_IRQHandler                        0x08000227   Thumb Code     0  startup_stm32f767xx.o(.text)
    WWDG_IRQHandler                          0x08000227   Thumb Code     0  startup_stm32f767xx.o(.text)
    __I$use$fp                               0x08000231   Thumb Code     0  iusefp.o(.text)
    __fp_status                              0x08000231   Thumb Code     4  fpstat.o(.text)
    __ieee_status                            0x08000231   Thumb Code     0  fpstat.o(.text)
    __scatterload                            0x08000235   Thumb Code    28  init.o(.text)
    __scatterload_rt2                        0x08000235   Thumb Code     0  init.o(.text)
    __decompress                             0x08000259   Thumb Code     0  __dclz77c.o(.text)
    __decompress2                            0x08000259   Thumb Code    94  __dclz77c.o(.text)
    Long Thumb to Thumb Veneer to cs_generation 0x080002b7   Thumb Code    10  anon$$obj.o(Veneer$$Code)
    Long Thumb to Thumb Veneer to cs_computations 0x080002c1   Thumb Code    10  anon$$obj.o(Veneer$$Code)
    Long Thumb to Thumb Veneer to sym_comp   0x080002cb   Thumb Code    10  anon$$obj.o(Veneer$$Code)
    Long Thumb to Thumb Veneer to sym_mag    0x080002d5   Thumb Code    10  anon$$obj.o(Veneer$$Code)
    Long Thumb to Thumb Veneer to thermal_status 0x080002df   Thumb Code    10  anon$$obj.o(Veneer$$Code)
    Long Thumb to Thumb Veneer to pvp_post_filter 0x080002e9   Thumb Code    10  anon$$obj.o(Veneer$$Code)
    Long Thumb to Thumb Veneer to peak_detect_rms 0x080002f3   Thumb Code    10  anon$$obj.o(Veneer$$Code)
    Long Thumb to Thumb Veneer to true_rms   0x080002fd   Thumb Code    10  anon$$obj.o(Veneer$$Code)
    Long Thumb to Thumb Veneer to spectral_analysis 0x08000307   Thumb Code    10  anon$$obj.o(Veneer$$Code)
    BusFault_Handler                         0x08000389   Thumb Code     2  stm32f7xx_it.o(i.BusFault_Handler)
    DMA2_Stream0_IRQHandler                  0x0800038d   Thumb Code     6  stm32f7xx_it.o(i.DMA2_Stream0_IRQHandler)
    DMA2_Stream1_IRQHandler                  0x08000399   Thumb Code     6  stm32f7xx_it.o(i.DMA2_Stream1_IRQHandler)
    DMA2_Stream2_IRQHandler                  0x080003a5   Thumb Code     6  stm32f7xx_it.o(i.DMA2_Stream2_IRQHandler)
    DebugMon_Handler                         0x080003b1   Thumb Code     2  stm32f7xx_it.o(i.DebugMon_Handler)
    EXTI15_10_IRQHandler                     0x080003b5   Thumb Code    12  stm32f7xx_it.o(i.EXTI15_10_IRQHandler)
    HAL_ADCEx_MultiModeConfigChannel         0x080003c5   Thumb Code   116  stm32f7xx_hal_adc_ex.o(i.HAL_ADCEx_MultiModeConfigChannel)
    HAL_ADCEx_MultiModeStart_DMA             0x0800043d   Thumb Code   330  stm32f7xx_hal_adc_ex.o(i.HAL_ADCEx_MultiModeStart_DMA)
    HAL_ADC_ConfigChannel                    0x080005a5   Thumb Code   442  stm32f7xx_hal_adc.o(i.HAL_ADC_ConfigChannel)
    HAL_ADC_ConvCpltCallback                 0x08000771   Thumb Code   548  conversion.o(i.HAL_ADC_ConvCpltCallback)
    HAL_ADC_ConvHalfCpltCallback             0x080009a5   Thumb Code     2  stm32f7xx_hal_adc.o(i.HAL_ADC_ConvHalfCpltCallback)
    HAL_ADC_ErrorCallback                    0x080009a7   Thumb Code     2  stm32f7xx_hal_adc.o(i.HAL_ADC_ErrorCallback)
    HAL_ADC_Init                             0x080009a9   Thumb Code   368  stm32f7xx_hal_adc.o(i.HAL_ADC_Init)
    HAL_ADC_MspInit                          0x08000b25   Thumb Code   352  adc.o(i.HAL_ADC_MspInit)
    HAL_ADC_Start                            0x08000cc1   Thumb Code   260  stm32f7xx_hal_adc.o(i.HAL_ADC_Start)
    HAL_DMA_Abort_IT                         0x08000dd1   Thumb Code    36  stm32f7xx_hal_dma.o(i.HAL_DMA_Abort_IT)
    HAL_DMA_IRQHandler                       0x08000df5   Thumb Code   464  stm32f7xx_hal_dma.o(i.HAL_DMA_IRQHandler)
    HAL_DMA_Init                             0x08000fd1   Thumb Code   350  stm32f7xx_hal_dma.o(i.HAL_DMA_Init)
    HAL_DMA_Start_IT                         0x0800113d   Thumb Code   156  stm32f7xx_hal_dma.o(i.HAL_DMA_Start_IT)
    HAL_GPIO_EXTI_Callback                   0x080011d9   Thumb Code     2  main.o(i.HAL_GPIO_EXTI_Callback)
    HAL_GPIO_EXTI_IRQHandler                 0x080011dd   Thumb Code    20  stm32f7xx_hal_gpio.o(i.HAL_GPIO_EXTI_IRQHandler)
    HAL_GPIO_Init                            0x080011f5   Thumb Code   572  stm32f7xx_hal_gpio.o(i.HAL_GPIO_Init)
    HAL_GPIO_ReadPin                         0x08001445   Thumb Code    10  stm32f7xx_hal_gpio.o(i.HAL_GPIO_ReadPin)
    HAL_GPIO_WritePin                        0x0800144f   Thumb Code    10  stm32f7xx_hal_gpio.o(i.HAL_GPIO_WritePin)
    HAL_GetTick                              0x08001459   Thumb Code     6  stm32f7xx_hal.o(i.HAL_GetTick)
    HAL_IncTick                              0x08001465   Thumb Code    10  stm32f7xx_hal.o(i.HAL_IncTick)
    HAL_Init                                 0x08001475   Thumb Code    22  stm32f7xx_hal.o(i.HAL_Init)
    HAL_InitTick                             0x0800148d   Thumb Code    34  stm32f7xx_hal.o(i.HAL_InitTick)
    HAL_MspInit                              0x080014b5   Thumb Code    88  stm32f7xx_hal_msp.o(i.HAL_MspInit)
    HAL_NVIC_EnableIRQ                       0x0800150d   Thumb Code    24  stm32f7xx_hal_cortex.o(i.HAL_NVIC_EnableIRQ)
    HAL_NVIC_SetPriority                     0x08001525   Thumb Code    92  stm32f7xx_hal_cortex.o(i.HAL_NVIC_SetPriority)
    HAL_NVIC_SetPriorityGrouping             0x08001585   Thumb Code    30  stm32f7xx_hal_cortex.o(i.HAL_NVIC_SetPriorityGrouping)
    HAL_PWREx_EnableOverDrive                0x080015a9   Thumb Code   116  stm32f7xx_hal_pwr_ex.o(i.HAL_PWREx_EnableOverDrive)
    HAL_QSPI_Init                            0x08001625   Thumb Code   200  stm32f7xx_hal_qspi.o(i.HAL_QSPI_Init)
    HAL_QSPI_MspInit                         0x080016f1   Thumb Code   118  quadspi.o(i.HAL_QSPI_MspInit)
    HAL_RCCEx_PeriphCLKConfig                0x08001779   Thumb Code  1496  stm32f7xx_hal_rcc_ex.o(i.HAL_RCCEx_PeriphCLKConfig)
    HAL_RCC_ClockConfig                      0x08001d55   Thumb Code   392  stm32f7xx_hal_rcc.o(i.HAL_RCC_ClockConfig)
    HAL_RCC_GetHCLKFreq                      0x08001efd   Thumb Code     6  stm32f7xx_hal_rcc.o(i.HAL_RCC_GetHCLKFreq)
    HAL_RCC_GetPCLK1Freq                     0x08001f09   Thumb Code    20  stm32f7xx_hal_rcc.o(i.HAL_RCC_GetPCLK1Freq)
    HAL_RCC_GetPCLK2Freq                     0x08001f29   Thumb Code    20  stm32f7xx_hal_rcc.o(i.HAL_RCC_GetPCLK2Freq)
    HAL_RCC_GetSysClockFreq                  0x08001f49   Thumb Code    94  stm32f7xx_hal_rcc.o(i.HAL_RCC_GetSysClockFreq)
    HAL_RCC_OscConfig                        0x08001fb9   Thumb Code   928  stm32f7xx_hal_rcc.o(i.HAL_RCC_OscConfig)
    HAL_RTC_Init                             0x08002379   Thumb Code   202  stm32f7xx_hal_rtc.o(i.HAL_RTC_Init)
    HAL_RTC_MspInit                          0x08002445   Thumb Code    26  rtc.o(i.HAL_RTC_MspInit)
    HAL_SPI_ErrorCallback                    0x08002465   Thumb Code     2  stm32f7xx_hal_spi.o(i.HAL_SPI_ErrorCallback)
    HAL_SPI_IRQHandler                       0x08002469   Thumb Code   242  stm32f7xx_hal_spi.o(i.HAL_SPI_IRQHandler)
    HAL_SPI_Init                             0x08002561   Thumb Code   210  stm32f7xx_hal_spi.o(i.HAL_SPI_Init)
    HAL_SPI_MspInit                          0x08002635   Thumb Code    90  spi.o(i.HAL_SPI_MspInit)
    HAL_SPI_Transmit_IT                      0x08002699   Thumb Code   152  stm32f7xx_hal_spi.o(i.HAL_SPI_Transmit_IT)
    HAL_SPI_TxCpltCallback                   0x08002739   Thumb Code    24  spi_masterslave.o(i.HAL_SPI_TxCpltCallback)
    HAL_SYSTICK_CLKSourceConfig              0x08002759   Thumb Code    22  stm32f7xx_hal_cortex.o(i.HAL_SYSTICK_CLKSourceConfig)
    HAL_SYSTICK_Callback                     0x0800276f   Thumb Code     2  stm32f7xx_hal_cortex.o(i.HAL_SYSTICK_Callback)
    HAL_SYSTICK_Config                       0x08002771   Thumb Code    36  stm32f7xx_hal_cortex.o(i.HAL_SYSTICK_Config)
    HAL_SYSTICK_IRQHandler                   0x08002799   Thumb Code     8  stm32f7xx_hal_cortex.o(i.HAL_SYSTICK_IRQHandler)
    HAL_TIMEx_BreakCallback                  0x080027a1   Thumb Code     2  stm32f7xx_hal_tim_ex.o(i.HAL_TIMEx_BreakCallback)
    HAL_TIMEx_CommutationCallback            0x080027a3   Thumb Code     2  stm32f7xx_hal_tim_ex.o(i.HAL_TIMEx_CommutationCallback)
    HAL_TIMEx_MasterConfigSynchronization    0x080027a5   Thumb Code    94  stm32f7xx_hal_tim_ex.o(i.HAL_TIMEx_MasterConfigSynchronization)
    HAL_TIM_Base_Init                        0x08002803   Thumb Code    54  stm32f7xx_hal_tim.o(i.HAL_TIM_Base_Init)
    HAL_TIM_Base_MspInit                     0x08002839   Thumb Code    84  tim.o(i.HAL_TIM_Base_MspInit)
    HAL_TIM_Base_Start_IT                    0x08002895   Thumb Code    24  stm32f7xx_hal_tim.o(i.HAL_TIM_Base_Start_IT)
    HAL_TIM_ConfigClockSource                0x080028ad   Thumb Code   468  stm32f7xx_hal_tim.o(i.HAL_TIM_ConfigClockSource)
    HAL_TIM_IC_CaptureCallback               0x08002a81   Thumb Code     2  stm32f7xx_hal_tim.o(i.HAL_TIM_IC_CaptureCallback)
    HAL_TIM_IRQHandler                       0x08002a83   Thumb Code   388  stm32f7xx_hal_tim.o(i.HAL_TIM_IRQHandler)
    HAL_TIM_OC_DelayElapsedCallback          0x08002c07   Thumb Code     2  stm32f7xx_hal_tim.o(i.HAL_TIM_OC_DelayElapsedCallback)
    HAL_TIM_PWM_PulseFinishedCallback        0x08002c09   Thumb Code     2  stm32f7xx_hal_tim.o(i.HAL_TIM_PWM_PulseFinishedCallback)
    HAL_TIM_PeriodElapsedCallback            0x08002c0b   Thumb Code     2  stm32f7xx_hal_tim.o(i.HAL_TIM_PeriodElapsedCallback)
    HAL_TIM_TriggerCallback                  0x08002c0d   Thumb Code     2  stm32f7xx_hal_tim.o(i.HAL_TIM_TriggerCallback)
    HAL_UART_ErrorCallback                   0x08002c0f   Thumb Code     2  stm32f7xx_hal_uart.o(i.HAL_UART_ErrorCallback)
    HAL_UART_IRQHandler                      0x08002c11   Thumb Code   652  stm32f7xx_hal_uart.o(i.HAL_UART_IRQHandler)
    HAL_UART_Init                            0x08002ea1   Thumb Code   110  stm32f7xx_hal_uart.o(i.HAL_UART_Init)
    HAL_UART_MspInit                         0x08002f11   Thumb Code    88  usart.o(i.HAL_UART_MspInit)
    HAL_UART_Receive_IT                      0x08002f71   Thumb Code   150  stm32f7xx_hal_uart.o(i.HAL_UART_Receive_IT)
    HAL_UART_RxCpltCallback                  0x08003009   Thumb Code    72  uart_masterslave.o(i.HAL_UART_RxCpltCallback)
    HAL_UART_TxCpltCallback                  0x08003059   Thumb Code    26  uart_masterslave.o(i.HAL_UART_TxCpltCallback)
    HardFault_Handler                        0x08003079   Thumb Code     2  stm32f7xx_it.o(i.HardFault_Handler)
    MX_ADC1_Init                             0x0800307d   Thumb Code   222  adc.o(i.MX_ADC1_Init)
    MX_ADC2_Init                             0x08003175   Thumb Code   182  adc.o(i.MX_ADC2_Init)
    MX_ADC3_Init                             0x08003245   Thumb Code   184  adc.o(i.MX_ADC3_Init)
    MX_DMA_Init                              0x08003315   Thumb Code    40  dma.o(i.MX_DMA_Init)
    MX_GPIO_Init                             0x08003341   Thumb Code   530  gpio.o(i.MX_GPIO_Init)
    MX_QUADSPI_Init                          0x08003579   Thumb Code    54  quadspi.o(i.MX_QUADSPI_Init)
    MX_RTC_Init                              0x080035cd   Thumb Code    52  rtc.o(i.MX_RTC_Init)
    MX_SPI2_Init                             0x08003619   Thumb Code    74  spi.o(i.MX_SPI2_Init)
    MX_TIM1_Init                             0x0800367d   Thumb Code   104  tim.o(i.MX_TIM1_Init)
    MX_TIM6_Init                             0x080036fd   Thumb Code    70  tim.o(i.MX_TIM6_Init)
    MX_USART2_UART_Init                      0x0800375d   Thumb Code    60  usart.o(i.MX_USART2_UART_Init)
    MemManage_Handler                        0x080037b1   Thumb Code     2  stm32f7xx_it.o(i.MemManage_Handler)
    NMI_Handler                              0x080037b3   Thumb Code     2  stm32f7xx_it.o(i.NMI_Handler)
    PendSV_Handler                           0x080037b5   Thumb Code     2  stm32f7xx_it.o(i.PendSV_Handler)
    SPI2_IRQHandler                          0x08003811   Thumb Code     6  stm32f7xx_it.o(i.SPI2_IRQHandler)
    SVC_Handler                              0x08003a71   Thumb Code     2  stm32f7xx_it.o(i.SVC_Handler)
    SysTick_Handler                          0x08003a73   Thumb Code    22  stm32f7xx_it.o(i.SysTick_Handler)
    SystemClock_Config                       0x08003a89   Thumb Code   186  main.o(i.SystemClock_Config)
    SystemInit                               0x08003b4d   Thumb Code    76  system_stm32f7xx.o(i.SystemInit)
    TIM1_UP_TIM10_IRQHandler                 0x08003bad   Thumb Code     6  stm32f7xx_it.o(i.TIM1_UP_TIM10_IRQHandler)
    TIM_Base_SetConfig                       0x08003bb9   Thumb Code   180  stm32f7xx_hal_tim.o(i.TIM_Base_SetConfig)
    UART_AdvFeatureConfig                    0x08003c81   Thumb Code   218  stm32f7xx_hal_uart.o(i.UART_AdvFeatureConfig)
    UART_CheckIdleState                      0x08003d5b   Thumb Code    68  stm32f7xx_hal_uart.o(i.UART_CheckIdleState)
    UART_SetConfig                           0x08003db5   Thumb Code   682  stm32f7xx_hal_uart.o(i.UART_SetConfig)
    UART_WaitOnFlagUntilTimeout              0x08004071   Thumb Code   118  stm32f7xx_hal_uart.o(i.UART_WaitOnFlagUntilTimeout)
    USART2_IRQHandler                        0x080040e9   Thumb Code     6  stm32f7xx_it.o(i.USART2_IRQHandler)
    UsageFault_Handler                       0x080040f5   Thumb Code     2  stm32f7xx_it.o(i.UsageFault_Handler)
    _Error_Handler                           0x080040f7   Thumb Code     2  main.o(i._Error_Handler)
    __ARM_fpclassify                         0x080040f9   Thumb Code    48  fpclassify.o(i.__ARM_fpclassify)
    __ARM_fpclassifyf                        0x08004129   Thumb Code    38  fpclassifyf.o(i.__ARM_fpclassifyf)
    __hardfp_atan                            0x08004151   Thumb Code   402  atan.o(i.__hardfp_atan)
    __hardfp_atan2                           0x08004351   Thumb Code   380  atan2.o(i.__hardfp_atan2)
    __hardfp_atan2f                          0x08004511   Thumb Code   502  atan2f.o(i.__hardfp_atan2f)
    __hardfp_powf                            0x08004769   Thumb Code  1590  powf.o(i.__hardfp_powf)
    __mathlib_powf                           0x08004769   Thumb Code     0  powf.o(i.__hardfp_powf)
    __hardfp_sin                             0x08004dc1   Thumb Code   158  sin.o(i.__hardfp_sin)
    __hardfp_sqrt                            0x08004e71   Thumb Code   102  sqrt.o(i.__hardfp_sqrt)
    __hardfp_sqrtf                           0x08004ed7   Thumb Code    58  sqrtf.o(i.__hardfp_sqrtf)
    __ieee754_rem_pio2                       0x08004f11   Thumb Code   646  rred.o(i.__ieee754_rem_pio2)
    __kernel_cos                             0x08005221   Thumb Code   182  cos_i.o(i.__kernel_cos)
    __kernel_poly                            0x08005301   Thumb Code   112  poly.o(i.__kernel_poly)
    __kernel_sin                             0x08005371   Thumb Code   144  sin_i.o(i.__kernel_sin)
    __mathlib_dbl_infnan                     0x08005419   Thumb Code     6  dunder.o(i.__mathlib_dbl_infnan)
    __mathlib_dbl_infnan2                    0x0800541f   Thumb Code     6  dunder.o(i.__mathlib_dbl_infnan2)
    __mathlib_dbl_invalid                    0x08005429   Thumb Code    10  dunder.o(i.__mathlib_dbl_invalid)
    __mathlib_dbl_underflow                  0x08005441   Thumb Code    10  dunder.o(i.__mathlib_dbl_underflow)
    __mathlib_flt_divzero                    0x08005459   Thumb Code    14  funder.o(i.__mathlib_flt_divzero)
    __mathlib_flt_infnan2                    0x08005471   Thumb Code     6  funder.o(i.__mathlib_flt_infnan2)
    __mathlib_flt_invalid                    0x08005479   Thumb Code    10  funder.o(i.__mathlib_flt_invalid)
    __mathlib_flt_overflow                   0x08005489   Thumb Code    10  funder.o(i.__mathlib_flt_overflow)
    __mathlib_flt_underflow                  0x08005499   Thumb Code    10  funder.o(i.__mathlib_flt_underflow)
    __scatterload_copy                       0x080054a9   Thumb Code    14  handlers.o(i.__scatterload_copy)
    __scatterload_null                       0x080054b7   Thumb Code     2  handlers.o(i.__scatterload_null)
    __scatterload_zeroinit                   0x080054b9   Thumb Code    14  handlers.o(i.__scatterload_zeroinit)
    __set_errno                              0x080054c9   Thumb Code     6  errno.o(i.__set_errno)
    atan                                     0x080054d5   Thumb Code    16  atan.o(i.atan)
    boardIO                                  0x080054e5   Thumb Code   480  boardio.o(i.boardIO)
    cs_PQ_combination                        0x080056e1   Thumb Code   154  cs_handles.o(i.cs_PQ_combination)
    cs_handles                               0x08005785   Thumb Code   840  cs_handles.o(i.cs_handles)
    dpm_mergeDWord                           0x08005aed   Thumb Code   108  dataparsermerger.o(i.dpm_mergeDWord)
    dpm_mergeFloat                           0x08005b59   Thumb Code    92  dataparsermerger.o(i.dpm_mergeFloat)
    dpm_parseDWord                           0x08005bb9   Thumb Code    82  dataparsermerger.o(i.dpm_parseDWord)
    dpm_parseFloat                           0x08005c0d   Thumb Code    92  dataparsermerger.o(i.dpm_parseFloat)
    fabs                                     0x08005c6d   Thumb Code    24  fabs.o(i.fabs)
    fc27                                     0x08005c85   Thumb Code   120  protection_functions.o(i.fc27)
    fc27_all                                 0x08005d01   Thumb Code   202  fc27.o(i.fc27_all)
    fc27_init                                0x08005df1   Thumb Code    24  fc27.o(i.fc27_init)
    fc37                                     0x08005e11   Thumb Code   112  protection_functions.o(i.fc37)
    fc37_all                                 0x08005e85   Thumb Code   294  fc37.o(i.fc37_all)
    fc37_init                                0x08005fed   Thumb Code    24  fc37.o(i.fc37_init)
    fc46_all                                 0x0800600d   Thumb Code   116  fc46.o(i.fc46_all)
    fc46_init                                0x08006095   Thumb Code    54  fc46.o(i.fc46_init)
    fc46d                                    0x080060d9   Thumb Code   336  protection_functions.o(i.fc46d)
    fc46i                                    0x08006231   Thumb Code   312  protection_functions.o(i.fc46i)
    fc49                                     0x0800637d   Thumb Code    72  protection_functions.o(i.fc49)
    fc49_all                                 0x080063c9   Thumb Code   268  fc49.o(i.fc49_all)
    fc49_init                                0x080064e5   Thumb Code    72  fc49.o(i.fc49_init)
    fc50                                     0x0800653d   Thumb Code   222  protection_functions.o(i.fc50)
    fc50N_all                                0x08006621   Thumb Code   114  fc50n.o(i.fc50N_all)
    fc50N_init                               0x080066b1   Thumb Code    22  fc50n.o(i.fc50N_init)
    fc50_all                                 0x080066d1   Thumb Code   520  fc50.o(i.fc50_all)
    fc50_init                                0x08006929   Thumb Code    40  fc50.o(i.fc50_init)
    fc51                                     0x08006959   Thumb Code   222  protection_functions.o(i.fc51)
    fc51N_all                                0x08006a49   Thumb Code    52  fc51n.o(i.fc51N_all)
    fc51N_init                               0x08006a91   Thumb Code    46  fc51n.o(i.fc51N_init)
    fc51_all                                 0x08006acd   Thumb Code   222  fc51.o(i.fc51_all)
    fc51_init                                0x08006bc1   Thumb Code    62  fc51.o(i.fc51_init)
    fc59                                     0x08006c0d   Thumb Code    92  protection_functions.o(i.fc59)
    fc59_all                                 0x08006c6d   Thumb Code   166  fc59.o(i.fc59_all)
    fc59_init                                0x08006d21   Thumb Code    18  fc59.o(i.fc59_init)
    fcBF                                     0x08006d3d   Thumb Code   274  protection_functions.o(i.fcBF)
    fcBF_all                                 0x08006e55   Thumb Code   140  fcbf.o(i.fcBF_all)
    fcBF_init                                0x08006ef9   Thumb Code    18  fcbf.o(i.fcBF_init)
    fcPVP_all                                0x08006f15   Thumb Code   400  fcpvp.o(i.fcPVP_all)
    fcPVP_init                               0x080070d5   Thumb Code    18  fcpvp.o(i.fcPVP_init)
    fcPVPd                                   0x080070f1   Thumb Code   108  protection_functions.o(i.fcPVPd)
    fcPVPi                                   0x08007161   Thumb Code   174  protection_functions.o(i.fcPVPi)
    fcUNB_all                                0x08007221   Thumb Code   288  fcunb.o(i.fcUNB_all)
    fcUNB_init                               0x08007361   Thumb Code    38  fcunb.o(i.fcUNB_init)
    fcUNB_initial_dt                         0x08007395   Thumb Code   190  fcunb.o(i.fcUNB_initial_dt)
    fcUNBd                                   0x0800747d   Thumb Code   108  protection_functions.o(i.fcUNBd)
    fcUNBi                                   0x080074ed   Thumb Code   192  protection_functions.o(i.fcUNBi)
    initFunctions                            0x080075c5   Thumb Code    58  initfunctions.o(i.initFunctions)
    init_conversion                          0x08007601   Thumb Code   148  conversion.o(i.init_conversion)
    init_protection                          0x080076c5   Thumb Code  1830  init_protection.o(i.init_protection)
    main                                     0x08007df1   Thumb Code   284  main.o(i.main)
    main_flow                                0x08007f41   Thumb Code    74  main_flow.o(i.main_flow)
    maxSelector_3p                           0x08007f8b   Thumb Code    10  protection_functions.o(i.maxSelector_3p)
    off_delay                                0x08007f95   Thumb Code    66  protection_functions.o(i.off_delay)
    on_delay                                 0x08007fd7   Thumb Code    64  protection_functions.o(i.on_delay)
    on_off_delay                             0x08008017   Thumb Code    44  protection_functions.o(i.on_off_delay)
    pick_trip_reset_handles                  0x08008043   Thumb Code    18  pickup_handles.o(i.pick_trip_reset_handles)
    pick_up_handles                          0x08008055   Thumb Code  2402  pickup_handles.o(i.pick_up_handles)
    pullDataFromMaster                       0x080089c5   Thumb Code  1190  configparams.o(i.pullDataFromMaster)
    pushDataToMaster                         0x08008e6d   Thumb Code  1650  commparams.o(i.pushDataToMaster)
    pvp_curve                                0x08009525   Thumb Code   226  protection_functions.o(i.pvp_curve)
    reset_handles                            0x08009679   Thumb Code   968  pickup_handles.o(i.reset_handles)
    spi_initComApp                           0x08009b3d   Thumb Code     2  spi_masterslave.o(i.spi_initComApp)
    spi_runComApp                            0x08009b41   Thumb Code   874  spi_masterslave.o(i.spi_runComApp)
    spi_sysTickCallApp                       0x08009eb9   Thumb Code    62  spi_masterslave.o(i.spi_sysTickCallApp)
    trip_handles                             0x08009efd   Thumb Code  1792  pickup_handles.o(i.trip_handles)
    trueRMS                                  0x0800a5fd   Thumb Code   302  truerms.o(i.trueRMS)
    uart_initComApp                          0x0800a73d   Thumb Code    10  uart_masterslave.o(i.uart_initComApp)
    uart_runComApp                           0x0800a751   Thumb Code   374  uart_masterslave.o(i.uart_runComApp)
    uart_sysTickCallApp                      0x0800a8d5   Thumb Code    60  uart_masterslave.o(i.uart_sysTickCallApp)
    AHBPrescTable                            0x0800a91c   Data          16  system_stm32f7xx.o(.constdata)
    APBPrescTable                            0x0800a92c   Data           8  system_stm32f7xx.o(.constdata)
    __mathlib_zero                           0x0800ac30   Data           8  qnan.o(.constdata)
    Region$$Table$$Base                      0x0800ad28   Number         0  anon$$obj.o(Region$$Table)
    Region$$Table$$Limit                     0x0800ad58   Number         0  anon$$obj.o(Region$$Table)
    Long Thumb to Thumb Veneer to __hardfp_sqrt 0x20000001   Thumb Code    10  anon$$obj.o(Veneer$$Code)
    Long Thumb to Thumb Veneer to __hardfp_atan2 0x2000000b   Thumb Code    10  anon$$obj.o(Veneer$$Code)
    Long Thumb to Thumb Veneer to __hardfp_sqrtf 0x20000015   Thumb Code    10  anon$$obj.o(Veneer$$Code)
    cs_computations                          0x20000021   Thumb Code   316  measurement_functions.o(i.cs_computations)
    cs_generation                            0x20000179   Thumb Code   178  measurement_functions.o(i.cs_generation)
    peak_detect_rms                          0x2000022d   Thumb Code   162  measurement_functions.o(i.peak_detect_rms)
    pvp_post_filter                          0x200002d9   Thumb Code   178  measurement_functions.o(i.pvp_post_filter)
    signal_spectra                           0x2000038d   Thumb Code   158  measurement_functions.o(i.signal_spectra)
    spectral_analysis                        0x20000431   Thumb Code    94  spectra.o(i.spectral_analysis)
    sym_comp                                 0x200004a5   Thumb Code   126  measurement_functions.o(i.sym_comp)
    sym_mag                                  0x2000052d   Thumb Code   386  measurement_functions.o(i.sym_mag)
    thermal_status                           0x200006b9   Thumb Code   114  measurement_functions.o(i.thermal_status)
    true_rms                                 0x20000731   Thumb Code   106  measurement_functions.o(i.true_rms)
    incoming_data_flag                       0x200007a0   Data           1  main.o(.data)
    incoming_data_flag_counter               0x200007a4   Data           4  main.o(.data)
    uwTick                                   0x200007a8   Data           4  stm32f7xx_hal.o(.data)
    SystemCoreClock                          0x200007ac   Data           4  system_stm32f7xx.o(.data)
    curve                                    0x200007b0   Data           1  init_protection.o(.data)
    cSelect1                                 0x200007b4   Data           4  init_protection.o(.data)
    cSelect2                                 0x200007b8   Data           4  init_protection.o(.data)
    curve_data                               0x200007bc   Data          96  init_protection.o(.data)
    fc27_obj1_L1_out                         0x20000824   Data           8  fc27.o(.data)
    fc27_obj1_L2_out                         0x2000082c   Data           8  fc27.o(.data)
    fc49_obj1_L1_out_a                       0x20000838   Data           4  fc49.o(.data)
    fc49_obj1_L1_out_b                       0x2000083c   Data           4  fc49.o(.data)
    fc49_obj1_L1_out_c                       0x20000840   Data           4  fc49.o(.data)
    fc49_obj2_L1_out_a                       0x20000844   Data           4  fc49.o(.data)
    fc49_obj2_L1_out_b                       0x20000848   Data           4  fc49.o(.data)
    fc49_obj2_L1_out_c                       0x2000084c   Data           4  fc49.o(.data)
    therm_a_obj1                             0x20000850   Data           4  fc49.o(.data)
    therm_b_obj1                             0x20000854   Data           4  fc49.o(.data)
    therm_c_obj1                             0x20000858   Data           4  fc49.o(.data)
    therm_a_obj2                             0x2000085c   Data           4  fc49.o(.data)
    therm_b_obj2                             0x20000860   Data           4  fc49.o(.data)
    therm_c_obj2                             0x20000864   Data           4  fc49.o(.data)
    fc49_obj1_L1_in                          0x20000868   Data           4  fc49.o(.data)
    fc49_obj2_L1_in                          0x2000086c   Data           4  fc49.o(.data)
    fc37_obj1_L1_out_a                       0x2000087c   Data           8  fc37.o(.data)
    fc37_obj1_L1_out_b                       0x20000884   Data           8  fc37.o(.data)
    fc37_obj1_L1_out_c                       0x2000088c   Data           8  fc37.o(.data)
    fc37_obj2_L1_out_a                       0x20000894   Data           8  fc37.o(.data)
    fc37_obj2_L1_out_b                       0x2000089c   Data           8  fc37.o(.data)
    fc37_obj2_L1_out_c                       0x200008a4   Data           8  fc37.o(.data)
    UNBpcorrection                           0x200008b0   Data           4  fcunb.o(.data)
    UNBa_rms                                 0x200008b4   Data           4  fcunb.o(.data)
    UNBb_rms                                 0x200008b8   Data           4  fcunb.o(.data)
    fcUNBi_obj1_L1_in                        0x200008c0   Data           8  fcunb.o(.data)
    peak_a                                   0x200008cc   Data           4  fcpvp.o(.data)
    peak_b                                   0x200008d0   Data           4  fcpvp.o(.data)
    peak_c                                   0x200008d4   Data           4  fcpvp.o(.data)
    fcPVPd_obj1_L1_out_a                     0x200008d8   Data           8  fcpvp.o(.data)
    fcPVPd_obj1_L1_out_b                     0x200008e0   Data           8  fcpvp.o(.data)
    fcPVPd_obj1_L1_out_c                     0x200008e8   Data           8  fcpvp.o(.data)
    pvp_coefficents                          0x200008f0   Data         404  fcpvp.o(.data)
    fault_code                               0x20000a84   Data           1  pickup_handles.o(.data)
    n                                        0x20000a88   Data           8  cs_handles.o(.data)
    UNBa                                     0x20000a90   Data           8  cs_handles.o(.data)
    UNBb                                     0x20000a98   Data           8  cs_handles.o(.data)
    sin_coeffs                               0x20000aa0   Data         200  cs_handles.o(.data)
    cos_coeffs                               0x20000b68   Data         200  cs_handles.o(.data)
    coeffs_real                              0x20000c38   Data         200  spectra.o(.data)
    coeffs_imag                              0x20000d00   Data         200  spectra.o(.data)
    conversion_completed                     0x20000dc8   Data           1  conversion.o(.data)
    ch                                       0x20000dc9   Data           1  conversion.o(.data)
    cycle_count_1                            0x20000dcc   Data           4  conversion.o(.data)
    cycle_count_2                            0x20000ddc   Data           4  conversion.o(.data)
    DI                                       0x20000de0   Data           4  boardio.o(.data)
    DO                                       0x20000de4   Data           4  boardio.o(.data)
    typeCnv                                  0x20000de8   Data           4  dataparsermerger.o(.data)
    mSelect                                  0x20000dec   Data           4  configparams.o(.data)
    pFlag                                    0x20000df0   Data           4  configparams.o(.data)
    pEN                                      0x20000df4   Data           4  configparams.o(.data)
    htim1                                    0x20000dfc   Data          64  tim.o(.bss)
    htim6                                    0x20000e3c   Data          64  tim.o(.bss)
    hrtc                                     0x20000e7c   Data          32  rtc.o(.bss)
    hqspi                                    0x20000e9c   Data          76  quadspi.o(.bss)
    hadc1                                    0x20000ee8   Data          72  adc.o(.bss)
    hadc2                                    0x20000f30   Data          72  adc.o(.bss)
    hadc3                                    0x20000f78   Data          72  adc.o(.bss)
    hdma_adc1                                0x20000fc0   Data          96  adc.o(.bss)
    hdma_adc2                                0x20001020   Data          96  adc.o(.bss)
    hdma_adc3                                0x20001080   Data          96  adc.o(.bss)
    adc_values                               0x200010e0   Data          60  main.o(.bss)
    huart2                                   0x2000111c   Data         112  usart.o(.bss)
    hspi2                                    0x2000118c   Data         100  spi.o(.bss)
    EN                                       0x200011f0   Data         116  init_protection.o(.bss)
    fc50_obj1_L1_out_a                       0x20001264   Data          12  fc50.o(.bss)
    fc50_obj1_L1_out_b                       0x20001270   Data          12  fc50.o(.bss)
    fc50_obj1_L1_out_c                       0x2000127c   Data          12  fc50.o(.bss)
    fc50_obj1_L2_out_a                       0x20001288   Data          12  fc50.o(.bss)
    fc50_obj1_L2_out_b                       0x20001294   Data          12  fc50.o(.bss)
    fc50_obj1_L2_out_c                       0x200012a0   Data          12  fc50.o(.bss)
    fc50_obj1_L3_out_a                       0x200012ac   Data          12  fc50.o(.bss)
    fc50_obj1_L3_out_b                       0x200012b8   Data          12  fc50.o(.bss)
    fc50_obj1_L3_out_c                       0x200012c4   Data          12  fc50.o(.bss)
    fc50_obj2_L1_out_a                       0x200012d0   Data          12  fc50.o(.bss)
    fc50_obj2_L1_out_b                       0x200012dc   Data          12  fc50.o(.bss)
    fc50_obj2_L1_out_c                       0x200012e8   Data          12  fc50.o(.bss)
    fc50_obj2_L2_out_a                       0x200012f4   Data          12  fc50.o(.bss)
    fc50_obj2_L2_out_b                       0x20001300   Data          12  fc50.o(.bss)
    fc50_obj2_L2_out_c                       0x2000130c   Data          12  fc50.o(.bss)
    fc50_obj2_L3_out_a                       0x20001318   Data          12  fc50.o(.bss)
    fc50_obj2_L3_out_b                       0x20001324   Data          12  fc50.o(.bss)
    fc50_obj2_L3_out_c                       0x20001330   Data          12  fc50.o(.bss)
    fc50_obj1_L1_in                          0x2000133c   Data          16  fc50.o(.bss)
    fc50_obj1_L2_in                          0x2000134c   Data          16  fc50.o(.bss)
    fc50_obj1_L3_in                          0x2000135c   Data          16  fc50.o(.bss)
    fc50_obj2_L1_in                          0x2000136c   Data          16  fc50.o(.bss)
    fc50_obj2_L2_in                          0x2000137c   Data          16  fc50.o(.bss)
    fc50_obj2_L3_in                          0x2000138c   Data          16  fc50.o(.bss)
    fc50N_obj1_L1_out                        0x2000139c   Data          12  fc50n.o(.bss)
    fc50N_obj1_L2_out                        0x200013a8   Data          12  fc50n.o(.bss)
    fc50N_obj1_L3_out                        0x200013b4   Data          12  fc50n.o(.bss)
    fc50N_obj1_L1_in                         0x200013c0   Data          16  fc50n.o(.bss)
    fc50N_obj1_L2_in                         0x200013d0   Data          16  fc50n.o(.bss)
    fc50N_obj1_L3_in                         0x200013e0   Data          16  fc50n.o(.bss)
    fc51_obj1_out_a                          0x200013f0   Data          12  fc51.o(.bss)
    fc51_obj1_out_b                          0x200013fc   Data          12  fc51.o(.bss)
    fc51_obj1_out_c                          0x20001408   Data          12  fc51.o(.bss)
    fc51_obj2_out_a                          0x20001414   Data          12  fc51.o(.bss)
    fc51_obj2_out_b                          0x20001420   Data          12  fc51.o(.bss)
    fc51_obj2_out_c                          0x2000142c   Data          12  fc51.o(.bss)
    fc51_obj1_in                             0x20001438   Data          20  fc51.o(.bss)
    fc51_obj2_in                             0x2000144c   Data          20  fc51.o(.bss)
    fc51N_obj1_out                           0x20001460   Data          12  fc51n.o(.bss)
    fc51N_obj1_in                            0x2000146c   Data          20  fc51n.o(.bss)
    fc27_obj1_L1_in                          0x20001480   Data          12  fc27.o(.bss)
    fc27_obj1_L2_in                          0x2000148c   Data          12  fc27.o(.bss)
    fc59_obj1_L1_out_a                       0x20001498   Data          12  fc59.o(.bss)
    fc59_obj1_L1_out_b                       0x200014a4   Data          12  fc59.o(.bss)
    fc59_obj1_L1_out_c                       0x200014b0   Data          12  fc59.o(.bss)
    fc59_obj1_L2_out_a                       0x200014bc   Data          12  fc59.o(.bss)
    fc59_obj1_L2_out_b                       0x200014c8   Data          12  fc59.o(.bss)
    fc59_obj1_L2_out_c                       0x200014d4   Data          12  fc59.o(.bss)
    fc59_obj1_L1_in                          0x200014e0   Data          12  fc59.o(.bss)
    fc59_obj1_L2_in                          0x200014ec   Data          12  fc59.o(.bss)
    fc46d_obj1_L1_out                        0x200014f8   Data          16  fc46.o(.bss)
    fc46i_obj1_L1_out                        0x20001508   Data          16  fc46.o(.bss)
    fc46d_obj1_L1_in                         0x20001518   Data          16  fc46.o(.bss)
    fc46i_obj1_L1_in                         0x20001528   Data          20  fc46.o(.bss)
    fc49_obj1_therm                          0x2000153c   Data          20  fc49.o(.bss)
    fc49_obj2_therm                          0x20001550   Data          20  fc49.o(.bss)
    fcBF_out                                 0x20001564   Data          12  fcbf.o(.bss)
    fcBF_in                                  0x20001570   Data          24  fcbf.o(.bss)
    fc37_obj1_L1_in                          0x20001588   Data          12  fc37.o(.bss)
    fc37_obj2_L1_in                          0x20001594   Data          12  fc37.o(.bss)
    fcUNBd_obj1_L1_out_a                     0x200015a0   Data          16  fcunb.o(.bss)
    fcUNBd_obj1_L1_out_b                     0x200015b0   Data          16  fcunb.o(.bss)
    fcUNBi_obj1_L1_out_a                     0x200015c0   Data          12  fcunb.o(.bss)
    fcUNBi_obj1_L1_out_b                     0x200015cc   Data          12  fcunb.o(.bss)
    fcUNBd_obj1_L1_in                        0x200016a0   Data          12  fcunb.o(.bss)
    pvp_out                                  0x200016ac   Data          12  fcpvp.o(.bss)
    pvp_out_back                             0x200016b8   Data          12  fcpvp.o(.bss)
    fcPVPi_obj1_L1_out_a                     0x200016c4   Data          12  fcpvp.o(.bss)
    fcPVPi_obj1_L1_out_b                     0x200016d0   Data          12  fcpvp.o(.bss)
    fcPVPi_obj1_L1_out_c                     0x200016dc   Data          12  fcpvp.o(.bss)
    pvp_buf                                  0x200016e8   Data        1212  fcpvp.o(.bss)
    fcPVPd_obj1_L1_in                        0x20002054   Data          12  fcpvp.o(.bss)
    fcPVPi_obj1_L1_in                        0x20002060   Data          20  fcpvp.o(.bss)
    pick                                     0x20002074   Data          12  pickup_handles.o(.bss)
    trip                                     0x20002080   Data          12  pickup_handles.o(.bss)
    pick_words                               0x2000208c   Data          12  pickup_handles.o(.bss)
    trip_words                               0x20002098   Data          12  pickup_handles.o(.bss)
    phase_cs_A                               0x2000219c   Data          16  cs_handles.o(.bss)
    phase_cs_B                               0x200021ac   Data          16  cs_handles.o(.bss)
    phase_cs_C                               0x200021bc   Data          16  cs_handles.o(.bss)
    phase_cs_A_out                           0x200021cc   Data          44  cs_handles.o(.bss)
    phase_cs_B_out                           0x200021f8   Data          44  cs_handles.o(.bss)
    phase_cs_C_out                           0x20002224   Data          44  cs_handles.o(.bss)
    sym                                      0x20002250   Data          24  cs_handles.o(.bss)
    sym_hist                                 0x20002268   Data          24  cs_handles.o(.bss)
    mag_sym                                  0x20002280   Data          24  cs_handles.o(.bss)
    c_buffer                                 0x20002298   Data        2400  cs_handles.o(.bss)
    s_buffer                                 0x20002bf8   Data        2400  cs_handles.o(.bss)
    P                                        0x20003558   Data          28  cs_handles.o(.bss)
    Q                                        0x20003574   Data          28  cs_handles.o(.bss)
    fRMS                                     0x20003590   Data          60  cs_handles.o(.bss)
    tRMS                                     0x200035cc   Data          60  truerms.o(.bss)
    backRMS                                  0x20003608   Data          60  truerms.o(.bss)
    bufferRMS                                0x20003644   Data        3000  truerms.o(.bss)
    spect_Ia                                 0x200041fc   Data         380  spectra.o(.bss)
    spect_Ib                                 0x20004378   Data         380  spectra.o(.bss)
    spect_Ic                                 0x200044f4   Data         380  spectra.o(.bss)
    thd                                      0x20004670   Data          12  spectra.o(.bss)
    rawAdc                                   0x2000467c   Data          60  conversion.o(.bss)
    fAdc                                     0x200046b8   Data          60  conversion.o(.bss)
    offset                                   0x200046f4   Data          60  conversion.o(.bss)
    scale                                    0x20004730   Data          60  conversion.o(.bss)
    TR                                       0x2000476c   Data          48  conversion.o(.bss)
    Sys                                      0x2000479c   Data          36  powersysdata.o(.bss)
    comParams                                0x200047c0   Data        6020  spi_masterslave.o(.bss)
    spiCRC                                   0x20005f44   Data          12  spi_masterslave.o(.bss)
    comParams_uart                           0x20005f50   Data        2996  uart_masterslave.o(.bss)
    uartCRC                                  0x20006b04   Data          12  uart_masterslave.o(.bss)
    __initial_sp                             0x20007310   Data           0  startup_stm32f767xx.o(STACK)



==============================================================================

Memory Map of the image

  Image Entry point : 0x080001f9

  Load Region LR_IROM1 (Base: 0x08000000, Size: 0x0000bb54, Max: 0x00200000, ABSOLUTE, COMPRESSED[0x0000b7c0])

    Execution Region ER_IROM1 (Base: 0x08000000, Size: 0x0000ad58, Max: 0x00200000, ABSOLUTE)

    Base Addr    Size         Type   Attr      Idx    E Section Name        Object

    0x08000000   0x000001f8   Data   RO          886    RESET               startup_stm32f767xx.o
    0x080001f8   0x00000000   Code   RO         5735  * .ARM.Collect$$$$00000000  mc_w.l(entry.o)
    0x080001f8   0x00000004   Code   RO         5803    .ARM.Collect$$$$00000001  mc_w.l(entry2.o)
    0x080001fc   0x00000004   Code   RO         5806    .ARM.Collect$$$$00000004  mc_w.l(entry5.o)
    0x08000200   0x00000000   Code   RO         5808    .ARM.Collect$$$$00000008  mc_w.l(entry7b.o)
    0x08000200   0x00000000   Code   RO         5810    .ARM.Collect$$$$0000000A  mc_w.l(entry8b.o)
    0x08000200   0x00000008   Code   RO         5811    .ARM.Collect$$$$0000000B  mc_w.l(entry9a.o)
    0x08000208   0x00000000   Code   RO         5813    .ARM.Collect$$$$0000000D  mc_w.l(entry10a.o)
    0x08000208   0x00000000   Code   RO         5815    .ARM.Collect$$$$0000000F  mc_w.l(entry11a.o)
    0x08000208   0x00000004   Code   RO         5804    .ARM.Collect$$$$00002712  mc_w.l(entry2.o)
    0x0800020c   0x00000024   Code   RO          887    .text               startup_stm32f767xx.o
    0x08000230   0x00000000   Code   RO         5824    .text               mc_w.l(iusefp.o)
    0x08000230   0x00000004   Code   RO         5825    .text               mf_w.l(fpstat.o)
    0x08000234   0x00000024   Code   RO         5831    .text               mc_w.l(init.o)
    0x08000258   0x0000005e   Code   RO         5841    .text               mc_w.l(__dclz77c.o)
    0x080002b6   0x0000000a   Ven    RO         5843    Veneer$$Code        anon$$obj.o
    0x080002c0   0x0000000a   Ven    RO         5844    Veneer$$Code        anon$$obj.o
    0x080002ca   0x0000000a   Ven    RO         5845    Veneer$$Code        anon$$obj.o
    0x080002d4   0x0000000a   Ven    RO         5846    Veneer$$Code        anon$$obj.o
    0x080002de   0x0000000a   Ven    RO         5847    Veneer$$Code        anon$$obj.o
    0x080002e8   0x0000000a   Ven    RO         5848    Veneer$$Code        anon$$obj.o
    0x080002f2   0x0000000a   Ven    RO         5849    Veneer$$Code        anon$$obj.o
    0x080002fc   0x0000000a   Ven    RO         5850    Veneer$$Code        anon$$obj.o
    0x08000306   0x0000000a   Ven    RO         5851    Veneer$$Code        anon$$obj.o
    0x08000310   0x00000060   Code   RO         2088    i.ADC_MultiModeDMAConvCplt  stm32f7xx_hal_adc_ex.o
    0x08000370   0x00000012   Code   RO         2089    i.ADC_MultiModeDMAError  stm32f7xx_hal_adc_ex.o
    0x08000382   0x00000006   Code   RO         2090    i.ADC_MultiModeDMAHalfConvCplt  stm32f7xx_hal_adc_ex.o
    0x08000388   0x00000002   Code   RO          310    i.BusFault_Handler  stm32f7xx_it.o
    0x0800038a   0x00000002   PAD
    0x0800038c   0x0000000c   Code   RO          311    i.DMA2_Stream0_IRQHandler  stm32f7xx_it.o
    0x08000398   0x0000000c   Code   RO          312    i.DMA2_Stream1_IRQHandler  stm32f7xx_it.o
    0x080003a4   0x0000000c   Code   RO          313    i.DMA2_Stream2_IRQHandler  stm32f7xx_it.o
    0x080003b0   0x00000002   Code   RO          314    i.DebugMon_Handler  stm32f7xx_it.o
    0x080003b2   0x00000002   PAD
    0x080003b4   0x00000010   Code   RO          315    i.EXTI15_10_IRQHandler  stm32f7xx_it.o
    0x080003c4   0x00000078   Code   RO         2099    i.HAL_ADCEx_MultiModeConfigChannel  stm32f7xx_hal_adc_ex.o
    0x0800043c   0x00000168   Code   RO         2101    i.HAL_ADCEx_MultiModeStart_DMA  stm32f7xx_hal_adc_ex.o
    0x080005a4   0x000001cc   Code   RO          898    i.HAL_ADC_ConfigChannel  stm32f7xx_hal_adc.o
    0x08000770   0x00000234   Code   RO         5220    i.HAL_ADC_ConvCpltCallback  conversion.o
    0x080009a4   0x00000002   Code   RO          900    i.HAL_ADC_ConvHalfCpltCallback  stm32f7xx_hal_adc.o
    0x080009a6   0x00000002   Code   RO          902    i.HAL_ADC_ErrorCallback  stm32f7xx_hal_adc.o
    0x080009a8   0x0000017c   Code   RO          907    i.HAL_ADC_Init      stm32f7xx_hal_adc.o
    0x08000b24   0x0000019c   Code   RO          443    i.HAL_ADC_MspInit   adc.o
    0x08000cc0   0x00000110   Code   RO          913    i.HAL_ADC_Start     stm32f7xx_hal_adc.o
    0x08000dd0   0x00000024   Code   RO         2479    i.HAL_DMA_Abort_IT  stm32f7xx_hal_dma.o
    0x08000df4   0x000001dc   Code   RO         2483    i.HAL_DMA_IRQHandler  stm32f7xx_hal_dma.o
    0x08000fd0   0x0000016c   Code   RO         2484    i.HAL_DMA_Init      stm32f7xx_hal_dma.o
    0x0800113c   0x0000009c   Code   RO         2488    i.HAL_DMA_Start_IT  stm32f7xx_hal_dma.o
    0x080011d8   0x00000002   Code   RO          496    i.HAL_GPIO_EXTI_Callback  main.o
    0x080011da   0x00000002   PAD
    0x080011dc   0x00000018   Code   RO         1420    i.HAL_GPIO_EXTI_IRQHandler  stm32f7xx_hal_gpio.o
    0x080011f4   0x00000250   Code   RO         1421    i.HAL_GPIO_Init     stm32f7xx_hal_gpio.o
    0x08001444   0x0000000a   Code   RO         1423    i.HAL_GPIO_ReadPin  stm32f7xx_hal_gpio.o
    0x0800144e   0x0000000a   Code   RO         1425    i.HAL_GPIO_WritePin  stm32f7xx_hal_gpio.o
    0x08001458   0x0000000c   Code   RO         2306    i.HAL_GetTick       stm32f7xx_hal.o
    0x08001464   0x00000010   Code   RO         2310    i.HAL_IncTick       stm32f7xx_hal.o
    0x08001474   0x00000016   Code   RO         2311    i.HAL_Init          stm32f7xx_hal.o
    0x0800148a   0x00000002   PAD
    0x0800148c   0x00000028   Code   RO         2312    i.HAL_InitTick      stm32f7xx_hal.o
    0x080014b4   0x00000058   Code   RO          286    i.HAL_MspInit       stm32f7xx_hal_msp.o
    0x0800150c   0x00000018   Code   RO         1293    i.HAL_NVIC_EnableIRQ  stm32f7xx_hal_cortex.o
    0x08001524   0x00000060   Code   RO         1299    i.HAL_NVIC_SetPriority  stm32f7xx_hal_cortex.o
    0x08001584   0x00000024   Code   RO         1300    i.HAL_NVIC_SetPriorityGrouping  stm32f7xx_hal_cortex.o
    0x080015a8   0x0000007c   Code   RO         2203    i.HAL_PWREx_EnableOverDrive  stm32f7xx_hal_pwr_ex.o
    0x08001624   0x000000cc   Code   RO         3429    i.HAL_QSPI_Init     stm32f7xx_hal_qspi.o
    0x080016f0   0x00000088   Code   RO          215    i.HAL_QSPI_MspInit  quadspi.o
    0x08001778   0x000005dc   Code   RO         2691    i.HAL_RCCEx_PeriphCLKConfig  stm32f7xx_hal_rcc_ex.o
    0x08001d54   0x000001a8   Code   RO         2966    i.HAL_RCC_ClockConfig  stm32f7xx_hal_rcc.o
    0x08001efc   0x0000000c   Code   RO         2971    i.HAL_RCC_GetHCLKFreq  stm32f7xx_hal_rcc.o
    0x08001f08   0x00000020   Code   RO         2973    i.HAL_RCC_GetPCLK1Freq  stm32f7xx_hal_rcc.o
    0x08001f28   0x00000020   Code   RO         2974    i.HAL_RCC_GetPCLK2Freq  stm32f7xx_hal_rcc.o
    0x08001f48   0x00000070   Code   RO         2975    i.HAL_RCC_GetSysClockFreq  stm32f7xx_hal_rcc.o
    0x08001fb8   0x000003c0   Code   RO         2978    i.HAL_RCC_OscConfig  stm32f7xx_hal_rcc.o
    0x08002378   0x000000ca   Code   RO         1067    i.HAL_RTC_Init      stm32f7xx_hal_rtc.o
    0x08002442   0x00000002   PAD
    0x08002444   0x00000020   Code   RO          173    i.HAL_RTC_MspInit   rtc.o
    0x08002464   0x00000002   Code   RO         4369    i.HAL_SPI_ErrorCallback  stm32f7xx_hal_spi.o
    0x08002466   0x00000002   PAD
    0x08002468   0x000000f8   Code   RO         4372    i.HAL_SPI_IRQHandler  stm32f7xx_hal_spi.o
    0x08002560   0x000000d2   Code   RO         4373    i.HAL_SPI_Init      stm32f7xx_hal_spi.o
    0x08002632   0x00000002   PAD
    0x08002634   0x00000064   Code   RO          640    i.HAL_SPI_MspInit   spi.o
    0x08002698   0x000000a0   Code   RO         4386    i.HAL_SPI_Transmit_IT  stm32f7xx_hal_spi.o
    0x08002738   0x00000020   Code   RO         5458    i.HAL_SPI_TxCpltCallback  spi_masterslave.o
    0x08002758   0x00000016   Code   RO         1302    i.HAL_SYSTICK_CLKSourceConfig  stm32f7xx_hal_cortex.o
    0x0800276e   0x00000002   Code   RO         1303    i.HAL_SYSTICK_Callback  stm32f7xx_hal_cortex.o
    0x08002770   0x00000028   Code   RO         1304    i.HAL_SYSTICK_Config  stm32f7xx_hal_cortex.o
    0x08002798   0x00000008   Code   RO         1305    i.HAL_SYSTICK_IRQHandler  stm32f7xx_hal_cortex.o
    0x080027a0   0x00000002   Code   RO         3102    i.HAL_TIMEx_BreakCallback  stm32f7xx_hal_tim_ex.o
    0x080027a2   0x00000002   Code   RO         3103    i.HAL_TIMEx_CommutationCallback  stm32f7xx_hal_tim_ex.o
    0x080027a4   0x0000005e   Code   RO         3121    i.HAL_TIMEx_MasterConfigSynchronization  stm32f7xx_hal_tim_ex.o
    0x08002802   0x00000036   Code   RO         1486    i.HAL_TIM_Base_Init  stm32f7xx_hal_tim.o
    0x08002838   0x0000005c   Code   RO            5    i.HAL_TIM_Base_MspInit  tim.o
    0x08002894   0x00000018   Code   RO         1491    i.HAL_TIM_Base_Start_IT  stm32f7xx_hal_tim.o
    0x080028ac   0x000001d4   Code   RO         1495    i.HAL_TIM_ConfigClockSource  stm32f7xx_hal_tim.o
    0x08002a80   0x00000002   Code   RO         1515    i.HAL_TIM_IC_CaptureCallback  stm32f7xx_hal_tim.o
    0x08002a82   0x00000184   Code   RO         1528    i.HAL_TIM_IRQHandler  stm32f7xx_hal_tim.o
    0x08002c06   0x00000002   Code   RO         1531    i.HAL_TIM_OC_DelayElapsedCallback  stm32f7xx_hal_tim.o
    0x08002c08   0x00000002   Code   RO         1558    i.HAL_TIM_PWM_PulseFinishedCallback  stm32f7xx_hal_tim.o
    0x08002c0a   0x00000002   Code   RO         1565    i.HAL_TIM_PeriodElapsedCallback  stm32f7xx_hal_tim.o
    0x08002c0c   0x00000002   Code   RO         1569    i.HAL_TIM_TriggerCallback  stm32f7xx_hal_tim.o
    0x08002c0e   0x00000002   Code   RO         4114    i.HAL_UART_ErrorCallback  stm32f7xx_hal_uart.o
    0x08002c10   0x00000290   Code   RO         4117    i.HAL_UART_IRQHandler  stm32f7xx_hal_uart.o
    0x08002ea0   0x0000006e   Code   RO         4118    i.HAL_UART_Init     stm32f7xx_hal_uart.o
    0x08002f0e   0x00000002   PAD
    0x08002f10   0x00000060   Code   RO          598    i.HAL_UART_MspInit  usart.o
    0x08002f70   0x00000096   Code   RO         4123    i.HAL_UART_Receive_IT  stm32f7xx_hal_uart.o
    0x08003006   0x00000002   PAD
    0x08003008   0x00000050   Code   RO         5511    i.HAL_UART_RxCpltCallback  uart_masterslave.o
    0x08003058   0x00000020   Code   RO         5512    i.HAL_UART_TxCpltCallback  uart_masterslave.o
    0x08003078   0x00000002   Code   RO          316    i.HardFault_Handler  stm32f7xx_it.o
    0x0800307a   0x00000002   PAD
    0x0800307c   0x000000f8   Code   RO          444    i.MX_ADC1_Init      adc.o
    0x08003174   0x000000d0   Code   RO          445    i.MX_ADC2_Init      adc.o
    0x08003244   0x000000d0   Code   RO          446    i.MX_ADC3_Init      adc.o
    0x08003314   0x0000002c   Code   RO          259    i.MX_DMA_Init       dma.o
    0x08003340   0x00000238   Code   RO          573    i.MX_GPIO_Init      gpio.o
    0x08003578   0x00000054   Code   RO          216    i.MX_QUADSPI_Init   quadspi.o
    0x080035cc   0x0000004c   Code   RO          174    i.MX_RTC_Init       rtc.o
    0x08003618   0x00000064   Code   RO          641    i.MX_SPI2_Init      spi.o
    0x0800367c   0x00000080   Code   RO            6    i.MX_TIM1_Init      tim.o
    0x080036fc   0x00000060   Code   RO            7    i.MX_TIM6_Init      tim.o
    0x0800375c   0x00000054   Code   RO          599    i.MX_USART2_UART_Init  usart.o
    0x080037b0   0x00000002   Code   RO          317    i.MemManage_Handler  stm32f7xx_it.o
    0x080037b2   0x00000002   Code   RO          318    i.NMI_Handler       stm32f7xx_it.o
    0x080037b4   0x00000002   Code   RO          319    i.PendSV_Handler    stm32f7xx_it.o
    0x080037b6   0x00000058   Code   RO         3454    i.QSPI_WaitFlagStateUntilTimeout  stm32f7xx_hal_qspi.o
    0x0800380e   0x00000002   PAD
    0x08003810   0x0000000c   Code   RO          320    i.SPI2_IRQHandler   stm32f7xx_it.o
    0x0800381c   0x00000012   Code   RO         4397    i.SPI_DMAAbortOnError  stm32f7xx_hal_spi.o
    0x0800382e   0x0000004a   Code   RO         4407    i.SPI_EndRxTxTransaction  stm32f7xx_hal_spi.o
    0x08003878   0x00000068   Code   RO         4410    i.SPI_TxISR_16BIT   stm32f7xx_hal_spi.o
    0x080038e0   0x00000066   Code   RO         4411    i.SPI_TxISR_8BIT    stm32f7xx_hal_spi.o
    0x08003946   0x00000002   PAD
    0x08003948   0x0000009c   Code   RO         4412    i.SPI_WaitFifoStateUntilTimeout  stm32f7xx_hal_spi.o
    0x080039e4   0x0000008c   Code   RO         4413    i.SPI_WaitFlagStateUntilTimeout  stm32f7xx_hal_spi.o
    0x08003a70   0x00000002   Code   RO          321    i.SVC_Handler       stm32f7xx_it.o
    0x08003a72   0x00000016   Code   RO          322    i.SysTick_Handler   stm32f7xx_it.o
    0x08003a88   0x000000c4   Code   RO          497    i.SystemClock_Config  main.o
    0x08003b4c   0x00000060   Code   RO         4670    i.SystemInit        system_stm32f7xx.o
    0x08003bac   0x0000000c   Code   RO          323    i.TIM1_UP_TIM10_IRQHandler  stm32f7xx_it.o
    0x08003bb8   0x000000c8   Code   RO         1570    i.TIM_Base_SetConfig  stm32f7xx_hal_tim.o
    0x08003c80   0x000000da   Code   RO         4131    i.UART_AdvFeatureConfig  stm32f7xx_hal_uart.o
    0x08003d5a   0x00000044   Code   RO         4132    i.UART_CheckIdleState  stm32f7xx_hal_uart.o
    0x08003d9e   0x00000014   Code   RO         4133    i.UART_DMAAbortOnError  stm32f7xx_hal_uart.o
    0x08003db2   0x00000002   PAD
    0x08003db4   0x000002bc   Code   RO         4139    i.UART_SetConfig    stm32f7xx_hal_uart.o
    0x08004070   0x00000076   Code   RO         4140    i.UART_WaitOnFlagUntilTimeout  stm32f7xx_hal_uart.o
    0x080040e6   0x00000002   PAD
    0x080040e8   0x0000000c   Code   RO          324    i.USART2_IRQHandler  stm32f7xx_it.o
    0x080040f4   0x00000002   Code   RO          325    i.UsageFault_Handler  stm32f7xx_it.o
    0x080040f6   0x00000002   Code   RO          498    i._Error_Handler    main.o
    0x080040f8   0x00000030   Code   RO         5827    i.__ARM_fpclassify  m_wv.l(fpclassify.o)
    0x08004128   0x00000026   Code   RO         5775    i.__ARM_fpclassifyf  m_wv.l(fpclassifyf.o)
    0x0800414e   0x00000002   PAD
    0x08004150   0x00000200   Code   RO         5738    i.__hardfp_atan     m_wv.l(atan.o)
    0x08004350   0x000001c0   Code   RO         5661    i.__hardfp_atan2    m_wv.l(atan2.o)
    0x08004510   0x00000258   Code   RO         5673    i.__hardfp_atan2f   m_wv.l(atan2f.o)
    0x08004768   0x00000658   Code   RO         5685    i.__hardfp_powf     m_wv.l(powf.o)
    0x08004dc0   0x000000b0   Code   RO         5699    i.__hardfp_sin      m_wv.l(sin.o)
    0x08004e70   0x00000066   Code   RO         5711    i.__hardfp_sqrt     m_wv.l(sqrt.o)
    0x08004ed6   0x0000003a   Code   RO         5723    i.__hardfp_sqrtf    m_wv.l(sqrtf.o)
    0x08004f10   0x00000310   Code   RO         5792    i.__ieee754_rem_pio2  m_wv.l(rred.o)
    0x08005220   0x000000e0   Code   RO         5752    i.__kernel_cos      m_wv.l(cos_i.o)
    0x08005300   0x00000070   Code   RO         5829    i.__kernel_poly     m_wv.l(poly.o)
    0x08005370   0x000000a8   Code   RO         5797    i.__kernel_sin      m_wv.l(sin_i.o)
    0x08005418   0x00000006   Code   RO         5756    i.__mathlib_dbl_infnan  m_wv.l(dunder.o)
    0x0800541e   0x00000006   Code   RO         5757    i.__mathlib_dbl_infnan2  m_wv.l(dunder.o)
    0x08005424   0x00000004   PAD
    0x08005428   0x00000018   Code   RO         5758    i.__mathlib_dbl_invalid  m_wv.l(dunder.o)
    0x08005440   0x00000018   Code   RO         5761    i.__mathlib_dbl_underflow  m_wv.l(dunder.o)
    0x08005458   0x00000018   Code   RO         5777    i.__mathlib_flt_divzero  m_wv.l(funder.o)
    0x08005470   0x00000006   Code   RO         5779    i.__mathlib_flt_infnan2  m_wv.l(funder.o)
    0x08005476   0x00000002   PAD
    0x08005478   0x00000010   Code   RO         5780    i.__mathlib_flt_invalid  m_wv.l(funder.o)
    0x08005488   0x00000010   Code   RO         5781    i.__mathlib_flt_overflow  m_wv.l(funder.o)
    0x08005498   0x00000010   Code   RO         5783    i.__mathlib_flt_underflow  m_wv.l(funder.o)
    0x080054a8   0x0000000e   Code   RO         5835    i.__scatterload_copy  mc_w.l(handlers.o)
    0x080054b6   0x00000002   Code   RO         5836    i.__scatterload_null  mc_w.l(handlers.o)
    0x080054b8   0x0000000e   Code   RO         5837    i.__scatterload_zeroinit  mc_w.l(handlers.o)
    0x080054c6   0x00000002   PAD
    0x080054c8   0x0000000c   Code   RO         5819    i.__set_errno       mc_w.l(errno.o)
    0x080054d4   0x00000010   Code   RO         5740    i.atan              m_wv.l(atan.o)
    0x080054e4   0x000001fc   Code   RO         5298    i.boardIO           boardio.o
    0x080056e0   0x000000a4   Code   RO         5139    i.cs_PQ_combination  cs_handles.o
    0x08005784   0x00000368   Code   RO         5140    i.cs_handles        cs_handles.o
    0x08005aec   0x0000006c   Code   RO         5337    i.dpm_mergeDWord    dataparsermerger.o
    0x08005b58   0x00000060   Code   RO         5338    i.dpm_mergeFloat    dataparsermerger.o
    0x08005bb8   0x00000052   Code   RO         5339    i.dpm_parseDWord    dataparsermerger.o
    0x08005c0a   0x00000002   PAD
    0x08005c0c   0x00000060   Code   RO         5340    i.dpm_parseFloat    dataparsermerger.o
    0x08005c6c   0x00000018   Code   RO         5771    i.fabs              m_wv.l(fabs.o)
    0x08005c84   0x0000007c   Code   RO          760    i.fc27              protection_functions.o
    0x08005d00   0x000000f0   Code   RO         4836    i.fc27_all          fc27.o
    0x08005df0   0x00000020   Code   RO         4837    i.fc27_init         fc27.o
    0x08005e10   0x00000074   Code   RO          761    i.fc37              protection_functions.o
    0x08005e84   0x00000168   Code   RO         4983    i.fc37_all          fc37.o
    0x08005fec   0x00000020   Code   RO         4984    i.fc37_init         fc37.o
    0x0800600c   0x00000088   Code   RO         4893    i.fc46_all          fc46.o
    0x08006094   0x00000044   Code   RO         4894    i.fc46_init         fc46.o
    0x080060d8   0x00000158   Code   RO          762    i.fc46d             protection_functions.o
    0x08006230   0x0000014c   Code   RO          763    i.fc46i             protection_functions.o
    0x0800637c   0x0000004c   Code   RO          764    i.fc49              protection_functions.o
    0x080063c8   0x0000011c   Code   RO         4917    i.fc49_all          fc49.o
    0x080064e4   0x00000058   Code   RO         4918    i.fc49_init         fc49.o
    0x0800653c   0x000000e4   Code   RO          765    i.fc50              protection_functions.o
    0x08006620   0x00000090   Code   RO         4758    i.fc50N_all         fc50n.o
    0x080066b0   0x00000020   Code   RO         4759    i.fc50N_init        fc50n.o
    0x080066d0   0x00000258   Code   RO         4728    i.fc50_all          fc50.o
    0x08006928   0x00000030   Code   RO         4729    i.fc50_init         fc50.o
    0x08006958   0x000000f0   Code   RO          766    i.fc51              protection_functions.o
    0x08006a48   0x00000048   Code   RO         4810    i.fc51N_all         fc51n.o
    0x08006a90   0x0000003c   Code   RO         4811    i.fc51N_init        fc51n.o
    0x08006acc   0x000000f4   Code   RO         4784    i.fc51_all          fc51.o
    0x08006bc0   0x0000004c   Code   RO         4785    i.fc51_init         fc51.o
    0x08006c0c   0x00000060   Code   RO          767    i.fc59              protection_functions.o
    0x08006c6c   0x000000b4   Code   RO         4871    i.fc59_all          fc59.o
    0x08006d20   0x0000001c   Code   RO         4872    i.fc59_init         fc59.o
    0x08006d3c   0x00000118   Code   RO          768    i.fcBF              protection_functions.o
    0x08006e54   0x000000a4   Code   RO         4945    i.fcBF_all          fcbf.o
    0x08006ef8   0x0000001c   Code   RO         4946    i.fcBF_init         fcbf.o
    0x08006f14   0x000001c0   Code   RO         5050    i.fcPVP_all         fcpvp.o
    0x080070d4   0x0000001c   Code   RO         5051    i.fcPVP_init        fcpvp.o
    0x080070f0   0x00000070   Code   RO          769    i.fcPVPd            protection_functions.o
    0x08007160   0x000000c0   Code   RO          770    i.fcPVPi            protection_functions.o
    0x08007220   0x00000140   Code   RO         5015    i.fcUNB_all         fcunb.o
    0x08007360   0x00000034   Code   RO         5016    i.fcUNB_init        fcunb.o
    0x08007394   0x000000e8   Code   RO         5017    i.fcUNB_initial_dt  fcunb.o
    0x0800747c   0x00000070   Code   RO          771    i.fcUNBd            protection_functions.o
    0x080074ec   0x000000d8   Code   RO          772    i.fcUNBi            protection_functions.o
    0x080075c4   0x0000003a   Code   RO         5268    i.initFunctions     initfunctions.o
    0x080075fe   0x00000002   PAD
    0x08007600   0x000000c4   Code   RO         5222    i.init_conversion   conversion.o
    0x080076c4   0x0000072c   Code   RO         4704    i.init_protection   init_protection.o
    0x08007df0   0x00000150   Code   RO          499    i.main              main.o
    0x08007f40   0x0000004a   Code   RO         5637    i.main_flow         main_flow.o
    0x08007f8a   0x0000000a   Code   RO          773    i.maxSelector_3p    protection_functions.o
    0x08007f94   0x00000042   Code   RO          775    i.off_delay         protection_functions.o
    0x08007fd6   0x00000040   Code   RO          776    i.on_delay          protection_functions.o
    0x08008016   0x0000002c   Code   RO          777    i.on_off_delay      protection_functions.o
    0x08008042   0x00000012   Code   RO         5085    i.pick_trip_reset_handles  pickup_handles.o
    0x08008054   0x00000970   Code   RO         5086    i.pick_up_handles   pickup_handles.o
    0x080089c4   0x000004a6   Code   RO         5610    i.pullDataFromMaster  configparams.o
    0x08008e6a   0x00000002   PAD
    0x08008e6c   0x000006b8   Code   RO         5565    i.pushDataToMaster  commparams.o
    0x08009524   0x00000154   Code   RO          778    i.pvp_curve         protection_functions.o
    0x08009678   0x000004c4   Code   RO         5087    i.reset_handles     pickup_handles.o
    0x08009b3c   0x00000002   Code   RO         5459    i.spi_initComApp    spi_masterslave.o
    0x08009b3e   0x00000002   PAD
    0x08009b40   0x00000378   Code   RO         5460    i.spi_runComApp     spi_masterslave.o
    0x08009eb8   0x00000044   Code   RO         5461    i.spi_sysTickCallApp  spi_masterslave.o
    0x08009efc   0x00000700   Code   RO         5088    i.trip_handles      pickup_handles.o
    0x0800a5fc   0x00000140   Code   RO         5177    i.trueRMS           truerms.o
    0x0800a73c   0x00000014   Code   RO         5513    i.uart_initComApp   uart_masterslave.o
    0x0800a750   0x00000184   Code   RO         5514    i.uart_runComApp    uart_masterslave.o
    0x0800a8d4   0x00000040   Code   RO         5515    i.uart_sysTickCallApp  uart_masterslave.o
    0x0800a914   0x00000008   Data   RO         2490    .constdata          stm32f7xx_hal_dma.o
    0x0800a91c   0x00000010   Data   RO         4671    .constdata          system_stm32f7xx.o
    0x0800a92c   0x00000008   Data   RO         4672    .constdata          system_stm32f7xx.o
    0x0800a934   0x00000010   Data   RO         4731    .constdata          fc50.o
    0x0800a944   0x00000010   Data   RO         4761    .constdata          fc50n.o
    0x0800a954   0x00000014   Data   RO         4787    .constdata          fc51.o
    0x0800a968   0x00000014   Data   RO         4813    .constdata          fc51n.o
    0x0800a97c   0x0000000c   Data   RO         4839    .constdata          fc27.o
    0x0800a988   0x0000000c   Data   RO         4874    .constdata          fc59.o
    0x0800a994   0x00000024   Data   RO         4897    .constdata          fc46.o
    0x0800a9b8   0x00000018   Data   RO         4920    .constdata          fc49.o
    0x0800a9d0   0x00000018   Data   RO         4948    .constdata          fcbf.o
    0x0800a9e8   0x0000000c   Data   RO         4986    .constdata          fc37.o
    0x0800a9f4   0x00000014   Data   RO         5019    .constdata          fcunb.o
    0x0800aa08   0x00000020   Data   RO         5055    .constdata          fcpvp.o
    0x0800aa28   0x00000140   Data   RO         5688    .constdata          m_wv.l(powf.o)
    0x0800ab68   0x00000098   Data   RO         5741    .constdata          m_wv.l(atan.o)
    0x0800ac00   0x00000030   Data   RO         5753    .constdata          m_wv.l(cos_i.o)
    0x0800ac30   0x00000008   Data   RO         5791    .constdata          m_wv.l(qnan.o)
    0x0800ac38   0x000000c8   Data   RO         5794    .constdata          m_wv.l(rred.o)
    0x0800ad00   0x00000028   Data   RO         5798    .constdata          m_wv.l(sin_i.o)
    0x0800ad28   0x00000030   Data   RO         5833    Region$$Table       anon$$obj.o


    Execution Region RW_IRAM1 (Base: 0x20000000, Size: 0x00007310, Max: 0x0001ffff, ABSOLUTE, COMPRESSED[0x000002c8])

    Base Addr    Size         Type   Attr      Idx    E Section Name        Object

    0x20000000   0x0000000a   Ven    RO         5852    Veneer$$Code        anon$$obj.o
    0x2000000a   0x0000000a   Ven    RO         5853    Veneer$$Code        anon$$obj.o
    0x20000014   0x0000000a   Ven    RO         5854    Veneer$$Code        anon$$obj.o
    0x2000001e   0x00000002   PAD
    0x20000020   0x00000158   Code   RO          678    i.cs_computations   measurement_functions.o
    0x20000178   0x000000b2   Code   RO          679    i.cs_generation     measurement_functions.o
    0x2000022a   0x00000002   PAD
    0x2000022c   0x000000ac   Code   RO          680    i.peak_detect_rms   measurement_functions.o
    0x200002d8   0x000000b2   Code   RO          682    i.pvp_post_filter   measurement_functions.o
    0x2000038a   0x00000002   PAD
    0x2000038c   0x000000a4   Code   RO          683    i.signal_spectra    measurement_functions.o
    0x20000430   0x00000074   Code   RO         5197    i.spectral_analysis  spectra.o
    0x200004a4   0x00000088   Code   RO          685    i.sym_comp          measurement_functions.o
    0x2000052c   0x0000018c   Code   RO          686    i.sym_mag           measurement_functions.o
    0x200006b8   0x00000078   Code   RO          687    i.thermal_status    measurement_functions.o
    0x20000730   0x00000070   Code   RO          688    i.true_rms          measurement_functions.o
    0x200007a0   0x00000008   Data   RW          501    .data               main.o
    0x200007a8   0x00000004   Data   RW         2317    .data               stm32f7xx_hal.o
    0x200007ac   0x00000004   Data   RW         4673    .data               system_stm32f7xx.o
    0x200007b0   0x0000006c   Data   RW         4706    .data               init_protection.o
    0x2000081c   0x00000018   Data   RW         4840    .data               fc27.o
    0x20000834   0x00000001   Data   RW         4898    .data               fc46.o
    0x20000835   0x00000003   PAD
    0x20000838   0x00000038   Data   RW         4921    .data               fc49.o
    0x20000870   0x0000003c   Data   RW         4987    .data               fc37.o
    0x200008ac   0x0000001c   Data   RW         5020    .data               fcunb.o
    0x200008c8   0x000001bc   Data   RW         5056    .data               fcpvp.o
    0x20000a84   0x00000002   Data   RW         5090    .data               pickup_handles.o
    0x20000a86   0x00000002   PAD
    0x20000a88   0x000001a8   Data   RW         5145    .data               cs_handles.o
    0x20000c30   0x00000001   Data   RW         5179    .data               truerms.o
    0x20000c31   0x00000003   PAD
    0x20000c34   0x00000194   Data   RW         5200    .data               spectra.o
    0x20000dc8   0x00000014   Data   RW         5224    .data               conversion.o
    0x20000ddc   0x00000004   Data   RW         5225    .data               conversion.o
    0x20000de0   0x00000008   Data   RW         5299    .data               boardio.o
    0x20000de8   0x00000004   Data   RW         5341    .data               dataparsermerger.o
    0x20000dec   0x0000000c   Data   RW         5611    .data               configparams.o
    0x20000df8   0x00000004   Data   RW         5820    .data               mc_w.l(errno.o)
    0x20000dfc   0x00000080   Zero   RW            8    .bss                tim.o
    0x20000e7c   0x00000020   Zero   RW          175    .bss                rtc.o
    0x20000e9c   0x0000004c   Zero   RW          217    .bss                quadspi.o
    0x20000ee8   0x000001f8   Zero   RW          447    .bss                adc.o
    0x200010e0   0x0000003c   Zero   RW          500    .bss                main.o
    0x2000111c   0x00000070   Zero   RW          600    .bss                usart.o
    0x2000118c   0x00000064   Zero   RW          642    .bss                spi.o
    0x200011f0   0x00000074   Zero   RW         4705    .bss                init_protection.o
    0x20001264   0x00000138   Zero   RW         4730    .bss                fc50.o
    0x2000139c   0x00000054   Zero   RW         4760    .bss                fc50n.o
    0x200013f0   0x00000070   Zero   RW         4786    .bss                fc51.o
    0x20001460   0x00000020   Zero   RW         4812    .bss                fc51n.o
    0x20001480   0x00000018   Zero   RW         4838    .bss                fc27.o
    0x20001498   0x00000060   Zero   RW         4873    .bss                fc59.o
    0x200014f8   0x00000044   Zero   RW         4895    .bss                fc46.o
    0x2000153c   0x00000028   Zero   RW         4919    .bss                fc49.o
    0x20001564   0x00000024   Zero   RW         4947    .bss                fcbf.o
    0x20001588   0x00000018   Zero   RW         4985    .bss                fc37.o
    0x200015a0   0x0000010c   Zero   RW         5018    .bss                fcunb.o
    0x200016ac   0x000009c8   Zero   RW         5054    .bss                fcpvp.o
    0x20002074   0x00000128   Zero   RW         5089    .bss                pickup_handles.o
    0x2000219c   0x00001430   Zero   RW         5141    .bss                cs_handles.o
    0x200035cc   0x00000c30   Zero   RW         5178    .bss                truerms.o
    0x200041fc   0x00000474   Zero   RW         5198    .bss                spectra.o
    0x20004670   0x0000000c   Zero   RW         5199    .bss                spectra.o
    0x2000467c   0x00000120   Zero   RW         5223    .bss                conversion.o
    0x2000479c   0x00000024   Zero   RW         5283    .bss                powersysdata.o
    0x200047c0   0x00001790   Zero   RW         5462    .bss                spi_masterslave.o
    0x20005f50   0x00000bc0   Zero   RW         5516    .bss                uart_masterslave.o
    0x20006b10   0x00000800   Zero   RW          884    STACK               startup_stm32f767xx.o


==============================================================================

Image component sizes


      Code (inc. data)   RO Data    RW Data    ZI Data      Debug   Object Name

      1076        136          0          0        504       3689   adc.o
       508         28          0          8          0       1918   boardio.o
      1720        224          0          0          0       1675   commparams.o
      1190        162          0         12          0       7128   configparams.o
       760         64          0         24        288       4699   conversion.o
      1036         42          0        424       5168       5648   cs_handles.o
       382          8          0          4          0       4022   dataparsermerger.o
        44          4          0          0          0        738   dma.o
       272         46         12         24         24       2397   fc27.o
       392         74         12         60         24       1731   fc37.o
       204         34         36          1         68       1907   fc46.o
       372         32         24         56         40       2105   fc49.o
       648         88         16          0        312       2647   fc50.o
       176         40         16          0         84       1460   fc50n.o
       320         36         20          0        112       1711   fc51.o
       132         34         20          0         32       1280   fc51n.o
       208         24         12          0         96       1511   fc59.o
       192         34         24          0         36       1282   fcbf.o
       476         58         32        444       2504       2650   fcpvp.o
       604         88         20         28        268       3037   fcunb.o
       568         38          0          0          0       1223   gpio.o
      1836        134          0        108        116      10160   init_protection.o
        58          0          0          0          0        516   initfunctions.o
       536         62          0          8         60      38314   main.o
        74          0          0          0          0        524   main_flow.o
      1800         76          0          0          0      10100   measurement_functions.o
      5446        794          0          2        296      14264   pickup_handles.o
         0          0          0          0         36        790   powersysdata.o
      2992        238          0          0          0      18988   protection_functions.o
       220         48          0          0         76       1689   quadspi.o
       108         30          0          0         32       1403   rtc.o
       116         22          0        404       1152       2077   spectra.o
       200         36          0          0        100       1633   spi.o
       990         28          0          0       6032       6294   spi_masterslave.o
        36          8        504          0       2048        796   startup_stm32f767xx.o
        90         18          0          4          0       3159   stm32f7xx_hal.o
      1116         42          0          0          0       4726   stm32f7xx_hal_adc.o
       600         34          0          0          0       4246   stm32f7xx_hal_adc_ex.o
       228         14          0          0          0      36601   stm32f7xx_hal_cortex.o
      1032         26          8          0          0       5082   stm32f7xx_hal_dma.o
       636         24          0          0          0       3726   stm32f7xx_hal_gpio.o
        88          0          0          0          0        518   stm32f7xx_hal_msp.o
       124          8          0          0          0       1240   stm32f7xx_hal_pwr_ex.o
       292          4          0          0          0       2856   stm32f7xx_hal_qspi.o
      1572        112          0          0          0       5754   stm32f7xx_hal_rcc.o
      1500         36          0          0          0       2300   stm32f7xx_hal_rcc_ex.o
       202          0          0          0          0       1577   stm32f7xx_hal_rtc.o
      1214         14          0          0          0       9047   stm32f7xx_hal_spi.o
      1144         20          0          0          0       9751   stm32f7xx_hal_tim.o
        98          0          0          0          0       2726   stm32f7xx_hal_tim_ex.o
      2042         42          0          0          0       9052   stm32f7xx_hal_uart.o
       126         40          0          0          0       7312   stm32f7xx_it.o
        96         20         24          4          0       1207   system_stm32f7xx.o
       316         58          0          0        128     901819   tim.o
       320         18          0          1       3120       3165   truerms.o
       584         42          0          0       3008       6334   uart_masterslave.o
       180         32          0          0        112       1642   usart.o

    ----------------------------------------------------------------------
     39454       3374        828       1624      25876    1185846   Object Totals
       120          0         48          0          0          0   (incl. Generated)
        42          0          0          8          0          0   (incl. Padding)

    ----------------------------------------------------------------------

      Code (inc. data)   RO Data    RW Data    ZI Data      Debug   Library Member Name

       528        110        152          0          0        348   atan.o
       448         68          0          0          0        180   atan2.o
       600         98          0          0          0        184   atan2f.o
       224         42         48          0          0        184   cos_i.o
        60         28          0          0          0        464   dunder.o
        24          0          0          0          0        124   fabs.o
        48          0          0          0          0        124   fpclassify.o
        38          0          0          0          0        116   fpclassifyf.o
        78         28          0          0          0        580   funder.o
       112          0          0          0          0        116   poly.o
      1624        130        320          0          0        400   powf.o
         0          0          8          0          0          0   qnan.o
       784        138        200          0          0        172   rred.o
       176         18          0          0          0        160   sin.o
       168         24         40          0          0        196   sin_i.o
       102          0          0          0          0        140   sqrt.o
        58          0          0          0          0        136   sqrtf.o
        94          0          0          0          0          0   __dclz77c.o
         0          0          0          0          0          0   entry.o
         0          0          0          0          0          0   entry10a.o
         0          0          0          0          0          0   entry11a.o
         8          4          0          0          0          0   entry2.o
         4          0          0          0          0          0   entry5.o
         0          0          0          0          0          0   entry7b.o
         0          0          0          0          0          0   entry8b.o
         8          4          0          0          0          0   entry9a.o
        12          6          0          4          0         68   errno.o
        30          0          0          0          0          0   handlers.o
        36          8          0          0          0         68   init.o
         0          0          0          0          0          0   iusefp.o
         4          0          0          0          0         68   fpstat.o

    ----------------------------------------------------------------------
      5278        706        768          4          0       3828   Library Totals
        10          0          0          0          0          0   (incl. Padding)

    ----------------------------------------------------------------------

      Code (inc. data)   RO Data    RW Data    ZI Data      Debug   Library Name

      5072        684        768          0          0       3624   m_wv.l
       192         22          0          4          0        136   mc_w.l
         4          0          0          0          0         68   mf_w.l

    ----------------------------------------------------------------------
      5278        706        768          4          0       3828   Library Totals

    ----------------------------------------------------------------------

==============================================================================


      Code (inc. data)   RO Data    RW Data    ZI Data      Debug   

     44732       4080       1596       1628      25876    1170106   Grand Totals
     44732       4080       1596        712      25876    1170106   ELF Image Totals (compressed)
     44732       4080       1596        712          0          0   ROM Totals

==============================================================================

    Total RO  Size (Code + RO Data)                46328 (  45.24kB)
    Total RW  Size (RW Data + ZI Data)             27504 (  26.86kB)
    Total ROM Size (Code + RO Data + RW Data)      47040 (  45.94kB)

==============================================================================

