Component: ARM Compiler 5.06 update 3 (build 300) Tool: armlink [4d35c9]

==============================================================================

Section Cross References

    tim.o(i.HAL_TIM_Base_MspDeInit) refers to stm32f7xx_hal_cortex.o(i.HAL_NVIC_DisableIRQ) for HAL_NVIC_DisableIRQ
    tim.o(i.HAL_TIM_Base_MspInit) refers to stm32f7xx_hal_cortex.o(i.HAL_NVIC_SetPriority) for HAL_NVIC_SetPriority
    tim.o(i.HAL_TIM_Base_MspInit) refers to stm32f7xx_hal_cortex.o(i.HAL_NVIC_EnableIRQ) for HAL_NVIC_EnableIRQ
    tim.o(i.MX_TIM1_Init) refers to stm32f7xx_hal_tim.o(i.HAL_TIM_Base_Init) for HAL_TIM_Base_Init
    tim.o(i.MX_TIM1_Init) refers to main.o(i._Error_Handler) for _Error_Handler
    tim.o(i.MX_TIM1_Init) refers to stm32f7xx_hal_tim.o(i.HAL_TIM_ConfigClockSource) for HAL_TIM_ConfigClockSource
    tim.o(i.MX_TIM1_Init) refers to stm32f7xx_hal_tim_ex.o(i.HAL_TIMEx_MasterConfigSynchronization) for HAL_TIMEx_MasterConfigSynchronization
    tim.o(i.MX_TIM1_Init) refers to tim.o(.bss) for htim1
    tim.o(i.MX_TIM6_Init) refers to stm32f7xx_hal_tim.o(i.HAL_TIM_Base_Init) for HAL_TIM_Base_Init
    tim.o(i.MX_TIM6_Init) refers to main.o(i._Error_Handler) for _Error_Handler
    tim.o(i.MX_TIM6_Init) refers to stm32f7xx_hal_tim_ex.o(i.HAL_TIMEx_MasterConfigSynchronization) for HAL_TIMEx_MasterConfigSynchronization
    tim.o(i.MX_TIM6_Init) refers to tim.o(.bss) for htim6
    rtc.o(i.MX_RTC_Init) refers to stm32f7xx_hal_rtc.o(i.HAL_RTC_Init) for HAL_RTC_Init
    rtc.o(i.MX_RTC_Init) refers to main.o(i._Error_Handler) for _Error_Handler
    rtc.o(i.MX_RTC_Init) refers to rtc.o(.bss) for hrtc
    quadspi.o(i.HAL_QSPI_MspDeInit) refers to stm32f7xx_hal_gpio.o(i.HAL_GPIO_DeInit) for HAL_GPIO_DeInit
    quadspi.o(i.HAL_QSPI_MspInit) refers to stm32f7xx_hal_gpio.o(i.HAL_GPIO_Init) for HAL_GPIO_Init
    quadspi.o(i.MX_QUADSPI_Init) refers to stm32f7xx_hal_qspi.o(i.HAL_QSPI_Init) for HAL_QSPI_Init
    quadspi.o(i.MX_QUADSPI_Init) refers to main.o(i._Error_Handler) for _Error_Handler
    quadspi.o(i.MX_QUADSPI_Init) refers to quadspi.o(.bss) for hqspi
    dma.o(i.MX_DMA_Init) refers to stm32f7xx_hal_cortex.o(i.HAL_NVIC_SetPriority) for HAL_NVIC_SetPriority
    dma.o(i.MX_DMA_Init) refers to stm32f7xx_hal_cortex.o(i.HAL_NVIC_EnableIRQ) for HAL_NVIC_EnableIRQ
    stm32f7xx_hal_msp.o(i.HAL_MspInit) refers to stm32f7xx_hal_cortex.o(i.HAL_NVIC_SetPriorityGrouping) for HAL_NVIC_SetPriorityGrouping
    stm32f7xx_hal_msp.o(i.HAL_MspInit) refers to stm32f7xx_hal_cortex.o(i.HAL_NVIC_SetPriority) for HAL_NVIC_SetPriority
    stm32f7xx_it.o(i.DMA2_Stream0_IRQHandler) refers to stm32f7xx_hal_dma.o(i.HAL_DMA_IRQHandler) for HAL_DMA_IRQHandler
    stm32f7xx_it.o(i.DMA2_Stream0_IRQHandler) refers to adc.o(.bss) for hdma_adc1
    stm32f7xx_it.o(i.DMA2_Stream1_IRQHandler) refers to stm32f7xx_hal_dma.o(i.HAL_DMA_IRQHandler) for HAL_DMA_IRQHandler
    stm32f7xx_it.o(i.DMA2_Stream1_IRQHandler) refers to adc.o(.bss) for hdma_adc3
    stm32f7xx_it.o(i.DMA2_Stream2_IRQHandler) refers to stm32f7xx_hal_dma.o(i.HAL_DMA_IRQHandler) for HAL_DMA_IRQHandler
    stm32f7xx_it.o(i.DMA2_Stream2_IRQHandler) refers to adc.o(.bss) for hdma_adc2
    stm32f7xx_it.o(i.EXTI15_10_IRQHandler) refers to stm32f7xx_hal_gpio.o(i.HAL_GPIO_EXTI_IRQHandler) for HAL_GPIO_EXTI_IRQHandler
    stm32f7xx_it.o(i.EXTI15_10_IRQHandler) refers to main.o(.data) for incoming_data_flag
    stm32f7xx_it.o(i.SPI2_IRQHandler) refers to stm32f7xx_hal_spi.o(i.HAL_SPI_IRQHandler) for HAL_SPI_IRQHandler
    stm32f7xx_it.o(i.SPI2_IRQHandler) refers to spi.o(.bss) for hspi2
    stm32f7xx_it.o(i.SysTick_Handler) refers to stm32f7xx_hal.o(i.HAL_IncTick) for HAL_IncTick
    stm32f7xx_it.o(i.SysTick_Handler) refers to stm32f7xx_hal_cortex.o(i.HAL_SYSTICK_IRQHandler) for HAL_SYSTICK_IRQHandler
    stm32f7xx_it.o(i.SysTick_Handler) refers to uart_masterslave.o(i.uart_sysTickCallApp) for uart_sysTickCallApp
    stm32f7xx_it.o(i.SysTick_Handler) refers to spi_masterslave.o(i.spi_sysTickCallApp) for spi_sysTickCallApp
    stm32f7xx_it.o(i.TIM1_UP_TIM10_IRQHandler) refers to stm32f7xx_hal_tim.o(i.HAL_TIM_IRQHandler) for HAL_TIM_IRQHandler
    stm32f7xx_it.o(i.TIM1_UP_TIM10_IRQHandler) refers to tim.o(.bss) for htim1
    stm32f7xx_it.o(i.USART2_IRQHandler) refers to stm32f7xx_hal_uart.o(i.HAL_UART_IRQHandler) for HAL_UART_IRQHandler
    stm32f7xx_it.o(i.USART2_IRQHandler) refers to usart.o(.bss) for huart2
    adc.o(i.HAL_ADC_MspDeInit) refers to stm32f7xx_hal_gpio.o(i.HAL_GPIO_DeInit) for HAL_GPIO_DeInit
    adc.o(i.HAL_ADC_MspDeInit) refers to stm32f7xx_hal_dma.o(i.HAL_DMA_DeInit) for HAL_DMA_DeInit
    adc.o(i.HAL_ADC_MspInit) refers to stm32f7xx_hal_gpio.o(i.HAL_GPIO_Init) for HAL_GPIO_Init
    adc.o(i.HAL_ADC_MspInit) refers to stm32f7xx_hal_dma.o(i.HAL_DMA_Init) for HAL_DMA_Init
    adc.o(i.HAL_ADC_MspInit) refers to main.o(i._Error_Handler) for _Error_Handler
    adc.o(i.HAL_ADC_MspInit) refers to adc.o(.bss) for hdma_adc1
[...]
    passed                                   0x20000134   Data           1  fcunb.o(.data)
    counter                                  0x20000135   Data           1  fcunb.o(.data)
    .data                                    0x20000138   Section      456  fcpvp.o(.data)
    counter                                  0x200002fc   Data           4  fcpvp.o(.data)
    .data                                    0x20000300   Section        2  pickup_handles.o(.data)
    pick_up_counter                          0x20000301   Data           1  pickup_handles.o(.data)
    .data                                    0x20000304   Section      448  cs_handles.o(.data)
    .data                                    0x200004c4   Section        1  truerms.o(.data)
    counter                                  0x200004c4   Data           1  truerms.o(.data)
    .data                                    0x200004c8   Section      404  spectra.o(.data)
    count                                    0x20000658   Data           4  spectra.o(.data)
    .data                                    0x2000065c   Section       32  conversion.o(.data)
    count                                    0x20000670   Data           4  conversion.o(.data)
    sum                                      0x20000674   Data           4  conversion.o(.data)
    x                                        0x20000678   Data           4  conversion.o(.data)
    .data                                    0x2000067c   Section        8  boardio.o(.data)
    .data                                    0x20000684   Section        4  dataparsermerger.o(.data)
    .data                                    0x20000688   Section       12  configparams.o(.data)
    .data                                    0x20000694   Section        4  errno.o(.data)
    _errno                                   0x20000694   Data           4  errno.o(.data)
    .bss                                     0x20000698   Section      128  tim.o(.bss)
    .bss                                     0x20000718   Section       32  rtc.o(.bss)
    .bss                                     0x20000738   Section       76  quadspi.o(.bss)
    .bss                                     0x20000784   Section      504  adc.o(.bss)
    .bss                                     0x2000097c   Section       60  main.o(.bss)
    .bss                                     0x200009b8   Section      112  usart.o(.bss)
    .bss                                     0x20000a28   Section      100  spi.o(.bss)
    .bss                                     0x20000a8c   Section      116  init_protection.o(.bss)
    .bss                                     0x20000b00   Section      312  fc50.o(.bss)
    .bss                                     0x20000c38   Section       84  fc50n.o(.bss)
    .bss                                     0x20000c8c   Section      112  fc51.o(.bss)
    .bss                                     0x20000cfc   Section       32  fc51n.o(.bss)
    .bss                                     0x20000d1c   Section       24  fc27.o(.bss)
    .bss                                     0x20000d34   Section       96  fc59.o(.bss)
    .bss                                     0x20000d94   Section      268  fc46.o(.bss)
    .bss                                     0x20000ea0   Section       40  fc49.o(.bss)
    .bss                                     0x20000ec8   Section       36  fcbf.o(.bss)
    .bss                                     0x20000eec   Section       24  fc37.o(.bss)
    .bss                                     0x20000f04   Section      268  fcunb.o(.bss)
    UNBa_buffer                              0x20000f48   Data         100  fcunb.o(.bss)
    UNBb_buffer                              0x20000fac   Data         100  fcunb.o(.bss)
    .bss                                     0x20001010   Section     2528  fcpvp.o(.bss)
    peakBuffer                               0x20001540   Data        1200  fcpvp.o(.bss)
    .bss                                     0x200019f0   Section      296  pickup_handles.o(.bss)
    pick_buffer                              0x20001a20   Data         248  pickup_handles.o(.bss)
    .bss                                     0x20001b18   Section     5168  cs_handles.o(.bss)
    .bss                                     0x20002f48   Section     3120  truerms.o(.bss)
    .bss                                     0x20003b78   Section     1116  spectra.o(.bss)
    .bss                                     0x20003fd4   Section      288  conversion.o(.bss)
    .bss                                     0x200040f4   Section       36  powersysdata.o(.bss)
    .bss                                     0x20004118   Section     6032  spi_masterslave.o(.bss)
    .bss                                     0x200058a8   Section     3008  uart_masterslave.o(.bss)
    STACK                                    0x20006468   Section     1024  startup_stm32f767xx.o(STACK)

    Global Symbols

    Symbol Name                              Value     Ov Type        Size  Object(Section)

    BuildAttributes$$THM_ISAv4$E$P$D$K$B$S$7EM$VFPv5_D16$PE$PLD8$A:L22UL41UL21$X:L11$S22US41US21$IEEE1$IW$USESV6$~STKCKD$USESV7$~SHL$OTIME$ROPI$IEEEX$EBA8$MICROLIB$REQ8$PRES8$EABIv2 0x00000000   Number         0  anon$$obj.o ABSOLUTE
    __ARM_use_no_argv                        0x00000000   Number         0  main.o ABSOLUTE
    __cpp_initialize__aeabi_                  - Undefined Weak Reference
    __cxa_finalize                            - Undefined Weak Reference
    _clock_init                               - Undefined Weak Reference
    _microlib_exit                            - Undefined Weak Reference
    __Vectors_Size                           0x000001f8   Number         0  startup_stm32f767xx.o ABSOLUTE
    __Vectors                                0x08000000   Data           4  startup_stm32f767xx.o(RESET)
    __Vectors_End                            0x080001f8   Data           0  startup_stm32f767xx.o(RESET)
    __main                                   0x080001f9   Thumb Code     0  entry.o(.ARM.Collect$$$$00000000)
    _main_stk                                0x080001f9   Thumb Code     0  entry2.o(.ARM.Collect$$$$00000001)
    _main_scatterload                        0x080001fd   Thumb Code     0  entry5.o(.ARM.Collect$$$$00000004)
    __main_after_scatterload                 0x08000201   Thumb Code     0  entry5.o(.ARM.Collect$$$$00000004)
    _main_clock                              0x08000201   Thumb Code     0  entry7b.o(.ARM.Collect$$$$00000008)
    _main_cpp_init                           0x08000201   Thumb Code     0  entry8b.o(.ARM.Collect$$$$0000000A)
    _main_init                               0x08000201   Thumb Code     0  entry9a.o(.ARM.Collect$$$$0000000B)
    __rt_final_cpp                           0x08000209   Thumb Code     0  entry10a.o(.ARM.Collect$$$$0000000D)
    __rt_final_exit                          0x08000209   Thumb Code     0  entry11a.o(.ARM.Collect$$$$0000000F)
    Reset_Handler                            0x0800020d   Thumb Code     8  startup_stm32f767xx.o(.text)
    ADC_IRQHandler                           0x08000227   Thumb Code     0  startup_stm32f767xx.o(.text)
    CAN1_RX0_IRQHandler                      0x08000227   Thumb Code     0  startup_stm32f767xx.o(.text)
    CAN1_RX1_IRQHandler                      0x08000227   Thumb Code     0  startup_stm32f767xx.o(.text)
    CAN1_SCE_IRQHandler                      0x08000227   Thumb Code     0  startup_stm32f767xx.o(.text)
    CAN1_TX_IRQHandler                       0x08000227   Thumb Code     0  startup_stm32f767xx.o(.text)
    CAN2_RX0_IRQHandler                      0x08000227   Thumb Code     0  startup_stm32f767xx.o(.text)
    CAN2_RX1_IRQHandler                      0x08000227   Thumb Code     0  startup_stm32f767xx.o(.text)
    CAN2_SCE_IRQHandler                      0x08000227   Thumb Code     0  startup_stm32f767xx.o(.text)
    CAN2_TX_IRQHandler                       0x08000227   Thumb Code     0  startup_stm32f767xx.o(.text)
    CAN3_RX0_IRQHandler                      0x08000227   Thumb Code     0  startup_stm32f767xx.o(.text)
    CAN3_RX1_IRQHandler                      0x08000227   Thumb Code     0  startup_stm32f767xx.o(.text)
    CAN3_SCE_IRQHandler                      0x08000227   Thumb Code     0  startup_stm32f767xx.o(.text)
    CAN3_TX_IRQHandler                       0x08000227   Thumb Code     0  startup_stm32f767xx.o(.text)
    CEC_IRQHandler                           0x08000227   Thumb Code     0  startup_stm32f767xx.o(.text)
    DCMI_IRQHandler                          0x08000227   Thumb Code     0  startup_stm32f767xx.o(.text)
    DFSDM1_FLT0_IRQHandler                   0x08000227   Thumb Code     0  startup_stm32f767xx.o(.text)
    DFSDM1_FLT1_IRQHandler                   0x08000227   Thumb Code     0  startup_stm32f767xx.o(.text)
    DFSDM1_FLT2_IRQHandler                   0x08000227   Thumb Code     0  startup_stm32f767xx.o(.text)
    DFSDM1_FLT3_IRQHandler                   0x08000227   Thumb Code     0  startup_stm32f767xx.o(.text)
    DMA1_Stream0_IRQHandler                  0x08000227   Thumb Code     0  startup_stm32f767xx.o(.text)
    DMA1_Stream1_IRQHandler                  0x08000227   Thumb Code     0  startup_stm32f767xx.o(.text)
    DMA1_Stream2_IRQHandler                  0x08000227   Thumb Code     0  startup_stm32f767xx.o(.text)
    DMA1_Stream3_IRQHandler                  0x08000227   Thumb Code     0  startup_stm32f767xx.o(.text)
    DMA1_Stream4_IRQHandler                  0x08000227   Thumb Code     0  startup_stm32f767xx.o(.text)
    DMA1_Stream5_IRQHandler                  0x08000227   Thumb Code     0  startup_stm32f767xx.o(.text)
    DMA1_Stream6_IRQHandler                  0x08000227   Thumb Code     0  startup_stm32f767xx.o(.text)
    DMA1_Stream7_IRQHandler                  0x08000227   Thumb Code     0  startup_stm32f767xx.o(.text)
    DMA2D_IRQHandler                         0x08000227   Thumb Code     0  startup_stm32f767xx.o(.text)
    DMA2_Stream3_IRQHandler                  0x08000227   Thumb Code     0  startup_stm32f767xx.o(.text)
    DMA2_Stream4_IRQHandler                  0x08000227   Thumb Code     0  startup_stm32f767xx.o(.text)
    DMA2_Stream5_IRQHandler                  0x08000227   Thumb Code     0  startup_stm32f767xx.o(.text)
    DMA2_Stream6_IRQHandler                  0x08000227   Thumb Code     0  startup_stm32f767xx.o(.text)
    DMA2_Stream7_IRQHandler                  0x08000227   Thumb Code     0  startup_stm32f767xx.o(.text)
    ETH_IRQHandler                           0x08000227   Thumb Code     0  startup_stm32f767xx.o(.text)
    ETH_WKUP_IRQHandler                      0x08000227   Thumb Code     0  startup_stm32f767xx.o(.text)
    EXTI0_IRQHandler                         0x08000227   Thumb Code     0  startup_stm32f767xx.o(.text)
    EXTI1_IRQHandler                         0x08000227   Thumb Code     0  startup_stm32f767xx.o(.text)
    EXTI2_IRQHandler                         0x08000227   Thumb Code     0  startup_stm32f767xx.o(.text)
    EXTI3_IRQHandler                         0x08000227   Thumb Code     0  startup_stm32f767xx.o(.text)
    EXTI4_IRQHandler                         0x08000227   Thumb Code     0  startup_stm32f767xx.o(.text)
    EXTI9_5_IRQHandler                       0x08000227   Thumb Code     0  startup_stm32f767xx.o(.text)
    FLASH_IRQHandler                         0x08000227   Thumb Code     0  startup_stm32f767xx.o(.text)
    FMC_IRQHandler                           0x08000227   Thumb Code     0  startup_stm32f767xx.o(.text)
    FPU_IRQHandler                           0x08000227   Thumb Code     0  startup_stm32f767xx.o(.text)
    I2C1_ER_IRQHandler                       0x08000227   Thumb Code     0  startup_stm32f767xx.o(.text)
    I2C1_EV_IRQHandler                       0x08000227   Thumb Code     0  startup_stm32f767xx.o(.text)
    I2C2_ER_IRQHandler                       0x08000227   Thumb Code     0  startup_stm32f767xx.o(.text)
    I2C2_EV_IRQHandler                       0x08000227   Thumb Code     0  startup_stm32f767xx.o(.text)
    I2C3_ER_IRQHandler                       0x08000227   Thumb Code     0  startup_stm32f767xx.o(.text)
    I2C3_EV_IRQHandler                       0x08000227   Thumb Code     0  startup_stm32f767xx.o(.text)
    I2C4_ER_IRQHandler                       0x08000227   Thumb Code     0  startup_stm32f767xx.o(.text)
    I2C4_EV_IRQHandler                       0x08000227   Thumb Code     0  startup_stm32f767xx.o(.text)
    JPEG_IRQHandler                          0x08000227   Thumb Code     0  startup_stm32f767xx.o(.text)
    LPTIM1_IRQHandler                        0x08000227   Thumb Code     0  startup_stm32f767xx.o(.text)
    LTDC_ER_IRQHandler                       0x08000227   Thumb Code     0  startup_stm32f767xx.o(.text)
    LTDC_IRQHandler                          0x08000227   Thumb Code     0  startup_stm32f767xx.o(.text)
    MDIOS_IRQHandler                         0x08000227   Thumb Code     0  startup_stm32f767xx.o(.text)
    OTG_FS_IRQHandler                        0x08000227   Thumb Code     0  startup_stm32f767xx.o(.text)
    OTG_FS_WKUP_IRQHandler                   0x08000227   Thumb Code     0  startup_stm32f767xx.o(.text)
    OTG_HS_EP1_IN_IRQHandler                 0x08000227   Thumb Code     0  startup_stm32f767xx.o(.text)
    OTG_HS_EP1_OUT_IRQHandler                0x08000227   Thumb Code     0  startup_stm32f767xx.o(.text)
    OTG_HS_IRQHandler                        0x08000227   Thumb Code     0  startup_stm32f767xx.o(.text)
    OTG_HS_WKUP_IRQHandler                   0x08000227   Thumb Code     0  startup_stm32f767xx.o(.text)
    PVD_IRQHandler                           0x08000227   Thumb Code     0  startup_stm32f767xx.o(.text)
    QUADSPI_IRQHandler                       0x08000227   Thumb Code     0  startup_stm32f767xx.o(.text)
    RCC_IRQHandler                           0x08000227   Thumb Code     0  startup_stm32f767xx.o(.text)
    RNG_IRQHandler                           0x08000227   Thumb Code     0  startup_stm32f767xx.o(.text)
    RTC_Alarm_IRQHandler                     0x08000227   Thumb Code     0  startup_stm32f767xx.o(.text)
    RTC_WKUP_IRQHandler                      0x08000227   Thumb Code     0  startup_stm32f767xx.o(.text)
    SAI1_IRQHandler                          0x08000227   Thumb Code     0  startup_stm32f767xx.o(.text)
    SAI2_IRQHandler                          0x08000227   Thumb Code     0  startup_stm32f767xx.o(.text)
    SDMMC1_IRQHandler                        0x08000227   Thumb Code     0  startup_stm32f767xx.o(.text)
    SDMMC2_IRQHandler                        0x08000227   Thumb Code     0  startup_stm32f767xx.o(.text)
    SPDIF_RX_IRQHandler                      0x08000227   Thumb Code     0  startup_stm32f767xx.o(.text)
    SPI1_IRQHandler                          0x08000227   Thumb Code     0  startup_stm32f767xx.o(.text)
    SPI3_IRQHandler                          0x08000227   Thumb Code     0  startup_stm32f767xx.o(.text)
    SPI4_IRQHandler                          0x08000227   Thumb Code     0  startup_stm32f767xx.o(.text)
    SPI5_IRQHandler                          0x08000227   Thumb Code     0  startup_stm32f767xx.o(.text)
    SPI6_IRQHandler                          0x08000227   Thumb Code     0  startup_stm32f767xx.o(.text)
    TAMP_STAMP_IRQHandler                    0x08000227   Thumb Code     0  startup_stm32f767xx.o(.text)
    TIM1_BRK_TIM9_IRQHandler                 0x08000227   Thumb Code     0  startup_stm32f767xx.o(.text)
    TIM1_CC_IRQHandler                       0x08000227   Thumb Code     0  startup_stm32f767xx.o(.text)
    TIM1_TRG_COM_TIM11_IRQHandler            0x08000227   Thumb Code     0  startup_stm32f767xx.o(.text)
    TIM2_IRQHandler                          0x08000227   Thumb Code     0  startup_stm32f767xx.o(.text)
    TIM3_IRQHandler                          0x08000227   Thumb Code     0  startup_stm32f767xx.o(.text)
    TIM4_IRQHandler                          0x08000227   Thumb Code     0  startup_stm32f767xx.o(.text)
    TIM5_IRQHandler                          0x08000227   Thumb Code     0  startup_stm32f767xx.o(.text)
    TIM6_DAC_IRQHandler                      0x08000227   Thumb Code     0  startup_stm32f767xx.o(.text)
    TIM7_IRQHandler                          0x08000227   Thumb Code     0  startup_stm32f767xx.o(.text)
    TIM8_BRK_TIM12_IRQHandler                0x08000227   Thumb Code     0  startup_stm32f767xx.o(.text)
    TIM8_CC_IRQHandler                       0x08000227   Thumb Code     0  startup_stm32f767xx.o(.text)
    TIM8_TRG_COM_TIM14_IRQHandler            0x08000227   Thumb Code     0  startup_stm32f767xx.o(.text)
    TIM8_UP_TIM13_IRQHandler                 0x08000227   Thumb Code     0  startup_stm32f767xx.o(.text)
    UART4_IRQHandler                         0x08000227   Thumb Code     0  startup_stm32f767xx.o(.text)
    UART5_IRQHandler                         0x08000227   Thumb Code     0  startup_stm32f767xx.o(.text)
    UART7_IRQHandler                         0x08000227   Thumb Code     0  startup_stm32f767xx.o(.text)
    UART8_IRQHandler                         0x08000227   Thumb Code     0  startup_stm32f767xx.o(.text)
    USART1_IRQHandler                        0x08000227   Thumb Code     0  startup_stm32f767xx.o(.text)
    USART3_IRQHandler                        0x08000227   Thumb Code     0  startup_stm32f767xx.o(.text)
    USART6_IRQHandler                        0x08000227   Thumb Code     0  startup_stm32f767xx.o(.text)
    WWDG_IRQHandler                          0x08000227   Thumb Code     0  startup_stm32f767xx.o(.text)
    __aeabi_memcpy                           0x08000231   Thumb Code    36  memcpya.o(.text)
    __aeabi_memcpy4                          0x08000231   Thumb Code     0  memcpya.o(.text)
    __aeabi_memcpy8                          0x08000231   Thumb Code     0  memcpya.o(.text)
    __I$use$fp                               0x08000255   Thumb Code     0  iusefp.o(.text)
    __fp_status                              0x08000255   Thumb Code     4  fpstat.o(.text)
    __ieee_status                            0x08000255   Thumb Code     0  fpstat.o(.text)
    __scatterload                            0x08000259   Thumb Code    28  init.o(.text)
    __scatterload_rt2                        0x08000259   Thumb Code     0  init.o(.text)
    __decompress                             0x0800027d   Thumb Code     0  __dclz77c.o(.text)
    __decompress2                            0x0800027d   Thumb Code    94  __dclz77c.o(.text)
    BusFault_Handler                         0x080004df   Thumb Code     4  stm32f7xx_it.o(i.BusFault_Handler)
    DMA2_Stream0_IRQHandler                  0x080004e5   Thumb Code    10  stm32f7xx_it.o(i.DMA2_Stream0_IRQHandler)
    DMA2_Stream1_IRQHandler                  0x080004f5   Thumb Code    10  stm32f7xx_it.o(i.DMA2_Stream1_IRQHandler)
    DMA2_Stream2_IRQHandler                  0x08000505   Thumb Code    10  stm32f7xx_it.o(i.DMA2_Stream2_IRQHandler)
    DebugMon_Handler                         0x0800061f   Thumb Code     2  stm32f7xx_it.o(i.DebugMon_Handler)
    EXTI15_10_IRQHandler                     0x08000621   Thumb Code    18  stm32f7xx_it.o(i.EXTI15_10_IRQHandler)
    HAL_ADCEx_MultiModeConfigChannel         0x08000639   Thumb Code   128  stm32f7xx_hal_adc_ex.o(i.HAL_ADCEx_MultiModeConfigChannel)
    HAL_ADCEx_MultiModeStart_DMA             0x080006c1   Thumb Code   278  stm32f7xx_hal_adc_ex.o(i.HAL_ADCEx_MultiModeStart_DMA)
    HAL_ADC_ConfigChannel                    0x080007f5   Thumb Code   414  stm32f7xx_hal_adc.o(i.HAL_ADC_ConfigChannel)
    HAL_ADC_ConvCpltCallback                 0x080009a9   Thumb Code   802  conversion.o(i.HAL_ADC_ConvCpltCallback)
    HAL_ADC_ConvHalfCpltCallback             0x08000cf5   Thumb Code     2  stm32f7xx_hal_adc.o(i.HAL_ADC_ConvHalfCpltCallback)
    HAL_ADC_ErrorCallback                    0x08000cf7   Thumb Code     2  stm32f7xx_hal_adc.o(i.HAL_ADC_ErrorCallback)
    HAL_ADC_Init                             0x08000cf9   Thumb Code   100  stm32f7xx_hal_adc.o(i.HAL_ADC_Init)
    HAL_ADC_MspInit                          0x08000d61   Thumb Code   442  adc.o(i.HAL_ADC_MspInit)
    HAL_ADC_Start                            0x08000f59   Thumb Code   238  stm32f7xx_hal_adc.o(i.HAL_ADC_Start)
    HAL_DMA_Abort_IT                         0x08001059   Thumb Code    40  stm32f7xx_hal_dma.o(i.HAL_DMA_Abort_IT)
    HAL_DMA_IRQHandler                       0x08001081   Thumb Code   574  stm32f7xx_hal_dma.o(i.HAL_DMA_IRQHandler)
    HAL_DMA_Init                             0x080012c9   Thumb Code   232  stm32f7xx_hal_dma.o(i.HAL_DMA_Init)
    HAL_DMA_Start_IT                         0x080013b5   Thumb Code   158  stm32f7xx_hal_dma.o(i.HAL_DMA_Start_IT)
    HAL_GPIO_EXTI_Callback                   0x08001453   Thumb Code     2  main.o(i.HAL_GPIO_EXTI_Callback)
    HAL_GPIO_EXTI_IRQHandler                 0x08001455   Thumb Code    24  stm32f7xx_hal_gpio.o(i.HAL_GPIO_EXTI_IRQHandler)
    HAL_GPIO_Init                            0x08001471   Thumb Code   484  stm32f7xx_hal_gpio.o(i.HAL_GPIO_Init)
    HAL_GPIO_ReadPin                         0x08001689   Thumb Code    16  stm32f7xx_hal_gpio.o(i.HAL_GPIO_ReadPin)
    HAL_GPIO_WritePin                        0x08001699   Thumb Code    12  stm32f7xx_hal_gpio.o(i.HAL_GPIO_WritePin)
    HAL_GetTick                              0x080016a5   Thumb Code     6  stm32f7xx_hal.o(i.HAL_GetTick)
    HAL_IncTick                              0x080016b1   Thumb Code    12  stm32f7xx_hal.o(i.HAL_IncTick)
    HAL_Init                                 0x080016c1   Thumb Code    22  stm32f7xx_hal.o(i.HAL_Init)
    HAL_InitTick                             0x080016d9   Thumb Code    36  stm32f7xx_hal.o(i.HAL_InitTick)
    HAL_MspInit                              0x08001701   Thumb Code    86  stm32f7xx_hal_msp.o(i.HAL_MspInit)
    HAL_NVIC_EnableIRQ                       0x08001757   Thumb Code    26  stm32f7xx_hal_cortex.o(i.HAL_NVIC_EnableIRQ)
    HAL_NVIC_SetPriority                     0x08001771   Thumb Code   124  stm32f7xx_hal_cortex.o(i.HAL_NVIC_SetPriority)
    HAL_NVIC_SetPriorityGrouping             0x080017ed   Thumb Code    32  stm32f7xx_hal_cortex.o(i.HAL_NVIC_SetPriorityGrouping)
    HAL_PWREx_EnableOverDrive                0x08001815   Thumb Code   136  stm32f7xx_hal_pwr_ex.o(i.HAL_PWREx_EnableOverDrive)
    HAL_QSPI_Init                            0x080018a5   Thumb Code   208  stm32f7xx_hal_qspi.o(i.HAL_QSPI_Init)
    HAL_QSPI_MspInit                         0x0800197d   Thumb Code   134  quadspi.o(i.HAL_QSPI_MspInit)
    HAL_QSPI_SetTimeout                      0x08001a15   Thumb Code     4  stm32f7xx_hal_qspi.o(i.HAL_QSPI_SetTimeout)
    HAL_RCCEx_PeriphCLKConfig                0x08001a19   Thumb Code  1876  stm32f7xx_hal_rcc_ex.o(i.HAL_RCCEx_PeriphCLKConfig)
    HAL_RCC_ClockConfig                      0x08002171   Thumb Code   338  stm32f7xx_hal_rcc.o(i.HAL_RCC_ClockConfig)
    HAL_RCC_GetHCLKFreq                      0x080022d5   Thumb Code     6  stm32f7xx_hal_rcc.o(i.HAL_RCC_GetHCLKFreq)
    HAL_RCC_GetPCLK1Freq                     0x080022e1   Thumb Code    22  stm32f7xx_hal_rcc.o(i.HAL_RCC_GetPCLK1Freq)
    HAL_RCC_GetPCLK2Freq                     0x08002301   Thumb Code    22  stm32f7xx_hal_rcc.o(i.HAL_RCC_GetPCLK2Freq)
    HAL_RCC_GetSysClockFreq                  0x08002321   Thumb Code   130  stm32f7xx_hal_rcc.o(i.HAL_RCC_GetSysClockFreq)
    HAL_RCC_OscConfig                        0x080023b1   Thumb Code  1204  stm32f7xx_hal_rcc.o(i.HAL_RCC_OscConfig)
    HAL_RTC_Init                             0x08002869   Thumb Code   176  stm32f7xx_hal_rtc.o(i.HAL_RTC_Init)
    HAL_RTC_MspInit                          0x0800291d   Thumb Code    22  rtc.o(i.HAL_RTC_MspInit)
    HAL_SPI_ErrorCallback                    0x0800293d   Thumb Code     2  stm32f7xx_hal_spi.o(i.HAL_SPI_ErrorCallback)
    HAL_SPI_IRQHandler                       0x08002941   Thumb Code   308  stm32f7xx_hal_spi.o(i.HAL_SPI_IRQHandler)
    HAL_SPI_Init                             0x08002a79   Thumb Code   204  stm32f7xx_hal_spi.o(i.HAL_SPI_Init)
    HAL_SPI_MspInit                          0x08002b45   Thumb Code    92  spi.o(i.HAL_SPI_MspInit)
    HAL_SPI_Transmit_IT                      0x08002bad   Thumb Code   166  stm32f7xx_hal_spi.o(i.HAL_SPI_Transmit_IT)
    HAL_SPI_TxCpltCallback                   0x08002c5d   Thumb Code    30  spi_masterslave.o(i.HAL_SPI_TxCpltCallback)
    HAL_SYSTICK_CLKSourceConfig              0x08002c85   Thumb Code    40  stm32f7xx_hal_cortex.o(i.HAL_SYSTICK_CLKSourceConfig)
    HAL_SYSTICK_Callback                     0x08002cad   Thumb Code     2  stm32f7xx_hal_cortex.o(i.HAL_SYSTICK_Callback)
    HAL_SYSTICK_Config                       0x08002caf   Thumb Code    52  stm32f7xx_hal_cortex.o(i.HAL_SYSTICK_Config)
    HAL_SYSTICK_IRQHandler                   0x08002ce3   Thumb Code     8  stm32f7xx_hal_cortex.o(i.HAL_SYSTICK_IRQHandler)
    HAL_TIMEx_BreakCallback                  0x08002ceb   Thumb Code     2  stm32f7xx_hal_tim_ex.o(i.HAL_TIMEx_BreakCallback)
    HAL_TIMEx_CommutationCallback            0x08002ced   Thumb Code     2  stm32f7xx_hal_tim_ex.o(i.HAL_TIMEx_CommutationCallback)
    HAL_TIMEx_MasterConfigSynchronization    0x08002cf1   Thumb Code    98  stm32f7xx_hal_tim_ex.o(i.HAL_TIMEx_MasterConfigSynchronization)
    HAL_TIM_Base_Init                        0x08002d5d   Thumb Code    52  stm32f7xx_hal_tim.o(i.HAL_TIM_Base_Init)
    HAL_TIM_Base_MspInit                     0x08002d91   Thumb Code   100  tim.o(i.HAL_TIM_Base_MspInit)
    HAL_TIM_Base_Start_IT                    0x08002e01   Thumb Code    30  stm32f7xx_hal_tim.o(i.HAL_TIM_Base_Start_IT)
    HAL_TIM_ConfigClockSource                0x08002e21   Thumb Code   308  stm32f7xx_hal_tim.o(i.HAL_TIM_ConfigClockSource)
    HAL_TIM_IC_CaptureCallback               0x08002f59   Thumb Code     2  stm32f7xx_hal_tim.o(i.HAL_TIM_IC_CaptureCallback)
    HAL_TIM_IRQHandler                       0x08002f5b   Thumb Code   440  stm32f7xx_hal_tim.o(i.HAL_TIM_IRQHandler)
    HAL_TIM_OC_DelayElapsedCallback          0x08003113   Thumb Code     2  stm32f7xx_hal_tim.o(i.HAL_TIM_OC_DelayElapsedCallback)
    HAL_TIM_PWM_PulseFinishedCallback        0x08003115   Thumb Code     2  stm32f7xx_hal_tim.o(i.HAL_TIM_PWM_PulseFinishedCallback)
    HAL_TIM_PeriodElapsedCallback            0x08003117   Thumb Code     2  stm32f7xx_hal_tim.o(i.HAL_TIM_PeriodElapsedCallback)
    HAL_TIM_TriggerCallback                  0x08003119   Thumb Code     2  stm32f7xx_hal_tim.o(i.HAL_TIM_TriggerCallback)
    HAL_UART_ErrorCallback                   0x0800311b   Thumb Code     2  stm32f7xx_hal_uart.o(i.HAL_UART_ErrorCallback)
    HAL_UART_IRQHandler                      0x0800311d   Thumb Code   348  stm32f7xx_hal_uart.o(i.HAL_UART_IRQHandler)
    HAL_UART_Init                            0x0800327d   Thumb Code   120  stm32f7xx_hal_uart.o(i.HAL_UART_Init)
    HAL_UART_MspInit                         0x080032f5   Thumb Code    90  usart.o(i.HAL_UART_MspInit)
    HAL_UART_Receive_IT                      0x0800335d   Thumb Code   188  stm32f7xx_hal_uart.o(i.HAL_UART_Receive_IT)
    HAL_UART_RxCpltCallback                  0x08003419   Thumb Code    62  uart_masterslave.o(i.HAL_UART_RxCpltCallback)
    HAL_UART_TxCpltCallback                  0x08003465   Thumb Code    20  uart_masterslave.o(i.HAL_UART_TxCpltCallback)
    HardFault_Handler                        0x08003481   Thumb Code     4  stm32f7xx_it.o(i.HardFault_Handler)
    MX_ADC1_Init                             0x08003485   Thumb Code   240  adc.o(i.MX_ADC1_Init)
    MX_ADC2_Init                             0x0800358d   Thumb Code   190  adc.o(i.MX_ADC2_Init)
    MX_ADC3_Init                             0x08003665   Thumb Code   188  adc.o(i.MX_ADC3_Init)
    MX_DMA_Init                              0x08003739   Thumb Code    48  dma.o(i.MX_DMA_Init)
    MX_GPIO_Init                             0x0800376d   Thumb Code   634  gpio.o(i.MX_GPIO_Init)
    MX_QUADSPI_Init                          0x08003a31   Thumb Code    52  quadspi.o(i.MX_QUADSPI_Init)
    MX_RTC_Init                              0x08003a81   Thumb Code    46  rtc.o(i.MX_RTC_Init)
    MX_SPI2_Init                             0x08003ac9   Thumb Code    76  spi.o(i.MX_SPI2_Init)
    MX_TIM1_Init                             0x08003b2d   Thumb Code   104  tim.o(i.MX_TIM1_Init)
    MX_TIM6_Init                             0x08003bad   Thumb Code    68  tim.o(i.MX_TIM6_Init)
    MX_USART2_UART_Init                      0x08003c09   Thumb Code    60  usart.o(i.MX_USART2_UART_Init)
    MemManage_Handler                        0x08003c5d   Thumb Code     4  stm32f7xx_it.o(i.MemManage_Handler)
    NMI_Handler                              0x08003c61   Thumb Code     2  stm32f7xx_it.o(i.NMI_Handler)
    PendSV_Handler                           0x08003c9d   Thumb Code     2  stm32f7xx_it.o(i.PendSV_Handler)
    RTC_EnterInitMode                        0x08003ceb   Thumb Code    62  stm32f7xx_hal_rtc.o(i.RTC_EnterInitMode)
    SPI2_IRQHandler                          0x08003dc5   Thumb Code    10  stm32f7xx_it.o(i.SPI2_IRQHandler)
    SVC_Handler                              0x08004047   Thumb Code     2  stm32f7xx_it.o(i.SVC_Handler)
    SysTick_Handler                          0x08004049   Thumb Code    20  stm32f7xx_it.o(i.SysTick_Handler)
    SystemClock_Config                       0x0800405d   Thumb Code   242  main.o(i.SystemClock_Config)
    SystemInit                               0x08004169   Thumb Code    82  system_stm32f7xx.o(i.SystemInit)
    TIM1_UP_TIM10_IRQHandler                 0x080041cd   Thumb Code    10  stm32f7xx_it.o(i.TIM1_UP_TIM10_IRQHandler)
    TIM_Base_SetConfig                       0x080041dd   Thumb Code   196  stm32f7xx_hal_tim.o(i.TIM_Base_SetConfig)
    TIM_ETR_SetConfig                        0x080042cd   Thumb Code    24  stm32f7xx_hal_tim.o(i.TIM_ETR_SetConfig)
    UART_AdvFeatureConfig                    0x0800434f   Thumb Code   234  stm32f7xx_hal_uart.o(i.UART_AdvFeatureConfig)
    UART_CheckIdleState                      0x08004439   Thumb Code    78  stm32f7xx_hal_uart.o(i.UART_CheckIdleState)
    UART_SetConfig                           0x08004569   Thumb Code   858  stm32f7xx_hal_uart.o(i.UART_SetConfig)
    UART_WaitOnFlagUntilTimeout              0x0800495f   Thumb Code   108  stm32f7xx_hal_uart.o(i.UART_WaitOnFlagUntilTimeout)
    USART2_IRQHandler                        0x080049cd   Thumb Code    10  stm32f7xx_it.o(i.USART2_IRQHandler)
    UsageFault_Handler                       0x080049dd   Thumb Code     4  stm32f7xx_it.o(i.UsageFault_Handler)
    _Error_Handler                           0x080049e1   Thumb Code     4  main.o(i._Error_Handler)
    __ARM_fpclassify                         0x080049e5   Thumb Code    48  fpclassify.o(i.__ARM_fpclassify)
    __ARM_fpclassifyf                        0x08004a15   Thumb Code    38  fpclassifyf.o(i.__ARM_fpclassifyf)
    __hardfp_atan                            0x08004a41   Thumb Code   402  atan.o(i.__hardfp_atan)
    __hardfp_atan2                           0x08004c41   Thumb Code   380  atan2.o(i.__hardfp_atan2)
    __hardfp_atan2f                          0x08004e01   Thumb Code   502  atan2f.o(i.__hardfp_atan2f)
    __hardfp_powf                            0x08005059   Thumb Code  1590  powf.o(i.__hardfp_powf)
    __mathlib_powf                           0x08005059   Thumb Code     0  powf.o(i.__hardfp_powf)
    __hardfp_sin                             0x080056b1   Thumb Code   158  sin.o(i.__hardfp_sin)
    __hardfp_sqrt                            0x08005761   Thumb Code   102  sqrt.o(i.__hardfp_sqrt)
    __hardfp_sqrtf                           0x080057c7   Thumb Code    58  sqrtf.o(i.__hardfp_sqrtf)
    __ieee754_rem_pio2                       0x08005801   Thumb Code   646  rred.o(i.__ieee754_rem_pio2)
    __kernel_cos                             0x08005b11   Thumb Code   182  cos_i.o(i.__kernel_cos)
    __kernel_poly                            0x08005bf1   Thumb Code   112  poly.o(i.__kernel_poly)
    __kernel_sin                             0x08005c61   Thumb Code   144  sin_i.o(i.__kernel_sin)
    __mathlib_dbl_infnan                     0x08005d09   Thumb Code     6  dunder.o(i.__mathlib_dbl_infnan)
    __mathlib_dbl_infnan2                    0x08005d0f   Thumb Code     6  dunder.o(i.__mathlib_dbl_infnan2)
    __mathlib_dbl_invalid                    0x08005d19   Thumb Code    10  dunder.o(i.__mathlib_dbl_invalid)
    __mathlib_dbl_underflow                  0x08005d31   Thumb Code    10  dunder.o(i.__mathlib_dbl_underflow)
    __mathlib_flt_divzero                    0x08005d49   Thumb Code    14  funder.o(i.__mathlib_flt_divzero)
    __mathlib_flt_infnan2                    0x08005d61   Thumb Code     6  funder.o(i.__mathlib_flt_infnan2)
    __mathlib_flt_invalid                    0x08005d69   Thumb Code    10  funder.o(i.__mathlib_flt_invalid)
    __mathlib_flt_overflow                   0x08005d79   Thumb Code    10  funder.o(i.__mathlib_flt_overflow)
    __mathlib_flt_underflow                  0x08005d89   Thumb Code    10  funder.o(i.__mathlib_flt_underflow)
    __scatterload_copy                       0x08005d99   Thumb Code    14  handlers.o(i.__scatterload_copy)
    __scatterload_null                       0x08005da7   Thumb Code     2  handlers.o(i.__scatterload_null)
    __scatterload_zeroinit                   0x08005da9   Thumb Code    14  handlers.o(i.__scatterload_zeroinit)
    __set_errno                              0x08005db9   Thumb Code     6  errno.o(i.__set_errno)
    atan                                     0x08005dc5   Thumb Code    16  atan.o(i.atan)
    boardIO                                  0x08005dd5   Thumb Code   596  boardio.o(i.boardIO)
    cs_PQ_combination                        0x08006049   Thumb Code   266  cs_handles.o(i.cs_PQ_combination)
    cs_computations                          0x08006169   Thumb Code   470  measurement_functions.o(i.cs_computations)
    cs_generation                            0x08006359   Thumb Code   100  measurement_functions.o(i.cs_generation)
    cs_handles                               0x080063bd   Thumb Code  1112  cs_handles.o(i.cs_handles)
    dpm_mergeDWord                           0x08006815   Thumb Code    76  dataparsermerger.o(i.dpm_mergeDWord)
    dpm_mergeFloat                           0x08006861   Thumb Code    90  dataparsermerger.o(i.dpm_mergeFloat)
    dpm_parseDWord                           0x080068c1   Thumb Code    66  dataparsermerger.o(i.dpm_parseDWord)
    dpm_parseFloat                           0x08006905   Thumb Code    78  dataparsermerger.o(i.dpm_parseFloat)
    fabs                                     0x08006959   Thumb Code    24  fabs.o(i.fabs)
    fc27                                     0x08006971   Thumb Code   156  protection_functions.o(i.fc27)
    fc27_all                                 0x08006a11   Thumb Code   256  fc27.o(i.fc27_all)
    fc27_init                                0x08006b39   Thumb Code    28  fc27.o(i.fc27_init)
    fc37                                     0x08006b61   Thumb Code   140  protection_functions.o(i.fc37)
    fc37_all                                 0x08006bf1   Thumb Code   406  fc37.o(i.fc37_all)
    fc37_init                                0x08006dd9   Thumb Code    28  fc37.o(i.fc37_init)
    fc46_all                                 0x08006e01   Thumb Code   158  fc46.o(i.fc46_all)
    fc46_init                                0x08006ec5   Thumb Code    90  fc46.o(i.fc46_init)
    fc46d                                    0x08006f31   Thumb Code   254  protection_functions.o(i.fc46d)
    fc46i                                    0x08007039   Thumb Code   316  protection_functions.o(i.fc46i)
    fc49                                     0x08007189   Thumb Code    88  protection_functions.o(i.fc49)
    fc49_all                                 0x080071e5   Thumb Code   352  fc49.o(i.fc49_all)
    fc49_init                                0x0800738d   Thumb Code    90  fc49.o(i.fc49_init)
    fc50                                     0x08007401   Thumb Code   178  protection_functions.o(i.fc50)
    fc50N_all                                0x080074b9   Thumb Code   212  fc50n.o(i.fc50N_all)
    fc50N_init                               0x080075b9   Thumb Code    46  fc50n.o(i.fc50N_init)
    fc50_all                                 0x080075f9   Thumb Code   858  fc50.o(i.fc50_all)
    fc50_init                                0x080079c9   Thumb Code    68  fc50.o(i.fc50_init)
    fc51                                     0x08007a29   Thumb Code   240  protection_functions.o(i.fc51)
    fc51N_all                                0x08007b29   Thumb Code    84  fc51n.o(i.fc51N_all)
    fc51N_init                               0x08007b99   Thumb Code    64  fc51n.o(i.fc51N_init)
    fc51_all                                 0x08007be5   Thumb Code   290  fc51.o(i.fc51_all)
    fc51_init                                0x08007d3d   Thumb Code   110  fc51.o(i.fc51_init)
    fc59                                     0x08007dbd   Thumb Code   114  protection_functions.o(i.fc59)
    fc59_all                                 0x08007e35   Thumb Code   208  fc59.o(i.fc59_all)
    fc59_init                                0x08007f2d   Thumb Code    28  fc59.o(i.fc59_init)
    fcBF                                     0x08007f51   Thumb Code   264  protection_functions.o(i.fcBF)
    fcBF_all                                 0x0800805d   Thumb Code   182  fcbf.o(i.fcBF_all)
    fcBF_init                                0x08008131   Thumb Code    28  fcbf.o(i.fcBF_init)
    fcPVP_all                                0x08008155   Thumb Code   454  fcpvp.o(i.fcPVP_all)
    fcPVP_init                               0x0800837d   Thumb Code    46  fcpvp.o(i.fcPVP_init)
    fcPVPd                                   0x080083b9   Thumb Code   142  protection_functions.o(i.fcPVPd)
    fcPVPi                                   0x0800844d   Thumb Code   192  protection_functions.o(i.fcPVPi)
    fcUNB_all                                0x0800851d   Thumb Code   370  fcunb.o(i.fcUNB_all)
    fcUNB_init                               0x080086d5   Thumb Code    40  fcunb.o(i.fcUNB_init)
    fcUNB_initial_dt                         0x08008709   Thumb Code   226  fcunb.o(i.fcUNB_initial_dt)
    fcUNBd                                   0x0800881d   Thumb Code   142  protection_functions.o(i.fcUNBd)
    fcUNBi                                   0x080088b1   Thumb Code   224  protection_functions.o(i.fcUNBi)
    initFunctions                            0x080089a9   Thumb Code    56  initfunctions.o(i.initFunctions)
    init_conversion                          0x080089e1   Thumb Code   198  conversion.o(i.init_conversion)
    init_protection                          0x08008add   Thumb Code  3754  init_protection.o(i.init_protection)
    main                                     0x080099a1   Thumb Code   258  main.o(i.main)
    main_flow                                0x08009ad1   Thumb Code    72  main_flow.o(i.main_flow)
    maxSelector_3p                           0x08009b19   Thumb Code    38  protection_functions.o(i.maxSelector_3p)
    off_delay                                0x08009b3f   Thumb Code    48  protection_functions.o(i.off_delay)
    on_delay                                 0x08009b6f   Thumb Code    46  protection_functions.o(i.on_delay)
    on_off_delay                             0x08009b9d   Thumb Code    38  protection_functions.o(i.on_off_delay)
    peak_detect_rms                          0x08009bc5   Thumb Code   118  measurement_functions.o(i.peak_detect_rms)
    pick_trip_reset_handles                  0x08009c45   Thumb Code    16  pickup_handles.o(i.pick_trip_reset_handles)
    pick_up_handles                          0x08009c55   Thumb Code  3048  pickup_handles.o(i.pick_up_handles)
    pullDataFromMaster                       0x0800a891   Thumb Code  1684  configparams.o(i.pullDataFromMaster)
    pushDataToMaster                         0x0800af4d   Thumb Code  2596  commparams.o(i.pushDataToMaster)
    pvp_curve                                0x0800b991   Thumb Code   370  protection_functions.o(i.pvp_curve)
    pvp_post_filter                          0x0800bb4d   Thumb Code   100  measurement_functions.o(i.pvp_post_filter)
    reset_handles                            0x0800bbb1   Thumb Code  1522  pickup_handles.o(i.reset_handles)
    signal_spectra                           0x0800c1e1   Thumb Code   254  measurement_functions.o(i.signal_spectra)
    spectral_analysis                        0x0800c2e5   Thumb Code   106  spectra.o(i.spectral_analysis)
    spi_initComApp                           0x0800c44b   Thumb Code    12  spi_masterslave.o(i.spi_initComApp)
    spi_runComApp                            0x0800c72f   Thumb Code    16  spi_masterslave.o(i.spi_runComApp)
    spi_sysTickCallApp                       0x0800c741   Thumb Code    12  spi_masterslave.o(i.spi_sysTickCallApp)
    sym_comp                                 0x0800c74d   Thumb Code   258  measurement_functions.o(i.sym_comp)
    sym_mag                                  0x0800c859   Thumb Code   430  measurement_functions.o(i.sym_mag)
    thermal_status                           0x0800ca11   Thumb Code   146  measurement_functions.o(i.thermal_status)
    trip_handles                             0x0800caa9   Thumb Code  2368  pickup_handles.o(i.trip_handles)
    trueRMS                                  0x0800d3ed   Thumb Code   384  truerms.o(i.trueRMS)
    true_rms                                 0x0800d591   Thumb Code   132  measurement_functions.o(i.true_rms)
    uart_initComApp                          0x0800d74d   Thumb Code     8  uart_masterslave.o(i.uart_initComApp)
    uart_runComApp                           0x0800d851   Thumb Code    16  uart_masterslave.o(i.uart_runComApp)
    uart_sysTickCallApp                      0x0800d861   Thumb Code    12  uart_masterslave.o(i.uart_sysTickCallApp)
    AHBPrescTable                            0x0800d874   Data          16  system_stm32f7xx.o(.constdata)
    APBPrescTable                            0x0800d884   Data           8  system_stm32f7xx.o(.constdata)
    __mathlib_zero                           0x0800db88   Data           8  qnan.o(.constdata)
    Region$$Table$$Base                      0x0800dc80   Number         0  anon$$obj.o(Region$$Table)
    Region$$Table$$Limit                     0x0800dca0   Number         0  anon$$obj.o(Region$$Table)
    incoming_data_flag                       0x20000000   Data           1  main.o(.data)
    incoming_data_flag_counter               0x20000004   Data           4  main.o(.data)
    write_enable                             0x20000008   Data           1  main.o(.data)
    uwTick                                   0x2000000c   Data           4  stm32f7xx_hal.o(.data)
    SystemCoreClock                          0x20000010   Data           4  system_stm32f7xx.o(.data)
    cSelect1                                 0x20000014   Data           4  init_protection.o(.data)
    cSelect2                                 0x20000018   Data           4  init_protection.o(.data)
    curve                                    0x2000001c   Data           1  init_protection.o(.data)
    curve_data                               0x20000020   Data          96  init_protection.o(.data)
    fc27_obj1_L1_out                         0x20000080   Data           8  fc27.o(.data)
    fc27_obj1_L2_out                         0x20000088   Data           8  fc27.o(.data)
    fc49_obj1_L1_in                          0x2000009c   Data           4  fc49.o(.data)
    fc49_obj1_L2_in                          0x200000a0   Data           4  fc49.o(.data)
    fc49_obj2_L1_in                          0x200000a4   Data           4  fc49.o(.data)
    fc49_obj2_L2_in                          0x200000a8   Data           4  fc49.o(.data)
    fc49_obj1_L1_out_a                       0x200000ac   Data           4  fc49.o(.data)
    fc49_obj1_L1_out_b                       0x200000b0   Data           4  fc49.o(.data)
    fc49_obj1_L1_out_c                       0x200000b4   Data           4  fc49.o(.data)
    fc49_obj2_L1_out_a                       0x200000b8   Data           4  fc49.o(.data)
    fc49_obj2_L1_out_b                       0x200000bc   Data           4  fc49.o(.data)
    fc49_obj2_L1_out_c                       0x200000c0   Data           4  fc49.o(.data)
    therm_a_obj1                             0x200000c4   Data           4  fc49.o(.data)
    therm_b_obj1                             0x200000c8   Data           4  fc49.o(.data)
    therm_c_obj1                             0x200000cc   Data           4  fc49.o(.data)
    therm_a_obj2                             0x200000d0   Data           4  fc49.o(.data)
    therm_b_obj2                             0x200000d4   Data           4  fc49.o(.data)
    therm_c_obj2                             0x200000d8   Data           4  fc49.o(.data)
    fc37_obj1_L1_out_a                       0x200000dc   Data           8  fc37.o(.data)
    fc37_obj1_L1_out_b                       0x200000e4   Data           8  fc37.o(.data)
    fc37_obj1_L1_out_c                       0x200000ec   Data           8  fc37.o(.data)
    fc37_obj2_L1_out_a                       0x200000f4   Data           8  fc37.o(.data)
    fc37_obj2_L1_out_b                       0x200000fc   Data           8  fc37.o(.data)
    fc37_obj2_L1_out_c                       0x20000104   Data           8  fc37.o(.data)
    fcUNBi_obj1_L1_in                        0x20000118   Data           8  fcunb.o(.data)
    UNBpcorrection                           0x20000120   Data           4  fcunb.o(.data)
    detect                                   0x20000124   Data           1  fcunb.o(.data)
    comp                                     0x20000125   Data           1  fcunb.o(.data)
    dmy_phase                                0x20000126   Data           1  fcunb.o(.data)
    UNBa_rms                                 0x20000128   Data           4  fcunb.o(.data)
    UNBb_rms                                 0x2000012c   Data           4  fcunb.o(.data)
    fcPVPd_obj1_L1_out_a                     0x20000138   Data           8  fcpvp.o(.data)
    fcPVPd_obj1_L1_out_b                     0x20000140   Data           8  fcpvp.o(.data)
    fcPVPd_obj1_L1_out_c                     0x20000148   Data           8  fcpvp.o(.data)
    pvp_coefficents                          0x20000150   Data         404  fcpvp.o(.data)
    peak_a                                   0x200002e4   Data           4  fcpvp.o(.data)
    peak_b                                   0x200002e8   Data           4  fcpvp.o(.data)
    peak_c                                   0x200002ec   Data           4  fcpvp.o(.data)
    peak_a_test                              0x200002f0   Data           4  fcpvp.o(.data)
    peak_b_test                              0x200002f4   Data           4  fcpvp.o(.data)
    peak_c_test                              0x200002f8   Data           4  fcpvp.o(.data)
    fault_code                               0x20000300   Data           1  pickup_handles.o(.data)
    resA                                     0x20000304   Data           8  cs_handles.o(.data)
    resB                                     0x2000030c   Data           8  cs_handles.o(.data)
    resC                                     0x20000314   Data           8  cs_handles.o(.data)
    n                                        0x2000031c   Data           8  cs_handles.o(.data)
    UNBa                                     0x20000324   Data           8  cs_handles.o(.data)
    UNBb                                     0x2000032c   Data           8  cs_handles.o(.data)
    sin_coeffs                               0x20000334   Data         200  cs_handles.o(.data)
    cos_coeffs                               0x200003fc   Data         200  cs_handles.o(.data)
    coeffs_real                              0x200004c8   Data         200  spectra.o(.data)
    coeffs_imag                              0x20000590   Data         200  spectra.o(.data)
    conversion_completed                     0x2000065c   Data           1  conversion.o(.data)
    cycle_count_1                            0x20000660   Data           4  conversion.o(.data)
    cycle_count_2                            0x20000664   Data           4  conversion.o(.data)
    calc_offset                              0x20000668   Data           4  conversion.o(.data)
    ch                                       0x2000066c   Data           1  conversion.o(.data)
    DI                                       0x2000067c   Data           4  boardio.o(.data)
    DO                                       0x20000680   Data           4  boardio.o(.data)
    typeCnv                                  0x20000684   Data           4  dataparsermerger.o(.data)
    pEN                                      0x20000688   Data           4  configparams.o(.data)
    mSelect                                  0x2000068c   Data           4  configparams.o(.data)
    pFlag                                    0x20000690   Data           4  configparams.o(.data)
    htim1                                    0x20000698   Data          64  tim.o(.bss)
    htim6                                    0x200006d8   Data          64  tim.o(.bss)
    hrtc                                     0x20000718   Data          32  rtc.o(.bss)
    hqspi                                    0x20000738   Data          76  quadspi.o(.bss)
    hadc1                                    0x20000784   Data          72  adc.o(.bss)
    hadc2                                    0x200007cc   Data          72  adc.o(.bss)
    hadc3                                    0x20000814   Data          72  adc.o(.bss)
    hdma_adc1                                0x2000085c   Data          96  adc.o(.bss)
    hdma_adc2                                0x200008bc   Data          96  adc.o(.bss)
    hdma_adc3                                0x2000091c   Data          96  adc.o(.bss)
    adc_values                               0x2000097c   Data          60  main.o(.bss)
    huart2                                   0x200009b8   Data         112  usart.o(.bss)
    hspi2                                    0x20000a28   Data         100  spi.o(.bss)
    EN                                       0x20000a8c   Data         116  init_protection.o(.bss)
    fc50_obj1_L1_in                          0x20000b00   Data          16  fc50.o(.bss)
    fc50_obj1_L2_in                          0x20000b10   Data          16  fc50.o(.bss)
    fc50_obj1_L3_in                          0x20000b20   Data          16  fc50.o(.bss)
    fc50_obj2_L1_in                          0x20000b30   Data          16  fc50.o(.bss)
    fc50_obj2_L2_in                          0x20000b40   Data          16  fc50.o(.bss)
    fc50_obj2_L3_in                          0x20000b50   Data          16  fc50.o(.bss)
    fc50_obj1_L1_out_a                       0x20000b60   Data          12  fc50.o(.bss)
    fc50_obj1_L1_out_b                       0x20000b6c   Data          12  fc50.o(.bss)
    fc50_obj1_L1_out_c                       0x20000b78   Data          12  fc50.o(.bss)
    fc50_obj1_L2_out_a                       0x20000b84   Data          12  fc50.o(.bss)
    fc50_obj1_L2_out_b                       0x20000b90   Data          12  fc50.o(.bss)
    fc50_obj1_L2_out_c                       0x20000b9c   Data          12  fc50.o(.bss)
    fc50_obj1_L3_out_a                       0x20000ba8   Data          12  fc50.o(.bss)
    fc50_obj1_L3_out_b                       0x20000bb4   Data          12  fc50.o(.bss)
    fc50_obj1_L3_out_c                       0x20000bc0   Data          12  fc50.o(.bss)
    fc50_obj2_L1_out_a                       0x20000bcc   Data          12  fc50.o(.bss)
    fc50_obj2_L1_out_b                       0x20000bd8   Data          12  fc50.o(.bss)
    fc50_obj2_L1_out_c                       0x20000be4   Data          12  fc50.o(.bss)
    fc50_obj2_L2_out_a                       0x20000bf0   Data          12  fc50.o(.bss)
    fc50_obj2_L2_out_b                       0x20000bfc   Data          12  fc50.o(.bss)
    fc50_obj2_L2_out_c                       0x20000c08   Data          12  fc50.o(.bss)
    fc50_obj2_L3_out_a                       0x20000c14   Data          12  fc50.o(.bss)
    fc50_obj2_L3_out_b                       0x20000c20   Data          12  fc50.o(.bss)
    fc50_obj2_L3_out_c                       0x20000c2c   Data          12  fc50.o(.bss)
    fc50N_obj1_L1_in                         0x20000c38   Data          16  fc50n.o(.bss)
    fc50N_obj1_L2_in                         0x20000c48   Data          16  fc50n.o(.bss)
    fc50N_obj1_L3_in                         0x20000c58   Data          16  fc50n.o(.bss)
    fc50N_obj1_L1_out                        0x20000c68   Data          12  fc50n.o(.bss)
    fc50N_obj1_L2_out                        0x20000c74   Data          12  fc50n.o(.bss)
    fc50N_obj1_L3_out                        0x20000c80   Data          12  fc50n.o(.bss)
    fc51_obj1_in                             0x20000c8c   Data          20  fc51.o(.bss)
    fc51_obj2_in                             0x20000ca0   Data          20  fc51.o(.bss)
    fc51_obj1_out_a                          0x20000cb4   Data          12  fc51.o(.bss)
    fc51_obj1_out_b                          0x20000cc0   Data          12  fc51.o(.bss)
    fc51_obj1_out_c                          0x20000ccc   Data          12  fc51.o(.bss)
    fc51_obj2_out_a                          0x20000cd8   Data          12  fc51.o(.bss)
    fc51_obj2_out_b                          0x20000ce4   Data          12  fc51.o(.bss)
    fc51_obj2_out_c                          0x20000cf0   Data          12  fc51.o(.bss)
    fc51N_obj1_in                            0x20000cfc   Data          20  fc51n.o(.bss)
    fc51N_obj1_out                           0x20000d10   Data          12  fc51n.o(.bss)
    fc27_obj1_L1_in                          0x20000d1c   Data          12  fc27.o(.bss)
    fc27_obj1_L2_in                          0x20000d28   Data          12  fc27.o(.bss)
    fc59_obj1_L1_in                          0x20000d34   Data          12  fc59.o(.bss)
    fc59_obj1_L2_in                          0x20000d40   Data          12  fc59.o(.bss)
    fc59_obj1_L1_out_a                       0x20000d4c   Data          12  fc59.o(.bss)
    fc59_obj1_L1_out_b                       0x20000d58   Data          12  fc59.o(.bss)
    fc59_obj1_L1_out_c                       0x20000d64   Data          12  fc59.o(.bss)
    fc59_obj1_L2_out_a                       0x20000d70   Data          12  fc59.o(.bss)
    fc59_obj1_L2_out_b                       0x20000d7c   Data          12  fc59.o(.bss)
    fc59_obj1_L2_out_c                       0x20000d88   Data          12  fc59.o(.bss)
    fc46d_obj1_L1_in                         0x20000d94   Data          16  fc46.o(.bss)
    fc46i_obj1_L1_in                         0x20000da4   Data          20  fc46.o(.bss)
    fc46d_obj1_L1_out                        0x20000db8   Data          16  fc46.o(.bss)
    fc46i_obj1_L1_out                        0x20000dc8   Data          16  fc46.o(.bss)
    sym_rms                                  0x20000dd8   Data         200  fc46.o(.bss)
    fc49_obj1_therm                          0x20000ea0   Data          20  fc49.o(.bss)
    fc49_obj2_therm                          0x20000eb4   Data          20  fc49.o(.bss)
    fcBF_in                                  0x20000ec8   Data          24  fcbf.o(.bss)
    fcBF_out                                 0x20000ee0   Data          12  fcbf.o(.bss)
    fc37_obj1_L1_in                          0x20000eec   Data          12  fc37.o(.bss)
    fc37_obj2_L1_in                          0x20000ef8   Data          12  fc37.o(.bss)
    fcUNBd_obj1_L1_in                        0x20000f04   Data          12  fcunb.o(.bss)
    fcUNBd_obj1_L1_out_a                     0x20000f10   Data          16  fcunb.o(.bss)
    fcUNBd_obj1_L1_out_b                     0x20000f20   Data          16  fcunb.o(.bss)
    fcUNBi_obj1_L1_out_a                     0x20000f30   Data          12  fcunb.o(.bss)
    fcUNBi_obj1_L1_out_b                     0x20000f3c   Data          12  fcunb.o(.bss)
    pvp_in                                   0x20001010   Data          12  fcpvp.o(.bss)
    pvp_in_back                              0x2000101c   Data          12  fcpvp.o(.bss)
    pvp_out                                  0x20001028   Data          12  fcpvp.o(.bss)
    pvp_out_back                             0x20001034   Data          12  fcpvp.o(.bss)
    fcPVPd_obj1_L1_in                        0x20001040   Data          12  fcpvp.o(.bss)
    fcPVPi_obj1_L1_in                        0x2000104c   Data          20  fcpvp.o(.bss)
    fcPVPi_obj1_L1_out_a                     0x20001060   Data          12  fcpvp.o(.bss)
    fcPVPi_obj1_L1_out_b                     0x2000106c   Data          12  fcpvp.o(.bss)
    fcPVPi_obj1_L1_out_c                     0x20001078   Data          12  fcpvp.o(.bss)
    pvp_buf                                  0x20001084   Data        1212  fcpvp.o(.bss)
    pick                                     0x200019f0   Data          12  pickup_handles.o(.bss)
    trip                                     0x200019fc   Data          12  pickup_handles.o(.bss)
    pick_words                               0x20001a08   Data          12  pickup_handles.o(.bss)
    trip_words                               0x20001a14   Data          12  pickup_handles.o(.bss)
    fRMS                                     0x20001b18   Data          60  cs_handles.o(.bss)
    phase_cs_A                               0x20001b54   Data          16  cs_handles.o(.bss)
    phase_cs_B                               0x20001b64   Data          16  cs_handles.o(.bss)
    phase_cs_C                               0x20001b74   Data          16  cs_handles.o(.bss)
    phase_cs_A_out                           0x20001b84   Data          44  cs_handles.o(.bss)
    phase_cs_B_out                           0x20001bb0   Data          44  cs_handles.o(.bss)
    phase_cs_C_out                           0x20001bdc   Data          44  cs_handles.o(.bss)
    sym                                      0x20001c08   Data          24  cs_handles.o(.bss)
    sym_hist                                 0x20001c20   Data          24  cs_handles.o(.bss)
    mag_sym                                  0x20001c38   Data          24  cs_handles.o(.bss)
    c_buffer                                 0x20001c50   Data        2400  cs_handles.o(.bss)
    s_buffer                                 0x200025b0   Data        2400  cs_handles.o(.bss)
    P                                        0x20002f10   Data          28  cs_handles.o(.bss)
    Q                                        0x20002f2c   Data          28  cs_handles.o(.bss)
    tRMS                                     0x20002f48   Data          60  truerms.o(.bss)
    backRMS                                  0x20002f84   Data          60  truerms.o(.bss)
    bufferRMS                                0x20002fc0   Data        3000  truerms.o(.bss)
    spect_Ia                                 0x20003b78   Data         368  spectra.o(.bss)
    spect_Ib                                 0x20003ce8   Data         368  spectra.o(.bss)
    spect_Ic                                 0x20003e58   Data         368  spectra.o(.bss)
    thd                                      0x20003fc8   Data          12  spectra.o(.bss)
    rawAdc                                   0x20003fd4   Data          60  conversion.o(.bss)
    fAdc                                     0x20004010   Data          60  conversion.o(.bss)
    offset                                   0x2000404c   Data          60  conversion.o(.bss)
    scale                                    0x20004088   Data          60  conversion.o(.bss)
    TR                                       0x200040c4   Data          48  conversion.o(.bss)
    Sys                                      0x200040f4   Data          36  powersysdata.o(.bss)
    comParams                                0x20004118   Data        6020  spi_masterslave.o(.bss)
    spiCRC                                   0x2000589c   Data          12  spi_masterslave.o(.bss)
    comParams_uart                           0x200058a8   Data        2996  uart_masterslave.o(.bss)
    uartCRC                                  0x2000645c   Data          12  uart_masterslave.o(.bss)
    __initial_sp                             0x20006868   Data           0  startup_stm32f767xx.o(STACK)



==============================================================================

Memory Map of the image

  Image Entry point : 0x080001f9

  Load Region LR_IROM1 (Base: 0x08000000, Size: 0x0000e338, Max: 0x00200000, ABSOLUTE, COMPRESSED[0x0000df68])

    Execution Region ER_IROM1 (Base: 0x08000000, Size: 0x0000dca0, Max: 0x00200000, ABSOLUTE)

    Base Addr    Size         Type   Attr      Idx    E Section Name        Object

    0x08000000   0x000001f8   Data   RO          899    RESET               startup_stm32f767xx.o
    0x080001f8   0x00000000   Code   RO         6133  * .ARM.Collect$$$$00000000  mc_w.l(entry.o)
    0x080001f8   0x00000004   Code   RO         6205    .ARM.Collect$$$$00000001  mc_w.l(entry2.o)
    0x080001fc   0x00000004   Code   RO         6208    .ARM.Collect$$$$00000004  mc_w.l(entry5.o)
    0x08000200   0x00000000   Code   RO         6210    .ARM.Collect$$$$00000008  mc_w.l(entry7b.o)
    0x08000200   0x00000000   Code   RO         6212    .ARM.Collect$$$$0000000A  mc_w.l(entry8b.o)
    0x08000200   0x00000008   Code   RO         6213    .ARM.Collect$$$$0000000B  mc_w.l(entry9a.o)
    0x08000208   0x00000000   Code   RO         6215    .ARM.Collect$$$$0000000D  mc_w.l(entry10a.o)
    0x08000208   0x00000000   Code   RO         6217    .ARM.Collect$$$$0000000F  mc_w.l(entry11a.o)
    0x08000208   0x00000004   Code   RO         6206    .ARM.Collect$$$$00002712  mc_w.l(entry2.o)
    0x0800020c   0x00000024   Code   RO          900    .text               startup_stm32f767xx.o
    0x08000230   0x00000024   Code   RO         6136    .text               mc_w.l(memcpya.o)
    0x08000254   0x00000000   Code   RO         6226    .text               mc_w.l(iusefp.o)
    0x08000254   0x00000004   Code   RO         6227    .text               mf_w.l(fpstat.o)
    0x08000258   0x00000024   Code   RO         6233    .text               mc_w.l(init.o)
    0x0800027c   0x0000005e   Code   RO         6243    .text               mc_w.l(__dclz77c.o)
    0x080002da   0x00000002   PAD
    0x080002dc   0x0000016c   Code   RO          910    i.ADC_Init          stm32f7xx_hal_adc.o
    0x08000448   0x0000006e   Code   RO         2184    i.ADC_MultiModeDMAConvCplt  stm32f7xx_hal_adc_ex.o
    0x080004b6   0x0000001a   Code   RO         2185    i.ADC_MultiModeDMAError  stm32f7xx_hal_adc_ex.o
    0x080004d0   0x0000000e   Code   RO         2186    i.ADC_MultiModeDMAHalfConvCplt  stm32f7xx_hal_adc_ex.o
    0x080004de   0x00000004   Code   RO          310    i.BusFault_Handler  stm32f7xx_it.o
    0x080004e2   0x00000002   PAD
    0x080004e4   0x00000010   Code   RO          311    i.DMA2_Stream0_IRQHandler  stm32f7xx_it.o
    0x080004f4   0x00000010   Code   RO          312    i.DMA2_Stream1_IRQHandler  stm32f7xx_it.o
    0x08000504   0x00000010   Code   RO          313    i.DMA2_Stream2_IRQHandler  stm32f7xx_it.o
    0x08000514   0x00000034   Code   RO         2574    i.DMA_CalcBaseAndBitshift  stm32f7xx_hal_dma.o
    0x08000548   0x000000aa   Code   RO         2575    i.DMA_CheckFifoParam  stm32f7xx_hal_dma.o
    0x080005f2   0x0000002c   Code   RO         2576    i.DMA_SetConfig     stm32f7xx_hal_dma.o
    0x0800061e   0x00000002   Code   RO          314    i.DebugMon_Handler  stm32f7xx_it.o
    0x08000620   0x00000018   Code   RO          315    i.EXTI15_10_IRQHandler  stm32f7xx_it.o
    0x08000638   0x00000088   Code   RO         2195    i.HAL_ADCEx_MultiModeConfigChannel  stm32f7xx_hal_adc_ex.o
    0x080006c0   0x00000134   Code   RO         2197    i.HAL_ADCEx_MultiModeStart_DMA  stm32f7xx_hal_adc_ex.o
    0x080007f4   0x000001b4   Code   RO          912    i.HAL_ADC_ConfigChannel  stm32f7xx_hal_adc.o
    0x080009a8   0x0000034c   Code   RO         5481    i.HAL_ADC_ConvCpltCallback  conversion.o
    0x08000cf4   0x00000002   Code   RO          914    i.HAL_ADC_ConvHalfCpltCallback  stm32f7xx_hal_adc.o
    0x08000cf6   0x00000002   Code   RO          916    i.HAL_ADC_ErrorCallback  stm32f7xx_hal_adc.o
    0x08000cf8   0x00000068   Code   RO          921    i.HAL_ADC_Init      stm32f7xx_hal_adc.o
    0x08000d60   0x000001f8   Code   RO          443    i.HAL_ADC_MspInit   adc.o
    0x08000f58   0x00000100   Code   RO          927    i.HAL_ADC_Start     stm32f7xx_hal_adc.o
    0x08001058   0x00000028   Code   RO         2578    i.HAL_DMA_Abort_IT  stm32f7xx_hal_dma.o
    0x08001080   0x00000248   Code   RO         2582    i.HAL_DMA_IRQHandler  stm32f7xx_hal_dma.o
    0x080012c8   0x000000ec   Code   RO         2583    i.HAL_DMA_Init      stm32f7xx_hal_dma.o
    0x080013b4   0x0000009e   Code   RO         2587    i.HAL_DMA_Start_IT  stm32f7xx_hal_dma.o
    0x08001452   0x00000002   Code   RO          496    i.HAL_GPIO_EXTI_Callback  main.o
    0x08001454   0x0000001c   Code   RO         1475    i.HAL_GPIO_EXTI_IRQHandler  stm32f7xx_hal_gpio.o
    0x08001470   0x00000218   Code   RO         1476    i.HAL_GPIO_Init     stm32f7xx_hal_gpio.o
    0x08001688   0x00000010   Code   RO         1478    i.HAL_GPIO_ReadPin  stm32f7xx_hal_gpio.o
    0x08001698   0x0000000c   Code   RO         1480    i.HAL_GPIO_WritePin  stm32f7xx_hal_gpio.o
    0x080016a4   0x0000000c   Code   RO         2402    i.HAL_GetTick       stm32f7xx_hal.o
    0x080016b0   0x00000010   Code   RO         2406    i.HAL_IncTick       stm32f7xx_hal.o
    0x080016c0   0x00000016   Code   RO         2407    i.HAL_Init          stm32f7xx_hal.o
    0x080016d6   0x00000002   PAD
    0x080016d8   0x00000028   Code   RO         2408    i.HAL_InitTick      stm32f7xx_hal.o
    0x08001700   0x00000056   Code   RO          286    i.HAL_MspInit       stm32f7xx_hal_msp.o
    0x08001756   0x0000001a   Code   RO         1338    i.HAL_NVIC_EnableIRQ  stm32f7xx_hal_cortex.o
    0x08001770   0x0000007c   Code   RO         1344    i.HAL_NVIC_SetPriority  stm32f7xx_hal_cortex.o
    0x080017ec   0x00000028   Code   RO         1345    i.HAL_NVIC_SetPriorityGrouping  stm32f7xx_hal_cortex.o
    0x08001814   0x00000090   Code   RO         2299    i.HAL_PWREx_EnableOverDrive  stm32f7xx_hal_pwr_ex.o
    0x080018a4   0x000000d8   Code   RO         3622    i.HAL_QSPI_Init     stm32f7xx_hal_qspi.o
    0x0800197c   0x00000098   Code   RO          215    i.HAL_QSPI_MspInit  quadspi.o
    0x08001a14   0x00000004   Code   RO         3632    i.HAL_QSPI_SetTimeout  stm32f7xx_hal_qspi.o
    0x08001a18   0x00000758   Code   RO         2802    i.HAL_RCCEx_PeriphCLKConfig  stm32f7xx_hal_rcc_ex.o
    0x08002170   0x00000164   Code   RO         3077    i.HAL_RCC_ClockConfig  stm32f7xx_hal_rcc.o
    0x080022d4   0x0000000c   Code   RO         3082    i.HAL_RCC_GetHCLKFreq  stm32f7xx_hal_rcc.o
    0x080022e0   0x00000020   Code   RO         3084    i.HAL_RCC_GetPCLK1Freq  stm32f7xx_hal_rcc.o
    0x08002300   0x00000020   Code   RO         3085    i.HAL_RCC_GetPCLK2Freq  stm32f7xx_hal_rcc.o
    0x08002320   0x00000090   Code   RO         3086    i.HAL_RCC_GetSysClockFreq  stm32f7xx_hal_rcc.o
    0x080023b0   0x000004b8   Code   RO         3089    i.HAL_RCC_OscConfig  stm32f7xx_hal_rcc.o
    0x08002868   0x000000b4   Code   RO         1085    i.HAL_RTC_Init      stm32f7xx_hal_rtc.o
    0x0800291c   0x00000020   Code   RO          173    i.HAL_RTC_MspInit   rtc.o
    0x0800293c   0x00000002   Code   RO         4629    i.HAL_SPI_ErrorCallback  stm32f7xx_hal_spi.o
    0x0800293e   0x00000002   PAD
    0x08002940   0x00000138   Code   RO         4632    i.HAL_SPI_IRQHandler  stm32f7xx_hal_spi.o
    0x08002a78   0x000000cc   Code   RO         4633    i.HAL_SPI_Init      stm32f7xx_hal_spi.o
    0x08002b44   0x00000068   Code   RO          651    i.HAL_SPI_MspInit   spi.o
    0x08002bac   0x000000b0   Code   RO         4646    i.HAL_SPI_Transmit_IT  stm32f7xx_hal_spi.o
    0x08002c5c   0x00000028   Code   RO         5717    i.HAL_SPI_TxCpltCallback  spi_masterslave.o
    0x08002c84   0x00000028   Code   RO         1347    i.HAL_SYSTICK_CLKSourceConfig  stm32f7xx_hal_cortex.o
    0x08002cac   0x00000002   Code   RO         1348    i.HAL_SYSTICK_Callback  stm32f7xx_hal_cortex.o
    0x08002cae   0x00000034   Code   RO         1349    i.HAL_SYSTICK_Config  stm32f7xx_hal_cortex.o
    0x08002ce2   0x00000008   Code   RO         1350    i.HAL_SYSTICK_IRQHandler  stm32f7xx_hal_cortex.o
    0x08002cea   0x00000002   Code   RO         3219    i.HAL_TIMEx_BreakCallback  stm32f7xx_hal_tim_ex.o
    0x08002cec   0x00000002   Code   RO         3220    i.HAL_TIMEx_CommutationCallback  stm32f7xx_hal_tim_ex.o
    0x08002cee   0x00000002   PAD
    0x08002cf0   0x0000006c   Code   RO         3238    i.HAL_TIMEx_MasterConfigSynchronization  stm32f7xx_hal_tim_ex.o
    0x08002d5c   0x00000034   Code   RO         1541    i.HAL_TIM_Base_Init  stm32f7xx_hal_tim.o
    0x08002d90   0x00000070   Code   RO            5    i.HAL_TIM_Base_MspInit  tim.o
    0x08002e00   0x0000001e   Code   RO         1546    i.HAL_TIM_Base_Start_IT  stm32f7xx_hal_tim.o
    0x08002e1e   0x00000002   PAD
    0x08002e20   0x00000138   Code   RO         1550    i.HAL_TIM_ConfigClockSource  stm32f7xx_hal_tim.o
    0x08002f58   0x00000002   Code   RO         1570    i.HAL_TIM_IC_CaptureCallback  stm32f7xx_hal_tim.o
    0x08002f5a   0x000001b8   Code   RO         1583    i.HAL_TIM_IRQHandler  stm32f7xx_hal_tim.o
    0x08003112   0x00000002   Code   RO         1586    i.HAL_TIM_OC_DelayElapsedCallback  stm32f7xx_hal_tim.o
    0x08003114   0x00000002   Code   RO         1613    i.HAL_TIM_PWM_PulseFinishedCallback  stm32f7xx_hal_tim.o
    0x08003116   0x00000002   Code   RO         1620    i.HAL_TIM_PeriodElapsedCallback  stm32f7xx_hal_tim.o
    0x08003118   0x00000002   Code   RO         1624    i.HAL_TIM_TriggerCallback  stm32f7xx_hal_tim.o
    0x0800311a   0x00000002   Code   RO         4348    i.HAL_UART_ErrorCallback  stm32f7xx_hal_uart.o
    0x0800311c   0x00000160   Code   RO         4351    i.HAL_UART_IRQHandler  stm32f7xx_hal_uart.o
    0x0800327c   0x00000078   Code   RO         4352    i.HAL_UART_Init     stm32f7xx_hal_uart.o
    0x080032f4   0x00000068   Code   RO          609    i.HAL_UART_MspInit  usart.o
    0x0800335c   0x000000bc   Code   RO         4357    i.HAL_UART_Receive_IT  stm32f7xx_hal_uart.o
    0x08003418   0x0000004c   Code   RO         5845    i.HAL_UART_RxCpltCallback  uart_masterslave.o
    0x08003464   0x0000001c   Code   RO         5846    i.HAL_UART_TxCpltCallback  uart_masterslave.o
    0x08003480   0x00000004   Code   RO          316    i.HardFault_Handler  stm32f7xx_it.o
    0x08003484   0x00000108   Code   RO          444    i.MX_ADC1_Init      adc.o
    0x0800358c   0x000000d8   Code   RO          445    i.MX_ADC2_Init      adc.o
    0x08003664   0x000000d4   Code   RO          446    i.MX_ADC3_Init      adc.o
    0x08003738   0x00000034   Code   RO          259    i.MX_DMA_Init       dma.o
    0x0800376c   0x000002a0   Code   RO          584    i.MX_GPIO_Init      gpio.o
    0x08003a0c   0x00000024   Code   RO          497    i.MX_NVIC_Init      main.o
    0x08003a30   0x00000050   Code   RO          216    i.MX_QUADSPI_Init   quadspi.o
    0x08003a80   0x00000048   Code   RO          174    i.MX_RTC_Init       rtc.o
    0x08003ac8   0x00000064   Code   RO          652    i.MX_SPI2_Init      spi.o
    0x08003b2c   0x00000080   Code   RO            6    i.MX_TIM1_Init      tim.o
    0x08003bac   0x0000005c   Code   RO            7    i.MX_TIM6_Init      tim.o
    0x08003c08   0x00000054   Code   RO          610    i.MX_USART2_UART_Init  usart.o
    0x08003c5c   0x00000004   Code   RO          317    i.MemManage_Handler  stm32f7xx_it.o
    0x08003c60   0x00000002   Code   RO          318    i.NMI_Handler       stm32f7xx_it.o
    0x08003c62   0x00000002   PAD
    0x08003c64   0x00000010   Code   RO         1351    i.NVIC_GetPriorityGrouping  stm32f7xx_hal_cortex.o
    0x08003c74   0x00000028   Code   RO         1352    i.NVIC_SetPriority  stm32f7xx_hal_cortex.o
    0x08003c9c   0x00000002   Code   RO          319    i.PendSV_Handler    stm32f7xx_it.o
    0x08003c9e   0x0000004c   Code   RO         3647    i.QSPI_WaitFlagStateUntilTimeout  stm32f7xx_hal_qspi.o
    0x08003cea   0x0000003e   Code   RO         1096    i.RTC_EnterInitMode  stm32f7xx_hal_rtc.o
    0x08003d28   0x0000009c   Code   RO          498    i.SCB_EnableDCache  main.o
    0x08003dc4   0x00000010   Code   RO          320    i.SPI2_IRQHandler   stm32f7xx_it.o
    0x08003dd4   0x00000060   Code   RO         4659    i.SPI_CloseTx_ISR   stm32f7xx_hal_spi.o
    0x08003e34   0x00000016   Code   RO         4660    i.SPI_DMAAbortOnError  stm32f7xx_hal_spi.o
    0x08003e4a   0x00000064   Code   RO         4671    i.SPI_EndRxTxTransaction  stm32f7xx_hal_spi.o
    0x08003eae   0x00000024   Code   RO         4674    i.SPI_TxISR_16BIT   stm32f7xx_hal_spi.o
    0x08003ed2   0x00000022   Code   RO         4675    i.SPI_TxISR_8BIT    stm32f7xx_hal_spi.o
    0x08003ef4   0x000000b2   Code   RO         4676    i.SPI_WaitFifoStateUntilTimeout  stm32f7xx_hal_spi.o
    0x08003fa6   0x000000a0   Code   RO         4677    i.SPI_WaitFlagStateUntilTimeout  stm32f7xx_hal_spi.o
    0x08004046   0x00000002   Code   RO          321    i.SVC_Handler       stm32f7xx_it.o
    0x08004048   0x00000014   Code   RO          322    i.SysTick_Handler   stm32f7xx_it.o
    0x0800405c   0x0000010c   Code   RO          499    i.SystemClock_Config  main.o
    0x08004168   0x00000064   Code   RO         4950    i.SystemInit        system_stm32f7xx.o
    0x080041cc   0x00000010   Code   RO          323    i.TIM1_UP_TIM10_IRQHandler  stm32f7xx_it.o
    0x080041dc   0x000000f0   Code   RO         1625    i.TIM_Base_SetConfig  stm32f7xx_hal_tim.o
    0x080042cc   0x00000018   Code   RO         1632    i.TIM_ETR_SetConfig  stm32f7xx_hal_tim.o
    0x080042e4   0x00000014   Code   RO         1633    i.TIM_ITRx_SetConfig  stm32f7xx_hal_tim.o
    0x080042f8   0x0000002a   Code   RO         1639    i.TIM_TI1_ConfigInputStage  stm32f7xx_hal_tim.o
    0x08004322   0x0000002c   Code   RO         1641    i.TIM_TI2_ConfigInputStage  stm32f7xx_hal_tim.o
    0x0800434e   0x000000ea   Code   RO         4365    i.UART_AdvFeatureConfig  stm32f7xx_hal_uart.o
    0x08004438   0x0000004e   Code   RO         4366    i.UART_CheckIdleState  stm32f7xx_hal_uart.o
    0x08004486   0x00000018   Code   RO         4367    i.UART_DMAAbortOnError  stm32f7xx_hal_uart.o
    0x0800449e   0x00000020   Code   RO         4373    i.UART_EndRxTransfer  stm32f7xx_hal_uart.o
    0x080044be   0x00000020   Code   RO         4374    i.UART_EndTransmit_IT  stm32f7xx_hal_uart.o
    0x080044de   0x00000088   Code   RO         4376    i.UART_Receive_IT   stm32f7xx_hal_uart.o
    0x08004566   0x00000002   PAD
    0x08004568   0x0000038c   Code   RO         4377    i.UART_SetConfig    stm32f7xx_hal_uart.o
    0x080048f4   0x0000006a   Code   RO         4378    i.UART_Transmit_IT  stm32f7xx_hal_uart.o
    0x0800495e   0x0000006c   Code   RO         4379    i.UART_WaitOnFlagUntilTimeout  stm32f7xx_hal_uart.o
    0x080049ca   0x00000002   PAD
    0x080049cc   0x00000010   Code   RO          324    i.USART2_IRQHandler  stm32f7xx_it.o
    0x080049dc   0x00000004   Code   RO          325    i.UsageFault_Handler  stm32f7xx_it.o
    0x080049e0   0x00000004   Code   RO          500    i._Error_Handler    main.o
    0x080049e4   0x00000030   Code   RO         6229    i.__ARM_fpclassify  m_wv.l(fpclassify.o)
    0x08004a14   0x00000026   Code   RO         6177    i.__ARM_fpclassifyf  m_wv.l(fpclassifyf.o)
    0x08004a3a   0x00000006   PAD
    0x08004a40   0x00000200   Code   RO         6140    i.__hardfp_atan     m_wv.l(atan.o)
    0x08004c40   0x000001c0   Code   RO         6059    i.__hardfp_atan2    m_wv.l(atan2.o)
    0x08004e00   0x00000258   Code   RO         6071    i.__hardfp_atan2f   m_wv.l(atan2f.o)
    0x08005058   0x00000658   Code   RO         6083    i.__hardfp_powf     m_wv.l(powf.o)
    0x080056b0   0x000000b0   Code   RO         6097    i.__hardfp_sin      m_wv.l(sin.o)
    0x08005760   0x00000066   Code   RO         6109    i.__hardfp_sqrt     m_wv.l(sqrt.o)
    0x080057c6   0x0000003a   Code   RO         6121    i.__hardfp_sqrtf    m_wv.l(sqrtf.o)
    0x08005800   0x00000310   Code   RO         6194    i.__ieee754_rem_pio2  m_wv.l(rred.o)
    0x08005b10   0x000000e0   Code   RO         6154    i.__kernel_cos      m_wv.l(cos_i.o)
    0x08005bf0   0x00000070   Code   RO         6231    i.__kernel_poly     m_wv.l(poly.o)
    0x08005c60   0x000000a8   Code   RO         6199    i.__kernel_sin      m_wv.l(sin_i.o)
    0x08005d08   0x00000006   Code   RO         6158    i.__mathlib_dbl_infnan  m_wv.l(dunder.o)
    0x08005d0e   0x00000006   Code   RO         6159    i.__mathlib_dbl_infnan2  m_wv.l(dunder.o)
    0x08005d14   0x00000004   PAD
    0x08005d18   0x00000018   Code   RO         6160    i.__mathlib_dbl_invalid  m_wv.l(dunder.o)
    0x08005d30   0x00000018   Code   RO         6163    i.__mathlib_dbl_underflow  m_wv.l(dunder.o)
    0x08005d48   0x00000018   Code   RO         6179    i.__mathlib_flt_divzero  m_wv.l(funder.o)
    0x08005d60   0x00000006   Code   RO         6181    i.__mathlib_flt_infnan2  m_wv.l(funder.o)
    0x08005d66   0x00000002   PAD
    0x08005d68   0x00000010   Code   RO         6182    i.__mathlib_flt_invalid  m_wv.l(funder.o)
    0x08005d78   0x00000010   Code   RO         6183    i.__mathlib_flt_overflow  m_wv.l(funder.o)
    0x08005d88   0x00000010   Code   RO         6185    i.__mathlib_flt_underflow  m_wv.l(funder.o)
    0x08005d98   0x0000000e   Code   RO         6237    i.__scatterload_copy  mc_w.l(handlers.o)
    0x08005da6   0x00000002   Code   RO         6238    i.__scatterload_null  mc_w.l(handlers.o)
    0x08005da8   0x0000000e   Code   RO         6239    i.__scatterload_zeroinit  mc_w.l(handlers.o)
    0x08005db6   0x00000002   PAD
    0x08005db8   0x0000000c   Code   RO         6221    i.__set_errno       mc_w.l(errno.o)
    0x08005dc4   0x00000010   Code   RO         6142    i.atan              m_wv.l(atan.o)
    0x08005dd4   0x00000274   Code   RO         5557    i.boardIO           boardio.o
    0x08006048   0x00000120   Code   RO         5407    i.cs_PQ_combination  cs_handles.o
    0x08006168   0x000001f0   Code   RO          689    i.cs_computations   measurement_functions.o
    0x08006358   0x00000064   Code   RO          690    i.cs_generation     measurement_functions.o
    0x080063bc   0x00000458   Code   RO         5408    i.cs_handles        cs_handles.o
    0x08006814   0x0000004c   Code   RO         5596    i.dpm_mergeDWord    dataparsermerger.o
    0x08006860   0x00000060   Code   RO         5597    i.dpm_mergeFloat    dataparsermerger.o
    0x080068c0   0x00000042   Code   RO         5598    i.dpm_parseDWord    dataparsermerger.o
    0x08006902   0x00000002   PAD
    0x08006904   0x00000054   Code   RO         5599    i.dpm_parseFloat    dataparsermerger.o
    0x08006958   0x00000018   Code   RO         6173    i.fabs              m_wv.l(fabs.o)
    0x08006970   0x000000a0   Code   RO          771    i.fc27              protection_functions.o
    0x08006a10   0x00000128   Code   RO         5115    i.fc27_all          fc27.o
    0x08006b38   0x00000028   Code   RO         5116    i.fc27_init         fc27.o
    0x08006b60   0x00000090   Code   RO          772    i.fc37              protection_functions.o
    0x08006bf0   0x000001e8   Code   RO         5259    i.fc37_all          fc37.o
    0x08006dd8   0x00000028   Code   RO         5260    i.fc37_init         fc37.o
    0x08006e00   0x000000c4   Code   RO         5172    i.fc46_all          fc46.o
    0x08006ec4   0x0000006c   Code   RO         5173    i.fc46_init         fc46.o
    0x08006f30   0x00000108   Code   RO          773    i.fc46d             protection_functions.o
    0x08007038   0x00000150   Code   RO          774    i.fc46i             protection_functions.o
    0x08007188   0x0000005c   Code   RO          775    i.fc49              protection_functions.o
    0x080071e4   0x000001a8   Code   RO         5195    i.fc49_all          fc49.o
    0x0800738c   0x00000074   Code   RO         5196    i.fc49_init         fc49.o
    0x08007400   0x000000b8   Code   RO          776    i.fc50              protection_functions.o
    0x080074b8   0x00000100   Code   RO         5037    i.fc50N_all         fc50n.o
    0x080075b8   0x00000040   Code   RO         5038    i.fc50N_init        fc50n.o
    0x080075f8   0x000003d0   Code   RO         5007    i.fc50_all          fc50.o
    0x080079c8   0x00000060   Code   RO         5008    i.fc50_init         fc50.o
    0x08007a28   0x00000100   Code   RO          777    i.fc51              protection_functions.o
    0x08007b28   0x00000070   Code   RO         5089    i.fc51N_all         fc51n.o
    0x08007b98   0x0000004c   Code   RO         5090    i.fc51N_init        fc51n.o
    0x08007be4   0x00000158   Code   RO         5063    i.fc51_all          fc51.o
    0x08007d3c   0x00000080   Code   RO         5064    i.fc51_init         fc51.o
    0x08007dbc   0x00000078   Code   RO          778    i.fc59              protection_functions.o
    0x08007e34   0x000000f8   Code   RO         5150    i.fc59_all          fc59.o
    0x08007f2c   0x00000024   Code   RO         5151    i.fc59_init         fc59.o
    0x08007f50   0x0000010c   Code   RO          779    i.fcBF              protection_functions.o
    0x0800805c   0x000000d4   Code   RO         5221    i.fcBF_all          fcbf.o
    0x08008130   0x00000024   Code   RO         5222    i.fcBF_init         fcbf.o
    0x08008154   0x00000228   Code   RO         5323    i.fcPVP_all         fcpvp.o
    0x0800837c   0x0000003c   Code   RO         5324    i.fcPVP_init        fcpvp.o
    0x080083b8   0x00000094   Code   RO          780    i.fcPVPd            protection_functions.o
    0x0800844c   0x000000d0   Code   RO          781    i.fcPVPi            protection_functions.o
    0x0800851c   0x000001b8   Code   RO         5291    i.fcUNB_all         fcunb.o
    0x080086d4   0x00000034   Code   RO         5292    i.fcUNB_init        fcunb.o
    0x08008708   0x00000114   Code   RO         5293    i.fcUNB_initial_dt  fcunb.o
    0x0800881c   0x00000094   Code   RO          782    i.fcUNBd            protection_functions.o
    0x080088b0   0x000000f8   Code   RO          783    i.fcUNBi            protection_functions.o
    0x080089a8   0x00000038   Code   RO         5527    i.initFunctions     initfunctions.o
    0x080089e0   0x000000fc   Code   RO         5483    i.init_conversion   conversion.o
    0x08008adc   0x00000ec4   Code   RO         4983    i.init_protection   init_protection.o
    0x080099a0   0x00000130   Code   RO          501    i.main              main.o
    0x08009ad0   0x00000048   Code   RO         6035    i.main_flow         main_flow.o
    0x08009b18   0x00000026   Code   RO          784    i.maxSelector_3p    protection_functions.o
    0x08009b3e   0x00000030   Code   RO          786    i.off_delay         protection_functions.o
    0x08009b6e   0x0000002e   Code   RO          787    i.on_delay          protection_functions.o
    0x08009b9c   0x00000026   Code   RO          788    i.on_off_delay      protection_functions.o
    0x08009bc2   0x00000002   PAD
    0x08009bc4   0x00000080   Code   RO          691    i.peak_detect_rms   measurement_functions.o
    0x08009c44   0x00000010   Code   RO         5353    i.pick_trip_reset_handles  pickup_handles.o
    0x08009c54   0x00000c3c   Code   RO         5354    i.pick_up_handles   pickup_handles.o
    0x0800a890   0x000006bc   Code   RO         6008    i.pullDataFromMaster  configparams.o
    0x0800af4c   0x00000a44   Code   RO         5964    i.pushDataToMaster  commparams.o
    0x0800b990   0x000001bc   Code   RO          789    i.pvp_curve         protection_functions.o
    0x0800bb4c   0x00000064   Code   RO          693    i.pvp_post_filter   measurement_functions.o
    0x0800bbb0   0x00000630   Code   RO         5355    i.reset_handles     pickup_handles.o
    0x0800c1e0   0x00000104   Code   RO          694    i.signal_spectra    measurement_functions.o
    0x0800c2e4   0x00000088   Code   RO         5462    i.spectral_analysis  spectra.o
    0x0800c36c   0x0000003c   Code   RO         5719    i.spi_ReceiveTimeout  spi_masterslave.o
    0x0800c3a8   0x00000028   Code   RO         5720    i.spi_RuntimeProcess  spi_masterslave.o
    0x0800c3d0   0x00000002   Code   RO         5721    i.spi_checkCommunication  spi_masterslave.o
    0x0800c3d2   0x00000002   PAD
    0x0800c3d4   0x00000024   Code   RO         5722    i.spi_checkPushSendTime  spi_masterslave.o
    0x0800c3f8   0x00000048   Code   RO         5723    i.spi_crcCalculation  spi_masterslave.o
    0x0800c440   0x00000002   Code   RO         5724    i.spi_deselectChip  spi_masterslave.o
    0x0800c442   0x00000008   Code   RO         5725    i.spi_frameProcess  spi_masterslave.o
    0x0800c44a   0x0000000c   Code   RO         5726    i.spi_initComApp    spi_masterslave.o
    0x0800c456   0x00000002   PAD
    0x0800c458   0x00000148   Code   RO         5727    i.spi_preparePushData  spi_masterslave.o
    0x0800c5a0   0x0000014c   Code   RO         5728    i.spi_prepareReceiveData  spi_masterslave.o
    0x0800c6ec   0x00000024   Code   RO         5730    i.spi_pushAllData   spi_masterslave.o
    0x0800c710   0x0000001c   Code   RO         5731    i.spi_pushAllDataCheck  spi_masterslave.o
    0x0800c72c   0x00000002   Code   RO         5732    i.spi_receiveInit   spi_masterslave.o
    0x0800c72e   0x00000010   Code   RO         5733    i.spi_runComApp     spi_masterslave.o
    0x0800c73e   0x00000002   Code   RO         5734    i.spi_selectChip    spi_masterslave.o
    0x0800c740   0x0000000c   Code   RO         5735    i.spi_sysTickCallApp  spi_masterslave.o
    0x0800c74c   0x0000010c   Code   RO          696    i.sym_comp          measurement_functions.o
    0x0800c858   0x000001b8   Code   RO          697    i.sym_mag           measurement_functions.o
    0x0800ca10   0x00000098   Code   RO          698    i.thermal_status    measurement_functions.o
    0x0800caa8   0x00000944   Code   RO         5356    i.trip_handles      pickup_handles.o
    0x0800d3ec   0x000001a4   Code   RO         5442    i.trueRMS           truerms.o
    0x0800d590   0x00000088   Code   RO          699    i.true_rms          measurement_functions.o
    0x0800d618   0x00000028   Code   RO         5847    i.uart_ReceiveCompCallBack  uart_masterslave.o
    0x0800d640   0x0000003c   Code   RO         5848    i.uart_ReceiveTimeout  uart_masterslave.o
    0x0800d67c   0x0000002c   Code   RO         5849    i.uart_RuntimeProcess  uart_masterslave.o
    0x0800d6a8   0x00000030   Code   RO         5850    i.uart_checkCommunication  uart_masterslave.o
    0x0800d6d8   0x00000024   Code   RO         5851    i.uart_checkPushSendTime  uart_masterslave.o
    0x0800d6fc   0x00000048   Code   RO         5852    i.uart_crcCalculation  uart_masterslave.o
    0x0800d744   0x00000008   Code   RO         5853    i.uart_frameProcess  uart_masterslave.o
    0x0800d74c   0x00000008   Code   RO         5854    i.uart_initComApp   uart_masterslave.o
    0x0800d754   0x000000e0   Code   RO         5856    i.uart_prepareReceiveData  uart_masterslave.o
    0x0800d834   0x00000002   Code   RO         5859    i.uart_pushAllDataCheck  uart_masterslave.o
    0x0800d836   0x00000002   PAD
    0x0800d838   0x00000018   Code   RO         5860    i.uart_receiveInit  uart_masterslave.o
    0x0800d850   0x00000010   Code   RO         5861    i.uart_runComApp    uart_masterslave.o
    0x0800d860   0x0000000c   Code   RO         5862    i.uart_sysTickCallApp  uart_masterslave.o
    0x0800d86c   0x00000008   Data   RO         2589    .constdata          stm32f7xx_hal_dma.o
    0x0800d874   0x00000018   Data   RO         4951    .constdata          system_stm32f7xx.o
    0x0800d88c   0x00000010   Data   RO         5010    .constdata          fc50.o
    0x0800d89c   0x00000010   Data   RO         5040    .constdata          fc50n.o
    0x0800d8ac   0x00000014   Data   RO         5066    .constdata          fc51.o
    0x0800d8c0   0x00000014   Data   RO         5092    .constdata          fc51n.o
    0x0800d8d4   0x0000000c   Data   RO         5118    .constdata          fc27.o
    0x0800d8e0   0x0000000c   Data   RO         5153    .constdata          fc59.o
    0x0800d8ec   0x00000024   Data   RO         5175    .constdata          fc46.o
    0x0800d910   0x00000018   Data   RO         5198    .constdata          fc49.o
    0x0800d928   0x00000018   Data   RO         5224    .constdata          fcbf.o
    0x0800d940   0x0000000c   Data   RO         5262    .constdata          fc37.o
    0x0800d94c   0x00000014   Data   RO         5295    .constdata          fcunb.o
    0x0800d960   0x00000020   Data   RO         5326    .constdata          fcpvp.o
    0x0800d980   0x00000140   Data   RO         6086    .constdata          m_wv.l(powf.o)
    0x0800dac0   0x00000098   Data   RO         6143    .constdata          m_wv.l(atan.o)
    0x0800db58   0x00000030   Data   RO         6155    .constdata          m_wv.l(cos_i.o)
    0x0800db88   0x00000008   Data   RO         6193    .constdata          m_wv.l(qnan.o)
    0x0800db90   0x000000c8   Data   RO         6196    .constdata          m_wv.l(rred.o)
    0x0800dc58   0x00000028   Data   RO         6200    .constdata          m_wv.l(sin_i.o)
    0x0800dc80   0x00000020   Data   RO         6235    Region$$Table       anon$$obj.o


    Execution Region RW_IRAM1 (Base: 0x20000000, Size: 0x00006868, Max: 0x0001ffff, ABSOLUTE, COMPRESSED[0x000002c8])

    Base Addr    Size         Type   Attr      Idx    E Section Name        Object

    0x20000000   0x00000009   Data   RW          503    .data               main.o
    0x20000009   0x00000003   PAD
    0x2000000c   0x00000004   Data   RW         2413    .data               stm32f7xx_hal.o
    0x20000010   0x00000004   Data   RW         4952    .data               system_stm32f7xx.o
    0x20000014   0x0000006c   Data   RW         4985    .data               init_protection.o
    0x20000080   0x00000018   Data   RW         5119    .data               fc27.o
    0x20000098   0x00000001   Data   RW         5176    .data               fc46.o
    0x20000099   0x00000003   PAD
    0x2000009c   0x00000040   Data   RW         5199    .data               fc49.o
    0x200000dc   0x0000003a   Data   RW         5263    .data               fc37.o
    0x20000116   0x00000002   PAD
    0x20000118   0x0000001e   Data   RW         5296    .data               fcunb.o
    0x20000136   0x00000002   PAD
    0x20000138   0x000001c8   Data   RW         5327    .data               fcpvp.o
    0x20000300   0x00000002   Data   RW         5358    .data               pickup_handles.o
    0x20000302   0x00000002   PAD
    0x20000304   0x000001c0   Data   RW         5410    .data               cs_handles.o
    0x200004c4   0x00000001   Data   RW         5444    .data               truerms.o
    0x200004c5   0x00000003   PAD
    0x200004c8   0x00000194   Data   RW         5464    .data               spectra.o
    0x2000065c   0x00000020   Data   RW         5485    .data               conversion.o
    0x2000067c   0x00000008   Data   RW         5558    .data               boardio.o
    0x20000684   0x00000004   Data   RW         5600    .data               dataparsermerger.o
    0x20000688   0x0000000c   Data   RW         6009    .data               configparams.o
    0x20000694   0x00000004   Data   RW         6222    .data               mc_w.l(errno.o)
    0x20000698   0x00000080   Zero   RW            8    .bss                tim.o
    0x20000718   0x00000020   Zero   RW          175    .bss                rtc.o
    0x20000738   0x0000004c   Zero   RW          217    .bss                quadspi.o
    0x20000784   0x000001f8   Zero   RW          447    .bss                adc.o
    0x2000097c   0x0000003c   Zero   RW          502    .bss                main.o
    0x200009b8   0x00000070   Zero   RW          611    .bss                usart.o
    0x20000a28   0x00000064   Zero   RW          653    .bss                spi.o
    0x20000a8c   0x00000074   Zero   RW         4984    .bss                init_protection.o
    0x20000b00   0x00000138   Zero   RW         5009    .bss                fc50.o
    0x20000c38   0x00000054   Zero   RW         5039    .bss                fc50n.o
    0x20000c8c   0x00000070   Zero   RW         5065    .bss                fc51.o
    0x20000cfc   0x00000020   Zero   RW         5091    .bss                fc51n.o
    0x20000d1c   0x00000018   Zero   RW         5117    .bss                fc27.o
    0x20000d34   0x00000060   Zero   RW         5152    .bss                fc59.o
    0x20000d94   0x0000010c   Zero   RW         5174    .bss                fc46.o
    0x20000ea0   0x00000028   Zero   RW         5197    .bss                fc49.o
    0x20000ec8   0x00000024   Zero   RW         5223    .bss                fcbf.o
    0x20000eec   0x00000018   Zero   RW         5261    .bss                fc37.o
    0x20000f04   0x0000010c   Zero   RW         5294    .bss                fcunb.o
    0x20001010   0x000009e0   Zero   RW         5325    .bss                fcpvp.o
    0x200019f0   0x00000128   Zero   RW         5357    .bss                pickup_handles.o
    0x20001b18   0x00001430   Zero   RW         5409    .bss                cs_handles.o
    0x20002f48   0x00000c30   Zero   RW         5443    .bss                truerms.o
    0x20003b78   0x0000045c   Zero   RW         5463    .bss                spectra.o
    0x20003fd4   0x00000120   Zero   RW         5484    .bss                conversion.o
    0x200040f4   0x00000024   Zero   RW         5542    .bss                powersysdata.o
    0x20004118   0x00001790   Zero   RW         5736    .bss                spi_masterslave.o
    0x200058a8   0x00000bc0   Zero   RW         5863    .bss                uart_masterslave.o
    0x20006468   0x00000400   Zero   RW          897    STACK               startup_stm32f767xx.o

