Component: ARM Compiler 5.06 update 3 (build 300) Tool: armlink [4d35c9]

==============================================================================

Section Cross References

    tim.o(i.HAL_TIM_Base_MspDeInit) refers to stm32f7xx_hal_cortex.o(i.HAL_NVIC_DisableIRQ) for HAL_NVIC_DisableIRQ
    tim.o(i.HAL_TIM_Base_MspInit) refers to stm32f7xx_hal_cortex.o(i.HAL_NVIC_SetPriority) for HAL_NVIC_SetPriority
    tim.o(i.HAL_TIM_Base_MspInit) refers to stm32f7xx_hal_cortex.o(i.HAL_NVIC_EnableIRQ) for HAL_NVIC_EnableIRQ
    tim.o(i.MX_TIM1_Init) refers to stm32f7xx_hal_tim.o(i.HAL_TIM_Base_Init) for HAL_TIM_Base_Init
    tim.o(i.MX_TIM1_Init) refers to main.o(i._Error_Handler) for _Error_Handler
    tim.o(i.MX_TIM1_Init) refers to stm32f7xx_hal_tim.o(i.HAL_TIM_ConfigClockSource) for HAL_TIM_ConfigClockSource
    tim.o(i.MX_TIM1_Init) refers to stm32f7xx_hal_tim_ex.o(i.HAL_TIMEx_MasterConfigSynchronization) for HAL_TIMEx_MasterConfigSynchronization
    tim.o(i.MX_TIM1_Init) refers to tim.o(.bss) for .bss
    tim.o(i.MX_TIM6_Init) refers to stm32f7xx_hal_tim.o(i.HAL_TIM_Base_Init) for HAL_TIM_Base_Init
    tim.o(i.MX_TIM6_Init) refers to main.o(i._Error_Handler) for _Error_Handler
    tim.o(i.MX_TIM6_Init) refers to stm32f7xx_hal_tim_ex.o(i.HAL_TIMEx_MasterConfigSynchronization) for HAL_TIMEx_MasterConfigSynchronization
    tim.o(i.MX_TIM6_Init) refers to tim.o(.bss) for .bss
    rtc.o(i.MX_RTC_Init) refers to stm32f7xx_hal_rtc.o(i.HAL_RTC_Init) for HAL_RTC_Init
    rtc.o(i.MX_RTC_Init) refers to main.o(i._Error_Handler) for _Error_Handler
    rtc.o(i.MX_RTC_Init) refers to rtc.o(.bss) for .bss
    quadspi.o(i.HAL_QSPI_MspDeInit) refers to stm32f7xx_hal_gpio.o(i.HAL_GPIO_DeInit) for HAL_GPIO_DeInit
    quadspi.o(i.HAL_QSPI_MspInit) refers to stm32f7xx_hal_gpio.o(i.HAL_GPIO_Init) for HAL_GPIO_Init
    quadspi.o(i.MX_QUADSPI_Init) refers to stm32f7xx_hal_qspi.o(i.HAL_QSPI_Init) for HAL_QSPI_Init
    quadspi.o(i.MX_QUADSPI_Init) refers to main.o(i._Error_Handler) for _Error_Handler
    quadspi.o(i.MX_QUADSPI_Init) refers to quadspi.o(.bss) for .bss
    dma.o(i.MX_DMA_Init) refers to stm32f7xx_hal_cortex.o(i.HAL_NVIC_SetPriority) for HAL_NVIC_SetPriority
    dma.o(i.MX_DMA_Init) refers to stm32f7xx_hal_cortex.o(i.HAL_NVIC_EnableIRQ) for HAL_NVIC_EnableIRQ
    stm32f7xx_hal_msp.o(i.HAL_MspInit) refers to stm32f7xx_hal_cortex.o(i.HAL_NVIC_SetPriorityGrouping) for HAL_NVIC_SetPriorityGrouping
    stm32f7xx_hal_msp.o(i.HAL_MspInit) refers to stm32f7xx_hal_cortex.o(i.HAL_NVIC_SetPriority) for HAL_NVIC_SetPriority
    stm32f7xx_it.o(i.DMA2_Stream0_IRQHandler) refers to stm32f7xx_hal_dma.o(i.HAL_DMA_IRQHandler) for HAL_DMA_IRQHandler
    stm32f7xx_it.o(i.DMA2_Stream0_IRQHandler) refers to adc.o(.bss) for hdma_adc1
    stm32f7xx_it.o(i.DMA2_Stream1_IRQHandler) refers to stm32f7xx_hal_dma.o(i.HAL_DMA_IRQHandler) for HAL_DMA_IRQHandler
    stm32f7xx_it.o(i.DMA2_Stream1_IRQHandler) refers to adc.o(.bss) for hdma_adc3
    stm32f7xx_it.o(i.DMA2_Stream2_IRQHandler) refers to stm32f7xx_hal_dma.o(i.HAL_DMA_IRQHandler) for HAL_DMA_IRQHandler
    stm32f7xx_it.o(i.DMA2_Stream2_IRQHandler) refers to adc.o(.bss) for hdma_adc2
    stm32f7xx_it.o(i.EXTI15_10_IRQHandler) refers to stm32f7xx_hal_gpio.o(i.HAL_GPIO_EXTI_IRQHandler) for HAL_GPIO_EXTI_IRQHandler
    stm32f7xx_it.o(i.EXTI15_10_IRQHandler) refers to main.o(.data) for incoming_data_flag
    stm32f7xx_it.o(i.SPI2_IRQHandler) refers to stm32f7xx_hal_spi.o(i.HAL_SPI_IRQHandler) for HAL_SPI_IRQHandler
    stm32f7xx_it.o(i.SPI2_IRQHandler) refers to spi.o(.bss) for hspi2
    stm32f7xx_it.o(i.SysTick_Handler) refers to stm32f7xx_hal.o(i.HAL_IncTick) for HAL_IncTick
    stm32f7xx_it.o(i.SysTick_Handler) refers to stm32f7xx_hal_cortex.o(i.HAL_SYSTICK_IRQHandler) for HAL_SYSTICK_IRQHandler
    stm32f7xx_it.o(i.SysTick_Handler) refers to uart_masterslave.o(i.uart_sysTickCallApp) for uart_sysTickCallApp
    stm32f7xx_it.o(i.SysTick_Handler) refers to spi_masterslave.o(i.spi_sysTickCallApp) for spi_sysTickCallApp
    stm32f7xx_it.o(i.TIM1_UP_TIM10_IRQHandler) refers to stm32f7xx_hal_tim.o(i.HAL_TIM_IRQHandler) for HAL_TIM_IRQHandler
    stm32f7xx_it.o(i.TIM1_UP_TIM10_IRQHandler) refers to tim.o(.bss) for htim1
    stm32f7xx_it.o(i.USART2_IRQHandler) refers to stm32f7xx_hal_uart.o(i.HAL_UART_IRQHandler) for HAL_UART_IRQHandler
    stm32f7xx_it.o(i.USART2_IRQHandler) refers to usart.o(.bss) for huart2
    adc.o(i.HAL_ADC_MspDeInit) refers to stm32f7xx_hal_gpio.o(i.HAL_GPIO_DeInit) for HAL_GPIO_DeInit
    adc.o(i.HAL_ADC_MspDeInit) refers to stm32f7xx_hal_dma.o(i.HAL_DMA_DeInit) for HAL_DMA_DeInit
    adc.o(i.HAL_ADC_MspInit) refers to stm32f7xx_hal_gpio.o(i.HAL_GPIO_Init) for HAL_GPIO_Init
    adc.o(i.HAL_ADC_MspInit) refers to stm32f7xx_hal_dma.o(i.HAL_DMA_Init) for HAL_DMA_Init
    adc.o(i.HAL_ADC_MspInit) refers to main.o(i._Error_Handler) for _Error_Handler
    adc.o(i.HAL_ADC_MspInit) refers to adc.o(.bss) for .bss
[...]
    i.fc50N_init                             0x08005034   Section        0  fc50n.o(i.fc50N_init)
    i.fc50_all                               0x08005064   Section        0  fc50.o(i.fc50_all)
    i.fc50_init                              0x08005278   Section        0  fc50.o(i.fc50_init)
    i.fc51                                   0x0800529c   Section        0  protection_functions.o(i.fc51)
    i.fc51N_all                              0x08005390   Section        0  fc51n.o(i.fc51N_all)
    i.fc51N_init                             0x080053d0   Section        0  fc51n.o(i.fc51N_init)
    i.fc51_all                               0x08005424   Section        0  fc51.o(i.fc51_all)
    i.fc51_init                              0x08005508   Section        0  fc51.o(i.fc51_init)
    i.fc59                                   0x08005568   Section        0  protection_functions.o(i.fc59)
    i.fc59_all                               0x080055e0   Section        0  fc59.o(i.fc59_all)
    i.fc59_init                              0x08005670   Section        0  fc59.o(i.fc59_init)
    i.fcBF_init                              0x08005688   Section        0  fcbf.o(i.fcBF_init)
    i.fcPVP_init                             0x080056cc   Section        0  fcpvp.o(i.fcPVP_init)
    i.fcUNB_init                             0x08005730   Section        0  fcunb.o(i.fcUNB_init)
    i.initFunctions                          0x08005754   Section        0  initfunctions.o(i.initFunctions)
    i.init_conversion                        0x08005790   Section        0  conversion.o(i.init_conversion)
    i.init_protection                        0x08005808   Section        0  init_protection.o(i.init_protection)
    i.main                                   0x08006044   Section        0  main.o(i.main)
    i.main_flow                              0x08006174   Section        0  main_flow.o(i.main_flow)
    i.off_delay                              0x080061a2   Section        0  protection_functions.o(i.off_delay)
    i.on_off_delay                           0x080061da   Section        0  protection_functions.o(i.on_off_delay)
    i.prefilter                              0x08006200   Section        0  measurement_functions.o(i.prefilter)
    i.pullDataFromMaster                     0x08006244   Section        0  configparams.o(i.pullDataFromMaster)
    i.pushDataToMaster                       0x08006670   Section        0  commparams.o(i.pushDataToMaster)
    i.signal_spectra                         0x08006dc8   Section        0  measurement_functions.o(i.signal_spectra)
    i.signal_thd                             0x08006e6c   Section        0  measurement_functions.o(i.signal_thd)
    i.spectral_analysis                      0x08006ed0   Section        0  spectra.o(i.spectral_analysis)
    i.spi_initComApp                         0x08006f94   Section        0  spi_masterslave.o(i.spi_initComApp)
    i.spi_runComApp                          0x08006f98   Section        0  spi_masterslave.o(i.spi_runComApp)
    i.spi_sysTickCallApp                     0x0800731c   Section        0  spi_masterslave.o(i.spi_sysTickCallApp)
    i.sym_comp                               0x08007360   Section        0  measurement_functions.o(i.sym_comp)
    i.sym_mag                                0x080073f0   Section        0  measurement_functions.o(i.sym_mag)
    i.trueRMS                                0x08007574   Section        0  truerms.o(i.trueRMS)
    i.true_rms                               0x08007674   Section        0  measurement_functions.o(i.true_rms)
    i.uart_initComApp                        0x080076c4   Section        0  uart_masterslave.o(i.uart_initComApp)
    i.uart_runComApp                         0x080076d8   Section        0  uart_masterslave.o(i.uart_runComApp)
    i.uart_sysTickCallApp                    0x08007864   Section        0  uart_masterslave.o(i.uart_sysTickCallApp)
    .constdata                               0x080078a4   Section        8  stm32f7xx_hal_dma.o(.constdata)
    flagBitshiftOffset                       0x080078a4   Data           8  stm32f7xx_hal_dma.o(.constdata)
    .constdata                               0x080078ac   Section       16  system_stm32f7xx.o(.constdata)
    .constdata                               0x080078bc   Section        8  system_stm32f7xx.o(.constdata)
    .constdata                               0x080078c4   Section       16  fc50.o(.constdata)
    .constdata                               0x080078d4   Section       16  fc50n.o(.constdata)
    .constdata                               0x080078e4   Section       20  fc51.o(.constdata)
    .constdata                               0x080078f8   Section       20  fc51n.o(.constdata)
    .constdata                               0x0800790c   Section       16  fc27.o(.constdata)
    .constdata                               0x0800791c   Section       12  fc59.o(.constdata)
    .constdata                               0x08007928   Section       36  fc46.o(.constdata)
    .constdata                               0x0800794c   Section       36  fc49.o(.constdata)
    .constdata                               0x08007970   Section       24  fcbf.o(.constdata)
    .constdata                               0x08007988   Section       20  fcunb.o(.constdata)
    .constdata                               0x0800799c   Section       32  fcpvp.o(.constdata)
    .constdata                               0x080079bc   Section      320  powf.o(.constdata)
    table                                    0x080079bc   Data         128  powf.o(.constdata)
    powersof2to1over16top                    0x08007a3c   Data          64  powf.o(.constdata)
    powersof2to1over16bot                    0x08007a7c   Data          64  powf.o(.constdata)
    powersof2to1over16all                    0x08007abc   Data          64  powf.o(.constdata)
    .data                                    0x20000000   Section        1  main.o(.data)
    .data                                    0x20000004   Section        4  stm32f7xx_hal.o(.data)
    .data                                    0x20000008   Section        4  system_stm32f7xx.o(.data)
    .data                                    0x2000000c   Section      108  init_protection.o(.data)
    .data                                    0x20000078   Section       24  fc27.o(.data)
    cs_qual                                  0x20000078   Data           1  fc27.o(.data)
    cs_counter                               0x2000007c   Data           4  fc27.o(.data)
    .data                                    0x20000090   Section       48  fc59.o(.data)
    .data                                    0x200000c0   Section       16  fcunb.o(.data)
    counter                                  0x200000c0   Data           1  fcunb.o(.data)
    .data                                    0x200000d0   Section      424  cs_handles.o(.data)
    .data                                    0x20000278   Section        1  truerms.o(.data)
    counter                                  0x20000278   Data           1  truerms.o(.data)
    .data                                    0x2000027c   Section      404  spectra.o(.data)
    count                                    0x2000027c   Data           4  spectra.o(.data)
    .data                                    0x20000410   Section        2  conversion.o(.data)
    dec                                      0x20000411   Data           1  conversion.o(.data)
    .data                                    0x20000414   Section        8  boardio.o(.data)
    .data                                    0x2000041c   Section       12  configparams.o(.data)
    .data                                    0x20000428   Section        4  dataparsermerger.o(.data)
    .data                                    0x2000042c   Section        4  errno.o(.data)
    _errno                                   0x2000042c   Data           4  errno.o(.data)
    .bss                                     0x20000430   Section      128  tim.o(.bss)
    .bss                                     0x200004b0   Section       32  rtc.o(.bss)
    .bss                                     0x200004d0   Section       76  quadspi.o(.bss)
    .bss                                     0x2000051c   Section      504  adc.o(.bss)
    .bss                                     0x20000714   Section       60  main.o(.bss)
    .bss                                     0x20000750   Section      112  usart.o(.bss)
    .bss                                     0x200007c0   Section      100  spi.o(.bss)
    .bss                                     0x20000824   Section      116  init_protection.o(.bss)
    .bss                                     0x20000898   Section      312  fc50.o(.bss)
    .bss                                     0x200009d0   Section       84  fc50n.o(.bss)
    .bss                                     0x20000a24   Section       76  fc51.o(.bss)
    .bss                                     0x20000a70   Section       32  fc51n.o(.bss)
    .bss                                     0x20000a90   Section       32  fc27.o(.bss)
    .bss                                     0x20000ab0   Section       24  fc59.o(.bss)
    .bss                                     0x20000ac8   Section       60  fc46.o(.bss)
    .bss                                     0x20000b04   Section      104  fc49.o(.bss)
    .bss                                     0x20000b6c   Section       36  fcbf.o(.bss)
    .bss                                     0x20000b90   Section       32  fc37.o(.bss)
    .bss                                     0x20000bb0   Section      268  fcunb.o(.bss)
    UNBa_buffer                              0x20000be8   Data         100  fcunb.o(.bss)
    UNBb_buffer                              0x20000c4c   Data         100  fcunb.o(.bss)
    .bss                                     0x20000cbc   Section      716  fcpvp.o(.bss)
    peakBuffer                               0x20000d10   Data         600  fcpvp.o(.bss)
    .bss                                     0x20000f88   Section      292  pickup_handles.o(.bss)
    pick_buffer                              0x20000fa0   Data         268  pickup_handles.o(.bss)
    .bss                                     0x200010ac   Section     5168  cs_handles.o(.bss)
    .bss                                     0x200024dc   Section     3120  truerms.o(.bss)
    .bss                                     0x2000310c   Section     1116  spectra.o(.bss)
    .bss                                     0x20003568   Section      540  conversion.o(.bss)
    dbuffer                                  0x20003694   Data         240  conversion.o(.bss)
    .bss                                     0x20003784   Section       48  conversion.o(.bss)
    .bss                                     0x200037b4   Section       36  powersysdata.o(.bss)
    .bss                                     0x200037d8   Section       24  commparams.o(.bss)
    .bss                                     0x200037f0   Section     6032  spi_masterslave.o(.bss)
    .bss                                     0x20004f80   Section     3008  uart_masterslave.o(.bss)
    STACK                                    0x20005b40   Section     1024  startup_stm32f767xx.o(STACK)

    Global Symbols

    Symbol Name                              Value     Ov Type        Size  Object(Section)

    BuildAttributes$$THM_ISAv4$E$P$D$K$B$S$7EM$VFPv5_D16$PE$PLD8$A:L22UL41UL21$X:L11$S22US41US21$IEEE1$IW$USESV6$~STKCKD$USESV7$~SHL$OTIME$ROPI$IEEEX$EBA8$MICROLIB$REQ8$PRES8$EABIv2 0x00000000   Number         0  anon$$obj.o ABSOLUTE
    __ARM_use_no_argv                        0x00000000   Number         0  main.o ABSOLUTE
    __cpp_initialize__aeabi_                  - Undefined Weak Reference
    __cxa_finalize                            - Undefined Weak Reference
    _clock_init                               - Undefined Weak Reference
    _microlib_exit                            - Undefined Weak Reference
    __Vectors_Size                           0x000001f8   Number         0  startup_stm32f767xx.o ABSOLUTE
    __Vectors                                0x08000000   Data           4  startup_stm32f767xx.o(RESET)
    __Vectors_End                            0x080001f8   Data           0  startup_stm32f767xx.o(RESET)
    __main                                   0x080001f9   Thumb Code     0  entry.o(.ARM.Collect$$$$00000000)
    _main_stk                                0x080001f9   Thumb Code     0  entry2.o(.ARM.Collect$$$$00000001)
    _main_scatterload                        0x080001fd   Thumb Code     0  entry5.o(.ARM.Collect$$$$00000004)
    __main_after_scatterload                 0x08000201   Thumb Code     0  entry5.o(.ARM.Collect$$$$00000004)
    _main_clock                              0x08000201   Thumb Code     0  entry7b.o(.ARM.Collect$$$$00000008)
    _main_cpp_init                           0x08000201   Thumb Code     0  entry8b.o(.ARM.Collect$$$$0000000A)
    _main_init                               0x08000201   Thumb Code     0  entry9a.o(.ARM.Collect$$$$0000000B)
    __rt_final_cpp                           0x08000209   Thumb Code     0  entry10a.o(.ARM.Collect$$$$0000000D)
    __rt_final_exit                          0x08000209   Thumb Code     0  entry11a.o(.ARM.Collect$$$$0000000F)
    Reset_Handler                            0x0800020d   Thumb Code     8  startup_stm32f767xx.o(.text)
    ADC_IRQHandler                           0x08000227   Thumb Code     0  startup_stm32f767xx.o(.text)
    CAN1_RX0_IRQHandler                      0x08000227   Thumb Code     0  startup_stm32f767xx.o(.text)
    CAN1_RX1_IRQHandler                      0x08000227   Thumb Code     0  startup_stm32f767xx.o(.text)
    CAN1_SCE_IRQHandler                      0x08000227   Thumb Code     0  startup_stm32f767xx.o(.text)
    CAN1_TX_IRQHandler                       0x08000227   Thumb Code     0  startup_stm32f767xx.o(.text)
    CAN2_RX0_IRQHandler                      0x08000227   Thumb Code     0  startup_stm32f767xx.o(.text)
    CAN2_RX1_IRQHandler                      0x08000227   Thumb Code     0  startup_stm32f767xx.o(.text)
    CAN2_SCE_IRQHandler                      0x08000227   Thumb Code     0  startup_stm32f767xx.o(.text)
    CAN2_TX_IRQHandler                       0x08000227   Thumb Code     0  startup_stm32f767xx.o(.text)
    CAN3_RX0_IRQHandler                      0x08000227   Thumb Code     0  startup_stm32f767xx.o(.text)
    CAN3_RX1_IRQHandler                      0x08000227   Thumb Code     0  startup_stm32f767xx.o(.text)
    CAN3_SCE_IRQHandler                      0x08000227   Thumb Code     0  startup_stm32f767xx.o(.text)
    CAN3_TX_IRQHandler                       0x08000227   Thumb Code     0  startup_stm32f767xx.o(.text)
    CEC_IRQHandler                           0x08000227   Thumb Code     0  startup_stm32f767xx.o(.text)
    DCMI_IRQHandler                          0x08000227   Thumb Code     0  startup_stm32f767xx.o(.text)
    DFSDM1_FLT0_IRQHandler                   0x08000227   Thumb Code     0  startup_stm32f767xx.o(.text)
    DFSDM1_FLT1_IRQHandler                   0x08000227   Thumb Code     0  startup_stm32f767xx.o(.text)
    DFSDM1_FLT2_IRQHandler                   0x08000227   Thumb Code     0  startup_stm32f767xx.o(.text)
    DFSDM1_FLT3_IRQHandler                   0x08000227   Thumb Code     0  startup_stm32f767xx.o(.text)
    DMA1_Stream0_IRQHandler                  0x08000227   Thumb Code     0  startup_stm32f767xx.o(.text)
    DMA1_Stream1_IRQHandler                  0x08000227   Thumb Code     0  startup_stm32f767xx.o(.text)
    DMA1_Stream2_IRQHandler                  0x08000227   Thumb Code     0  startup_stm32f767xx.o(.text)
    DMA1_Stream3_IRQHandler                  0x08000227   Thumb Code     0  startup_stm32f767xx.o(.text)
    DMA1_Stream4_IRQHandler                  0x08000227   Thumb Code     0  startup_stm32f767xx.o(.text)
    DMA1_Stream5_IRQHandler                  0x08000227   Thumb Code     0  startup_stm32f767xx.o(.text)
    DMA1_Stream6_IRQHandler                  0x08000227   Thumb Code     0  startup_stm32f767xx.o(.text)
    DMA1_Stream7_IRQHandler                  0x08000227   Thumb Code     0  startup_stm32f767xx.o(.text)
    DMA2D_IRQHandler                         0x08000227   Thumb Code     0  startup_stm32f767xx.o(.text)
    DMA2_Stream3_IRQHandler                  0x08000227   Thumb Code     0  startup_stm32f767xx.o(.text)
    DMA2_Stream4_IRQHandler                  0x08000227   Thumb Code     0  startup_stm32f767xx.o(.text)
    DMA2_Stream5_IRQHandler                  0x08000227   Thumb Code     0  startup_stm32f767xx.o(.text)
    DMA2_Stream6_IRQHandler                  0x08000227   Thumb Code     0  startup_stm32f767xx.o(.text)
    DMA2_Stream7_IRQHandler                  0x08000227   Thumb Code     0  startup_stm32f767xx.o(.text)
    ETH_IRQHandler                           0x08000227   Thumb Code     0  startup_stm32f767xx.o(.text)
    ETH_WKUP_IRQHandler                      0x08000227   Thumb Code     0  startup_stm32f767xx.o(.text)
    EXTI0_IRQHandler                         0x08000227   Thumb Code     0  startup_stm32f767xx.o(.text)
    EXTI1_IRQHandler                         0x08000227   Thumb Code     0  startup_stm32f767xx.o(.text)
    EXTI2_IRQHandler                         0x08000227   Thumb Code     0  startup_stm32f767xx.o(.text)
    EXTI3_IRQHandler                         0x08000227   Thumb Code     0  startup_stm32f767xx.o(.text)
    EXTI4_IRQHandler                         0x08000227   Thumb Code     0  startup_stm32f767xx.o(.text)
    EXTI9_5_IRQHandler                       0x08000227   Thumb Code     0  startup_stm32f767xx.o(.text)
    FLASH_IRQHandler                         0x08000227   Thumb Code     0  startup_stm32f767xx.o(.text)
    FMC_IRQHandler                           0x08000227   Thumb Code     0  startup_stm32f767xx.o(.text)
    FPU_IRQHandler                           0x08000227   Thumb Code     0  startup_stm32f767xx.o(.text)
    I2C1_ER_IRQHandler                       0x08000227   Thumb Code     0  startup_stm32f767xx.o(.text)
    I2C1_EV_IRQHandler                       0x08000227   Thumb Code     0  startup_stm32f767xx.o(.text)
    I2C2_ER_IRQHandler                       0x08000227   Thumb Code     0  startup_stm32f767xx.o(.text)
    I2C2_EV_IRQHandler                       0x08000227   Thumb Code     0  startup_stm32f767xx.o(.text)
    I2C3_ER_IRQHandler                       0x08000227   Thumb Code     0  startup_stm32f767xx.o(.text)
    I2C3_EV_IRQHandler                       0x08000227   Thumb Code     0  startup_stm32f767xx.o(.text)
    I2C4_ER_IRQHandler                       0x08000227   Thumb Code     0  startup_stm32f767xx.o(.text)
    I2C4_EV_IRQHandler                       0x08000227   Thumb Code     0  startup_stm32f767xx.o(.text)
    JPEG_IRQHandler                          0x08000227   Thumb Code     0  startup_stm32f767xx.o(.text)
    LPTIM1_IRQHandler                        0x08000227   Thumb Code     0  startup_stm32f767xx.o(.text)
    LTDC_ER_IRQHandler                       0x08000227   Thumb Code     0  startup_stm32f767xx.o(.text)
    LTDC_IRQHandler                          0x08000227   Thumb Code     0  startup_stm32f767xx.o(.text)
    MDIOS_IRQHandler                         0x08000227   Thumb Code     0  startup_stm32f767xx.o(.text)
    OTG_FS_IRQHandler                        0x08000227   Thumb Code     0  startup_stm32f767xx.o(.text)
    OTG_FS_WKUP_IRQHandler                   0x08000227   Thumb Code     0  startup_stm32f767xx.o(.text)
    OTG_HS_EP1_IN_IRQHandler                 0x08000227   Thumb Code     0  startup_stm32f767xx.o(.text)
    OTG_HS_EP1_OUT_IRQHandler                0x08000227   Thumb Code     0  startup_stm32f767xx.o(.text)
    OTG_HS_IRQHandler                        0x08000227   Thumb Code     0  startup_stm32f767xx.o(.text)
    OTG_HS_WKUP_IRQHandler                   0x08000227   Thumb Code     0  startup_stm32f767xx.o(.text)
    PVD_IRQHandler                           0x08000227   Thumb Code     0  startup_stm32f767xx.o(.text)
    QUADSPI_IRQHandler                       0x08000227   Thumb Code     0  startup_stm32f767xx.o(.text)
    RCC_IRQHandler                           0x08000227   Thumb Code     0  startup_stm32f767xx.o(.text)
    RNG_IRQHandler                           0x08000227   Thumb Code     0  startup_stm32f767xx.o(.text)
    RTC_Alarm_IRQHandler                     0x08000227   Thumb Code     0  startup_stm32f767xx.o(.text)
    RTC_WKUP_IRQHandler                      0x08000227   Thumb Code     0  startup_stm32f767xx.o(.text)
    SAI1_IRQHandler                          0x08000227   Thumb Code     0  startup_stm32f767xx.o(.text)
    SAI2_IRQHandler                          0x08000227   Thumb Code     0  startup_stm32f767xx.o(.text)
    SDMMC1_IRQHandler                        0x08000227   Thumb Code     0  startup_stm32f767xx.o(.text)
    SDMMC2_IRQHandler                        0x08000227   Thumb Code     0  startup_stm32f767xx.o(.text)
    SPDIF_RX_IRQHandler                      0x08000227   Thumb Code     0  startup_stm32f767xx.o(.text)
    SPI1_IRQHandler                          0x08000227   Thumb Code     0  startup_stm32f767xx.o(.text)
    SPI3_IRQHandler                          0x08000227   Thumb Code     0  startup_stm32f767xx.o(.text)
    SPI4_IRQHandler                          0x08000227   Thumb Code     0  startup_stm32f767xx.o(.text)
    SPI5_IRQHandler                          0x08000227   Thumb Code     0  startup_stm32f767xx.o(.text)
    SPI6_IRQHandler                          0x08000227   Thumb Code     0  startup_stm32f767xx.o(.text)
    TAMP_STAMP_IRQHandler                    0x08000227   Thumb Code     0  startup_stm32f767xx.o(.text)
    TIM1_BRK_TIM9_IRQHandler                 0x08000227   Thumb Code     0  startup_stm32f767xx.o(.text)
    TIM1_CC_IRQHandler                       0x08000227   Thumb Code     0  startup_stm32f767xx.o(.text)
    TIM1_TRG_COM_TIM11_IRQHandler            0x08000227   Thumb Code     0  startup_stm32f767xx.o(.text)
    TIM2_IRQHandler                          0x08000227   Thumb Code     0  startup_stm32f767xx.o(.text)
    TIM3_IRQHandler                          0x08000227   Thumb Code     0  startup_stm32f767xx.o(.text)
    TIM4_IRQHandler                          0x08000227   Thumb Code     0  startup_stm32f767xx.o(.text)
    TIM5_IRQHandler                          0x08000227   Thumb Code     0  startup_stm32f767xx.o(.text)
    TIM6_DAC_IRQHandler                      0x08000227   Thumb Code     0  startup_stm32f767xx.o(.text)
    TIM7_IRQHandler                          0x08000227   Thumb Code     0  startup_stm32f767xx.o(.text)
    TIM8_BRK_TIM12_IRQHandler                0x08000227   Thumb Code     0  startup_stm32f767xx.o(.text)
    TIM8_CC_IRQHandler                       0x08000227   Thumb Code     0  startup_stm32f767xx.o(.text)
    TIM8_TRG_COM_TIM14_IRQHandler            0x08000227   Thumb Code     0  startup_stm32f767xx.o(.text)
    TIM8_UP_TIM13_IRQHandler                 0x08000227   Thumb Code     0  startup_stm32f767xx.o(.text)
    UART4_IRQHandler                         0x08000227   Thumb Code     0  startup_stm32f767xx.o(.text)
    UART5_IRQHandler                         0x08000227   Thumb Code     0  startup_stm32f767xx.o(.text)
    UART7_IRQHandler                         0x08000227   Thumb Code     0  startup_stm32f767xx.o(.text)
    UART8_IRQHandler                         0x08000227   Thumb Code     0  startup_stm32f767xx.o(.text)
    USART1_IRQHandler                        0x08000227   Thumb Code     0  startup_stm32f767xx.o(.text)
    USART3_IRQHandler                        0x08000227   Thumb Code     0  startup_stm32f767xx.o(.text)
    USART6_IRQHandler                        0x08000227   Thumb Code     0  startup_stm32f767xx.o(.text)
    WWDG_IRQHandler                          0x08000227   Thumb Code     0  startup_stm32f767xx.o(.text)
    __aeabi_memcpy                           0x08000231   Thumb Code    36  memcpya.o(.text)
    __aeabi_memcpy4                          0x08000231   Thumb Code     0  memcpya.o(.text)
    __aeabi_memcpy8                          0x08000231   Thumb Code     0  memcpya.o(.text)
    __I$use$fp                               0x08000255   Thumb Code     0  iusefp.o(.text)
    __fp_status                              0x08000255   Thumb Code     4  fpstat.o(.text)
    __ieee_status                            0x08000255   Thumb Code     0  fpstat.o(.text)
    __scatterload                            0x08000259   Thumb Code    28  init.o(.text)
    __scatterload_rt2                        0x08000259   Thumb Code     0  init.o(.text)
    __decompress                             0x0800027d   Thumb Code     0  __dclz77c.o(.text)
    __decompress2                            0x0800027d   Thumb Code    94  __dclz77c.o(.text)
    BusFault_Handler                         0x0800047b   Thumb Code     2  stm32f7xx_it.o(i.BusFault_Handler)
    DMA2_Stream0_IRQHandler                  0x0800047d   Thumb Code     6  stm32f7xx_it.o(i.DMA2_Stream0_IRQHandler)
    DMA2_Stream1_IRQHandler                  0x08000489   Thumb Code     6  stm32f7xx_it.o(i.DMA2_Stream1_IRQHandler)
    DMA2_Stream2_IRQHandler                  0x08000495   Thumb Code     6  stm32f7xx_it.o(i.DMA2_Stream2_IRQHandler)
    DebugMon_Handler                         0x08000545   Thumb Code     2  stm32f7xx_it.o(i.DebugMon_Handler)
    EXTI15_10_IRQHandler                     0x08000549   Thumb Code    12  stm32f7xx_it.o(i.EXTI15_10_IRQHandler)
    HAL_ADCEx_MultiModeConfigChannel         0x08000559   Thumb Code   102  stm32f7xx_hal_adc_ex.o(i.HAL_ADCEx_MultiModeConfigChannel)
    HAL_ADCEx_MultiModeStart_DMA             0x080005c5   Thumb Code   226  stm32f7xx_hal_adc_ex.o(i.HAL_ADCEx_MultiModeStart_DMA)
    HAL_ADC_ConfigChannel                    0x080006c5   Thumb Code   340  stm32f7xx_hal_adc.o(i.HAL_ADC_ConfigChannel)
    HAL_ADC_ConvCpltCallback                 0x08000829   Thumb Code   496  conversion.o(i.HAL_ADC_ConvCpltCallback)
    HAL_ADC_ConvHalfCpltCallback             0x08000a2d   Thumb Code     2  stm32f7xx_hal_adc.o(i.HAL_ADC_ConvHalfCpltCallback)
    HAL_ADC_ErrorCallback                    0x08000a2f   Thumb Code     2  stm32f7xx_hal_adc.o(i.HAL_ADC_ErrorCallback)
    HAL_ADC_Init                             0x08000a31   Thumb Code    84  stm32f7xx_hal_adc.o(i.HAL_ADC_Init)
    HAL_ADC_MspInit                          0x08000a85   Thumb Code   350  adc.o(i.HAL_ADC_MspInit)
    HAL_ADC_Start                            0x08000c19   Thumb Code   170  stm32f7xx_hal_adc.o(i.HAL_ADC_Start)
    HAL_DMA_Abort_IT                         0x08000cd1   Thumb Code    36  stm32f7xx_hal_dma.o(i.HAL_DMA_Abort_IT)
    HAL_DMA_IRQHandler                       0x08000cf5   Thumb Code   416  stm32f7xx_hal_dma.o(i.HAL_DMA_IRQHandler)
    HAL_DMA_Init                             0x08000e9d   Thumb Code   206  stm32f7xx_hal_dma.o(i.HAL_DMA_Init)
    HAL_DMA_Start_IT                         0x08000f71   Thumb Code   120  stm32f7xx_hal_dma.o(i.HAL_DMA_Start_IT)
    HAL_GPIO_EXTI_Callback                   0x08000fe9   Thumb Code     2  stm32f7xx_hal_gpio.o(i.HAL_GPIO_EXTI_Callback)
    HAL_GPIO_EXTI_IRQHandler                 0x08000fed   Thumb Code    18  stm32f7xx_hal_gpio.o(i.HAL_GPIO_EXTI_IRQHandler)
    HAL_GPIO_Init                            0x08001005   Thumb Code   422  stm32f7xx_hal_gpio.o(i.HAL_GPIO_Init)
    HAL_GPIO_TogglePin                       0x080011e1   Thumb Code     8  stm32f7xx_hal_gpio.o(i.HAL_GPIO_TogglePin)
    HAL_GPIO_WritePin                        0x080011e9   Thumb Code    10  stm32f7xx_hal_gpio.o(i.HAL_GPIO_WritePin)
    HAL_GetTick                              0x080011f5   Thumb Code     6  stm32f7xx_hal.o(i.HAL_GetTick)
    HAL_IncTick                              0x08001201   Thumb Code    10  stm32f7xx_hal.o(i.HAL_IncTick)
    HAL_Init                                 0x08001211   Thumb Code    22  stm32f7xx_hal.o(i.HAL_Init)
    HAL_InitTick                             0x08001229   Thumb Code    34  stm32f7xx_hal.o(i.HAL_InitTick)
    HAL_MspInit                              0x08001251   Thumb Code    88  stm32f7xx_hal_msp.o(i.HAL_MspInit)
    HAL_NVIC_EnableIRQ                       0x080012a9   Thumb Code    22  stm32f7xx_hal_cortex.o(i.HAL_NVIC_EnableIRQ)
    HAL_NVIC_SetPriority                     0x080012c1   Thumb Code    60  stm32f7xx_hal_cortex.o(i.HAL_NVIC_SetPriority)
    HAL_NVIC_SetPriorityGrouping             0x08001301   Thumb Code    26  stm32f7xx_hal_cortex.o(i.HAL_NVIC_SetPriorityGrouping)
    HAL_PWREx_EnableOverDrive                0x08001325   Thumb Code    98  stm32f7xx_hal_pwr_ex.o(i.HAL_PWREx_EnableOverDrive)
    HAL_QSPI_Init                            0x08001391   Thumb Code   174  stm32f7xx_hal_qspi.o(i.HAL_QSPI_Init)
    HAL_QSPI_MspInit                         0x08001449   Thumb Code   102  quadspi.o(i.HAL_QSPI_MspInit)
    HAL_RCCEx_PeriphCLKConfig                0x080014c1   Thumb Code  1332  stm32f7xx_hal_rcc_ex.o(i.HAL_RCCEx_PeriphCLKConfig)
    HAL_RCC_ClockConfig                      0x080019f9   Thumb Code   268  stm32f7xx_hal_rcc.o(i.HAL_RCC_ClockConfig)
    HAL_RCC_GetHCLKFreq                      0x08001b15   Thumb Code     6  stm32f7xx_hal_rcc.o(i.HAL_RCC_GetHCLKFreq)
    HAL_RCC_GetPCLK1Freq                     0x08001b21   Thumb Code    20  stm32f7xx_hal_rcc.o(i.HAL_RCC_GetPCLK1Freq)
    HAL_RCC_GetPCLK2Freq                     0x08001b41   Thumb Code    20  stm32f7xx_hal_rcc.o(i.HAL_RCC_GetPCLK2Freq)
    HAL_RCC_GetSysClockFreq                  0x08001b61   Thumb Code    78  stm32f7xx_hal_rcc.o(i.HAL_RCC_GetSysClockFreq)
    HAL_RCC_OscConfig                        0x08001bbd   Thumb Code   790  stm32f7xx_hal_rcc.o(i.HAL_RCC_OscConfig)
    HAL_RTC_Init                             0x08001ee1   Thumb Code   150  stm32f7xx_hal_rtc.o(i.HAL_RTC_Init)
    HAL_RTC_MspInit                          0x08001f7d   Thumb Code    20  rtc.o(i.HAL_RTC_MspInit)
    HAL_SPI_ErrorCallback                    0x08001f99   Thumb Code     2  stm32f7xx_hal_spi.o(i.HAL_SPI_ErrorCallback)
    HAL_SPI_IRQHandler                       0x08001f9d   Thumb Code   208  stm32f7xx_hal_spi.o(i.HAL_SPI_IRQHandler)
    HAL_SPI_Init                             0x08002071   Thumb Code   182  stm32f7xx_hal_spi.o(i.HAL_SPI_Init)
    HAL_SPI_MspInit                          0x08002129   Thumb Code    80  spi.o(i.HAL_SPI_MspInit)
    HAL_SPI_Transmit_IT                      0x08002185   Thumb Code   138  stm32f7xx_hal_spi.o(i.HAL_SPI_Transmit_IT)
    HAL_SPI_TxCpltCallback                   0x08002219   Thumb Code    24  spi_masterslave.o(i.HAL_SPI_TxCpltCallback)
    HAL_SYSTICK_CLKSourceConfig              0x08002239   Thumb Code    24  stm32f7xx_hal_cortex.o(i.HAL_SYSTICK_CLKSourceConfig)
    HAL_SYSTICK_Callback                     0x08002251   Thumb Code     2  stm32f7xx_hal_cortex.o(i.HAL_SYSTICK_Callback)
    HAL_SYSTICK_Config                       0x08002253   Thumb Code    40  stm32f7xx_hal_cortex.o(i.HAL_SYSTICK_Config)
    HAL_SYSTICK_IRQHandler                   0x0800227b   Thumb Code     8  stm32f7xx_hal_cortex.o(i.HAL_SYSTICK_IRQHandler)
    HAL_TIMEx_BreakCallback                  0x08002283   Thumb Code     2  stm32f7xx_hal_tim_ex.o(i.HAL_TIMEx_BreakCallback)
    HAL_TIMEx_CommutationCallback            0x08002285   Thumb Code     2  stm32f7xx_hal_tim_ex.o(i.HAL_TIMEx_CommutationCallback)
    HAL_TIMEx_MasterConfigSynchronization    0x08002289   Thumb Code    78  stm32f7xx_hal_tim_ex.o(i.HAL_TIMEx_MasterConfigSynchronization)
    HAL_TIM_Base_Init                        0x080022e1   Thumb Code    54  stm32f7xx_hal_tim.o(i.HAL_TIM_Base_Init)
    HAL_TIM_Base_MspInit                     0x08002319   Thumb Code    76  tim.o(i.HAL_TIM_Base_MspInit)
    HAL_TIM_Base_Start_IT                    0x08002371   Thumb Code    24  stm32f7xx_hal_tim.o(i.HAL_TIM_Base_Start_IT)
    HAL_TIM_ConfigClockSource                0x08002389   Thumb Code   244  stm32f7xx_hal_tim.o(i.HAL_TIM_ConfigClockSource)
    HAL_TIM_IC_CaptureCallback               0x08002481   Thumb Code     2  stm32f7xx_hal_tim.o(i.HAL_TIM_IC_CaptureCallback)
    HAL_TIM_IRQHandler                       0x08002483   Thumb Code   384  stm32f7xx_hal_tim.o(i.HAL_TIM_IRQHandler)
    HAL_TIM_OC_DelayElapsedCallback          0x08002603   Thumb Code     2  stm32f7xx_hal_tim.o(i.HAL_TIM_OC_DelayElapsedCallback)
    HAL_TIM_PWM_PulseFinishedCallback        0x08002605   Thumb Code     2  stm32f7xx_hal_tim.o(i.HAL_TIM_PWM_PulseFinishedCallback)
    HAL_TIM_PeriodElapsedCallback            0x08002607   Thumb Code     2  stm32f7xx_hal_tim.o(i.HAL_TIM_PeriodElapsedCallback)
    HAL_TIM_TriggerCallback                  0x08002609   Thumb Code     2  stm32f7xx_hal_tim.o(i.HAL_TIM_TriggerCallback)
    HAL_UART_ErrorCallback                   0x0800260b   Thumb Code     2  stm32f7xx_hal_uart.o(i.HAL_UART_ErrorCallback)
    HAL_UART_IRQHandler                      0x0800260d   Thumb Code   370  stm32f7xx_hal_uart.o(i.HAL_UART_IRQHandler)
    HAL_UART_Init                            0x08002785   Thumb Code   106  stm32f7xx_hal_uart.o(i.HAL_UART_Init)
    HAL_UART_MspInit                         0x080027f1   Thumb Code    78  usart.o(i.HAL_UART_MspInit)
    HAL_UART_Receive_IT                      0x0800284d   Thumb Code   140  stm32f7xx_hal_uart.o(i.HAL_UART_Receive_IT)
    HAL_UART_RxCpltCallback                  0x080028d9   Thumb Code    72  uart_masterslave.o(i.HAL_UART_RxCpltCallback)
    HAL_UART_TxCpltCallback                  0x08002929   Thumb Code    26  uart_masterslave.o(i.HAL_UART_TxCpltCallback)
    HardFault_Handler                        0x08002949   Thumb Code     2  stm32f7xx_it.o(i.HardFault_Handler)
    MX_ADC1_Init                             0x0800294d   Thumb Code   220  adc.o(i.MX_ADC1_Init)
    MX_ADC2_Init                             0x08002a41   Thumb Code   176  adc.o(i.MX_ADC2_Init)
    MX_ADC3_Init                             0x08002b09   Thumb Code   178  adc.o(i.MX_ADC3_Init)
    MX_DMA_Init                              0x08002bd5   Thumb Code    40  dma.o(i.MX_DMA_Init)
    MX_GPIO_Init                             0x08002c01   Thumb Code   514  gpio.o(i.MX_GPIO_Init)
    MX_QUADSPI_Init                          0x08002e29   Thumb Code    52  quadspi.o(i.MX_QUADSPI_Init)
    MX_RTC_Init                              0x08002e79   Thumb Code    48  rtc.o(i.MX_RTC_Init)
    MX_SPI2_Init                             0x08002ec1   Thumb Code    74  spi.o(i.MX_SPI2_Init)
    MX_TIM1_Init                             0x08002f25   Thumb Code    98  tim.o(i.MX_TIM1_Init)
    MX_TIM6_Init                             0x08002fa1   Thumb Code    62  tim.o(i.MX_TIM6_Init)
    MX_USART2_UART_Init                      0x08002ff9   Thumb Code    56  usart.o(i.MX_USART2_UART_Init)
    MemManage_Handler                        0x08003049   Thumb Code     2  stm32f7xx_it.o(i.MemManage_Handler)
    NMI_Handler                              0x0800304b   Thumb Code     2  stm32f7xx_it.o(i.NMI_Handler)
    PendSV_Handler                           0x0800306d   Thumb Code     2  stm32f7xx_it.o(i.PendSV_Handler)
    RTC_EnterInitMode                        0x080030b7   Thumb Code    56  stm32f7xx_hal_rtc.o(i.RTC_EnterInitMode)
    SPI2_IRQHandler                          0x080030f1   Thumb Code     6  stm32f7xx_it.o(i.SPI2_IRQHandler)
    SVC_Handler                              0x0800330d   Thumb Code     2  stm32f7xx_it.o(i.SVC_Handler)
    SysTick_Handler                          0x0800330f   Thumb Code    22  stm32f7xx_it.o(i.SysTick_Handler)
    SystemClock_Config                       0x08003325   Thumb Code   186  main.o(i.SystemClock_Config)
    SystemInit                               0x080033e9   Thumb Code    66  system_stm32f7xx.o(i.SystemInit)
    TIM1_UP_TIM10_IRQHandler                 0x0800343d   Thumb Code     6  stm32f7xx_it.o(i.TIM1_UP_TIM10_IRQHandler)
    TIM_Base_SetConfig                       0x08003449   Thumb Code   156  stm32f7xx_hal_tim.o(i.TIM_Base_SetConfig)
    TIM_ETR_SetConfig                        0x08003511   Thumb Code    20  stm32f7xx_hal_tim.o(i.TIM_ETR_SetConfig)
    UART_AdvFeatureConfig                    0x0800357b   Thumb Code   200  stm32f7xx_hal_uart.o(i.UART_AdvFeatureConfig)
    UART_CheckIdleState                      0x08003643   Thumb Code    64  stm32f7xx_hal_uart.o(i.UART_CheckIdleState)
    UART_SetConfig                           0x0800372d   Thumb Code   518  stm32f7xx_hal_uart.o(i.UART_SetConfig)
    UART_WaitOnFlagUntilTimeout              0x08003965   Thumb Code    98  stm32f7xx_hal_uart.o(i.UART_WaitOnFlagUntilTimeout)
    USART2_IRQHandler                        0x080039c9   Thumb Code     6  stm32f7xx_it.o(i.USART2_IRQHandler)
    UsageFault_Handler                       0x080039d5   Thumb Code     2  stm32f7xx_it.o(i.UsageFault_Handler)
    _Error_Handler                           0x080039d7   Thumb Code     2  main.o(i._Error_Handler)
    __ARM_fpclassifyf                        0x080039d9   Thumb Code    38  fpclassifyf.o(i.__ARM_fpclassifyf)
    __hardfp_atan2f                          0x08003a01   Thumb Code   502  atan2f.o(i.__hardfp_atan2f)
    __hardfp_powf                            0x08003c59   Thumb Code  1590  powf.o(i.__hardfp_powf)
    __mathlib_powf                           0x08003c59   Thumb Code     0  powf.o(i.__hardfp_powf)
    __hardfp_sqrtf                           0x080042b1   Thumb Code    58  sqrtf.o(i.__hardfp_sqrtf)
    __mathlib_flt_divzero                    0x080042ed   Thumb Code    14  funder.o(i.__mathlib_flt_divzero)
    __mathlib_flt_infnan2                    0x08004305   Thumb Code     6  funder.o(i.__mathlib_flt_infnan2)
    __mathlib_flt_invalid                    0x0800430d   Thumb Code    10  funder.o(i.__mathlib_flt_invalid)
    __mathlib_flt_overflow                   0x0800431d   Thumb Code    10  funder.o(i.__mathlib_flt_overflow)
    __mathlib_flt_underflow                  0x0800432d   Thumb Code    10  funder.o(i.__mathlib_flt_underflow)
    __scatterload_copy                       0x0800433d   Thumb Code    14  handlers.o(i.__scatterload_copy)
    __scatterload_null                       0x0800434b   Thumb Code     2  handlers.o(i.__scatterload_null)
    __scatterload_zeroinit                   0x0800434d   Thumb Code    14  handlers.o(i.__scatterload_zeroinit)
    __set_errno                              0x0800435d   Thumb Code     6  errno.o(i.__set_errno)
    cs_PQ_combination                        0x08004369   Thumb Code   152  cs_handles.o(i.cs_PQ_combination)
    cs_computations                          0x08004409   Thumb Code   292  measurement_functions.o(i.cs_computations)
    cs_generation                            0x0800453d   Thumb Code    78  measurement_functions.o(i.cs_generation)
    cs_handles                               0x0800458d   Thumb Code   718  cs_handles.o(i.cs_handles)
    dpm_mergeDWord                           0x08004875   Thumb Code   108  dataparsermerger.o(i.dpm_mergeDWord)
    dpm_mergeFloat                           0x080048e1   Thumb Code    92  dataparsermerger.o(i.dpm_mergeFloat)
    dpm_parseDWord                           0x08004941   Thumb Code    82  dataparsermerger.o(i.dpm_parseDWord)
    dpm_parseFloat                           0x08004995   Thumb Code    92  dataparsermerger.o(i.dpm_parseFloat)
    fc27                                     0x080049f5   Thumb Code   148  protection_functions.o(i.fc27)
    fc27_all                                 0x08004a8d   Thumb Code   180  fc27.o(i.fc27_all)
    fc27_init                                0x08004b59   Thumb Code    32  fc27.o(i.fc27_init)
    fc37_init                                0x08004b81   Thumb Code     2  fc37.o(i.fc37_init)
    fc46_all                                 0x08004b85   Thumb Code    90  fc46.o(i.fc46_all)
    fc46_init                                0x08004bf1   Thumb Code    84  fc46.o(i.fc46_init)
    fc46d                                    0x08004c55   Thumb Code   246  protection_functions.o(i.fc46d)
    fc46i                                    0x08004d55   Thumb Code   266  protection_functions.o(i.fc46i)
    fc49_init                                0x08004e75   Thumb Code    84  fc49.o(i.fc49_init)
    fc50                                     0x08004ed5   Thumb Code   198  protection_functions.o(i.fc50)
    fc50N_all                                0x08004fa1   Thumb Code   126  fc50n.o(i.fc50N_all)
    fc50N_init                               0x08005035   Thumb Code    40  fc50n.o(i.fc50N_init)
    fc50_all                                 0x08005065   Thumb Code   510  fc50.o(i.fc50_all)
    fc50_init                                0x08005279   Thumb Code    28  fc50.o(i.fc50_init)
    fc51                                     0x0800529d   Thumb Code   226  protection_functions.o(i.fc51)
    fc51N_all                                0x08005391   Thumb Code    44  fc51n.o(i.fc51N_all)
    fc51N_init                               0x080053d1   Thumb Code    68  fc51n.o(i.fc51N_init)
    fc51_all                                 0x08005425   Thumb Code   208  fc51.o(i.fc51_all)
    fc51_init                                0x08005509   Thumb Code    80  fc51.o(i.fc51_init)
    fc59                                     0x08005569   Thumb Code   116  protection_functions.o(i.fc59)
    fc59_all                                 0x080055e1   Thumb Code   128  fc59.o(i.fc59_all)
    fc59_init                                0x08005671   Thumb Code    14  fc59.o(i.fc59_init)
    fcBF_init                                0x08005689   Thumb Code    54  fcbf.o(i.fcBF_init)
    fcPVP_init                               0x080056cd   Thumb Code    84  fcpvp.o(i.fcPVP_init)
    fcUNB_init                               0x08005731   Thumb Code    22  fcunb.o(i.fcUNB_init)
    initFunctions                            0x08005755   Thumb Code    58  initfunctions.o(i.initFunctions)
    init_conversion                          0x08005791   Thumb Code   110  conversion.o(i.init_conversion)
    init_protection                          0x08005809   Thumb Code  2082  init_protection.o(i.init_protection)
    main                                     0x08006045   Thumb Code   268  main.o(i.main)
    main_flow                                0x08006175   Thumb Code    46  main_flow.o(i.main_flow)
    off_delay                                0x080061a3   Thumb Code    56  protection_functions.o(i.off_delay)
    on_off_delay                             0x080061db   Thumb Code    38  protection_functions.o(i.on_off_delay)
    prefilter                                0x08006201   Thumb Code    68  measurement_functions.o(i.prefilter)
    pullDataFromMaster                       0x08006245   Thumb Code   924  configparams.o(i.pullDataFromMaster)
    pushDataToMaster                         0x08006671   Thumb Code  1780  commparams.o(i.pushDataToMaster)
    signal_spectra                           0x08006dc9   Thumb Code   158  measurement_functions.o(i.signal_spectra)
    signal_thd                               0x08006e6d   Thumb Code    92  measurement_functions.o(i.signal_thd)
    spectral_analysis                        0x08006ed1   Thumb Code   170  spectra.o(i.spectral_analysis)
    spi_initComApp                           0x08006f95   Thumb Code     2  spi_masterslave.o(i.spi_initComApp)
    spi_runComApp                            0x08006f99   Thumb Code   886  spi_masterslave.o(i.spi_runComApp)
    spi_sysTickCallApp                       0x0800731d   Thumb Code    62  spi_masterslave.o(i.spi_sysTickCallApp)
    sym_comp                                 0x08007361   Thumb Code   134  measurement_functions.o(i.sym_comp)
    sym_mag                                  0x080073f1   Thumb Code   378  measurement_functions.o(i.sym_mag)
    trueRMS                                  0x08007575   Thumb Code   238  truerms.o(i.trueRMS)
    true_rms                                 0x08007675   Thumb Code    74  measurement_functions.o(i.true_rms)
    uart_initComApp                          0x080076c5   Thumb Code    10  uart_masterslave.o(i.uart_initComApp)
    uart_runComApp                           0x080076d9   Thumb Code   382  uart_masterslave.o(i.uart_runComApp)
    uart_sysTickCallApp                      0x08007865   Thumb Code    60  uart_masterslave.o(i.uart_sysTickCallApp)
    AHBPrescTable                            0x080078ac   Data          16  system_stm32f7xx.o(.constdata)
    APBPrescTable                            0x080078bc   Data           8  system_stm32f7xx.o(.constdata)
    Region$$Table$$Base                      0x08007afc   Number         0  anon$$obj.o(Region$$Table)
    Region$$Table$$Limit                     0x08007b1c   Number         0  anon$$obj.o(Region$$Table)
    incoming_data_flag                       0x20000000   Data           1  main.o(.data)
    uwTick                                   0x20000004   Data           4  stm32f7xx_hal.o(.data)
    SystemCoreClock                          0x20000008   Data           4  system_stm32f7xx.o(.data)
    curve                                    0x2000000c   Data           1  init_protection.o(.data)
    cSelect1                                 0x20000010   Data           4  init_protection.o(.data)
    cSelect2                                 0x20000014   Data           4  init_protection.o(.data)
    curve_data                               0x20000018   Data          96  init_protection.o(.data)
    fc27_obj1_L1_out                         0x20000080   Data           8  fc27.o(.data)
    fc27_obj1_L2_out                         0x20000088   Data           8  fc27.o(.data)
    fc59_obj1_L1_out_a                       0x20000090   Data           8  fc59.o(.data)
    fc59_obj1_L1_out_b                       0x20000098   Data           8  fc59.o(.data)
    fc59_obj1_L1_out_c                       0x200000a0   Data           8  fc59.o(.data)
    fc59_obj1_L2_out_a                       0x200000a8   Data           8  fc59.o(.data)
    fc59_obj1_L2_out_b                       0x200000b0   Data           8  fc59.o(.data)
    fc59_obj1_L2_out_c                       0x200000b8   Data           8  fc59.o(.data)
    UNBpcorrection                           0x200000c4   Data           4  fcunb.o(.data)
    fcUNBi_obj1_L1_in                        0x200000c8   Data           8  fcunb.o(.data)
    n                                        0x200000d0   Data           8  cs_handles.o(.data)
    UNBa                                     0x200000d8   Data           8  cs_handles.o(.data)
    UNBb                                     0x200000e0   Data           8  cs_handles.o(.data)
    sin_coeffs                               0x200000e8   Data         200  cs_handles.o(.data)
    cos_coeffs                               0x200001b0   Data         200  cs_handles.o(.data)
    coeffs_real                              0x20000280   Data         200  spectra.o(.data)
    coeffs_imag                              0x20000348   Data         200  spectra.o(.data)
    conversion_completed                     0x20000410   Data           1  conversion.o(.data)
    DI                                       0x20000414   Data           4  boardio.o(.data)
    DO                                       0x20000418   Data           4  boardio.o(.data)
    mSelect                                  0x2000041c   Data           4  configparams.o(.data)
    pFlag                                    0x20000420   Data           4  configparams.o(.data)
    pEN                                      0x20000424   Data           4  configparams.o(.data)
    typeCnv                                  0x20000428   Data           4  dataparsermerger.o(.data)
    htim1                                    0x20000430   Data          64  tim.o(.bss)
    htim6                                    0x20000470   Data          64  tim.o(.bss)
    hrtc                                     0x200004b0   Data          32  rtc.o(.bss)
    hqspi                                    0x200004d0   Data          76  quadspi.o(.bss)
    hadc1                                    0x2000051c   Data          72  adc.o(.bss)
    hadc2                                    0x20000564   Data          72  adc.o(.bss)
    hadc3                                    0x200005ac   Data          72  adc.o(.bss)
    hdma_adc1                                0x200005f4   Data          96  adc.o(.bss)
    hdma_adc2                                0x20000654   Data          96  adc.o(.bss)
    hdma_adc3                                0x200006b4   Data          96  adc.o(.bss)
    adc_values                               0x20000714   Data          60  main.o(.bss)
    huart2                                   0x20000750   Data         112  usart.o(.bss)
    hspi2                                    0x200007c0   Data         100  spi.o(.bss)
    EN                                       0x20000824   Data         116  init_protection.o(.bss)
    fc50_obj1_L1_out_a                       0x20000898   Data          12  fc50.o(.bss)
    fc50_obj1_L1_out_b                       0x200008a4   Data          12  fc50.o(.bss)
    fc50_obj1_L1_out_c                       0x200008b0   Data          12  fc50.o(.bss)
    fc50_obj1_L2_out_a                       0x200008bc   Data          12  fc50.o(.bss)
    fc50_obj1_L2_out_b                       0x200008c8   Data          12  fc50.o(.bss)
    fc50_obj1_L2_out_c                       0x200008d4   Data          12  fc50.o(.bss)
    fc50_obj1_L3_out_a                       0x200008e0   Data          12  fc50.o(.bss)
    fc50_obj1_L3_out_b                       0x200008ec   Data          12  fc50.o(.bss)
    fc50_obj1_L3_out_c                       0x200008f8   Data          12  fc50.o(.bss)
    fc50_obj2_L1_out_a                       0x20000904   Data          12  fc50.o(.bss)
    fc50_obj2_L1_out_b                       0x20000910   Data          12  fc50.o(.bss)
    fc50_obj2_L1_out_c                       0x2000091c   Data          12  fc50.o(.bss)
    fc50_obj2_L2_out_a                       0x20000928   Data          12  fc50.o(.bss)
    fc50_obj2_L2_out_b                       0x20000934   Data          12  fc50.o(.bss)
    fc50_obj2_L2_out_c                       0x20000940   Data          12  fc50.o(.bss)
    fc50_obj2_L3_out_a                       0x2000094c   Data          12  fc50.o(.bss)
    fc50_obj2_L3_out_b                       0x20000958   Data          12  fc50.o(.bss)
    fc50_obj2_L3_out_c                       0x20000964   Data          12  fc50.o(.bss)
    fc50_obj1_L1_in                          0x20000970   Data          16  fc50.o(.bss)
    fc50_obj1_L2_in                          0x20000980   Data          16  fc50.o(.bss)
    fc50_obj1_L3_in                          0x20000990   Data          16  fc50.o(.bss)
    fc50_obj2_L1_in                          0x200009a0   Data          16  fc50.o(.bss)
    fc50_obj2_L2_in                          0x200009b0   Data          16  fc50.o(.bss)
    fc50_obj2_L3_in                          0x200009c0   Data          16  fc50.o(.bss)
    fc50N_obj1_L1_out                        0x200009d0   Data          12  fc50n.o(.bss)
    fc50N_obj1_L2_out                        0x200009dc   Data          12  fc50n.o(.bss)
    fc50N_obj1_L3_out                        0x200009e8   Data          12  fc50n.o(.bss)
    fc50N_obj1_L1_in                         0x200009f4   Data          16  fc50n.o(.bss)
    fc50N_obj1_L2_in                         0x20000a04   Data          16  fc50n.o(.bss)
    fc50N_obj1_L3_in                         0x20000a14   Data          16  fc50n.o(.bss)
    fc51_obj1_out_a                          0x20000a24   Data          12  fc51.o(.bss)
    fc51_obj1_out_b                          0x20000a30   Data          12  fc51.o(.bss)
    fc51_obj1_out_c                          0x20000a3c   Data          12  fc51.o(.bss)
    fc51_obj1_in                             0x20000a48   Data          20  fc51.o(.bss)
    fc51_obj2_in                             0x20000a5c   Data          20  fc51.o(.bss)
    fc51N_obj1_out                           0x20000a70   Data          12  fc51n.o(.bss)
    fc51N_obj1_in                            0x20000a7c   Data          20  fc51n.o(.bss)
    fc27_obj1_L1_in                          0x20000a90   Data          16  fc27.o(.bss)
    fc27_obj1_L2_in                          0x20000aa0   Data          16  fc27.o(.bss)
    fc59_obj1_L1_in                          0x20000ab0   Data          12  fc59.o(.bss)
    fc59_obj1_L2_in                          0x20000abc   Data          12  fc59.o(.bss)
    fc46d_obj1_L1_out                        0x20000ac8   Data          12  fc46.o(.bss)
    fc46i_obj1_L1_out                        0x20000ad4   Data          12  fc46.o(.bss)
    fc46d_obj1_L1_in                         0x20000ae0   Data          16  fc46.o(.bss)
    fc46i_obj1_L1_in                         0x20000af0   Data          20  fc46.o(.bss)
    fc49_obj1_therm                          0x20000b04   Data          20  fc49.o(.bss)
    fc49_obj2_therm                          0x20000b18   Data          20  fc49.o(.bss)
    fc49_obj1_L1_in                          0x20000b2c   Data          16  fc49.o(.bss)
    fc49_obj1_L2_in                          0x20000b3c   Data          16  fc49.o(.bss)
    fc49_obj2_L1_in                          0x20000b4c   Data          16  fc49.o(.bss)
    fc49_obj2_L2_in                          0x20000b5c   Data          16  fc49.o(.bss)
    fcBF_out                                 0x20000b6c   Data          12  fcbf.o(.bss)
    fcBF_in                                  0x20000b78   Data          24  fcbf.o(.bss)
    fc37_obj1_L1_in                          0x20000b90   Data          16  fc37.o(.bss)
    fc37_obj2_L1_in                          0x20000ba0   Data          16  fc37.o(.bss)
    fcUNBd_obj1_L1_out_a                     0x20000bb0   Data          16  fcunb.o(.bss)
    fcUNBd_obj1_L1_out_b                     0x20000bc0   Data          16  fcunb.o(.bss)
    fcUNBi_obj1_L1_out_a                     0x20000bd0   Data          12  fcunb.o(.bss)
    fcUNBi_obj1_L1_out_b                     0x20000bdc   Data          12  fcunb.o(.bss)
    fcUNBd_obj1_L1_in                        0x20000cb0   Data          12  fcunb.o(.bss)
    pvp_in                                   0x20000cbc   Data          12  fcpvp.o(.bss)
    pvp_in_back                              0x20000cc8   Data          12  fcpvp.o(.bss)
    pvp_out                                  0x20000cd4   Data          12  fcpvp.o(.bss)
    pvp_out_back                             0x20000ce0   Data          12  fcpvp.o(.bss)
    fcPVPi_obj1_L1_out_a                     0x20000cec   Data          12  fcpvp.o(.bss)
    fcPVPi_obj1_L1_out_b                     0x20000cf8   Data          12  fcpvp.o(.bss)
    fcPVPi_obj1_L1_out_c                     0x20000d04   Data          12  fcpvp.o(.bss)
    fcPVPd_obj1_L1_in                        0x20000f68   Data          12  fcpvp.o(.bss)
    fcPVPi_obj1_L1_in                        0x20000f74   Data          20  fcpvp.o(.bss)
    pick                                     0x20000f88   Data          12  pickup_handles.o(.bss)
    trip                                     0x20000f94   Data          12  pickup_handles.o(.bss)
    phase_cs_A                               0x200010ac   Data          16  cs_handles.o(.bss)
    phase_cs_B                               0x200010bc   Data          16  cs_handles.o(.bss)
    phase_cs_C                               0x200010cc   Data          16  cs_handles.o(.bss)
    phase_cs_A_out                           0x200010dc   Data          44  cs_handles.o(.bss)
    phase_cs_B_out                           0x20001108   Data          44  cs_handles.o(.bss)
    phase_cs_C_out                           0x20001134   Data          44  cs_handles.o(.bss)
    sym                                      0x20001160   Data          24  cs_handles.o(.bss)
    sym_hist                                 0x20001178   Data          24  cs_handles.o(.bss)
    mag_sym                                  0x20001190   Data          24  cs_handles.o(.bss)
    c_buffer                                 0x200011a8   Data        2400  cs_handles.o(.bss)
    s_buffer                                 0x20001b08   Data        2400  cs_handles.o(.bss)
    P                                        0x20002468   Data          28  cs_handles.o(.bss)
    Q                                        0x20002484   Data          28  cs_handles.o(.bss)
    fRMS                                     0x200024a0   Data          60  cs_handles.o(.bss)
    tRMS                                     0x200024dc   Data          60  truerms.o(.bss)
    backRMS                                  0x20002518   Data          60  truerms.o(.bss)
    bufferRMS                                0x20002554   Data        3000  truerms.o(.bss)
    spect_Ia                                 0x2000310c   Data         368  spectra.o(.bss)
    spect_Ib                                 0x2000327c   Data         368  spectra.o(.bss)
    spect_Ic                                 0x200033ec   Data         368  spectra.o(.bss)
    thd                                      0x2000355c   Data          12  spectra.o(.bss)
    rawAdc                                   0x20003568   Data          60  conversion.o(.bss)
    smAdc                                    0x200035a4   Data          60  conversion.o(.bss)
    fAdc                                     0x200035e0   Data          60  conversion.o(.bss)
    offset                                   0x2000361c   Data          60  conversion.o(.bss)
    scale                                    0x20003658   Data          60  conversion.o(.bss)
    TR                                       0x20003784   Data          48  conversion.o(.bss)
    Sys                                      0x200037b4   Data          36  powersysdata.o(.bss)
    pick_words                               0x200037d8   Data          12  commparams.o(.bss)
    trip_words                               0x200037e4   Data          12  commparams.o(.bss)
    comParams                                0x200037f0   Data        6020  spi_masterslave.o(.bss)
    spiCRC                                   0x20004f74   Data          12  spi_masterslave.o(.bss)
    comParams_uart                           0x20004f80   Data        2996  uart_masterslave.o(.bss)
    uartCRC                                  0x20005b34   Data          12  uart_masterslave.o(.bss)
    __initial_sp                             0x20005f40   Data           0  startup_stm32f767xx.o(STACK)



==============================================================================

Memory Map of the image

  Image Entry point : 0x080001f9

  Load Region LR_IROM1 (Base: 0x08000000, Size: 0x00007f4c, Max: 0x00200000, ABSOLUTE, COMPRESSED[0x00007cac])

    Execution Region ER_IROM1 (Base: 0x08000000, Size: 0x00007b1c, Max: 0x00200000, ABSOLUTE)

    Base Addr    Size         Type   Attr      Idx    E Section Name        Object

    0x08000000   0x000001f8   Data   RO          875    RESET               startup_stm32f767xx.o
    0x080001f8   0x00000000   Code   RO         5987  * .ARM.Collect$$$$00000000  mc_w.l(entry.o)
    0x080001f8   0x00000004   Code   RO         6038    .ARM.Collect$$$$00000001  mc_w.l(entry2.o)
    0x080001fc   0x00000004   Code   RO         6041    .ARM.Collect$$$$00000004  mc_w.l(entry5.o)
    0x08000200   0x00000000   Code   RO         6043    .ARM.Collect$$$$00000008  mc_w.l(entry7b.o)
    0x08000200   0x00000000   Code   RO         6045    .ARM.Collect$$$$0000000A  mc_w.l(entry8b.o)
    0x08000200   0x00000008   Code   RO         6046    .ARM.Collect$$$$0000000B  mc_w.l(entry9a.o)
    0x08000208   0x00000000   Code   RO         6048    .ARM.Collect$$$$0000000D  mc_w.l(entry10a.o)
    0x08000208   0x00000000   Code   RO         6050    .ARM.Collect$$$$0000000F  mc_w.l(entry11a.o)
    0x08000208   0x00000004   Code   RO         6039    .ARM.Collect$$$$00002712  mc_w.l(entry2.o)
    0x0800020c   0x00000024   Code   RO          876    .text               startup_stm32f767xx.o
    0x08000230   0x00000024   Code   RO         5990    .text               mc_w.l(memcpya.o)
    0x08000254   0x00000000   Code   RO         6059    .text               mc_w.l(iusefp.o)
    0x08000254   0x00000004   Code   RO         6060    .text               mf_w.l(fpstat.o)
    0x08000258   0x00000024   Code   RO         6072    .text               mc_w.l(init.o)
    0x0800027c   0x0000005e   Code   RO         6082    .text               mc_w.l(__dclz77c.o)
    0x080002da   0x00000002   PAD
    0x080002dc   0x0000012c   Code   RO          886    i.ADC_Init          stm32f7xx_hal_adc.o
    0x08000408   0x0000005a   Code   RO         2143    i.ADC_MultiModeDMAConvCplt  stm32f7xx_hal_adc_ex.o
    0x08000462   0x00000012   Code   RO         2144    i.ADC_MultiModeDMAError  stm32f7xx_hal_adc_ex.o
    0x08000474   0x00000006   Code   RO         2145    i.ADC_MultiModeDMAHalfConvCplt  stm32f7xx_hal_adc_ex.o
    0x0800047a   0x00000002   Code   RO          310    i.BusFault_Handler  stm32f7xx_it.o
    0x0800047c   0x0000000c   Code   RO          311    i.DMA2_Stream0_IRQHandler  stm32f7xx_it.o
    0x08000488   0x0000000c   Code   RO          312    i.DMA2_Stream1_IRQHandler  stm32f7xx_it.o
    0x08000494   0x0000000c   Code   RO          313    i.DMA2_Stream2_IRQHandler  stm32f7xx_it.o
    0x080004a0   0x00000028   Code   RO         2533    i.DMA_CalcBaseAndBitshift  stm32f7xx_hal_dma.o
    0x080004c8   0x00000054   Code   RO         2534    i.DMA_CheckFifoParam  stm32f7xx_hal_dma.o
    0x0800051c   0x00000028   Code   RO         2535    i.DMA_SetConfig     stm32f7xx_hal_dma.o
    0x08000544   0x00000002   Code   RO          314    i.DebugMon_Handler  stm32f7xx_it.o
    0x08000546   0x00000002   PAD
    0x08000548   0x00000010   Code   RO          315    i.EXTI15_10_IRQHandler  stm32f7xx_it.o
    0x08000558   0x0000006c   Code   RO         2154    i.HAL_ADCEx_MultiModeConfigChannel  stm32f7xx_hal_adc_ex.o
    0x080005c4   0x00000100   Code   RO         2156    i.HAL_ADCEx_MultiModeStart_DMA  stm32f7xx_hal_adc_ex.o
    0x080006c4   0x00000164   Code   RO          888    i.HAL_ADC_ConfigChannel  stm32f7xx_hal_adc.o
    0x08000828   0x00000204   Code   RO         5335    i.HAL_ADC_ConvCpltCallback  conversion.o
    0x08000a2c   0x00000002   Code   RO          890    i.HAL_ADC_ConvHalfCpltCallback  stm32f7xx_hal_adc.o
    0x08000a2e   0x00000002   Code   RO          892    i.HAL_ADC_ErrorCallback  stm32f7xx_hal_adc.o
    0x08000a30   0x00000054   Code   RO          897    i.HAL_ADC_Init      stm32f7xx_hal_adc.o
    0x08000a84   0x00000194   Code   RO          443    i.HAL_ADC_MspInit   adc.o
    0x08000c18   0x000000b8   Code   RO          903    i.HAL_ADC_Start     stm32f7xx_hal_adc.o
    0x08000cd0   0x00000024   Code   RO         2537    i.HAL_DMA_Abort_IT  stm32f7xx_hal_dma.o
    0x08000cf4   0x000001a8   Code   RO         2541    i.HAL_DMA_IRQHandler  stm32f7xx_hal_dma.o
    0x08000e9c   0x000000d4   Code   RO         2542    i.HAL_DMA_Init      stm32f7xx_hal_dma.o
    0x08000f70   0x00000078   Code   RO         2546    i.HAL_DMA_Start_IT  stm32f7xx_hal_dma.o
    0x08000fe8   0x00000002   Code   RO         1444    i.HAL_GPIO_EXTI_Callback  stm32f7xx_hal_gpio.o
    0x08000fea   0x00000002   PAD
    0x08000fec   0x00000018   Code   RO         1445    i.HAL_GPIO_EXTI_IRQHandler  stm32f7xx_hal_gpio.o
    0x08001004   0x000001dc   Code   RO         1446    i.HAL_GPIO_Init     stm32f7xx_hal_gpio.o
    0x080011e0   0x00000008   Code   RO         1449    i.HAL_GPIO_TogglePin  stm32f7xx_hal_gpio.o
    0x080011e8   0x0000000a   Code   RO         1450    i.HAL_GPIO_WritePin  stm32f7xx_hal_gpio.o
    0x080011f2   0x00000002   PAD
    0x080011f4   0x0000000c   Code   RO         2361    i.HAL_GetTick       stm32f7xx_hal.o
    0x08001200   0x00000010   Code   RO         2365    i.HAL_IncTick       stm32f7xx_hal.o
    0x08001210   0x00000016   Code   RO         2366    i.HAL_Init          stm32f7xx_hal.o
    0x08001226   0x00000002   PAD
    0x08001228   0x00000028   Code   RO         2367    i.HAL_InitTick      stm32f7xx_hal.o
    0x08001250   0x00000058   Code   RO          286    i.HAL_MspInit       stm32f7xx_hal_msp.o
    0x080012a8   0x00000016   Code   RO         1313    i.HAL_NVIC_EnableIRQ  stm32f7xx_hal_cortex.o
    0x080012be   0x00000002   PAD
    0x080012c0   0x00000040   Code   RO         1319    i.HAL_NVIC_SetPriority  stm32f7xx_hal_cortex.o
    0x08001300   0x00000024   Code   RO         1320    i.HAL_NVIC_SetPriorityGrouping  stm32f7xx_hal_cortex.o
    0x08001324   0x0000006c   Code   RO         2258    i.HAL_PWREx_EnableOverDrive  stm32f7xx_hal_pwr_ex.o
    0x08001390   0x000000b8   Code   RO         3536    i.HAL_QSPI_Init     stm32f7xx_hal_qspi.o
    0x08001448   0x00000078   Code   RO          215    i.HAL_QSPI_MspInit  quadspi.o
    0x080014c0   0x00000538   Code   RO         2761    i.HAL_RCCEx_PeriphCLKConfig  stm32f7xx_hal_rcc_ex.o
    0x080019f8   0x0000011c   Code   RO         3036    i.HAL_RCC_ClockConfig  stm32f7xx_hal_rcc.o
    0x08001b14   0x0000000c   Code   RO         3041    i.HAL_RCC_GetHCLKFreq  stm32f7xx_hal_rcc.o
    0x08001b20   0x00000020   Code   RO         3043    i.HAL_RCC_GetPCLK1Freq  stm32f7xx_hal_rcc.o
    0x08001b40   0x00000020   Code   RO         3044    i.HAL_RCC_GetPCLK2Freq  stm32f7xx_hal_rcc.o
    0x08001b60   0x0000005c   Code   RO         3045    i.HAL_RCC_GetSysClockFreq  stm32f7xx_hal_rcc.o
    0x08001bbc   0x00000324   Code   RO         3048    i.HAL_RCC_OscConfig  stm32f7xx_hal_rcc.o
    0x08001ee0   0x0000009c   Code   RO         1061    i.HAL_RTC_Init      stm32f7xx_hal_rtc.o
    0x08001f7c   0x0000001c   Code   RO          173    i.HAL_RTC_MspInit   rtc.o
    0x08001f98   0x00000002   Code   RO         4533    i.HAL_SPI_ErrorCallback  stm32f7xx_hal_spi.o
    0x08001f9a   0x00000002   PAD
    0x08001f9c   0x000000d4   Code   RO         4536    i.HAL_SPI_IRQHandler  stm32f7xx_hal_spi.o
    0x08002070   0x000000b6   Code   RO         4537    i.HAL_SPI_Init      stm32f7xx_hal_spi.o
    0x08002126   0x00000002   PAD
    0x08002128   0x0000005c   Code   RO          631    i.HAL_SPI_MspInit   spi.o
    0x08002184   0x00000094   Code   RO         4550    i.HAL_SPI_Transmit_IT  stm32f7xx_hal_spi.o
    0x08002218   0x00000020   Code   RO         5534    i.HAL_SPI_TxCpltCallback  Comm_Layer.lib(spi_masterslave.o)
    0x08002238   0x00000018   Code   RO         1322    i.HAL_SYSTICK_CLKSourceConfig  stm32f7xx_hal_cortex.o
    0x08002250   0x00000002   Code   RO         1323    i.HAL_SYSTICK_Callback  stm32f7xx_hal_cortex.o
    0x08002252   0x00000028   Code   RO         1324    i.HAL_SYSTICK_Config  stm32f7xx_hal_cortex.o
    0x0800227a   0x00000008   Code   RO         1325    i.HAL_SYSTICK_IRQHandler  stm32f7xx_hal_cortex.o
    0x08002282   0x00000002   Code   RO         3178    i.HAL_TIMEx_BreakCallback  stm32f7xx_hal_tim_ex.o
    0x08002284   0x00000002   Code   RO         3179    i.HAL_TIMEx_CommutationCallback  stm32f7xx_hal_tim_ex.o
    0x08002286   0x00000002   PAD
    0x08002288   0x00000058   Code   RO         3197    i.HAL_TIMEx_MasterConfigSynchronization  stm32f7xx_hal_tim_ex.o
    0x080022e0   0x00000036   Code   RO         1511    i.HAL_TIM_Base_Init  stm32f7xx_hal_tim.o
    0x08002316   0x00000002   PAD
    0x08002318   0x00000058   Code   RO            5    i.HAL_TIM_Base_MspInit  tim.o
    0x08002370   0x00000018   Code   RO         1516    i.HAL_TIM_Base_Start_IT  stm32f7xx_hal_tim.o
    0x08002388   0x000000f8   Code   RO         1520    i.HAL_TIM_ConfigClockSource  stm32f7xx_hal_tim.o
    0x08002480   0x00000002   Code   RO         1540    i.HAL_TIM_IC_CaptureCallback  stm32f7xx_hal_tim.o
    0x08002482   0x00000180   Code   RO         1553    i.HAL_TIM_IRQHandler  stm32f7xx_hal_tim.o
    0x08002602   0x00000002   Code   RO         1556    i.HAL_TIM_OC_DelayElapsedCallback  stm32f7xx_hal_tim.o
    0x08002604   0x00000002   Code   RO         1583    i.HAL_TIM_PWM_PulseFinishedCallback  stm32f7xx_hal_tim.o
    0x08002606   0x00000002   Code   RO         1590    i.HAL_TIM_PeriodElapsedCallback  stm32f7xx_hal_tim.o
    0x08002608   0x00000002   Code   RO         1594    i.HAL_TIM_TriggerCallback  stm32f7xx_hal_tim.o
    0x0800260a   0x00000002   Code   RO         4262    i.HAL_UART_ErrorCallback  stm32f7xx_hal_uart.o
    0x0800260c   0x00000178   Code   RO         4265    i.HAL_UART_IRQHandler  stm32f7xx_hal_uart.o
    0x08002784   0x0000006a   Code   RO         4266    i.HAL_UART_Init     stm32f7xx_hal_uart.o
    0x080027ee   0x00000002   PAD
    0x080027f0   0x0000005c   Code   RO          589    i.HAL_UART_MspInit  usart.o
    0x0800284c   0x0000008c   Code   RO         4271    i.HAL_UART_Receive_IT  stm32f7xx_hal_uart.o
    0x080028d8   0x00000050   Code   RO         5724    i.HAL_UART_RxCpltCallback  Comm_Layer.lib(uart_masterslave.o)
    0x08002928   0x00000020   Code   RO         5725    i.HAL_UART_TxCpltCallback  Comm_Layer.lib(uart_masterslave.o)
    0x08002948   0x00000002   Code   RO          316    i.HardFault_Handler  stm32f7xx_it.o
    0x0800294a   0x00000002   PAD
    0x0800294c   0x000000f4   Code   RO          444    i.MX_ADC1_Init      adc.o
    0x08002a40   0x000000c8   Code   RO          445    i.MX_ADC2_Init      adc.o
    0x08002b08   0x000000cc   Code   RO          446    i.MX_ADC3_Init      adc.o
    0x08002bd4   0x0000002c   Code   RO          259    i.MX_DMA_Init       dma.o
    0x08002c00   0x00000228   Code   RO          564    i.MX_GPIO_Init      gpio.o
    0x08002e28   0x00000050   Code   RO          216    i.MX_QUADSPI_Init   quadspi.o
    0x08002e78   0x00000048   Code   RO          174    i.MX_RTC_Init       rtc.o
    0x08002ec0   0x00000064   Code   RO          632    i.MX_SPI2_Init      spi.o
    0x08002f24   0x0000007c   Code   RO            6    i.MX_TIM1_Init      tim.o
    0x08002fa0   0x00000058   Code   RO            7    i.MX_TIM6_Init      tim.o
    0x08002ff8   0x00000050   Code   RO          590    i.MX_USART2_UART_Init  usart.o
    0x08003048   0x00000002   Code   RO          317    i.MemManage_Handler  stm32f7xx_it.o
    0x0800304a   0x00000002   Code   RO          318    i.NMI_Handler       stm32f7xx_it.o
    0x0800304c   0x00000020   Code   RO         1326    i.NVIC_SetPriority  stm32f7xx_hal_cortex.o
    0x0800306c   0x00000002   Code   RO          319    i.PendSV_Handler    stm32f7xx_it.o
    0x0800306e   0x00000048   Code   RO         3561    i.QSPI_WaitFlagStateUntilTimeout  stm32f7xx_hal_qspi.o
    0x080030b6   0x00000038   Code   RO         1072    i.RTC_EnterInitMode  stm32f7xx_hal_rtc.o
    0x080030ee   0x00000002   PAD
    0x080030f0   0x0000000c   Code   RO          320    i.SPI2_IRQHandler   stm32f7xx_it.o
    0x080030fc   0x0000004c   Code   RO         4563    i.SPI_CloseTx_ISR   stm32f7xx_hal_spi.o
    0x08003148   0x00000012   Code   RO         4564    i.SPI_DMAAbortOnError  stm32f7xx_hal_spi.o
    0x0800315a   0x00000048   Code   RO         4575    i.SPI_EndRxTxTransaction  stm32f7xx_hal_spi.o
    0x080031a2   0x00000020   Code   RO         4578    i.SPI_TxISR_16BIT   stm32f7xx_hal_spi.o
    0x080031c2   0x0000001e   Code   RO         4579    i.SPI_TxISR_8BIT    stm32f7xx_hal_spi.o
    0x080031e0   0x000000a0   Code   RO         4580    i.SPI_WaitFifoStateUntilTimeout  stm32f7xx_hal_spi.o
    0x08003280   0x0000008c   Code   RO         4581    i.SPI_WaitFlagStateUntilTimeout  stm32f7xx_hal_spi.o
    0x0800330c   0x00000002   Code   RO          321    i.SVC_Handler       stm32f7xx_it.o
    0x0800330e   0x00000016   Code   RO          322    i.SysTick_Handler   stm32f7xx_it.o
    0x08003324   0x000000c4   Code   RO          496    i.SystemClock_Config  main.o
    0x080033e8   0x00000054   Code   RO         4854    i.SystemInit        system_stm32f7xx.o
    0x0800343c   0x0000000c   Code   RO          323    i.TIM1_UP_TIM10_IRQHandler  stm32f7xx_it.o
    0x08003448   0x000000c8   Code   RO         1595    i.TIM_Base_SetConfig  stm32f7xx_hal_tim.o
    0x08003510   0x00000014   Code   RO         1602    i.TIM_ETR_SetConfig  stm32f7xx_hal_tim.o
    0x08003524   0x00000010   Code   RO         1603    i.TIM_ITRx_SetConfig  stm32f7xx_hal_tim.o
    0x08003534   0x00000022   Code   RO         1609    i.TIM_TI1_ConfigInputStage  stm32f7xx_hal_tim.o
    0x08003556   0x00000024   Code   RO         1611    i.TIM_TI2_ConfigInputStage  stm32f7xx_hal_tim.o
    0x0800357a   0x000000c8   Code   RO         4279    i.UART_AdvFeatureConfig  stm32f7xx_hal_uart.o
    0x08003642   0x00000040   Code   RO         4280    i.UART_CheckIdleState  stm32f7xx_hal_uart.o
    0x08003682   0x00000014   Code   RO         4281    i.UART_DMAAbortOnError  stm32f7xx_hal_uart.o
    0x08003696   0x0000001c   Code   RO         4287    i.UART_EndRxTransfer  stm32f7xx_hal_uart.o
    0x080036b2   0x00000078   Code   RO         4289    i.UART_Receive_IT   stm32f7xx_hal_uart.o
    0x0800372a   0x00000002   PAD
    0x0800372c   0x00000238   Code   RO         4290    i.UART_SetConfig    stm32f7xx_hal_uart.o
    0x08003964   0x00000062   Code   RO         4291    i.UART_WaitOnFlagUntilTimeout  stm32f7xx_hal_uart.o
    0x080039c6   0x00000002   PAD
    0x080039c8   0x0000000c   Code   RO          324    i.USART2_IRQHandler  stm32f7xx_it.o
    0x080039d4   0x00000002   Code   RO          325    i.UsageFault_Handler  stm32f7xx_it.o
    0x080039d6   0x00000002   Code   RO          497    i._Error_Handler    main.o
    0x080039d8   0x00000026   Code   RO         6011    i.__ARM_fpclassifyf  m_wv.l(fpclassifyf.o)
    0x080039fe   0x00000002   PAD
    0x08003a00   0x00000258   Code   RO         5937    i.__hardfp_atan2f   m_wv.l(atan2f.o)
    0x08003c58   0x00000658   Code   RO         5949    i.__hardfp_powf     m_wv.l(powf.o)
    0x080042b0   0x0000003a   Code   RO         5975    i.__hardfp_sqrtf    m_wv.l(sqrtf.o)
    0x080042ea   0x00000002   PAD
    0x080042ec   0x00000018   Code   RO         6013    i.__mathlib_flt_divzero  m_wv.l(funder.o)
    0x08004304   0x00000006   Code   RO         6015    i.__mathlib_flt_infnan2  m_wv.l(funder.o)
    0x0800430a   0x00000002   PAD
    0x0800430c   0x00000010   Code   RO         6016    i.__mathlib_flt_invalid  m_wv.l(funder.o)
    0x0800431c   0x00000010   Code   RO         6017    i.__mathlib_flt_overflow  m_wv.l(funder.o)
    0x0800432c   0x00000010   Code   RO         6019    i.__mathlib_flt_underflow  m_wv.l(funder.o)
    0x0800433c   0x0000000e   Code   RO         6076    i.__scatterload_copy  mc_w.l(handlers.o)
    0x0800434a   0x00000002   Code   RO         6077    i.__scatterload_null  mc_w.l(handlers.o)
    0x0800434c   0x0000000e   Code   RO         6078    i.__scatterload_zeroinit  mc_w.l(handlers.o)
    0x0800435a   0x00000002   PAD
    0x0800435c   0x0000000c   Code   RO         6054    i.__set_errno       mc_w.l(errno.o)
    0x08004368   0x000000a0   Code   RO         5261    i.cs_PQ_combination  cs_handles.o
    0x08004408   0x00000134   Code   RO          669    i.cs_computations   measurement_functions.o
    0x0800453c   0x0000004e   Code   RO          670    i.cs_generation     measurement_functions.o
    0x0800458a   0x00000002   PAD
    0x0800458c   0x000002e8   Code   RO         5262    i.cs_handles        cs_handles.o
    0x08004874   0x0000006c   Code   RO         5782    i.dpm_mergeDWord    Comm_Layer.lib(dataparsermerger.o)
    0x080048e0   0x00000060   Code   RO         5783    i.dpm_mergeFloat    Comm_Layer.lib(dataparsermerger.o)
    0x08004940   0x00000052   Code   RO         5784    i.dpm_parseDWord    Comm_Layer.lib(dataparsermerger.o)
    0x08004992   0x00000002   PAD
    0x08004994   0x00000060   Code   RO         5785    i.dpm_parseFloat    Comm_Layer.lib(dataparsermerger.o)
    0x080049f4   0x00000098   Code   RO          757    i.fc27              protection_functions.o
    0x08004a8c   0x000000cc   Code   RO         5026    i.fc27_all          fc27.o
    0x08004b58   0x00000028   Code   RO         5027    i.fc27_init         fc27.o
    0x08004b80   0x00000002   Code   RO         5161    i.fc37_init         fc37.o
    0x08004b82   0x00000002   PAD
    0x08004b84   0x0000006c   Code   RO         5083    i.fc46_all          fc46.o
    0x08004bf0   0x00000064   Code   RO         5084    i.fc46_init         fc46.o
    0x08004c54   0x00000100   Code   RO          759    i.fc46d             protection_functions.o
    0x08004d54   0x00000120   Code   RO          760    i.fc46i             protection_functions.o
    0x08004e74   0x00000060   Code   RO         5106    i.fc49_init         fc49.o
    0x08004ed4   0x000000cc   Code   RO          762    i.fc50              protection_functions.o
    0x08004fa0   0x00000094   Code   RO         4945    i.fc50N_all         fc50n.o
    0x08005034   0x00000030   Code   RO         4946    i.fc50N_init        fc50n.o
    0x08005064   0x00000214   Code   RO         4915    i.fc50_all          fc50.o
    0x08005278   0x00000024   Code   RO         4916    i.fc50_init         fc50.o
    0x0800529c   0x000000f4   Code   RO          763    i.fc51              protection_functions.o
    0x08005390   0x00000040   Code   RO         5000    i.fc51N_all         fc51n.o
    0x080053d0   0x00000054   Code   RO         5001    i.fc51N_init        fc51n.o
    0x08005424   0x000000e4   Code   RO         4971    i.fc51_all          fc51.o
    0x08005508   0x00000060   Code   RO         4972    i.fc51_init         fc51.o
    0x08005568   0x00000078   Code   RO          764    i.fc59              protection_functions.o
    0x080055e0   0x00000090   Code   RO         5060    i.fc59_all          fc59.o
    0x08005670   0x00000018   Code   RO         5061    i.fc59_init         fc59.o
    0x08005688   0x00000044   Code   RO         5139    i.fcBF_init         fcbf.o
    0x080056cc   0x00000064   Code   RO         5215    i.fcPVP_init        fcpvp.o
    0x08005730   0x00000024   Code   RO         5183    i.fcUNB_init        fcunb.o
    0x08005754   0x0000003a   Code   RO         5376    i.initFunctions     initfunctions.o
    0x0800578e   0x00000002   PAD
    0x08005790   0x00000078   Code   RO         5336    i.init_conversion   conversion.o
    0x08005808   0x0000083c   Code   RO         4888    i.init_protection   init_protection.o
    0x08006044   0x00000130   Code   RO          498    i.main              main.o
    0x08006174   0x0000002e   Code   RO         5515    i.main_flow         main_flow.o
    0x080061a2   0x00000038   Code   RO          772    i.off_delay         protection_functions.o
    0x080061da   0x00000026   Code   RO          774    i.on_off_delay      protection_functions.o
    0x08006200   0x00000044   Code   RO          672    i.prefilter         measurement_functions.o
    0x08006244   0x0000042c   Code   RO         5491    i.pullDataFromMaster  configparams.o
    0x08006670   0x00000758   Code   RO         5442    i.pushDataToMaster  commparams.o
    0x08006dc8   0x000000a4   Code   RO          675    i.signal_spectra    measurement_functions.o
    0x08006e6c   0x00000064   Code   RO          676    i.signal_thd        measurement_functions.o
    0x08006ed0   0x000000c4   Code   RO         5316    i.spectral_analysis  spectra.o
    0x08006f94   0x00000002   Code   RO         5535    i.spi_initComApp    Comm_Layer.lib(spi_masterslave.o)
    0x08006f96   0x00000002   PAD
    0x08006f98   0x00000384   Code   RO         5536    i.spi_runComApp     Comm_Layer.lib(spi_masterslave.o)
    0x0800731c   0x00000044   Code   RO         5537    i.spi_sysTickCallApp  Comm_Layer.lib(spi_masterslave.o)
    0x08007360   0x00000090   Code   RO          677    i.sym_comp          measurement_functions.o
    0x080073f0   0x00000184   Code   RO          678    i.sym_mag           measurement_functions.o
    0x08007574   0x00000100   Code   RO         5296    i.trueRMS           truerms.o
    0x08007674   0x00000050   Code   RO          680    i.true_rms          measurement_functions.o
    0x080076c4   0x00000014   Code   RO         5726    i.uart_initComApp   Comm_Layer.lib(uart_masterslave.o)
    0x080076d8   0x0000018c   Code   RO         5727    i.uart_runComApp    Comm_Layer.lib(uart_masterslave.o)
    0x08007864   0x00000040   Code   RO         5728    i.uart_sysTickCallApp  Comm_Layer.lib(uart_masterslave.o)
    0x080078a4   0x00000008   Data   RO         2548    .constdata          stm32f7xx_hal_dma.o
    0x080078ac   0x00000010   Data   RO         4855    .constdata          system_stm32f7xx.o
    0x080078bc   0x00000008   Data   RO         4856    .constdata          system_stm32f7xx.o
    0x080078c4   0x00000010   Data   RO         4918    .constdata          fc50.o
    0x080078d4   0x00000010   Data   RO         4948    .constdata          fc50n.o
    0x080078e4   0x00000014   Data   RO         4977    .constdata          fc51.o
    0x080078f8   0x00000014   Data   RO         5003    .constdata          fc51n.o
    0x0800790c   0x00000010   Data   RO         5029    .constdata          fc27.o
    0x0800791c   0x0000000c   Data   RO         5063    .constdata          fc59.o
    0x08007928   0x00000024   Data   RO         5086    .constdata          fc46.o
    0x0800794c   0x00000024   Data   RO         5108    .constdata          fc49.o
    0x08007970   0x00000018   Data   RO         5141    .constdata          fcbf.o
    0x08007988   0x00000014   Data   RO         5186    .constdata          fcunb.o
    0x0800799c   0x00000020   Data   RO         5217    .constdata          fcpvp.o
    0x080079bc   0x00000140   Data   RO         5952    .constdata          m_wv.l(powf.o)
    0x08007afc   0x00000020   Data   RO         6074    Region$$Table       anon$$obj.o


    Execution Region RW_IRAM1 (Base: 0x20000000, Size: 0x00005f40, Max: 0x00080000, ABSOLUTE, COMPRESSED[0x00000190])

    Base Addr    Size         Type   Attr      Idx    E Section Name        Object

    0x20000000   0x00000001   Data   RW          500    .data               main.o
    0x20000001   0x00000003   PAD
    0x20000004   0x00000004   Data   RW         2372    .data               stm32f7xx_hal.o
    0x20000008   0x00000004   Data   RW         4857    .data               system_stm32f7xx.o
    0x2000000c   0x0000006c   Data   RW         4890    .data               init_protection.o
    0x20000078   0x00000018   Data   RW         5030    .data               fc27.o
    0x20000090   0x00000030   Data   RW         5064    .data               fc59.o
    0x200000c0   0x00000010   Data   RW         5187    .data               fcunb.o
    0x200000d0   0x000001a8   Data   RW         5267    .data               cs_handles.o
    0x20000278   0x00000001   Data   RW         5298    .data               truerms.o
    0x20000279   0x00000003   PAD
    0x2000027c   0x00000194   Data   RW         5318    .data               spectra.o
    0x20000410   0x00000002   Data   RW         5339    .data               conversion.o
    0x20000412   0x00000002   PAD
    0x20000414   0x00000008   Data   RW         5407    .data               boardio.o
    0x2000041c   0x0000000c   Data   RW         5492    .data               configparams.o
    0x20000428   0x00000004   Data   RW         5786    .data               Comm_Layer.lib(dataparsermerger.o)
    0x2000042c   0x00000004   Data   RW         6055    .data               mc_w.l(errno.o)
    0x20000430   0x00000080   Zero   RW            8    .bss                tim.o
    0x200004b0   0x00000020   Zero   RW          175    .bss                rtc.o
    0x200004d0   0x0000004c   Zero   RW          217    .bss                quadspi.o
    0x2000051c   0x000001f8   Zero   RW          447    .bss                adc.o
    0x20000714   0x0000003c   Zero   RW          499    .bss                main.o
    0x20000750   0x00000070   Zero   RW          591    .bss                usart.o
    0x200007c0   0x00000064   Zero   RW          633    .bss                spi.o
    0x20000824   0x00000074   Zero   RW         4889    .bss                init_protection.o
    0x20000898   0x00000138   Zero   RW         4917    .bss                fc50.o
    0x200009d0   0x00000054   Zero   RW         4947    .bss                fc50n.o
    0x20000a24   0x0000004c   Zero   RW         4973    .bss                fc51.o
    0x20000a70   0x00000020   Zero   RW         5002    .bss                fc51n.o
    0x20000a90   0x00000020   Zero   RW         5028    .bss                fc27.o
    0x20000ab0   0x00000018   Zero   RW         5062    .bss                fc59.o
    0x20000ac8   0x0000003c   Zero   RW         5085    .bss                fc46.o
    0x20000b04   0x00000068   Zero   RW         5107    .bss                fc49.o
    0x20000b6c   0x00000024   Zero   RW         5140    .bss                fcbf.o
    0x20000b90   0x00000020   Zero   RW         5162    .bss                fc37.o
    0x20000bb0   0x0000010c   Zero   RW         5185    .bss                fcunb.o
    0x20000cbc   0x000002cc   Zero   RW         5216    .bss                fcpvp.o
    0x20000f88   0x00000124   Zero   RW         5242    .bss                pickup_handles.o
    0x200010ac   0x00001430   Zero   RW         5263    .bss                cs_handles.o
    0x200024dc   0x00000c30   Zero   RW         5297    .bss                truerms.o
    0x2000310c   0x0000045c   Zero   RW         5317    .bss                spectra.o
    0x20003568   0x0000021c   Zero   RW         5337    .bss                conversion.o
    0x20003784   0x00000030   Zero   RW         5338    .bss                conversion.o
    0x200037b4   0x00000024   Zero   RW         5391    .bss                powersysdata.o
    0x200037d8   0x00000018   Zero   RW         5445    .bss                commparams.o
    0x200037f0   0x00001790   Zero   RW         5538    .bss                Comm_Layer.lib(spi_masterslave.o)
    0x20004f80   0x00000bc0   Zero   RW         5729    .bss                Comm_Layer.lib(uart_masterslave.o)
    0x20005b40   0x00000400   Zero   RW          873    STACK               startup_stm32f767xx.o


==============================================================================

Image component sizes


      Code (inc. data)   RO Data    RW Data    ZI Data      Debug   Object Name

      1052        128          0          0        504       3401   adc.o
         0          0          0          8          0       1288   boardio.o
      1880        228          0          0         24       6398   commparams.o
      1068        144          0         12          0       6980   configparams.o
       636         30          0          2        588       4151   conversion.o
       904         34          0        424       5168       4668   cs_handles.o
        44          4          0          0          0        738   dma.o
       244         32         16         24         32       2391   fc27.o
         2          0          0          0         32        984   fc37.o
       208         34         36          0         60       1507   fc46.o
        96         12         36          0        104       1686   fc49.o
       568         30         16          0        312       2687   fc50.o
       196         30         16          0         84       1504   fc50n.o
       324         36         20          0         76       1695   fc51.o
       148         36         20          0         32       1248   fc51n.o
       168         26         12         48         24       1507   fc59.o
        68         14         24          0         36        727   fcbf.o
       100         16         32          0        716       1897   fcpvp.o
        36         14         20         16        268       1698   fcunb.o
       552         38          0          0          0       1255   gpio.o
      2108        138          0        108        116      12904   init_protection.o
        58          0          0          0          0        516   initfunctions.o
       502         46          0          1         60      34745   main.o
        46          0          0          0          0        492   main_flow.o
      1330         56          0          0          0       8460   measurement_functions.o
         0          0          0          0        292       6342   pickup_handles.o
         0          0          0          0         36        790   powersysdata.o
      1358         64          0          0          0      10172   protection_functions.o
       200         46          0          0         76       1649   quadspi.o
       100         32          0          0         32       1407   rtc.o
       196         26          0        404       1116       1269   spectra.o
       192         38          0          0        100       1601   spi.o
        36          8        504          0       1024        796   startup_stm32f767xx.o
        90         18          0          4          0       3151   stm32f7xx_hal.o
       928         42          0          0          0       4734   stm32f7xx_hal_adc.o
       478         36          0          0          0       3898   stm32f7xx_hal_adc_ex.o
       228         14          0          0          0      37073   stm32f7xx_hal_cortex.o
       956         20          8          0          0       6474   stm32f7xx_hal_dma.o
       520         60          0          0          0       4417   stm32f7xx_hal_gpio.o
        88          0          0          0          0        518   stm32f7xx_hal_msp.o
       108         10          0          0          0       1276   stm32f7xx_hal_pwr_ex.o
       256         10          0          0          0       2714   stm32f7xx_hal_qspi.o
      1256         74          0          0          0       5668   stm32f7xx_hal_rcc.o
      1336         28          0          0          0       2488   stm32f7xx_hal_rcc_ex.o
       212          6          0          0          0       2071   stm32f7xx_hal_rtc.o
      1072         14          0          0          0       8878   stm32f7xx_hal_spi.o
      1026         48          0          0          0      10821   stm32f7xx_hal_tim.o
        92         10          0          0          0       2614   stm32f7xx_hal_tim_ex.o
      1722         76          0          0          0       9594   stm32f7xx_hal_uart.o
       126         40          0          0          0       7312   stm32f7xx_it.o
        84         18         24          4          0       1131   system_stm32f7xx.o
       300         64          0          0        128     901711   tim.o
       256         18          0          1       3120       3165   truerms.o
       172         38          0          0        112       1622   usart.o

    ----------------------------------------------------------------------
     25760       1984        816       1064      14272    1150883   Object Totals
         0          0         32          0          0          0   (incl. Generated)
        34          0          0          8          0          0   (incl. Padding)

    ----------------------------------------------------------------------

      Code (inc. data)   RO Data    RW Data    ZI Data      Debug   Library Member Name

       382          8          0          4          0       4170   dataparsermerger.o
      1002         28          0          0       6032     707382   spi_masterslave.o
       592         42          0          0       3008       6554   uart_masterslave.o
       600         98          0          0          0        184   atan2f.o
        38          0          0          0          0        116   fpclassifyf.o
        78         28          0          0          0        580   funder.o
      1624        130        320          0          0        400   powf.o
        58          0          0          0          0        136   sqrtf.o
        94          0          0          0          0          0   __dclz77c.o
         0          0          0          0          0          0   entry.o
         0          0          0          0          0          0   entry10a.o
         0          0          0          0          0          0   entry11a.o
         8          4          0          0          0          0   entry2.o
         4          0          0          0          0          0   entry5.o
         0          0          0          0          0          0   entry7b.o
         0          0          0          0          0          0   entry8b.o
         8          4          0          0          0          0   entry9a.o
        12          6          0          4          0         68   errno.o
        30          0          0          0          0          0   handlers.o
        36          8          0          0          0         68   init.o
         0          0          0          0          0          0   iusefp.o
        36          0          0          0          0         68   memcpya.o
         4          0          0          0          0         68   fpstat.o

    ----------------------------------------------------------------------
      4620        356        320          8       9040     719794   Library Totals
        14          0          0          0          0          0   (incl. Padding)

    ----------------------------------------------------------------------

      Code (inc. data)   RO Data    RW Data    ZI Data      Debug   Library Name

      1976         78          0          4       9040     718106   Comm_Layer.lib
      2398        256        320          0          0       1416   m_wv.l
       228         22          0          4          0        204   mc_w.l
         4          0          0          0          0         68   mf_w.l

    ----------------------------------------------------------------------
      4620        356        320          8       9040     719794   Library Totals

    ----------------------------------------------------------------------

==============================================================================


      Code (inc. data)   RO Data    RW Data    ZI Data      Debug   

     30380       2340       1136       1072      23312    1853109   Grand Totals
     30380       2340       1136        400      23312    1853109   ELF Image Totals (compressed)
     30380       2340       1136        400          0          0   ROM Totals

==============================================================================

    Total RO  Size (Code + RO Data)                31516 (  30.78kB)
    Total RW  Size (RW Data + ZI Data)             24384 (  23.81kB)
    Total ROM Size (Code + RO Data + RW Data)      31916 (  31.17kB)

==============================================================================

