Component: ARM Compiler 5.06 update 3 (build 300) Tool: armlink [4d35c9]

==============================================================================

Section Cross References

    tim.o(i.HAL_TIM_Base_MspDeInit) refers to stm32f7xx_hal_cortex.o(i.HAL_NVIC_DisableIRQ) for HAL_NVIC_DisableIRQ
    tim.o(i.HAL_TIM_Base_MspInit) refers to stm32f7xx_hal_cortex.o(i.HAL_NVIC_SetPriority) for HAL_NVIC_SetPriority
    tim.o(i.HAL_TIM_Base_MspInit) refers to stm32f7xx_hal_cortex.o(i.HAL_NVIC_EnableIRQ) for HAL_NVIC_EnableIRQ
    tim.o(i.MX_TIM1_Init) refers to stm32f7xx_hal_tim.o(i.HAL_TIM_Base_Init) for HAL_TIM_Base_Init
    tim.o(i.MX_TIM1_Init) refers to main.o(i._Error_Handler) for _Error_Handler
    tim.o(i.MX_TIM1_Init) refers to stm32f7xx_hal_tim.o(i.HAL_TIM_ConfigClockSource) for HAL_TIM_ConfigClockSource
    tim.o(i.MX_TIM1_Init) refers to stm32f7xx_hal_tim_ex.o(i.HAL_TIMEx_MasterConfigSynchronization) for HAL_TIMEx_MasterConfigSynchronization
    tim.o(i.MX_TIM1_Init) refers to tim.o(.bss) for htim1
    tim.o(i.MX_TIM6_Init) refers to stm32f7xx_hal_tim.o(i.HAL_TIM_Base_Init) for HAL_TIM_Base_Init
    tim.o(i.MX_TIM6_Init) refers to main.o(i._Error_Handler) for _Error_Handler
    tim.o(i.MX_TIM6_Init) refers to stm32f7xx_hal_tim_ex.o(i.HAL_TIMEx_MasterConfigSynchronization) for HAL_TIMEx_MasterConfigSynchronization
    tim.o(i.MX_TIM6_Init) refers to tim.o(.bss) for htim6
    rtc.o(i.MX_RTC_Init) refers to stm32f7xx_hal_rtc.o(i.HAL_RTC_Init) for HAL_RTC_Init
    rtc.o(i.MX_RTC_Init) refers to main.o(i._Error_Handler) for _Error_Handler
    rtc.o(i.MX_RTC_Init) refers to rtc.o(.bss) for hrtc
    quadspi.o(i.HAL_QSPI_MspDeInit) refers to stm32f7xx_hal_gpio.o(i.HAL_GPIO_DeInit) for HAL_GPIO_DeInit
    quadspi.o(i.HAL_QSPI_MspInit) refers to stm32f7xx_hal_gpio.o(i.HAL_GPIO_Init) for HAL_GPIO_Init
    quadspi.o(i.MX_QUADSPI_Init) refers to stm32f7xx_hal_qspi.o(i.HAL_QSPI_Init) for HAL_QSPI_Init
    quadspi.o(i.MX_QUADSPI_Init) refers to main.o(i._Error_Handler) for _Error_Handler
    quadspi.o(i.MX_QUADSPI_Init) refers to quadspi.o(.bss) for hqspi
    dma.o(i.MX_DMA_Init) refers to stm32f7xx_hal_cortex.o(i.HAL_NVIC_SetPriority) for HAL_NVIC_SetPriority
    dma.o(i.MX_DMA_Init) refers to stm32f7xx_hal_cortex.o(i.HAL_NVIC_EnableIRQ) for HAL_NVIC_EnableIRQ
    stm32f7xx_hal_msp.o(i.HAL_MspInit) refers to stm32f7xx_hal_cortex.o(i.HAL_NVIC_SetPriorityGrouping) for HAL_NVIC_SetPriorityGrouping
    stm32f7xx_hal_msp.o(i.HAL_MspInit) refers to stm32f7xx_hal_cortex.o(i.HAL_NVIC_SetPriority) for HAL_NVIC_SetPriority
    stm32f7xx_it.o(i.DMA2_Stream0_IRQHandler) refers to stm32f7xx_hal_dma.o(i.HAL_DMA_IRQHandler) for HAL_DMA_IRQHandler
    stm32f7xx_it.o(i.DMA2_Stream0_IRQHandler) refers to adc.o(.bss) for hdma_adc1
    stm32f7xx_it.o(i.DMA2_Stream1_IRQHandler) refers to stm32f7xx_hal_dma.o(i.HAL_DMA_IRQHandler) for HAL_DMA_IRQHandler
    stm32f7xx_it.o(i.DMA2_Stream1_IRQHandler) refers to adc.o(.bss) for hdma_adc3
    stm32f7xx_it.o(i.DMA2_Stream2_IRQHandler) refers to stm32f7xx_hal_dma.o(i.HAL_DMA_IRQHandler) for HAL_DMA_IRQHandler
    stm32f7xx_it.o(i.DMA2_Stream2_IRQHandler) refers to adc.o(.bss) for hdma_adc2
    stm32f7xx_it.o(i.EXTI15_10_IRQHandler) refers to stm32f7xx_hal_gpio.o(i.HAL_GPIO_EXTI_IRQHandler) for HAL_GPIO_EXTI_IRQHandler
    stm32f7xx_it.o(i.EXTI15_10_IRQHandler) refers to main.o(.data) for incoming_data_flag
    stm32f7xx_it.o(i.SPI2_IRQHandler) refers to stm32f7xx_hal_spi.o(i.HAL_SPI_IRQHandler) for HAL_SPI_IRQHandler
    stm32f7xx_it.o(i.SPI2_IRQHandler) refers to spi.o(.bss) for hspi2
    stm32f7xx_it.o(i.SysTick_Handler) refers to stm32f7xx_hal.o(i.HAL_IncTick) for HAL_IncTick
    stm32f7xx_it.o(i.SysTick_Handler) refers to stm32f7xx_hal_cortex.o(i.HAL_SYSTICK_IRQHandler) for HAL_SYSTICK_IRQHandler
    stm32f7xx_it.o(i.SysTick_Handler) refers to uart_masterslave.o(i.uart_sysTickCallApp) for uart_sysTickCallApp
    stm32f7xx_it.o(i.SysTick_Handler) refers to spi_masterslave.o(i.spi_sysTickCallApp) for spi_sysTickCallApp
    stm32f7xx_it.o(i.TIM1_UP_TIM10_IRQHandler) refers to stm32f7xx_hal_tim.o(i.HAL_TIM_IRQHandler) for HAL_TIM_IRQHandler
    stm32f7xx_it.o(i.TIM1_UP_TIM10_IRQHandler) refers to tim.o(.bss) for htim1
    stm32f7xx_it.o(i.USART2_IRQHandler) refers to stm32f7xx_hal_uart.o(i.HAL_UART_IRQHandler) for HAL_UART_IRQHandler
    stm32f7xx_it.o(i.USART2_IRQHandler) refers to usart.o(.bss) for huart2
    adc.o(i.HAL_ADC_MspDeInit) refers to stm32f7xx_hal_gpio.o(i.HAL_GPIO_DeInit) for HAL_GPIO_DeInit
    adc.o(i.HAL_ADC_MspDeInit) refers to stm32f7xx_hal_dma.o(i.HAL_DMA_DeInit) for HAL_DMA_DeInit
    adc.o(i.HAL_ADC_MspInit) refers to stm32f7xx_hal_gpio.o(i.HAL_GPIO_Init) for HAL_GPIO_Init
    adc.o(i.HAL_ADC_MspInit) refers to stm32f7xx_hal_dma.o(i.HAL_DMA_Init) for HAL_DMA_Init
    adc.o(i.HAL_ADC_MspInit) refers to main.o(i._Error_Handler) for _Error_Handler
    adc.o(i.HAL_ADC_MspInit) refers to adc.o(.bss) for hdma_adc1
[...]
    counter                                  0x200002fc   Data           4  fcpvp.o(.data)
    .data                                    0x20000300   Section        2  pickup_handles.o(.data)
    pick_up_counter                          0x20000301   Data           1  pickup_handles.o(.data)
    .data                                    0x20000304   Section      448  cs_handles.o(.data)
    .data                                    0x200004c4   Section        1  truerms.o(.data)
    counter                                  0x200004c4   Data           1  truerms.o(.data)
    .data                                    0x200004c8   Section      404  spectra.o(.data)
    count                                    0x20000658   Data           4  spectra.o(.data)
    .data                                    0x2000065c   Section       32  conversion.o(.data)
    count                                    0x20000670   Data           4  conversion.o(.data)
    sum                                      0x20000674   Data           4  conversion.o(.data)
    x                                        0x20000678   Data           4  conversion.o(.data)
    .data                                    0x2000067c   Section        8  boardio.o(.data)
    .data                                    0x20000684   Section        4  dataparsermerger.o(.data)
    .data                                    0x20000688   Section       12  configparams.o(.data)
    .data                                    0x20000694   Section        4  errno.o(.data)
    _errno                                   0x20000694   Data           4  errno.o(.data)
    .bss                                     0x20000698   Section      128  tim.o(.bss)
    .bss                                     0x20000718   Section       32  rtc.o(.bss)
    .bss                                     0x20000738   Section       76  quadspi.o(.bss)
    .bss                                     0x20000784   Section      504  adc.o(.bss)
    .bss                                     0x2000097c   Section       60  main.o(.bss)
    .bss                                     0x200009b8   Section      112  usart.o(.bss)
    .bss                                     0x20000a28   Section      100  spi.o(.bss)
    .bss                                     0x20000a8c   Section      116  init_protection.o(.bss)
    .bss                                     0x20000b00   Section      312  fc50.o(.bss)
    .bss                                     0x20000c38   Section       84  fc50n.o(.bss)
    .bss                                     0x20000c8c   Section      112  fc51.o(.bss)
    .bss                                     0x20000cfc   Section       32  fc51n.o(.bss)
    .bss                                     0x20000d1c   Section       24  fc27.o(.bss)
    .bss                                     0x20000d34   Section       96  fc59.o(.bss)
    .bss                                     0x20000d94   Section      268  fc46.o(.bss)
    .bss                                     0x20000ea0   Section       40  fc49.o(.bss)
    .bss                                     0x20000ec8   Section       36  fcbf.o(.bss)
    .bss                                     0x20000eec   Section       24  fc37.o(.bss)
    .bss                                     0x20000f04   Section      268  fcunb.o(.bss)
    UNBa_buffer                              0x20000f48   Data         100  fcunb.o(.bss)
    UNBb_buffer                              0x20000fac   Data         100  fcunb.o(.bss)
    .bss                                     0x20001010   Section     2528  fcpvp.o(.bss)
    peakBuffer                               0x20001540   Data        1200  fcpvp.o(.bss)
    .bss                                     0x200019f0   Section      296  pickup_handles.o(.bss)
    pick_buffer                              0x20001a20   Data         248  pickup_handles.o(.bss)
    .bss                                     0x20001b18   Section     5168  cs_handles.o(.bss)
    .bss                                     0x20002f48   Section     3120  truerms.o(.bss)
    .bss                                     0x20003b78   Section     1116  spectra.o(.bss)
    .bss                                     0x20003fd4   Section      408  conversion.o(.bss)
    .bss                                     0x2000416c   Section       36  powersysdata.o(.bss)
    .bss                                     0x20004190   Section     6032  spi_masterslave.o(.bss)
    .bss                                     0x20005920   Section     3008  uart_masterslave.o(.bss)
    STACK                                    0x200064e0   Section     1024  startup_stm32f767xx.o(STACK)

    Global Symbols

    Symbol Name                              Value     Ov Type        Size  Object(Section)

    BuildAttributes$$THM_ISAv4$E$P$D$K$B$S$7EM$VFPv5_D16$PE$PLD8$A:L22UL41UL21$X:L11$S22US41US21$IEEE1$IW$USESV6$~STKCKD$USESV7$~SHL$OTIME$ROPI$IEEEX$EBA8$MICROLIB$REQ8$PRES8$EABIv2 0x00000000   Number         0  anon$$obj.o ABSOLUTE
    __ARM_use_no_argv                        0x00000000   Number         0  main.o ABSOLUTE
    __cpp_initialize__aeabi_                  - Undefined Weak Reference
    __cxa_finalize                            - Undefined Weak Reference
    _clock_init                               - Undefined Weak Reference
    _microlib_exit                            - Undefined Weak Reference
    __Vectors_Size                           0x000001f8   Number         0  startup_stm32f767xx.o ABSOLUTE
    __Vectors                                0x08000000   Data           4  startup_stm32f767xx.o(RESET)
    __Vectors_End                            0x080001f8   Data           0  startup_stm32f767xx.o(RESET)
    __main                                   0x080001f9   Thumb Code     0  entry.o(.ARM.Collect$$$$00000000)
    _main_stk                                0x080001f9   Thumb Code     0  entry2.o(.ARM.Collect$$$$00000001)
    _main_scatterload                        0x080001fd   Thumb Code     0  entry5.o(.ARM.Collect$$$$00000004)
    __main_after_scatterload                 0x08000201   Thumb Code     0  entry5.o(.ARM.Collect$$$$00000004)
    _main_clock                              0x08000201   Thumb Code     0  entry7b.o(.ARM.Collect$$$$00000008)
    _main_cpp_init                           0x08000201   Thumb Code     0  entry8b.o(.ARM.Collect$$$$0000000A)
    _main_init                               0x08000201   Thumb Code     0  entry9a.o(.ARM.Collect$$$$0000000B)
    __rt_final_cpp                           0x08000209   Thumb Code     0  entry10a.o(.ARM.Collect$$$$0000000D)
    __rt_final_exit                          0x08000209   Thumb Code     0  entry11a.o(.ARM.Collect$$$$0000000F)
    Reset_Handler                            0x0800020d   Thumb Code     8  startup_stm32f767xx.o(.text)
    ADC_IRQHandler                           0x08000227   Thumb Code     0  startup_stm32f767xx.o(.text)
    CAN1_RX0_IRQHandler                      0x08000227   Thumb Code     0  startup_stm32f767xx.o(.text)
    CAN1_RX1_IRQHandler                      0x08000227   Thumb Code     0  startup_stm32f767xx.o(.text)
    CAN1_SCE_IRQHandler                      0x08000227   Thumb Code     0  startup_stm32f767xx.o(.text)
    CAN1_TX_IRQHandler                       0x08000227   Thumb Code     0  startup_stm32f767xx.o(.text)
    CAN2_RX0_IRQHandler                      0x08000227   Thumb Code     0  startup_stm32f767xx.o(.text)
    CAN2_RX1_IRQHandler                      0x08000227   Thumb Code     0  startup_stm32f767xx.o(.text)
    CAN2_SCE_IRQHandler                      0x08000227   Thumb Code     0  startup_stm32f767xx.o(.text)
    CAN2_TX_IRQHandler                       0x08000227   Thumb Code     0  startup_stm32f767xx.o(.text)
    CAN3_RX0_IRQHandler                      0x08000227   Thumb Code     0  startup_stm32f767xx.o(.text)
    CAN3_RX1_IRQHandler                      0x08000227   Thumb Code     0  startup_stm32f767xx.o(.text)
    CAN3_SCE_IRQHandler                      0x08000227   Thumb Code     0  startup_stm32f767xx.o(.text)
    CAN3_TX_IRQHandler                       0x08000227   Thumb Code     0  startup_stm32f767xx.o(.text)
    CEC_IRQHandler                           0x08000227   Thumb Code     0  startup_stm32f767xx.o(.text)
    DCMI_IRQHandler                          0x08000227   Thumb Code     0  startup_stm32f767xx.o(.text)
    DFSDM1_FLT0_IRQHandler                   0x08000227   Thumb Code     0  startup_stm32f767xx.o(.text)
    DFSDM1_FLT1_IRQHandler                   0x08000227   Thumb Code     0  startup_stm32f767xx.o(.text)
    DFSDM1_FLT2_IRQHandler                   0x08000227   Thumb Code     0  startup_stm32f767xx.o(.text)
    DFSDM1_FLT3_IRQHandler                   0x08000227   Thumb Code     0  startup_stm32f767xx.o(.text)
    DMA1_Stream0_IRQHandler                  0x08000227   Thumb Code     0  startup_stm32f767xx.o(.text)
    DMA1_Stream1_IRQHandler                  0x08000227   Thumb Code     0  startup_stm32f767xx.o(.text)
    DMA1_Stream2_IRQHandler                  0x08000227   Thumb Code     0  startup_stm32f767xx.o(.text)
    DMA1_Stream3_IRQHandler                  0x08000227   Thumb Code     0  startup_stm32f767xx.o(.text)
    DMA1_Stream4_IRQHandler                  0x08000227   Thumb Code     0  startup_stm32f767xx.o(.text)
    DMA1_Stream5_IRQHandler                  0x08000227   Thumb Code     0  startup_stm32f767xx.o(.text)
    DMA1_Stream6_IRQHandler                  0x08000227   Thumb Code     0  startup_stm32f767xx.o(.text)
    DMA1_Stream7_IRQHandler                  0x08000227   Thumb Code     0  startup_stm32f767xx.o(.text)
    DMA2D_IRQHandler                         0x08000227   Thumb Code     0  startup_stm32f767xx.o(.text)
    DMA2_Stream3_IRQHandler                  0x08000227   Thumb Code     0  startup_stm32f767xx.o(.text)
    DMA2_Stream4_IRQHandler                  0x08000227   Thumb Code     0  startup_stm32f767xx.o(.text)
    DMA2_Stream5_IRQHandler                  0x08000227   Thumb Code     0  startup_stm32f767xx.o(.text)
    DMA2_Stream6_IRQHandler                  0x08000227   Thumb Code     0  startup_stm32f767xx.o(.text)
    DMA2_Stream7_IRQHandler                  0x08000227   Thumb Code     0  startup_stm32f767xx.o(.text)
    ETH_IRQHandler                           0x08000227   Thumb Code     0  startup_stm32f767xx.o(.text)
    ETH_WKUP_IRQHandler                      0x08000227   Thumb Code     0  startup_stm32f767xx.o(.text)
    EXTI0_IRQHandler                         0x08000227   Thumb Code     0  startup_stm32f767xx.o(.text)
    EXTI1_IRQHandler                         0x08000227   Thumb Code     0  startup_stm32f767xx.o(.text)
    EXTI2_IRQHandler                         0x08000227   Thumb Code     0  startup_stm32f767xx.o(.text)
    EXTI3_IRQHandler                         0x08000227   Thumb Code     0  startup_stm32f767xx.o(.text)
    EXTI4_IRQHandler                         0x08000227   Thumb Code     0  startup_stm32f767xx.o(.text)
    EXTI9_5_IRQHandler                       0x08000227   Thumb Code     0  startup_stm32f767xx.o(.text)
    FLASH_IRQHandler                         0x08000227   Thumb Code     0  startup_stm32f767xx.o(.text)
    FMC_IRQHandler                           0x08000227   Thumb Code     0  startup_stm32f767xx.o(.text)
    FPU_IRQHandler                           0x08000227   Thumb Code     0  startup_stm32f767xx.o(.text)
    I2C1_ER_IRQHandler                       0x08000227   Thumb Code     0  startup_stm32f767xx.o(.text)
    I2C1_EV_IRQHandler                       0x08000227   Thumb Code     0  startup_stm32f767xx.o(.text)
    I2C2_ER_IRQHandler                       0x08000227   Thumb Code     0  startup_stm32f767xx.o(.text)
    I2C2_EV_IRQHandler                       0x08000227   Thumb Code     0  startup_stm32f767xx.o(.text)
    I2C3_ER_IRQHandler                       0x08000227   Thumb Code     0  startup_stm32f767xx.o(.text)
    I2C3_EV_IRQHandler                       0x08000227   Thumb Code     0  startup_stm32f767xx.o(.text)
    I2C4_ER_IRQHandler                       0x08000227   Thumb Code     0  startup_stm32f767xx.o(.text)
    I2C4_EV_IRQHandler                       0x08000227   Thumb Code     0  startup_stm32f767xx.o(.text)
    JPEG_IRQHandler                          0x08000227   Thumb Code     0  startup_stm32f767xx.o(.text)
    LPTIM1_IRQHandler                        0x08000227   Thumb Code     0  startup_stm32f767xx.o(.text)
    LTDC_ER_IRQHandler                       0x08000227   Thumb Code     0  startup_stm32f767xx.o(.text)
    LTDC_IRQHandler                          0x08000227   Thumb Code     0  startup_stm32f767xx.o(.text)
    MDIOS_IRQHandler                         0x08000227   Thumb Code     0  startup_stm32f767xx.o(.text)
    OTG_FS_IRQHandler                        0x08000227   Thumb Code     0  startup_stm32f767xx.o(.text)
    OTG_FS_WKUP_IRQHandler                   0x08000227   Thumb Code     0  startup_stm32f767xx.o(.text)
    OTG_HS_EP1_IN_IRQHandler                 0x08000227   Thumb Code     0  startup_stm32f767xx.o(.text)
    OTG_HS_EP1_OUT_IRQHandler                0x08000227   Thumb Code     0  startup_stm32f767xx.o(.text)
    OTG_HS_IRQHandler                        0x08000227   Thumb Code     0  startup_stm32f767xx.o(.text)
    OTG_HS_WKUP_IRQHandler                   0x08000227   Thumb Code     0  startup_stm32f767xx.o(.text)
    PVD_IRQHandler                           0x08000227   Thumb Code     0  startup_stm32f767xx.o(.text)
    QUADSPI_IRQHandler                       0x08000227   Thumb Code     0  startup_stm32f767xx.o(.text)
    RCC_IRQHandler                           0x08000227   Thumb Code     0  startup_stm32f767xx.o(.text)
    RNG_IRQHandler                           0x08000227   Thumb Code     0  startup_stm32f767xx.o(.text)
    RTC_Alarm_IRQHandler                     0x08000227   Thumb Code     0  startup_stm32f767xx.o(.text)
    RTC_WKUP_IRQHandler                      0x08000227   Thumb Code     0  startup_stm32f767xx.o(.text)
    SAI1_IRQHandler                          0x08000227   Thumb Code     0  startup_stm32f767xx.o(.text)
    SAI2_IRQHandler                          0x08000227   Thumb Code     0  startup_stm32f767xx.o(.text)
    SDMMC1_IRQHandler                        0x08000227   Thumb Code     0  startup_stm32f767xx.o(.text)
    SDMMC2_IRQHandler                        0x08000227   Thumb Code     0  startup_stm32f767xx.o(.text)
    SPDIF_RX_IRQHandler                      0x08000227   Thumb Code     0  startup_stm32f767xx.o(.text)
    SPI1_IRQHandler                          0x08000227   Thumb Code     0  startup_stm32f767xx.o(.text)
    SPI3_IRQHandler                          0x08000227   Thumb Code     0  startup_stm32f767xx.o(.text)
    SPI4_IRQHandler                          0x08000227   Thumb Code     0  startup_stm32f767xx.o(.text)
    SPI5_IRQHandler                          0x08000227   Thumb Code     0  startup_stm32f767xx.o(.text)
    SPI6_IRQHandler                          0x08000227   Thumb Code     0  startup_stm32f767xx.o(.text)
    TAMP_STAMP_IRQHandler                    0x08000227   Thumb Code     0  startup_stm32f767xx.o(.text)
    TIM1_BRK_TIM9_IRQHandler                 0x08000227   Thumb Code     0  startup_stm32f767xx.o(.text)
    TIM1_CC_IRQHandler                       0x08000227   Thumb Code     0  startup_stm32f767xx.o(.text)
    TIM1_TRG_COM_TIM11_IRQHandler            0x08000227   Thumb Code     0  startup_stm32f767xx.o(.text)
    TIM2_IRQHandler                          0x08000227   Thumb Code     0  startup_stm32f767xx.o(.text)
    TIM3_IRQHandler                          0x08000227   Thumb Code     0  startup_stm32f767xx.o(.text)
    TIM4_IRQHandler                          0x08000227   Thumb Code     0  startup_stm32f767xx.o(.text)
    TIM5_IRQHandler                          0x08000227   Thumb Code     0  startup_stm32f767xx.o(.text)
    TIM6_DAC_IRQHandler                      0x08000227   Thumb Code     0  startup_stm32f767xx.o(.text)
    TIM7_IRQHandler                          0x08000227   Thumb Code     0  startup_stm32f767xx.o(.text)
    TIM8_BRK_TIM12_IRQHandler                0x08000227   Thumb Code     0  startup_stm32f767xx.o(.text)
    TIM8_CC_IRQHandler                       0x08000227   Thumb Code     0  startup_stm32f767xx.o(.text)
    TIM8_TRG_COM_TIM14_IRQHandler            0x08000227   Thumb Code     0  startup_stm32f767xx.o(.text)
    TIM8_UP_TIM13_IRQHandler                 0x08000227   Thumb Code     0  startup_stm32f767xx.o(.text)
    UART4_IRQHandler                         0x08000227   Thumb Code     0  startup_stm32f767xx.o(.text)
    UART5_IRQHandler                         0x08000227   Thumb Code     0  startup_stm32f767xx.o(.text)
    UART7_IRQHandler                         0x08000227   Thumb Code     0  startup_stm32f767xx.o(.text)
    UART8_IRQHandler                         0x08000227   Thumb Code     0  startup_stm32f767xx.o(.text)
    USART1_IRQHandler                        0x08000227   Thumb Code     0  startup_stm32f767xx.o(.text)
    USART3_IRQHandler                        0x08000227   Thumb Code     0  startup_stm32f767xx.o(.text)
    USART6_IRQHandler                        0x08000227   Thumb Code     0  startup_stm32f767xx.o(.text)
    WWDG_IRQHandler                          0x08000227   Thumb Code     0  startup_stm32f767xx.o(.text)
    __aeabi_memcpy                           0x08000231   Thumb Code    36  memcpya.o(.text)
    __aeabi_memcpy4                          0x08000231   Thumb Code     0  memcpya.o(.text)
    __aeabi_memcpy8                          0x08000231   Thumb Code     0  memcpya.o(.text)
    __I$use$fp                               0x08000255   Thumb Code     0  iusefp.o(.text)
    __fp_status                              0x08000255   Thumb Code     4  fpstat.o(.text)
    __ieee_status                            0x08000255   Thumb Code     0  fpstat.o(.text)
    __scatterload                            0x08000259   Thumb Code    28  init.o(.text)
    __scatterload_rt2                        0x08000259   Thumb Code     0  init.o(.text)
    __decompress                             0x0800027d   Thumb Code     0  __dclz77c.o(.text)
    __decompress2                            0x0800027d   Thumb Code    94  __dclz77c.o(.text)
    BusFault_Handler                         0x080004df   Thumb Code     4  stm32f7xx_it.o(i.BusFault_Handler)
    DMA2_Stream0_IRQHandler                  0x080004e5   Thumb Code    10  stm32f7xx_it.o(i.DMA2_Stream0_IRQHandler)
    DMA2_Stream1_IRQHandler                  0x080004f5   Thumb Code    10  stm32f7xx_it.o(i.DMA2_Stream1_IRQHandler)
    DMA2_Stream2_IRQHandler                  0x08000505   Thumb Code    10  stm32f7xx_it.o(i.DMA2_Stream2_IRQHandler)
    DebugMon_Handler                         0x0800061f   Thumb Code     2  stm32f7xx_it.o(i.DebugMon_Handler)
    EXTI15_10_IRQHandler                     0x08000621   Thumb Code    18  stm32f7xx_it.o(i.EXTI15_10_IRQHandler)
    HAL_ADCEx_MultiModeConfigChannel         0x08000639   Thumb Code   128  stm32f7xx_hal_adc_ex.o(i.HAL_ADCEx_MultiModeConfigChannel)
    HAL_ADCEx_MultiModeStart_DMA             0x080006c1   Thumb Code   278  stm32f7xx_hal_adc_ex.o(i.HAL_ADCEx_MultiModeStart_DMA)
    HAL_ADC_ConfigChannel                    0x080007f5   Thumb Code   414  stm32f7xx_hal_adc.o(i.HAL_ADC_ConfigChannel)
    HAL_ADC_ConvCpltCallback                 0x080009a9   Thumb Code   944  conversion.o(i.HAL_ADC_ConvCpltCallback)
    HAL_ADC_ConvHalfCpltCallback             0x08000d85   Thumb Code     2  stm32f7xx_hal_adc.o(i.HAL_ADC_ConvHalfCpltCallback)
    HAL_ADC_ErrorCallback                    0x08000d87   Thumb Code     2  stm32f7xx_hal_adc.o(i.HAL_ADC_ErrorCallback)
    HAL_ADC_Init                             0x08000d89   Thumb Code   100  stm32f7xx_hal_adc.o(i.HAL_ADC_Init)
    HAL_ADC_MspInit                          0x08000df1   Thumb Code   442  adc.o(i.HAL_ADC_MspInit)
    HAL_ADC_Start                            0x08000fe9   Thumb Code   238  stm32f7xx_hal_adc.o(i.HAL_ADC_Start)
    HAL_DMA_Abort_IT                         0x080010e9   Thumb Code    40  stm32f7xx_hal_dma.o(i.HAL_DMA_Abort_IT)
    HAL_DMA_IRQHandler                       0x08001111   Thumb Code   574  stm32f7xx_hal_dma.o(i.HAL_DMA_IRQHandler)
    HAL_DMA_Init                             0x08001359   Thumb Code   232  stm32f7xx_hal_dma.o(i.HAL_DMA_Init)
    HAL_DMA_Start_IT                         0x08001445   Thumb Code   158  stm32f7xx_hal_dma.o(i.HAL_DMA_Start_IT)
    HAL_GPIO_EXTI_Callback                   0x080014e3   Thumb Code     2  main.o(i.HAL_GPIO_EXTI_Callback)
    HAL_GPIO_EXTI_IRQHandler                 0x080014e5   Thumb Code    24  stm32f7xx_hal_gpio.o(i.HAL_GPIO_EXTI_IRQHandler)
    HAL_GPIO_Init                            0x08001501   Thumb Code   484  stm32f7xx_hal_gpio.o(i.HAL_GPIO_Init)
    HAL_GPIO_ReadPin                         0x08001719   Thumb Code    16  stm32f7xx_hal_gpio.o(i.HAL_GPIO_ReadPin)
    HAL_GPIO_WritePin                        0x08001729   Thumb Code    12  stm32f7xx_hal_gpio.o(i.HAL_GPIO_WritePin)
    HAL_GetTick                              0x08001735   Thumb Code     6  stm32f7xx_hal.o(i.HAL_GetTick)
    HAL_IncTick                              0x08001741   Thumb Code    12  stm32f7xx_hal.o(i.HAL_IncTick)
    HAL_Init                                 0x08001751   Thumb Code    22  stm32f7xx_hal.o(i.HAL_Init)
    HAL_InitTick                             0x08001769   Thumb Code    36  stm32f7xx_hal.o(i.HAL_InitTick)
    HAL_MspInit                              0x08001791   Thumb Code    86  stm32f7xx_hal_msp.o(i.HAL_MspInit)
    HAL_NVIC_EnableIRQ                       0x080017e7   Thumb Code    26  stm32f7xx_hal_cortex.o(i.HAL_NVIC_EnableIRQ)
    HAL_NVIC_SetPriority                     0x08001801   Thumb Code   124  stm32f7xx_hal_cortex.o(i.HAL_NVIC_SetPriority)
    HAL_NVIC_SetPriorityGrouping             0x0800187d   Thumb Code    32  stm32f7xx_hal_cortex.o(i.HAL_NVIC_SetPriorityGrouping)
    HAL_PWREx_EnableOverDrive                0x080018a5   Thumb Code   136  stm32f7xx_hal_pwr_ex.o(i.HAL_PWREx_EnableOverDrive)
    HAL_QSPI_Init                            0x08001935   Thumb Code   208  stm32f7xx_hal_qspi.o(i.HAL_QSPI_Init)
    HAL_QSPI_MspInit                         0x08001a0d   Thumb Code   134  quadspi.o(i.HAL_QSPI_MspInit)
    HAL_QSPI_SetTimeout                      0x08001aa5   Thumb Code     4  stm32f7xx_hal_qspi.o(i.HAL_QSPI_SetTimeout)
    HAL_RCCEx_PeriphCLKConfig                0x08001aa9   Thumb Code  1876  stm32f7xx_hal_rcc_ex.o(i.HAL_RCCEx_PeriphCLKConfig)
    HAL_RCC_ClockConfig                      0x08002201   Thumb Code   338  stm32f7xx_hal_rcc.o(i.HAL_RCC_ClockConfig)
    HAL_RCC_GetHCLKFreq                      0x08002365   Thumb Code     6  stm32f7xx_hal_rcc.o(i.HAL_RCC_GetHCLKFreq)
    HAL_RCC_GetPCLK1Freq                     0x08002371   Thumb Code    22  stm32f7xx_hal_rcc.o(i.HAL_RCC_GetPCLK1Freq)
    HAL_RCC_GetPCLK2Freq                     0x08002391   Thumb Code    22  stm32f7xx_hal_rcc.o(i.HAL_RCC_GetPCLK2Freq)
    HAL_RCC_GetSysClockFreq                  0x080023b1   Thumb Code   130  stm32f7xx_hal_rcc.o(i.HAL_RCC_GetSysClockFreq)
    HAL_RCC_OscConfig                        0x08002441   Thumb Code  1204  stm32f7xx_hal_rcc.o(i.HAL_RCC_OscConfig)
    HAL_RTC_Init                             0x080028f9   Thumb Code   176  stm32f7xx_hal_rtc.o(i.HAL_RTC_Init)
    HAL_RTC_MspInit                          0x080029ad   Thumb Code    22  rtc.o(i.HAL_RTC_MspInit)
    HAL_SPI_ErrorCallback                    0x080029cd   Thumb Code     2  stm32f7xx_hal_spi.o(i.HAL_SPI_ErrorCallback)
    HAL_SPI_IRQHandler                       0x080029d1   Thumb Code   308  stm32f7xx_hal_spi.o(i.HAL_SPI_IRQHandler)
    HAL_SPI_Init                             0x08002b09   Thumb Code   204  stm32f7xx_hal_spi.o(i.HAL_SPI_Init)
    HAL_SPI_MspInit                          0x08002bd5   Thumb Code    92  spi.o(i.HAL_SPI_MspInit)
    HAL_SPI_Transmit_IT                      0x08002c3d   Thumb Code   166  stm32f7xx_hal_spi.o(i.HAL_SPI_Transmit_IT)
    HAL_SPI_TxCpltCallback                   0x08002ced   Thumb Code    30  spi_masterslave.o(i.HAL_SPI_TxCpltCallback)
    HAL_SYSTICK_CLKSourceConfig              0x08002d15   Thumb Code    40  stm32f7xx_hal_cortex.o(i.HAL_SYSTICK_CLKSourceConfig)
    HAL_SYSTICK_Callback                     0x08002d3d   Thumb Code     2  stm32f7xx_hal_cortex.o(i.HAL_SYSTICK_Callback)
    HAL_SYSTICK_Config                       0x08002d3f   Thumb Code    52  stm32f7xx_hal_cortex.o(i.HAL_SYSTICK_Config)
    HAL_SYSTICK_IRQHandler                   0x08002d73   Thumb Code     8  stm32f7xx_hal_cortex.o(i.HAL_SYSTICK_IRQHandler)
    HAL_TIMEx_BreakCallback                  0x08002d7b   Thumb Code     2  stm32f7xx_hal_tim_ex.o(i.HAL_TIMEx_BreakCallback)
    HAL_TIMEx_CommutationCallback            0x08002d7d   Thumb Code     2  stm32f7xx_hal_tim_ex.o(i.HAL_TIMEx_CommutationCallback)
    HAL_TIMEx_MasterConfigSynchronization    0x08002d81   Thumb Code    98  stm32f7xx_hal_tim_ex.o(i.HAL_TIMEx_MasterConfigSynchronization)
    HAL_TIM_Base_Init                        0x08002ded   Thumb Code    52  stm32f7xx_hal_tim.o(i.HAL_TIM_Base_Init)
    HAL_TIM_Base_MspInit                     0x08002e21   Thumb Code   100  tim.o(i.HAL_TIM_Base_MspInit)
    HAL_TIM_Base_Start_IT                    0x08002e91   Thumb Code    30  stm32f7xx_hal_tim.o(i.HAL_TIM_Base_Start_IT)
    HAL_TIM_ConfigClockSource                0x08002eb1   Thumb Code   308  stm32f7xx_hal_tim.o(i.HAL_TIM_ConfigClockSource)
    HAL_TIM_IC_CaptureCallback               0x08002fe9   Thumb Code     2  stm32f7xx_hal_tim.o(i.HAL_TIM_IC_CaptureCallback)
    HAL_TIM_IRQHandler                       0x08002feb   Thumb Code   440  stm32f7xx_hal_tim.o(i.HAL_TIM_IRQHandler)
    HAL_TIM_OC_DelayElapsedCallback          0x080031a3   Thumb Code     2  stm32f7xx_hal_tim.o(i.HAL_TIM_OC_DelayElapsedCallback)
    HAL_TIM_PWM_PulseFinishedCallback        0x080031a5   Thumb Code     2  stm32f7xx_hal_tim.o(i.HAL_TIM_PWM_PulseFinishedCallback)
    HAL_TIM_PeriodElapsedCallback            0x080031a7   Thumb Code     2  stm32f7xx_hal_tim.o(i.HAL_TIM_PeriodElapsedCallback)
    HAL_TIM_TriggerCallback                  0x080031a9   Thumb Code     2  stm32f7xx_hal_tim.o(i.HAL_TIM_TriggerCallback)
    HAL_UART_ErrorCallback                   0x080031ab   Thumb Code     2  stm32f7xx_hal_uart.o(i.HAL_UART_ErrorCallback)
    HAL_UART_IRQHandler                      0x080031ad   Thumb Code   348  stm32f7xx_hal_uart.o(i.HAL_UART_IRQHandler)
    HAL_UART_Init                            0x0800330d   Thumb Code   120  stm32f7xx_hal_uart.o(i.HAL_UART_Init)
    HAL_UART_MspInit                         0x08003385   Thumb Code    90  usart.o(i.HAL_UART_MspInit)
    HAL_UART_Receive_IT                      0x080033ed   Thumb Code   188  stm32f7xx_hal_uart.o(i.HAL_UART_Receive_IT)
    HAL_UART_RxCpltCallback                  0x080034a9   Thumb Code    62  uart_masterslave.o(i.HAL_UART_RxCpltCallback)
    HAL_UART_TxCpltCallback                  0x080034f5   Thumb Code    20  uart_masterslave.o(i.HAL_UART_TxCpltCallback)
    HardFault_Handler                        0x08003511   Thumb Code     4  stm32f7xx_it.o(i.HardFault_Handler)
    MX_ADC1_Init                             0x08003515   Thumb Code   240  adc.o(i.MX_ADC1_Init)
    MX_ADC2_Init                             0x0800361d   Thumb Code   190  adc.o(i.MX_ADC2_Init)
    MX_ADC3_Init                             0x080036f5   Thumb Code   188  adc.o(i.MX_ADC3_Init)
    MX_DMA_Init                              0x080037c9   Thumb Code    48  dma.o(i.MX_DMA_Init)
    MX_GPIO_Init                             0x080037fd   Thumb Code   634  gpio.o(i.MX_GPIO_Init)
    MX_QUADSPI_Init                          0x08003ac1   Thumb Code    52  quadspi.o(i.MX_QUADSPI_Init)
    MX_RTC_Init                              0x08003b11   Thumb Code    46  rtc.o(i.MX_RTC_Init)
    MX_SPI2_Init                             0x08003b59   Thumb Code    76  spi.o(i.MX_SPI2_Init)
    MX_TIM1_Init                             0x08003bbd   Thumb Code   104  tim.o(i.MX_TIM1_Init)
    MX_TIM6_Init                             0x08003c3d   Thumb Code    68  tim.o(i.MX_TIM6_Init)
    MX_USART2_UART_Init                      0x08003c99   Thumb Code    60  usart.o(i.MX_USART2_UART_Init)
    MemManage_Handler                        0x08003ced   Thumb Code     4  stm32f7xx_it.o(i.MemManage_Handler)
    NMI_Handler                              0x08003cf1   Thumb Code     2  stm32f7xx_it.o(i.NMI_Handler)
    PendSV_Handler                           0x08003d2d   Thumb Code     2  stm32f7xx_it.o(i.PendSV_Handler)
    RTC_EnterInitMode                        0x08003d7b   Thumb Code    62  stm32f7xx_hal_rtc.o(i.RTC_EnterInitMode)
    SPI2_IRQHandler                          0x08003e55   Thumb Code    10  stm32f7xx_it.o(i.SPI2_IRQHandler)
    SVC_Handler                              0x080040d7   Thumb Code     2  stm32f7xx_it.o(i.SVC_Handler)
    SysTick_Handler                          0x080040d9   Thumb Code    20  stm32f7xx_it.o(i.SysTick_Handler)
    SystemClock_Config                       0x080040ed   Thumb Code   242  main.o(i.SystemClock_Config)
    SystemInit                               0x080041f9   Thumb Code    82  system_stm32f7xx.o(i.SystemInit)
    TIM1_UP_TIM10_IRQHandler                 0x0800425d   Thumb Code    10  stm32f7xx_it.o(i.TIM1_UP_TIM10_IRQHandler)
    TIM_Base_SetConfig                       0x0800426d   Thumb Code   196  stm32f7xx_hal_tim.o(i.TIM_Base_SetConfig)
    TIM_ETR_SetConfig                        0x0800435d   Thumb Code    24  stm32f7xx_hal_tim.o(i.TIM_ETR_SetConfig)
    UART_AdvFeatureConfig                    0x080043df   Thumb Code   234  stm32f7xx_hal_uart.o(i.UART_AdvFeatureConfig)
    UART_CheckIdleState                      0x080044c9   Thumb Code    78  stm32f7xx_hal_uart.o(i.UART_CheckIdleState)
    UART_SetConfig                           0x080045f9   Thumb Code   858  stm32f7xx_hal_uart.o(i.UART_SetConfig)
    UART_WaitOnFlagUntilTimeout              0x080049ef   Thumb Code   108  stm32f7xx_hal_uart.o(i.UART_WaitOnFlagUntilTimeout)
    USART2_IRQHandler                        0x08004a5d   Thumb Code    10  stm32f7xx_it.o(i.USART2_IRQHandler)
    UsageFault_Handler                       0x08004a6d   Thumb Code     4  stm32f7xx_it.o(i.UsageFault_Handler)
    _Error_Handler                           0x08004a71   Thumb Code     4  main.o(i._Error_Handler)
    __ARM_fpclassify                         0x08004a75   Thumb Code    48  fpclassify.o(i.__ARM_fpclassify)
    __ARM_fpclassifyf                        0x08004aa5   Thumb Code    38  fpclassifyf.o(i.__ARM_fpclassifyf)
    __hardfp_atan                            0x08004ad1   Thumb Code   402  atan.o(i.__hardfp_atan)
    __hardfp_atan2                           0x08004cd1   Thumb Code   380  atan2.o(i.__hardfp_atan2)
    __hardfp_atan2f                          0x08004e91   Thumb Code   502  atan2f.o(i.__hardfp_atan2f)
    __hardfp_powf                            0x080050e9   Thumb Code  1590  powf.o(i.__hardfp_powf)
    __mathlib_powf                           0x080050e9   Thumb Code     0  powf.o(i.__hardfp_powf)
    __hardfp_sin                             0x08005741   Thumb Code   158  sin.o(i.__hardfp_sin)
    __hardfp_sqrt                            0x080057f1   Thumb Code   102  sqrt.o(i.__hardfp_sqrt)
    __hardfp_sqrtf                           0x08005857   Thumb Code    58  sqrtf.o(i.__hardfp_sqrtf)
    __ieee754_rem_pio2                       0x08005891   Thumb Code   646  rred.o(i.__ieee754_rem_pio2)
    __kernel_cos                             0x08005ba1   Thumb Code   182  cos_i.o(i.__kernel_cos)
    __kernel_poly                            0x08005c81   Thumb Code   112  poly.o(i.__kernel_poly)
    __kernel_sin                             0x08005cf1   Thumb Code   144  sin_i.o(i.__kernel_sin)
    __mathlib_dbl_infnan                     0x08005d99   Thumb Code     6  dunder.o(i.__mathlib_dbl_infnan)
    __mathlib_dbl_infnan2                    0x08005d9f   Thumb Code     6  dunder.o(i.__mathlib_dbl_infnan2)
    __mathlib_dbl_invalid                    0x08005da9   Thumb Code    10  dunder.o(i.__mathlib_dbl_invalid)
    __mathlib_dbl_underflow                  0x08005dc1   Thumb Code    10  dunder.o(i.__mathlib_dbl_underflow)
    __mathlib_flt_divzero                    0x08005dd9   Thumb Code    14  funder.o(i.__mathlib_flt_divzero)
    __mathlib_flt_infnan2                    0x08005df1   Thumb Code     6  funder.o(i.__mathlib_flt_infnan2)
    __mathlib_flt_invalid                    0x08005df9   Thumb Code    10  funder.o(i.__mathlib_flt_invalid)
    __mathlib_flt_overflow                   0x08005e09   Thumb Code    10  funder.o(i.__mathlib_flt_overflow)
    __mathlib_flt_underflow                  0x08005e19   Thumb Code    10  funder.o(i.__mathlib_flt_underflow)
    __scatterload_copy                       0x08005e29   Thumb Code    14  handlers.o(i.__scatterload_copy)
    __scatterload_null                       0x08005e37   Thumb Code     2  handlers.o(i.__scatterload_null)
    __scatterload_zeroinit                   0x08005e39   Thumb Code    14  handlers.o(i.__scatterload_zeroinit)
    __set_errno                              0x08005e49   Thumb Code     6  errno.o(i.__set_errno)
    atan                                     0x08005e55   Thumb Code    16  atan.o(i.atan)
    boardIO                                  0x08005e65   Thumb Code   596  boardio.o(i.boardIO)
    cs_PQ_combination                        0x080060d9   Thumb Code   266  cs_handles.o(i.cs_PQ_combination)
    cs_computations                          0x080061f9   Thumb Code   470  measurement_functions.o(i.cs_computations)
    cs_generation                            0x080063e9   Thumb Code   100  measurement_functions.o(i.cs_generation)
    cs_handles                               0x0800644d   Thumb Code  1112  cs_handles.o(i.cs_handles)
    dpm_mergeDWord                           0x080068a5   Thumb Code    76  dataparsermerger.o(i.dpm_mergeDWord)
    dpm_mergeFloat                           0x080068f1   Thumb Code    90  dataparsermerger.o(i.dpm_mergeFloat)
    dpm_parseDWord                           0x08006951   Thumb Code    66  dataparsermerger.o(i.dpm_parseDWord)
    dpm_parseFloat                           0x08006995   Thumb Code    78  dataparsermerger.o(i.dpm_parseFloat)
    fabs                                     0x080069e9   Thumb Code    24  fabs.o(i.fabs)
    fc27                                     0x08006a01   Thumb Code   156  protection_functions.o(i.fc27)
    fc27_all                                 0x08006aa1   Thumb Code   256  fc27.o(i.fc27_all)
    fc27_init                                0x08006bc9   Thumb Code    28  fc27.o(i.fc27_init)
    fc37                                     0x08006bf1   Thumb Code   140  protection_functions.o(i.fc37)
    fc37_all                                 0x08006c81   Thumb Code   406  fc37.o(i.fc37_all)
    fc37_init                                0x08006e69   Thumb Code    28  fc37.o(i.fc37_init)
    fc46_all                                 0x08006e91   Thumb Code   158  fc46.o(i.fc46_all)
    fc46_init                                0x08006f55   Thumb Code    90  fc46.o(i.fc46_init)
    fc46d                                    0x08006fc1   Thumb Code   254  protection_functions.o(i.fc46d)
    fc46i                                    0x080070c9   Thumb Code   316  protection_functions.o(i.fc46i)
    fc49                                     0x08007219   Thumb Code    88  protection_functions.o(i.fc49)
    fc49_all                                 0x08007275   Thumb Code   352  fc49.o(i.fc49_all)
    fc49_init                                0x0800741d   Thumb Code    90  fc49.o(i.fc49_init)
    fc50                                     0x08007491   Thumb Code   178  protection_functions.o(i.fc50)
    fc50N_all                                0x08007549   Thumb Code   212  fc50n.o(i.fc50N_all)
    fc50N_init                               0x08007649   Thumb Code    46  fc50n.o(i.fc50N_init)
    fc50_all                                 0x08007689   Thumb Code   858  fc50.o(i.fc50_all)
    fc50_init                                0x08007a59   Thumb Code    68  fc50.o(i.fc50_init)
    fc51                                     0x08007ab9   Thumb Code   240  protection_functions.o(i.fc51)
    fc51N_all                                0x08007bb9   Thumb Code    84  fc51n.o(i.fc51N_all)
    fc51N_init                               0x08007c29   Thumb Code    64  fc51n.o(i.fc51N_init)
    fc51_all                                 0x08007c75   Thumb Code   290  fc51.o(i.fc51_all)
    fc51_init                                0x08007dcd   Thumb Code   110  fc51.o(i.fc51_init)
    fc59                                     0x08007e4d   Thumb Code   114  protection_functions.o(i.fc59)
    fc59_all                                 0x08007ec5   Thumb Code   208  fc59.o(i.fc59_all)
    fc59_init                                0x08007fbd   Thumb Code    28  fc59.o(i.fc59_init)
    fcBF                                     0x08007fe1   Thumb Code   264  protection_functions.o(i.fcBF)
    fcBF_all                                 0x080080ed   Thumb Code   182  fcbf.o(i.fcBF_all)
    fcBF_init                                0x080081c1   Thumb Code    28  fcbf.o(i.fcBF_init)
    fcPVP_all                                0x080081e5   Thumb Code   454  fcpvp.o(i.fcPVP_all)
    fcPVP_init                               0x0800840d   Thumb Code    46  fcpvp.o(i.fcPVP_init)
    fcPVPd                                   0x08008449   Thumb Code   142  protection_functions.o(i.fcPVPd)
    fcPVPi                                   0x080084dd   Thumb Code   192  protection_functions.o(i.fcPVPi)
    fcUNB_all                                0x080085ad   Thumb Code   370  fcunb.o(i.fcUNB_all)
    fcUNB_init                               0x08008765   Thumb Code    40  fcunb.o(i.fcUNB_init)
    fcUNB_initial_dt                         0x08008799   Thumb Code   226  fcunb.o(i.fcUNB_initial_dt)
    fcUNBd                                   0x080088ad   Thumb Code   142  protection_functions.o(i.fcUNBd)
    fcUNBi                                   0x08008941   Thumb Code   224  protection_functions.o(i.fcUNBi)
    initFunctions                            0x08008a39   Thumb Code    56  initfunctions.o(i.initFunctions)
    init_conversion                          0x08008a71   Thumb Code   198  conversion.o(i.init_conversion)
    init_protection                          0x08008b6d   Thumb Code  3754  init_protection.o(i.init_protection)
    main                                     0x08009a31   Thumb Code   258  main.o(i.main)
    main_flow                                0x08009b61   Thumb Code    72  main_flow.o(i.main_flow)
    maxSelector_3p                           0x08009ba9   Thumb Code    38  protection_functions.o(i.maxSelector_3p)
    off_delay                                0x08009bcf   Thumb Code    48  protection_functions.o(i.off_delay)
    on_delay                                 0x08009bff   Thumb Code    46  protection_functions.o(i.on_delay)
    on_off_delay                             0x08009c2d   Thumb Code    38  protection_functions.o(i.on_off_delay)
    peak_detect_rms                          0x08009c55   Thumb Code   118  measurement_functions.o(i.peak_detect_rms)
    pick_trip_reset_handles                  0x08009cd5   Thumb Code    16  pickup_handles.o(i.pick_trip_reset_handles)
    pick_up_handles                          0x08009ce5   Thumb Code  3048  pickup_handles.o(i.pick_up_handles)
    prefilter                                0x0800a921   Thumb Code    46  measurement_functions.o(i.prefilter)
    pullDataFromMaster                       0x0800a959   Thumb Code  1684  configparams.o(i.pullDataFromMaster)
    pushDataToMaster                         0x0800b015   Thumb Code  2596  commparams.o(i.pushDataToMaster)
    pvp_curve                                0x0800ba59   Thumb Code   370  protection_functions.o(i.pvp_curve)
    pvp_post_filter                          0x0800bc15   Thumb Code   100  measurement_functions.o(i.pvp_post_filter)
    reset_handles                            0x0800bc79   Thumb Code  1522  pickup_handles.o(i.reset_handles)
    signal_spectra                           0x0800c2a9   Thumb Code   254  measurement_functions.o(i.signal_spectra)
    spectral_analysis                        0x0800c3ad   Thumb Code   106  spectra.o(i.spectral_analysis)
    spi_initComApp                           0x0800c513   Thumb Code    12  spi_masterslave.o(i.spi_initComApp)
    spi_runComApp                            0x0800c7f7   Thumb Code    16  spi_masterslave.o(i.spi_runComApp)
    spi_sysTickCallApp                       0x0800c809   Thumb Code    12  spi_masterslave.o(i.spi_sysTickCallApp)
    sym_comp                                 0x0800c815   Thumb Code   258  measurement_functions.o(i.sym_comp)
    sym_mag                                  0x0800c921   Thumb Code   430  measurement_functions.o(i.sym_mag)
    thermal_status                           0x0800cad9   Thumb Code   146  measurement_functions.o(i.thermal_status)
    trip_handles                             0x0800cb71   Thumb Code  2368  pickup_handles.o(i.trip_handles)
    trueRMS                                  0x0800d4b5   Thumb Code   384  truerms.o(i.trueRMS)
    true_rms                                 0x0800d659   Thumb Code   132  measurement_functions.o(i.true_rms)
    uart_initComApp                          0x0800d815   Thumb Code     8  uart_masterslave.o(i.uart_initComApp)
    uart_runComApp                           0x0800d919   Thumb Code    16  uart_masterslave.o(i.uart_runComApp)
    uart_sysTickCallApp                      0x0800d929   Thumb Code    12  uart_masterslave.o(i.uart_sysTickCallApp)
    AHBPrescTable                            0x0800d93c   Data          16  system_stm32f7xx.o(.constdata)
    APBPrescTable                            0x0800d94c   Data           8  system_stm32f7xx.o(.constdata)
    __mathlib_zero                           0x0800dc50   Data           8  qnan.o(.constdata)
    Region$$Table$$Base                      0x0800dd48   Number         0  anon$$obj.o(Region$$Table)
    Region$$Table$$Limit                     0x0800dd68   Number         0  anon$$obj.o(Region$$Table)
    incoming_data_flag                       0x20000000   Data           1  main.o(.data)
    incoming_data_flag_counter               0x20000004   Data           4  main.o(.data)
    write_enable                             0x20000008   Data           1  main.o(.data)
    uwTick                                   0x2000000c   Data           4  stm32f7xx_hal.o(.data)
    SystemCoreClock                          0x20000010   Data           4  system_stm32f7xx.o(.data)
    cSelect1                                 0x20000014   Data           4  init_protection.o(.data)
    cSelect2                                 0x20000018   Data           4  init_protection.o(.data)
    curve                                    0x2000001c   Data           1  init_protection.o(.data)
    curve_data                               0x20000020   Data          96  init_protection.o(.data)
    fc27_obj1_L1_out                         0x20000080   Data           8  fc27.o(.data)
    fc27_obj1_L2_out                         0x20000088   Data           8  fc27.o(.data)
    fc49_obj1_L1_in                          0x2000009c   Data           4  fc49.o(.data)
    fc49_obj1_L2_in                          0x200000a0   Data           4  fc49.o(.data)
    fc49_obj2_L1_in                          0x200000a4   Data           4  fc49.o(.data)
    fc49_obj2_L2_in                          0x200000a8   Data           4  fc49.o(.data)
    fc49_obj1_L1_out_a                       0x200000ac   Data           4  fc49.o(.data)
    fc49_obj1_L1_out_b                       0x200000b0   Data           4  fc49.o(.data)
    fc49_obj1_L1_out_c                       0x200000b4   Data           4  fc49.o(.data)
    fc49_obj2_L1_out_a                       0x200000b8   Data           4  fc49.o(.data)
    fc49_obj2_L1_out_b                       0x200000bc   Data           4  fc49.o(.data)
    fc49_obj2_L1_out_c                       0x200000c0   Data           4  fc49.o(.data)
    therm_a_obj1                             0x200000c4   Data           4  fc49.o(.data)
    therm_b_obj1                             0x200000c8   Data           4  fc49.o(.data)
    therm_c_obj1                             0x200000cc   Data           4  fc49.o(.data)
    therm_a_obj2                             0x200000d0   Data           4  fc49.o(.data)
    therm_b_obj2                             0x200000d4   Data           4  fc49.o(.data)
    therm_c_obj2                             0x200000d8   Data           4  fc49.o(.data)
    fc37_obj1_L1_out_a                       0x200000dc   Data           8  fc37.o(.data)
    fc37_obj1_L1_out_b                       0x200000e4   Data           8  fc37.o(.data)
    fc37_obj1_L1_out_c                       0x200000ec   Data           8  fc37.o(.data)
    fc37_obj2_L1_out_a                       0x200000f4   Data           8  fc37.o(.data)
    fc37_obj2_L1_out_b                       0x200000fc   Data           8  fc37.o(.data)
    fc37_obj2_L1_out_c                       0x20000104   Data           8  fc37.o(.data)
    fcUNBi_obj1_L1_in                        0x20000118   Data           8  fcunb.o(.data)
    UNBpcorrection                           0x20000120   Data           4  fcunb.o(.data)
    detect                                   0x20000124   Data           1  fcunb.o(.data)
    comp                                     0x20000125   Data           1  fcunb.o(.data)
    dmy_phase                                0x20000126   Data           1  fcunb.o(.data)
    UNBa_rms                                 0x20000128   Data           4  fcunb.o(.data)
    UNBb_rms                                 0x2000012c   Data           4  fcunb.o(.data)
    fcPVPd_obj1_L1_out_a                     0x20000138   Data           8  fcpvp.o(.data)
    fcPVPd_obj1_L1_out_b                     0x20000140   Data           8  fcpvp.o(.data)
    fcPVPd_obj1_L1_out_c                     0x20000148   Data           8  fcpvp.o(.data)
    pvp_coefficents                          0x20000150   Data         404  fcpvp.o(.data)
    peak_a                                   0x200002e4   Data           4  fcpvp.o(.data)
    peak_b                                   0x200002e8   Data           4  fcpvp.o(.data)
    peak_c                                   0x200002ec   Data           4  fcpvp.o(.data)
    peak_a_test                              0x200002f0   Data           4  fcpvp.o(.data)
    peak_b_test                              0x200002f4   Data           4  fcpvp.o(.data)
    peak_c_test                              0x200002f8   Data           4  fcpvp.o(.data)
    fault_code                               0x20000300   Data           1  pickup_handles.o(.data)
    resA                                     0x20000304   Data           8  cs_handles.o(.data)
    resB                                     0x2000030c   Data           8  cs_handles.o(.data)
    resC                                     0x20000314   Data           8  cs_handles.o(.data)
    n                                        0x2000031c   Data           8  cs_handles.o(.data)
    UNBa                                     0x20000324   Data           8  cs_handles.o(.data)
    UNBb                                     0x2000032c   Data           8  cs_handles.o(.data)
    sin_coeffs                               0x20000334   Data         200  cs_handles.o(.data)
    cos_coeffs                               0x200003fc   Data         200  cs_handles.o(.data)
    coeffs_real                              0x200004c8   Data         200  spectra.o(.data)
    coeffs_imag                              0x20000590   Data         200  spectra.o(.data)
    conversion_completed                     0x2000065c   Data           1  conversion.o(.data)
    cycle_count_1                            0x20000660   Data           4  conversion.o(.data)
    cycle_count_2                            0x20000664   Data           4  conversion.o(.data)
    calc_offset                              0x20000668   Data           4  conversion.o(.data)
    ch                                       0x2000066c   Data           1  conversion.o(.data)
    DI                                       0x2000067c   Data           4  boardio.o(.data)
    DO                                       0x20000680   Data           4  boardio.o(.data)
    typeCnv                                  0x20000684   Data           4  dataparsermerger.o(.data)
    pEN                                      0x20000688   Data           4  configparams.o(.data)
    mSelect                                  0x2000068c   Data           4  configparams.o(.data)
    pFlag                                    0x20000690   Data           4  configparams.o(.data)
    htim1                                    0x20000698   Data          64  tim.o(.bss)
    htim6                                    0x200006d8   Data          64  tim.o(.bss)
    hrtc                                     0x20000718   Data          32  rtc.o(.bss)
    hqspi                                    0x20000738   Data          76  quadspi.o(.bss)
    hadc1                                    0x20000784   Data          72  adc.o(.bss)
    hadc2                                    0x200007cc   Data          72  adc.o(.bss)
    hadc3                                    0x20000814   Data          72  adc.o(.bss)
    hdma_adc1                                0x2000085c   Data          96  adc.o(.bss)
    hdma_adc2                                0x200008bc   Data          96  adc.o(.bss)
    hdma_adc3                                0x2000091c   Data          96  adc.o(.bss)
    adc_values                               0x2000097c   Data          60  main.o(.bss)
    huart2                                   0x200009b8   Data         112  usart.o(.bss)
    hspi2                                    0x20000a28   Data         100  spi.o(.bss)
    EN                                       0x20000a8c   Data         116  init_protection.o(.bss)
    fc50_obj1_L1_in                          0x20000b00   Data          16  fc50.o(.bss)
    fc50_obj1_L2_in                          0x20000b10   Data          16  fc50.o(.bss)
    fc50_obj1_L3_in                          0x20000b20   Data          16  fc50.o(.bss)
    fc50_obj2_L1_in                          0x20000b30   Data          16  fc50.o(.bss)
    fc50_obj2_L2_in                          0x20000b40   Data          16  fc50.o(.bss)
    fc50_obj2_L3_in                          0x20000b50   Data          16  fc50.o(.bss)
    fc50_obj1_L1_out_a                       0x20000b60   Data          12  fc50.o(.bss)
    fc50_obj1_L1_out_b                       0x20000b6c   Data          12  fc50.o(.bss)
    fc50_obj1_L1_out_c                       0x20000b78   Data          12  fc50.o(.bss)
    fc50_obj1_L2_out_a                       0x20000b84   Data          12  fc50.o(.bss)
    fc50_obj1_L2_out_b                       0x20000b90   Data          12  fc50.o(.bss)
    fc50_obj1_L2_out_c                       0x20000b9c   Data          12  fc50.o(.bss)
    fc50_obj1_L3_out_a                       0x20000ba8   Data          12  fc50.o(.bss)
    fc50_obj1_L3_out_b                       0x20000bb4   Data          12  fc50.o(.bss)
    fc50_obj1_L3_out_c                       0x20000bc0   Data          12  fc50.o(.bss)
    fc50_obj2_L1_out_a                       0x20000bcc   Data          12  fc50.o(.bss)
    fc50_obj2_L1_out_b                       0x20000bd8   Data          12  fc50.o(.bss)
    fc50_obj2_L1_out_c                       0x20000be4   Data          12  fc50.o(.bss)
    fc50_obj2_L2_out_a                       0x20000bf0   Data          12  fc50.o(.bss)
    fc50_obj2_L2_out_b                       0x20000bfc   Data          12  fc50.o(.bss)
    fc50_obj2_L2_out_c                       0x20000c08   Data          12  fc50.o(.bss)
    fc50_obj2_L3_out_a                       0x20000c14   Data          12  fc50.o(.bss)
    fc50_obj2_L3_out_b                       0x20000c20   Data          12  fc50.o(.bss)
    fc50_obj2_L3_out_c                       0x20000c2c   Data          12  fc50.o(.bss)
    fc50N_obj1_L1_in                         0x20000c38   Data          16  fc50n.o(.bss)
    fc50N_obj1_L2_in                         0x20000c48   Data          16  fc50n.o(.bss)
    fc50N_obj1_L3_in                         0x20000c58   Data          16  fc50n.o(.bss)
    fc50N_obj1_L1_out                        0x20000c68   Data          12  fc50n.o(.bss)
    fc50N_obj1_L2_out                        0x20000c74   Data          12  fc50n.o(.bss)
    fc50N_obj1_L3_out                        0x20000c80   Data          12  fc50n.o(.bss)
    fc51_obj1_in                             0x20000c8c   Data          20  fc51.o(.bss)
    fc51_obj2_in                             0x20000ca0   Data          20  fc51.o(.bss)
    fc51_obj1_out_a                          0x20000cb4   Data          12  fc51.o(.bss)
    fc51_obj1_out_b                          0x20000cc0   Data          12  fc51.o(.bss)
    fc51_obj1_out_c                          0x20000ccc   Data          12  fc51.o(.bss)
    fc51_obj2_out_a                          0x20000cd8   Data          12  fc51.o(.bss)
    fc51_obj2_out_b                          0x20000ce4   Data          12  fc51.o(.bss)
    fc51_obj2_out_c                          0x20000cf0   Data          12  fc51.o(.bss)
    fc51N_obj1_in                            0x20000cfc   Data          20  fc51n.o(.bss)
    fc51N_obj1_out                           0x20000d10   Data          12  fc51n.o(.bss)
    fc27_obj1_L1_in                          0x20000d1c   Data          12  fc27.o(.bss)
    fc27_obj1_L2_in                          0x20000d28   Data          12  fc27.o(.bss)
    fc59_obj1_L1_in                          0x20000d34   Data          12  fc59.o(.bss)
    fc59_obj1_L2_in                          0x20000d40   Data          12  fc59.o(.bss)
    fc59_obj1_L1_out_a                       0x20000d4c   Data          12  fc59.o(.bss)
    fc59_obj1_L1_out_b                       0x20000d58   Data          12  fc59.o(.bss)
    fc59_obj1_L1_out_c                       0x20000d64   Data          12  fc59.o(.bss)
    fc59_obj1_L2_out_a                       0x20000d70   Data          12  fc59.o(.bss)
    fc59_obj1_L2_out_b                       0x20000d7c   Data          12  fc59.o(.bss)
    fc59_obj1_L2_out_c                       0x20000d88   Data          12  fc59.o(.bss)
    fc46d_obj1_L1_in                         0x20000d94   Data          16  fc46.o(.bss)
    fc46i_obj1_L1_in                         0x20000da4   Data          20  fc46.o(.bss)
    fc46d_obj1_L1_out                        0x20000db8   Data          16  fc46.o(.bss)
    fc46i_obj1_L1_out                        0x20000dc8   Data          16  fc46.o(.bss)
    sym_rms                                  0x20000dd8   Data         200  fc46.o(.bss)
    fc49_obj1_therm                          0x20000ea0   Data          20  fc49.o(.bss)
    fc49_obj2_therm                          0x20000eb4   Data          20  fc49.o(.bss)
    fcBF_in                                  0x20000ec8   Data          24  fcbf.o(.bss)
    fcBF_out                                 0x20000ee0   Data          12  fcbf.o(.bss)
    fc37_obj1_L1_in                          0x20000eec   Data          12  fc37.o(.bss)
    fc37_obj2_L1_in                          0x20000ef8   Data          12  fc37.o(.bss)
    fcUNBd_obj1_L1_in                        0x20000f04   Data          12  fcunb.o(.bss)
    fcUNBd_obj1_L1_out_a                     0x20000f10   Data          16  fcunb.o(.bss)
    fcUNBd_obj1_L1_out_b                     0x20000f20   Data          16  fcunb.o(.bss)
    fcUNBi_obj1_L1_out_a                     0x20000f30   Data          12  fcunb.o(.bss)
    fcUNBi_obj1_L1_out_b                     0x20000f3c   Data          12  fcunb.o(.bss)
    pvp_in                                   0x20001010   Data          12  fcpvp.o(.bss)
    pvp_in_back                              0x2000101c   Data          12  fcpvp.o(.bss)
    pvp_out                                  0x20001028   Data          12  fcpvp.o(.bss)
    pvp_out_back                             0x20001034   Data          12  fcpvp.o(.bss)
    fcPVPd_obj1_L1_in                        0x20001040   Data          12  fcpvp.o(.bss)
    fcPVPi_obj1_L1_in                        0x2000104c   Data          20  fcpvp.o(.bss)
    fcPVPi_obj1_L1_out_a                     0x20001060   Data          12  fcpvp.o(.bss)
    fcPVPi_obj1_L1_out_b                     0x2000106c   Data          12  fcpvp.o(.bss)
    fcPVPi_obj1_L1_out_c                     0x20001078   Data          12  fcpvp.o(.bss)
    pvp_buf                                  0x20001084   Data        1212  fcpvp.o(.bss)
    pick                                     0x200019f0   Data          12  pickup_handles.o(.bss)
    trip                                     0x200019fc   Data          12  pickup_handles.o(.bss)
    pick_words                               0x20001a08   Data          12  pickup_handles.o(.bss)
    trip_words                               0x20001a14   Data          12  pickup_handles.o(.bss)
    fRMS                                     0x20001b18   Data          60  cs_handles.o(.bss)
    phase_cs_A                               0x20001b54   Data          16  cs_handles.o(.bss)
    phase_cs_B                               0x20001b64   Data          16  cs_handles.o(.bss)
    phase_cs_C                               0x20001b74   Data          16  cs_handles.o(.bss)
    phase_cs_A_out                           0x20001b84   Data          44  cs_handles.o(.bss)
    phase_cs_B_out                           0x20001bb0   Data          44  cs_handles.o(.bss)
    phase_cs_C_out                           0x20001bdc   Data          44  cs_handles.o(.bss)
    sym                                      0x20001c08   Data          24  cs_handles.o(.bss)
    sym_hist                                 0x20001c20   Data          24  cs_handles.o(.bss)
    mag_sym                                  0x20001c38   Data          24  cs_handles.o(.bss)
    c_buffer                                 0x20001c50   Data        2400  cs_handles.o(.bss)
    s_buffer                                 0x200025b0   Data        2400  cs_handles.o(.bss)
    P                                        0x20002f10   Data          28  cs_handles.o(.bss)
    Q                                        0x20002f2c   Data          28  cs_handles.o(.bss)
    tRMS                                     0x20002f48   Data          60  truerms.o(.bss)
    backRMS                                  0x20002f84   Data          60  truerms.o(.bss)
    bufferRMS                                0x20002fc0   Data        3000  truerms.o(.bss)
    spect_Ia                                 0x20003b78   Data         368  spectra.o(.bss)
    spect_Ib                                 0x20003ce8   Data         368  spectra.o(.bss)
    spect_Ic                                 0x20003e58   Data         368  spectra.o(.bss)
    thd                                      0x20003fc8   Data          12  spectra.o(.bss)
    rawAdc                                   0x20003fd4   Data          60  conversion.o(.bss)
    fAdc                                     0x20004010   Data          60  conversion.o(.bss)
    offset                                   0x2000404c   Data          60  conversion.o(.bss)
    scale                                    0x20004088   Data          60  conversion.o(.bss)
    TR                                       0x200040c4   Data          48  conversion.o(.bss)
    pf_data                                  0x200040f4   Data         120  conversion.o(.bss)
    Sys                                      0x2000416c   Data          36  powersysdata.o(.bss)
    comParams                                0x20004190   Data        6020  spi_masterslave.o(.bss)
    spiCRC                                   0x20005914   Data          12  spi_masterslave.o(.bss)
    comParams_uart                           0x20005920   Data        2996  uart_masterslave.o(.bss)
    uartCRC                                  0x200064d4   Data          12  uart_masterslave.o(.bss)
    __initial_sp                             0x200068e0   Data           0  startup_stm32f767xx.o(STACK)



==============================================================================

Memory Map of the image

  Image Entry point : 0x080001f9

  Load Region LR_IROM1 (Base: 0x08000000, Size: 0x0000e400, Max: 0x00200000, ABSOLUTE, COMPRESSED[0x0000e030])

    Execution Region ER_IROM1 (Base: 0x08000000, Size: 0x0000dd68, Max: 0x00200000, ABSOLUTE)

    Base Addr    Size         Type   Attr      Idx    E Section Name        Object

    0x08000000   0x000001f8   Data   RO          905    RESET               startup_stm32f767xx.o
    0x080001f8   0x00000000   Code   RO         6139  * .ARM.Collect$$$$00000000  mc_w.l(entry.o)
    0x080001f8   0x00000004   Code   RO         6211    .ARM.Collect$$$$00000001  mc_w.l(entry2.o)
    0x080001fc   0x00000004   Code   RO         6214    .ARM.Collect$$$$00000004  mc_w.l(entry5.o)
    0x08000200   0x00000000   Code   RO         6216    .ARM.Collect$$$$00000008  mc_w.l(entry7b.o)
    0x08000200   0x00000000   Code   RO         6218    .ARM.Collect$$$$0000000A  mc_w.l(entry8b.o)
    0x08000200   0x00000008   Code   RO         6219    .ARM.Collect$$$$0000000B  mc_w.l(entry9a.o)
    0x08000208   0x00000000   Code   RO         6221    .ARM.Collect$$$$0000000D  mc_w.l(entry10a.o)
    0x08000208   0x00000000   Code   RO         6223    .ARM.Collect$$$$0000000F  mc_w.l(entry11a.o)
    0x08000208   0x00000004   Code   RO         6212    .ARM.Collect$$$$00002712  mc_w.l(entry2.o)
    0x0800020c   0x00000024   Code   RO          906    .text               startup_stm32f767xx.o
    0x08000230   0x00000024   Code   RO         6142    .text               mc_w.l(memcpya.o)
    0x08000254   0x00000000   Code   RO         6232    .text               mc_w.l(iusefp.o)
    0x08000254   0x00000004   Code   RO         6233    .text               mf_w.l(fpstat.o)
    0x08000258   0x00000024   Code   RO         6239    .text               mc_w.l(init.o)
    0x0800027c   0x0000005e   Code   RO         6249    .text               mc_w.l(__dclz77c.o)
    0x080002da   0x00000002   PAD
    0x080002dc   0x0000016c   Code   RO          916    i.ADC_Init          stm32f7xx_hal_adc.o
    0x08000448   0x0000006e   Code   RO         2190    i.ADC_MultiModeDMAConvCplt  stm32f7xx_hal_adc_ex.o
    0x080004b6   0x0000001a   Code   RO         2191    i.ADC_MultiModeDMAError  stm32f7xx_hal_adc_ex.o
    0x080004d0   0x0000000e   Code   RO         2192    i.ADC_MultiModeDMAHalfConvCplt  stm32f7xx_hal_adc_ex.o
    0x080004de   0x00000004   Code   RO          310    i.BusFault_Handler  stm32f7xx_it.o
    0x080004e2   0x00000002   PAD
    0x080004e4   0x00000010   Code   RO          311    i.DMA2_Stream0_IRQHandler  stm32f7xx_it.o
    0x080004f4   0x00000010   Code   RO          312    i.DMA2_Stream1_IRQHandler  stm32f7xx_it.o
    0x08000504   0x00000010   Code   RO          313    i.DMA2_Stream2_IRQHandler  stm32f7xx_it.o
    0x08000514   0x00000034   Code   RO         2580    i.DMA_CalcBaseAndBitshift  stm32f7xx_hal_dma.o
    0x08000548   0x000000aa   Code   RO         2581    i.DMA_CheckFifoParam  stm32f7xx_hal_dma.o
    0x080005f2   0x0000002c   Code   RO         2582    i.DMA_SetConfig     stm32f7xx_hal_dma.o
    0x0800061e   0x00000002   Code   RO          314    i.DebugMon_Handler  stm32f7xx_it.o
    0x08000620   0x00000018   Code   RO          315    i.EXTI15_10_IRQHandler  stm32f7xx_it.o
    0x08000638   0x00000088   Code   RO         2201    i.HAL_ADCEx_MultiModeConfigChannel  stm32f7xx_hal_adc_ex.o
    0x080006c0   0x00000134   Code   RO         2203    i.HAL_ADCEx_MultiModeStart_DMA  stm32f7xx_hal_adc_ex.o
    0x080007f4   0x000001b4   Code   RO          918    i.HAL_ADC_ConfigChannel  stm32f7xx_hal_adc.o
    0x080009a8   0x000003dc   Code   RO         5487    i.HAL_ADC_ConvCpltCallback  conversion.o
    0x08000d84   0x00000002   Code   RO          920    i.HAL_ADC_ConvHalfCpltCallback  stm32f7xx_hal_adc.o
    0x08000d86   0x00000002   Code   RO          922    i.HAL_ADC_ErrorCallback  stm32f7xx_hal_adc.o
    0x08000d88   0x00000068   Code   RO          927    i.HAL_ADC_Init      stm32f7xx_hal_adc.o
    0x08000df0   0x000001f8   Code   RO          443    i.HAL_ADC_MspInit   adc.o
    0x08000fe8   0x00000100   Code   RO          933    i.HAL_ADC_Start     stm32f7xx_hal_adc.o
    0x080010e8   0x00000028   Code   RO         2584    i.HAL_DMA_Abort_IT  stm32f7xx_hal_dma.o
    0x08001110   0x00000248   Code   RO         2588    i.HAL_DMA_IRQHandler  stm32f7xx_hal_dma.o
    0x08001358   0x000000ec   Code   RO         2589    i.HAL_DMA_Init      stm32f7xx_hal_dma.o
    0x08001444   0x0000009e   Code   RO         2593    i.HAL_DMA_Start_IT  stm32f7xx_hal_dma.o
    0x080014e2   0x00000002   Code   RO          496    i.HAL_GPIO_EXTI_Callback  main.o
    0x080014e4   0x0000001c   Code   RO         1481    i.HAL_GPIO_EXTI_IRQHandler  stm32f7xx_hal_gpio.o
    0x08001500   0x00000218   Code   RO         1482    i.HAL_GPIO_Init     stm32f7xx_hal_gpio.o
    0x08001718   0x00000010   Code   RO         1484    i.HAL_GPIO_ReadPin  stm32f7xx_hal_gpio.o
    0x08001728   0x0000000c   Code   RO         1486    i.HAL_GPIO_WritePin  stm32f7xx_hal_gpio.o
    0x08001734   0x0000000c   Code   RO         2408    i.HAL_GetTick       stm32f7xx_hal.o
    0x08001740   0x00000010   Code   RO         2412    i.HAL_IncTick       stm32f7xx_hal.o
    0x08001750   0x00000016   Code   RO         2413    i.HAL_Init          stm32f7xx_hal.o
    0x08001766   0x00000002   PAD
    0x08001768   0x00000028   Code   RO         2414    i.HAL_InitTick      stm32f7xx_hal.o
    0x08001790   0x00000056   Code   RO          286    i.HAL_MspInit       stm32f7xx_hal_msp.o
    0x080017e6   0x0000001a   Code   RO         1344    i.HAL_NVIC_EnableIRQ  stm32f7xx_hal_cortex.o
    0x08001800   0x0000007c   Code   RO         1350    i.HAL_NVIC_SetPriority  stm32f7xx_hal_cortex.o
    0x0800187c   0x00000028   Code   RO         1351    i.HAL_NVIC_SetPriorityGrouping  stm32f7xx_hal_cortex.o
    0x080018a4   0x00000090   Code   RO         2305    i.HAL_PWREx_EnableOverDrive  stm32f7xx_hal_pwr_ex.o
    0x08001934   0x000000d8   Code   RO         3628    i.HAL_QSPI_Init     stm32f7xx_hal_qspi.o
    0x08001a0c   0x00000098   Code   RO          215    i.HAL_QSPI_MspInit  quadspi.o
    0x08001aa4   0x00000004   Code   RO         3638    i.HAL_QSPI_SetTimeout  stm32f7xx_hal_qspi.o
    0x08001aa8   0x00000758   Code   RO         2808    i.HAL_RCCEx_PeriphCLKConfig  stm32f7xx_hal_rcc_ex.o
    0x08002200   0x00000164   Code   RO         3083    i.HAL_RCC_ClockConfig  stm32f7xx_hal_rcc.o
    0x08002364   0x0000000c   Code   RO         3088    i.HAL_RCC_GetHCLKFreq  stm32f7xx_hal_rcc.o
    0x08002370   0x00000020   Code   RO         3090    i.HAL_RCC_GetPCLK1Freq  stm32f7xx_hal_rcc.o
    0x08002390   0x00000020   Code   RO         3091    i.HAL_RCC_GetPCLK2Freq  stm32f7xx_hal_rcc.o
    0x080023b0   0x00000090   Code   RO         3092    i.HAL_RCC_GetSysClockFreq  stm32f7xx_hal_rcc.o
    0x08002440   0x000004b8   Code   RO         3095    i.HAL_RCC_OscConfig  stm32f7xx_hal_rcc.o
    0x080028f8   0x000000b4   Code   RO         1091    i.HAL_RTC_Init      stm32f7xx_hal_rtc.o
    0x080029ac   0x00000020   Code   RO          173    i.HAL_RTC_MspInit   rtc.o
    0x080029cc   0x00000002   Code   RO         4635    i.HAL_SPI_ErrorCallback  stm32f7xx_hal_spi.o
    0x080029ce   0x00000002   PAD
    0x080029d0   0x00000138   Code   RO         4638    i.HAL_SPI_IRQHandler  stm32f7xx_hal_spi.o
    0x08002b08   0x000000cc   Code   RO         4639    i.HAL_SPI_Init      stm32f7xx_hal_spi.o
    0x08002bd4   0x00000068   Code   RO          651    i.HAL_SPI_MspInit   spi.o
    0x08002c3c   0x000000b0   Code   RO         4652    i.HAL_SPI_Transmit_IT  stm32f7xx_hal_spi.o
    0x08002cec   0x00000028   Code   RO         5723    i.HAL_SPI_TxCpltCallback  spi_masterslave.o
    0x08002d14   0x00000028   Code   RO         1353    i.HAL_SYSTICK_CLKSourceConfig  stm32f7xx_hal_cortex.o
    0x08002d3c   0x00000002   Code   RO         1354    i.HAL_SYSTICK_Callback  stm32f7xx_hal_cortex.o
    0x08002d3e   0x00000034   Code   RO         1355    i.HAL_SYSTICK_Config  stm32f7xx_hal_cortex.o
    0x08002d72   0x00000008   Code   RO         1356    i.HAL_SYSTICK_IRQHandler  stm32f7xx_hal_cortex.o
    0x08002d7a   0x00000002   Code   RO         3225    i.HAL_TIMEx_BreakCallback  stm32f7xx_hal_tim_ex.o
    0x08002d7c   0x00000002   Code   RO         3226    i.HAL_TIMEx_CommutationCallback  stm32f7xx_hal_tim_ex.o
    0x08002d7e   0x00000002   PAD
    0x08002d80   0x0000006c   Code   RO         3244    i.HAL_TIMEx_MasterConfigSynchronization  stm32f7xx_hal_tim_ex.o
    0x08002dec   0x00000034   Code   RO         1547    i.HAL_TIM_Base_Init  stm32f7xx_hal_tim.o
    0x08002e20   0x00000070   Code   RO            5    i.HAL_TIM_Base_MspInit  tim.o
    0x08002e90   0x0000001e   Code   RO         1552    i.HAL_TIM_Base_Start_IT  stm32f7xx_hal_tim.o
    0x08002eae   0x00000002   PAD
    0x08002eb0   0x00000138   Code   RO         1556    i.HAL_TIM_ConfigClockSource  stm32f7xx_hal_tim.o
    0x08002fe8   0x00000002   Code   RO         1576    i.HAL_TIM_IC_CaptureCallback  stm32f7xx_hal_tim.o
    0x08002fea   0x000001b8   Code   RO         1589    i.HAL_TIM_IRQHandler  stm32f7xx_hal_tim.o
    0x080031a2   0x00000002   Code   RO         1592    i.HAL_TIM_OC_DelayElapsedCallback  stm32f7xx_hal_tim.o
    0x080031a4   0x00000002   Code   RO         1619    i.HAL_TIM_PWM_PulseFinishedCallback  stm32f7xx_hal_tim.o
    0x080031a6   0x00000002   Code   RO         1626    i.HAL_TIM_PeriodElapsedCallback  stm32f7xx_hal_tim.o
    0x080031a8   0x00000002   Code   RO         1630    i.HAL_TIM_TriggerCallback  stm32f7xx_hal_tim.o
    0x080031aa   0x00000002   Code   RO         4354    i.HAL_UART_ErrorCallback  stm32f7xx_hal_uart.o
    0x080031ac   0x00000160   Code   RO         4357    i.HAL_UART_IRQHandler  stm32f7xx_hal_uart.o
    0x0800330c   0x00000078   Code   RO         4358    i.HAL_UART_Init     stm32f7xx_hal_uart.o
    0x08003384   0x00000068   Code   RO          609    i.HAL_UART_MspInit  usart.o
    0x080033ec   0x000000bc   Code   RO         4363    i.HAL_UART_Receive_IT  stm32f7xx_hal_uart.o
    0x080034a8   0x0000004c   Code   RO         5851    i.HAL_UART_RxCpltCallback  uart_masterslave.o
    0x080034f4   0x0000001c   Code   RO         5852    i.HAL_UART_TxCpltCallback  uart_masterslave.o
    0x08003510   0x00000004   Code   RO          316    i.HardFault_Handler  stm32f7xx_it.o
    0x08003514   0x00000108   Code   RO          444    i.MX_ADC1_Init      adc.o
    0x0800361c   0x000000d8   Code   RO          445    i.MX_ADC2_Init      adc.o
    0x080036f4   0x000000d4   Code   RO          446    i.MX_ADC3_Init      adc.o
    0x080037c8   0x00000034   Code   RO          259    i.MX_DMA_Init       dma.o
    0x080037fc   0x000002a0   Code   RO          584    i.MX_GPIO_Init      gpio.o
    0x08003a9c   0x00000024   Code   RO          497    i.MX_NVIC_Init      main.o
    0x08003ac0   0x00000050   Code   RO          216    i.MX_QUADSPI_Init   quadspi.o
    0x08003b10   0x00000048   Code   RO          174    i.MX_RTC_Init       rtc.o
    0x08003b58   0x00000064   Code   RO          652    i.MX_SPI2_Init      spi.o
    0x08003bbc   0x00000080   Code   RO            6    i.MX_TIM1_Init      tim.o
    0x08003c3c   0x0000005c   Code   RO            7    i.MX_TIM6_Init      tim.o
    0x08003c98   0x00000054   Code   RO          610    i.MX_USART2_UART_Init  usart.o
    0x08003cec   0x00000004   Code   RO          317    i.MemManage_Handler  stm32f7xx_it.o
    0x08003cf0   0x00000002   Code   RO          318    i.NMI_Handler       stm32f7xx_it.o
    0x08003cf2   0x00000002   PAD
    0x08003cf4   0x00000010   Code   RO         1357    i.NVIC_GetPriorityGrouping  stm32f7xx_hal_cortex.o
    0x08003d04   0x00000028   Code   RO         1358    i.NVIC_SetPriority  stm32f7xx_hal_cortex.o
    0x08003d2c   0x00000002   Code   RO          319    i.PendSV_Handler    stm32f7xx_it.o
    0x08003d2e   0x0000004c   Code   RO         3653    i.QSPI_WaitFlagStateUntilTimeout  stm32f7xx_hal_qspi.o
    0x08003d7a   0x0000003e   Code   RO         1102    i.RTC_EnterInitMode  stm32f7xx_hal_rtc.o
    0x08003db8   0x0000009c   Code   RO          498    i.SCB_EnableDCache  main.o
    0x08003e54   0x00000010   Code   RO          320    i.SPI2_IRQHandler   stm32f7xx_it.o
    0x08003e64   0x00000060   Code   RO         4665    i.SPI_CloseTx_ISR   stm32f7xx_hal_spi.o
    0x08003ec4   0x00000016   Code   RO         4666    i.SPI_DMAAbortOnError  stm32f7xx_hal_spi.o
    0x08003eda   0x00000064   Code   RO         4677    i.SPI_EndRxTxTransaction  stm32f7xx_hal_spi.o
    0x08003f3e   0x00000024   Code   RO         4680    i.SPI_TxISR_16BIT   stm32f7xx_hal_spi.o
    0x08003f62   0x00000022   Code   RO         4681    i.SPI_TxISR_8BIT    stm32f7xx_hal_spi.o
    0x08003f84   0x000000b2   Code   RO         4682    i.SPI_WaitFifoStateUntilTimeout  stm32f7xx_hal_spi.o
    0x08004036   0x000000a0   Code   RO         4683    i.SPI_WaitFlagStateUntilTimeout  stm32f7xx_hal_spi.o
    0x080040d6   0x00000002   Code   RO          321    i.SVC_Handler       stm32f7xx_it.o
    0x080040d8   0x00000014   Code   RO          322    i.SysTick_Handler   stm32f7xx_it.o
    0x080040ec   0x0000010c   Code   RO          499    i.SystemClock_Config  main.o
    0x080041f8   0x00000064   Code   RO         4956    i.SystemInit        system_stm32f7xx.o
    0x0800425c   0x00000010   Code   RO          323    i.TIM1_UP_TIM10_IRQHandler  stm32f7xx_it.o
    0x0800426c   0x000000f0   Code   RO         1631    i.TIM_Base_SetConfig  stm32f7xx_hal_tim.o
    0x0800435c   0x00000018   Code   RO         1638    i.TIM_ETR_SetConfig  stm32f7xx_hal_tim.o
    0x08004374   0x00000014   Code   RO         1639    i.TIM_ITRx_SetConfig  stm32f7xx_hal_tim.o
    0x08004388   0x0000002a   Code   RO         1645    i.TIM_TI1_ConfigInputStage  stm32f7xx_hal_tim.o
    0x080043b2   0x0000002c   Code   RO         1647    i.TIM_TI2_ConfigInputStage  stm32f7xx_hal_tim.o
    0x080043de   0x000000ea   Code   RO         4371    i.UART_AdvFeatureConfig  stm32f7xx_hal_uart.o
    0x080044c8   0x0000004e   Code   RO         4372    i.UART_CheckIdleState  stm32f7xx_hal_uart.o
    0x08004516   0x00000018   Code   RO         4373    i.UART_DMAAbortOnError  stm32f7xx_hal_uart.o
    0x0800452e   0x00000020   Code   RO         4379    i.UART_EndRxTransfer  stm32f7xx_hal_uart.o
    0x0800454e   0x00000020   Code   RO         4380    i.UART_EndTransmit_IT  stm32f7xx_hal_uart.o
    0x0800456e   0x00000088   Code   RO         4382    i.UART_Receive_IT   stm32f7xx_hal_uart.o
    0x080045f6   0x00000002   PAD
    0x080045f8   0x0000038c   Code   RO         4383    i.UART_SetConfig    stm32f7xx_hal_uart.o
    0x08004984   0x0000006a   Code   RO         4384    i.UART_Transmit_IT  stm32f7xx_hal_uart.o
    0x080049ee   0x0000006c   Code   RO         4385    i.UART_WaitOnFlagUntilTimeout  stm32f7xx_hal_uart.o
    0x08004a5a   0x00000002   PAD
    0x08004a5c   0x00000010   Code   RO          324    i.USART2_IRQHandler  stm32f7xx_it.o
    0x08004a6c   0x00000004   Code   RO          325    i.UsageFault_Handler  stm32f7xx_it.o
    0x08004a70   0x00000004   Code   RO          500    i._Error_Handler    main.o
    0x08004a74   0x00000030   Code   RO         6235    i.__ARM_fpclassify  m_wv.l(fpclassify.o)
    0x08004aa4   0x00000026   Code   RO         6183    i.__ARM_fpclassifyf  m_wv.l(fpclassifyf.o)
    0x08004aca   0x00000006   PAD
    0x08004ad0   0x00000200   Code   RO         6146    i.__hardfp_atan     m_wv.l(atan.o)
    0x08004cd0   0x000001c0   Code   RO         6065    i.__hardfp_atan2    m_wv.l(atan2.o)
    0x08004e90   0x00000258   Code   RO         6077    i.__hardfp_atan2f   m_wv.l(atan2f.o)
    0x080050e8   0x00000658   Code   RO         6089    i.__hardfp_powf     m_wv.l(powf.o)
    0x08005740   0x000000b0   Code   RO         6103    i.__hardfp_sin      m_wv.l(sin.o)
    0x080057f0   0x00000066   Code   RO         6115    i.__hardfp_sqrt     m_wv.l(sqrt.o)
    0x08005856   0x0000003a   Code   RO         6127    i.__hardfp_sqrtf    m_wv.l(sqrtf.o)
    0x08005890   0x00000310   Code   RO         6200    i.__ieee754_rem_pio2  m_wv.l(rred.o)
    0x08005ba0   0x000000e0   Code   RO         6160    i.__kernel_cos      m_wv.l(cos_i.o)
    0x08005c80   0x00000070   Code   RO         6237    i.__kernel_poly     m_wv.l(poly.o)
    0x08005cf0   0x000000a8   Code   RO         6205    i.__kernel_sin      m_wv.l(sin_i.o)
    0x08005d98   0x00000006   Code   RO         6164    i.__mathlib_dbl_infnan  m_wv.l(dunder.o)
    0x08005d9e   0x00000006   Code   RO         6165    i.__mathlib_dbl_infnan2  m_wv.l(dunder.o)
    0x08005da4   0x00000004   PAD
    0x08005da8   0x00000018   Code   RO         6166    i.__mathlib_dbl_invalid  m_wv.l(dunder.o)
    0x08005dc0   0x00000018   Code   RO         6169    i.__mathlib_dbl_underflow  m_wv.l(dunder.o)
    0x08005dd8   0x00000018   Code   RO         6185    i.__mathlib_flt_divzero  m_wv.l(funder.o)
    0x08005df0   0x00000006   Code   RO         6187    i.__mathlib_flt_infnan2  m_wv.l(funder.o)
    0x08005df6   0x00000002   PAD
    0x08005df8   0x00000010   Code   RO         6188    i.__mathlib_flt_invalid  m_wv.l(funder.o)
    0x08005e08   0x00000010   Code   RO         6189    i.__mathlib_flt_overflow  m_wv.l(funder.o)
    0x08005e18   0x00000010   Code   RO         6191    i.__mathlib_flt_underflow  m_wv.l(funder.o)
    0x08005e28   0x0000000e   Code   RO         6243    i.__scatterload_copy  mc_w.l(handlers.o)
    0x08005e36   0x00000002   Code   RO         6244    i.__scatterload_null  mc_w.l(handlers.o)
    0x08005e38   0x0000000e   Code   RO         6245    i.__scatterload_zeroinit  mc_w.l(handlers.o)
    0x08005e46   0x00000002   PAD
    0x08005e48   0x0000000c   Code   RO         6227    i.__set_errno       mc_w.l(errno.o)
    0x08005e54   0x00000010   Code   RO         6148    i.atan              m_wv.l(atan.o)
    0x08005e64   0x00000274   Code   RO         5563    i.boardIO           boardio.o
    0x080060d8   0x00000120   Code   RO         5413    i.cs_PQ_combination  cs_handles.o
    0x080061f8   0x000001f0   Code   RO          689    i.cs_computations   measurement_functions.o
    0x080063e8   0x00000064   Code   RO          690    i.cs_generation     measurement_functions.o
    0x0800644c   0x00000458   Code   RO         5414    i.cs_handles        cs_handles.o
    0x080068a4   0x0000004c   Code   RO         5602    i.dpm_mergeDWord    dataparsermerger.o
    0x080068f0   0x00000060   Code   RO         5603    i.dpm_mergeFloat    dataparsermerger.o
    0x08006950   0x00000042   Code   RO         5604    i.dpm_parseDWord    dataparsermerger.o
    0x08006992   0x00000002   PAD
    0x08006994   0x00000054   Code   RO         5605    i.dpm_parseFloat    dataparsermerger.o
    0x080069e8   0x00000018   Code   RO         6179    i.fabs              m_wv.l(fabs.o)
    0x08006a00   0x000000a0   Code   RO          777    i.fc27              protection_functions.o
    0x08006aa0   0x00000128   Code   RO         5121    i.fc27_all          fc27.o
    0x08006bc8   0x00000028   Code   RO         5122    i.fc27_init         fc27.o
    0x08006bf0   0x00000090   Code   RO          778    i.fc37              protection_functions.o
    0x08006c80   0x000001e8   Code   RO         5265    i.fc37_all          fc37.o
    0x08006e68   0x00000028   Code   RO         5266    i.fc37_init         fc37.o
    0x08006e90   0x000000c4   Code   RO         5178    i.fc46_all          fc46.o
    0x08006f54   0x0000006c   Code   RO         5179    i.fc46_init         fc46.o
    0x08006fc0   0x00000108   Code   RO          779    i.fc46d             protection_functions.o
    0x080070c8   0x00000150   Code   RO          780    i.fc46i             protection_functions.o
    0x08007218   0x0000005c   Code   RO          781    i.fc49              protection_functions.o
    0x08007274   0x000001a8   Code   RO         5201    i.fc49_all          fc49.o
    0x0800741c   0x00000074   Code   RO         5202    i.fc49_init         fc49.o
    0x08007490   0x000000b8   Code   RO          782    i.fc50              protection_functions.o
    0x08007548   0x00000100   Code   RO         5043    i.fc50N_all         fc50n.o
    0x08007648   0x00000040   Code   RO         5044    i.fc50N_init        fc50n.o
    0x08007688   0x000003d0   Code   RO         5013    i.fc50_all          fc50.o
    0x08007a58   0x00000060   Code   RO         5014    i.fc50_init         fc50.o
    0x08007ab8   0x00000100   Code   RO          783    i.fc51              protection_functions.o
    0x08007bb8   0x00000070   Code   RO         5095    i.fc51N_all         fc51n.o
    0x08007c28   0x0000004c   Code   RO         5096    i.fc51N_init        fc51n.o
    0x08007c74   0x00000158   Code   RO         5069    i.fc51_all          fc51.o
    0x08007dcc   0x00000080   Code   RO         5070    i.fc51_init         fc51.o
    0x08007e4c   0x00000078   Code   RO          784    i.fc59              protection_functions.o
    0x08007ec4   0x000000f8   Code   RO         5156    i.fc59_all          fc59.o
    0x08007fbc   0x00000024   Code   RO         5157    i.fc59_init         fc59.o
    0x08007fe0   0x0000010c   Code   RO          785    i.fcBF              protection_functions.o
    0x080080ec   0x000000d4   Code   RO         5227    i.fcBF_all          fcbf.o
    0x080081c0   0x00000024   Code   RO         5228    i.fcBF_init         fcbf.o
    0x080081e4   0x00000228   Code   RO         5329    i.fcPVP_all         fcpvp.o
    0x0800840c   0x0000003c   Code   RO         5330    i.fcPVP_init        fcpvp.o
    0x08008448   0x00000094   Code   RO          786    i.fcPVPd            protection_functions.o
    0x080084dc   0x000000d0   Code   RO          787    i.fcPVPi            protection_functions.o
    0x080085ac   0x000001b8   Code   RO         5297    i.fcUNB_all         fcunb.o
    0x08008764   0x00000034   Code   RO         5298    i.fcUNB_init        fcunb.o
    0x08008798   0x00000114   Code   RO         5299    i.fcUNB_initial_dt  fcunb.o
    0x080088ac   0x00000094   Code   RO          788    i.fcUNBd            protection_functions.o
    0x08008940   0x000000f8   Code   RO          789    i.fcUNBi            protection_functions.o
    0x08008a38   0x00000038   Code   RO         5533    i.initFunctions     initfunctions.o
    0x08008a70   0x000000fc   Code   RO         5489    i.init_conversion   conversion.o
    0x08008b6c   0x00000ec4   Code   RO         4989    i.init_protection   init_protection.o
    0x08009a30   0x00000130   Code   RO          501    i.main              main.o
    0x08009b60   0x00000048   Code   RO         6041    i.main_flow         main_flow.o
    0x08009ba8   0x00000026   Code   RO          790    i.maxSelector_3p    protection_functions.o
    0x08009bce   0x00000030   Code   RO          792    i.off_delay         protection_functions.o
    0x08009bfe   0x0000002e   Code   RO          793    i.on_delay          protection_functions.o
    0x08009c2c   0x00000026   Code   RO          794    i.on_off_delay      protection_functions.o
    0x08009c52   0x00000002   PAD
    0x08009c54   0x00000080   Code   RO          691    i.peak_detect_rms   measurement_functions.o
    0x08009cd4   0x00000010   Code   RO         5359    i.pick_trip_reset_handles  pickup_handles.o
    0x08009ce4   0x00000c3c   Code   RO         5360    i.pick_up_handles   pickup_handles.o
    0x0800a920   0x00000038   Code   RO          692    i.prefilter         measurement_functions.o
    0x0800a958   0x000006bc   Code   RO         6014    i.pullDataFromMaster  configparams.o
    0x0800b014   0x00000a44   Code   RO         5970    i.pushDataToMaster  commparams.o
    0x0800ba58   0x000001bc   Code   RO          795    i.pvp_curve         protection_functions.o
    0x0800bc14   0x00000064   Code   RO          694    i.pvp_post_filter   measurement_functions.o
    0x0800bc78   0x00000630   Code   RO         5361    i.reset_handles     pickup_handles.o
    0x0800c2a8   0x00000104   Code   RO          695    i.signal_spectra    measurement_functions.o
    0x0800c3ac   0x00000088   Code   RO         5468    i.spectral_analysis  spectra.o
    0x0800c434   0x0000003c   Code   RO         5725    i.spi_ReceiveTimeout  spi_masterslave.o
    0x0800c470   0x00000028   Code   RO         5726    i.spi_RuntimeProcess  spi_masterslave.o
    0x0800c498   0x00000002   Code   RO         5727    i.spi_checkCommunication  spi_masterslave.o
    0x0800c49a   0x00000002   PAD
    0x0800c49c   0x00000024   Code   RO         5728    i.spi_checkPushSendTime  spi_masterslave.o
    0x0800c4c0   0x00000048   Code   RO         5729    i.spi_crcCalculation  spi_masterslave.o
    0x0800c508   0x00000002   Code   RO         5730    i.spi_deselectChip  spi_masterslave.o
    0x0800c50a   0x00000008   Code   RO         5731    i.spi_frameProcess  spi_masterslave.o
    0x0800c512   0x0000000c   Code   RO         5732    i.spi_initComApp    spi_masterslave.o
    0x0800c51e   0x00000002   PAD
    0x0800c520   0x00000148   Code   RO         5733    i.spi_preparePushData  spi_masterslave.o
    0x0800c668   0x0000014c   Code   RO         5734    i.spi_prepareReceiveData  spi_masterslave.o
    0x0800c7b4   0x00000024   Code   RO         5736    i.spi_pushAllData   spi_masterslave.o
    0x0800c7d8   0x0000001c   Code   RO         5737    i.spi_pushAllDataCheck  spi_masterslave.o
    0x0800c7f4   0x00000002   Code   RO         5738    i.spi_receiveInit   spi_masterslave.o
    0x0800c7f6   0x00000010   Code   RO         5739    i.spi_runComApp     spi_masterslave.o
    0x0800c806   0x00000002   Code   RO         5740    i.spi_selectChip    spi_masterslave.o
    0x0800c808   0x0000000c   Code   RO         5741    i.spi_sysTickCallApp  spi_masterslave.o
    0x0800c814   0x0000010c   Code   RO          697    i.sym_comp          measurement_functions.o
    0x0800c920   0x000001b8   Code   RO          698    i.sym_mag           measurement_functions.o
    0x0800cad8   0x00000098   Code   RO          699    i.thermal_status    measurement_functions.o
    0x0800cb70   0x00000944   Code   RO         5362    i.trip_handles      pickup_handles.o
    0x0800d4b4   0x000001a4   Code   RO         5448    i.trueRMS           truerms.o
    0x0800d658   0x00000088   Code   RO          700    i.true_rms          measurement_functions.o
    0x0800d6e0   0x00000028   Code   RO         5853    i.uart_ReceiveCompCallBack  uart_masterslave.o
    0x0800d708   0x0000003c   Code   RO         5854    i.uart_ReceiveTimeout  uart_masterslave.o
    0x0800d744   0x0000002c   Code   RO         5855    i.uart_RuntimeProcess  uart_masterslave.o
    0x0800d770   0x00000030   Code   RO         5856    i.uart_checkCommunication  uart_masterslave.o
    0x0800d7a0   0x00000024   Code   RO         5857    i.uart_checkPushSendTime  uart_masterslave.o
    0x0800d7c4   0x00000048   Code   RO         5858    i.uart_crcCalculation  uart_masterslave.o
    0x0800d80c   0x00000008   Code   RO         5859    i.uart_frameProcess  uart_masterslave.o
    0x0800d814   0x00000008   Code   RO         5860    i.uart_initComApp   uart_masterslave.o
    0x0800d81c   0x000000e0   Code   RO         5862    i.uart_prepareReceiveData  uart_masterslave.o
    0x0800d8fc   0x00000002   Code   RO         5865    i.uart_pushAllDataCheck  uart_masterslave.o
    0x0800d8fe   0x00000002   PAD
    0x0800d900   0x00000018   Code   RO         5866    i.uart_receiveInit  uart_masterslave.o
    0x0800d918   0x00000010   Code   RO         5867    i.uart_runComApp    uart_masterslave.o
    0x0800d928   0x0000000c   Code   RO         5868    i.uart_sysTickCallApp  uart_masterslave.o
    0x0800d934   0x00000008   Data   RO         2595    .constdata          stm32f7xx_hal_dma.o
    0x0800d93c   0x00000018   Data   RO         4957    .constdata          system_stm32f7xx.o
    0x0800d954   0x00000010   Data   RO         5016    .constdata          fc50.o
    0x0800d964   0x00000010   Data   RO         5046    .constdata          fc50n.o
    0x0800d974   0x00000014   Data   RO         5072    .constdata          fc51.o
    0x0800d988   0x00000014   Data   RO         5098    .constdata          fc51n.o
    0x0800d99c   0x0000000c   Data   RO         5124    .constdata          fc27.o
    0x0800d9a8   0x0000000c   Data   RO         5159    .constdata          fc59.o
    0x0800d9b4   0x00000024   Data   RO         5181    .constdata          fc46.o
    0x0800d9d8   0x00000018   Data   RO         5204    .constdata          fc49.o
    0x0800d9f0   0x00000018   Data   RO         5230    .constdata          fcbf.o
    0x0800da08   0x0000000c   Data   RO         5268    .constdata          fc37.o
    0x0800da14   0x00000014   Data   RO         5301    .constdata          fcunb.o
    0x0800da28   0x00000020   Data   RO         5332    .constdata          fcpvp.o
    0x0800da48   0x00000140   Data   RO         6092    .constdata          m_wv.l(powf.o)
    0x0800db88   0x00000098   Data   RO         6149    .constdata          m_wv.l(atan.o)
    0x0800dc20   0x00000030   Data   RO         6161    .constdata          m_wv.l(cos_i.o)
    0x0800dc50   0x00000008   Data   RO         6199    .constdata          m_wv.l(qnan.o)
    0x0800dc58   0x000000c8   Data   RO         6202    .constdata          m_wv.l(rred.o)
    0x0800dd20   0x00000028   Data   RO         6206    .constdata          m_wv.l(sin_i.o)
    0x0800dd48   0x00000020   Data   RO         6241    Region$$Table       anon$$obj.o


    Execution Region RW_IRAM1 (Base: 0x20000000, Size: 0x000068e0, Max: 0x0001ffff, ABSOLUTE, COMPRESSED[0x000002c8])

    Base Addr    Size         Type   Attr      Idx    E Section Name        Object

    0x20000000   0x00000009   Data   RW          503    .data               main.o
    0x20000009   0x00000003   PAD
    0x2000000c   0x00000004   Data   RW         2419    .data               stm32f7xx_hal.o
    0x20000010   0x00000004   Data   RW         4958    .data               system_stm32f7xx.o
    0x20000014   0x0000006c   Data   RW         4991    .data               init_protection.o
    0x20000080   0x00000018   Data   RW         5125    .data               fc27.o
    0x20000098   0x00000001   Data   RW         5182    .data               fc46.o
    0x20000099   0x00000003   PAD
    0x2000009c   0x00000040   Data   RW         5205    .data               fc49.o
    0x200000dc   0x0000003a   Data   RW         5269    .data               fc37.o
    0x20000116   0x00000002   PAD
    0x20000118   0x0000001e   Data   RW         5302    .data               fcunb.o
    0x20000136   0x00000002   PAD
    0x20000138   0x000001c8   Data   RW         5333    .data               fcpvp.o
    0x20000300   0x00000002   Data   RW         5364    .data               pickup_handles.o
    0x20000302   0x00000002   PAD
    0x20000304   0x000001c0   Data   RW         5416    .data               cs_handles.o
    0x200004c4   0x00000001   Data   RW         5450    .data               truerms.o
    0x200004c5   0x00000003   PAD
    0x200004c8   0x00000194   Data   RW         5470    .data               spectra.o
    0x2000065c   0x00000020   Data   RW         5491    .data               conversion.o
    0x2000067c   0x00000008   Data   RW         5564    .data               boardio.o
    0x20000684   0x00000004   Data   RW         5606    .data               dataparsermerger.o
    0x20000688   0x0000000c   Data   RW         6015    .data               configparams.o
    0x20000694   0x00000004   Data   RW         6228    .data               mc_w.l(errno.o)
    0x20000698   0x00000080   Zero   RW            8    .bss                tim.o
    0x20000718   0x00000020   Zero   RW          175    .bss                rtc.o
    0x20000738   0x0000004c   Zero   RW          217    .bss                quadspi.o
    0x20000784   0x000001f8   Zero   RW          447    .bss                adc.o
    0x2000097c   0x0000003c   Zero   RW          502    .bss                main.o
    0x200009b8   0x00000070   Zero   RW          611    .bss                usart.o
    0x20000a28   0x00000064   Zero   RW          653    .bss                spi.o
    0x20000a8c   0x00000074   Zero   RW         4990    .bss                init_protection.o
    0x20000b00   0x00000138   Zero   RW         5015    .bss                fc50.o
    0x20000c38   0x00000054   Zero   RW         5045    .bss                fc50n.o
    0x20000c8c   0x00000070   Zero   RW         5071    .bss                fc51.o
    0x20000cfc   0x00000020   Zero   RW         5097    .bss                fc51n.o
    0x20000d1c   0x00000018   Zero   RW         5123    .bss                fc27.o
    0x20000d34   0x00000060   Zero   RW         5158    .bss                fc59.o
    0x20000d94   0x0000010c   Zero   RW         5180    .bss                fc46.o
    0x20000ea0   0x00000028   Zero   RW         5203    .bss                fc49.o
    0x20000ec8   0x00000024   Zero   RW         5229    .bss                fcbf.o
    0x20000eec   0x00000018   Zero   RW         5267    .bss                fc37.o
    0x20000f04   0x0000010c   Zero   RW         5300    .bss                fcunb.o
    0x20001010   0x000009e0   Zero   RW         5331    .bss                fcpvp.o
    0x200019f0   0x00000128   Zero   RW         5363    .bss                pickup_handles.o
    0x20001b18   0x00001430   Zero   RW         5415    .bss                cs_handles.o
    0x20002f48   0x00000c30   Zero   RW         5449    .bss                truerms.o
    0x20003b78   0x0000045c   Zero   RW         5469    .bss                spectra.o
    0x20003fd4   0x00000198   Zero   RW         5490    .bss                conversion.o
    0x2000416c   0x00000024   Zero   RW         5548    .bss                powersysdata.o
    0x20004190   0x00001790   Zero   RW         5742    .bss                spi_masterslave.o
    0x20005920   0x00000bc0   Zero   RW         5869    .bss                uart_masterslave.o
    0x200064e0   0x00000400   Zero   RW          903    STACK               startup_stm32f767xx.o

