Component: ARM Compiler 5.06 update 3 (build 300) Tool: armlink [4d35c9]

==============================================================================

Section Cross References

    tim.o(i.HAL_TIM_Base_MspDeInit) refers to stm32f7xx_hal_cortex.o(i.HAL_NVIC_DisableIRQ) for HAL_NVIC_DisableIRQ
    tim.o(i.HAL_TIM_Base_MspInit) refers to stm32f7xx_hal_cortex.o(i.HAL_NVIC_SetPriority) for HAL_NVIC_SetPriority
    tim.o(i.HAL_TIM_Base_MspInit) refers to stm32f7xx_hal_cortex.o(i.HAL_NVIC_EnableIRQ) for HAL_NVIC_EnableIRQ
    tim.o(i.MX_TIM1_Init) refers to stm32f7xx_hal_tim.o(i.HAL_TIM_Base_Init) for HAL_TIM_Base_Init
    tim.o(i.MX_TIM1_Init) refers to main.o(i._Error_Handler) for _Error_Handler
    tim.o(i.MX_TIM1_Init) refers to stm32f7xx_hal_tim.o(i.HAL_TIM_ConfigClockSource) for HAL_TIM_ConfigClockSource
    tim.o(i.MX_TIM1_Init) refers to stm32f7xx_hal_tim_ex.o(i.HAL_TIMEx_MasterConfigSynchronization) for HAL_TIMEx_MasterConfigSynchronization
    tim.o(i.MX_TIM1_Init) refers to tim.o(.bss) for .bss
    tim.o(i.MX_TIM6_Init) refers to stm32f7xx_hal_tim.o(i.HAL_TIM_Base_Init) for HAL_TIM_Base_Init
    tim.o(i.MX_TIM6_Init) refers to main.o(i._Error_Handler) for _Error_Handler
    tim.o(i.MX_TIM6_Init) refers to stm32f7xx_hal_tim_ex.o(i.HAL_TIMEx_MasterConfigSynchronization) for HAL_TIMEx_MasterConfigSynchronization
    tim.o(i.MX_TIM6_Init) refers to tim.o(.bss) for .bss
    rtc.o(i.MX_RTC_Init) refers to stm32f7xx_hal_rtc.o(i.HAL_RTC_Init) for HAL_RTC_Init
    rtc.o(i.MX_RTC_Init) refers to main.o(i._Error_Handler) for _Error_Handler
    rtc.o(i.MX_RTC_Init) refers to rtc.o(.bss) for .bss
    quadspi.o(i.HAL_QSPI_MspDeInit) refers to stm32f7xx_hal_gpio.o(i.HAL_GPIO_DeInit) for HAL_GPIO_DeInit
    quadspi.o(i.HAL_QSPI_MspInit) refers to stm32f7xx_hal_gpio.o(i.HAL_GPIO_Init) for HAL_GPIO_Init
    quadspi.o(i.MX_QUADSPI_Init) refers to stm32f7xx_hal_qspi.o(i.HAL_QSPI_Init) for HAL_QSPI_Init
    quadspi.o(i.MX_QUADSPI_Init) refers to main.o(i._Error_Handler) for _Error_Handler
    quadspi.o(i.MX_QUADSPI_Init) refers to quadspi.o(.bss) for .bss
    dma.o(i.MX_DMA_Init) refers to stm32f7xx_hal_cortex.o(i.HAL_NVIC_SetPriority) for HAL_NVIC_SetPriority
    dma.o(i.MX_DMA_Init) refers to stm32f7xx_hal_cortex.o(i.HAL_NVIC_EnableIRQ) for HAL_NVIC_EnableIRQ
    stm32f7xx_hal_msp.o(i.HAL_MspInit) refers to stm32f7xx_hal_cortex.o(i.HAL_NVIC_SetPriorityGrouping) for HAL_NVIC_SetPriorityGrouping
    stm32f7xx_hal_msp.o(i.HAL_MspInit) refers to stm32f7xx_hal_cortex.o(i.HAL_NVIC_SetPriority) for HAL_NVIC_SetPriority
    stm32f7xx_it.o(i.DMA2_Stream0_IRQHandler) refers to stm32f7xx_hal_dma.o(i.HAL_DMA_IRQHandler) for HAL_DMA_IRQHandler
    stm32f7xx_it.o(i.DMA2_Stream0_IRQHandler) refers to adc.o(.bss) for hdma_adc1
    stm32f7xx_it.o(i.DMA2_Stream1_IRQHandler) refers to stm32f7xx_hal_dma.o(i.HAL_DMA_IRQHandler) for HAL_DMA_IRQHandler
    stm32f7xx_it.o(i.DMA2_Stream1_IRQHandler) refers to adc.o(.bss) for hdma_adc3
    stm32f7xx_it.o(i.DMA2_Stream2_IRQHandler) refers to stm32f7xx_hal_dma.o(i.HAL_DMA_IRQHandler) for HAL_DMA_IRQHandler
    stm32f7xx_it.o(i.DMA2_Stream2_IRQHandler) refers to adc.o(.bss) for hdma_adc2
    stm32f7xx_it.o(i.EXTI15_10_IRQHandler) refers to stm32f7xx_hal_gpio.o(i.HAL_GPIO_EXTI_IRQHandler) for HAL_GPIO_EXTI_IRQHandler
    stm32f7xx_it.o(i.EXTI15_10_IRQHandler) refers to main.o(.data) for incoming_data_flag
    stm32f7xx_it.o(i.SPI2_IRQHandler) refers to stm32f7xx_hal_spi.o(i.HAL_SPI_IRQHandler) for HAL_SPI_IRQHandler
    stm32f7xx_it.o(i.SPI2_IRQHandler) refers to spi.o(.bss) for hspi2
    stm32f7xx_it.o(i.SysTick_Handler) refers to stm32f7xx_hal.o(i.HAL_IncTick) for HAL_IncTick
    stm32f7xx_it.o(i.SysTick_Handler) refers to stm32f7xx_hal_cortex.o(i.HAL_SYSTICK_IRQHandler) for HAL_SYSTICK_IRQHandler
    stm32f7xx_it.o(i.SysTick_Handler) refers to uart_masterslave.o(i.uart_sysTickCallApp) for uart_sysTickCallApp
    stm32f7xx_it.o(i.SysTick_Handler) refers to spi_masterslave.o(i.spi_sysTickCallApp) for spi_sysTickCallApp
    stm32f7xx_it.o(i.TIM1_UP_TIM10_IRQHandler) refers to stm32f7xx_hal_tim.o(i.HAL_TIM_IRQHandler) for HAL_TIM_IRQHandler
    stm32f7xx_it.o(i.TIM1_UP_TIM10_IRQHandler) refers to tim.o(.bss) for htim1
    stm32f7xx_it.o(i.USART2_IRQHandler) refers to stm32f7xx_hal_uart.o(i.HAL_UART_IRQHandler) for HAL_UART_IRQHandler
    stm32f7xx_it.o(i.USART2_IRQHandler) refers to usart.o(.bss) for huart2
    adc.o(i.HAL_ADC_MspDeInit) refers to stm32f7xx_hal_gpio.o(i.HAL_GPIO_DeInit) for HAL_GPIO_DeInit
    adc.o(i.HAL_ADC_MspDeInit) refers to stm32f7xx_hal_dma.o(i.HAL_DMA_DeInit) for HAL_DMA_DeInit
    adc.o(i.HAL_ADC_MspInit) refers to stm32f7xx_hal_gpio.o(i.HAL_GPIO_Init) for HAL_GPIO_Init
    adc.o(i.HAL_ADC_MspInit) refers to stm32f7xx_hal_dma.o(i.HAL_DMA_Init) for HAL_DMA_Init
    adc.o(i.HAL_ADC_MspInit) refers to main.o(i._Error_Handler) for _Error_Handler
    adc.o(i.HAL_ADC_MspInit) refers to adc.o(.bss) for .bss
[...]
    i.spi_runComApp                          0x08009e10   Section        0  spi_masterslave.o(i.spi_runComApp)
    i.spi_sysTickCallApp                     0x0800a188   Section        0  spi_masterslave.o(i.spi_sysTickCallApp)
    i.sym_comp                               0x0800a1cc   Section        0  measurement_functions.o(i.sym_comp)
    i.sym_mag                                0x0800a254   Section        0  measurement_functions.o(i.sym_mag)
    i.thermal_status                         0x0800a3e0   Section        0  measurement_functions.o(i.thermal_status)
    i.trip_handles                           0x0800a458   Section        0  pickup_handles.o(i.trip_handles)
    i.trueRMS                                0x0800ab58   Section        0  truerms.o(i.trueRMS)
    i.true_rms                               0x0800ac98   Section        0  measurement_functions.o(i.true_rms)
    i.uart_initComApp                        0x0800ad08   Section        0  uart_masterslave.o(i.uart_initComApp)
    i.uart_runComApp                         0x0800ad1c   Section        0  uart_masterslave.o(i.uart_runComApp)
    i.uart_sysTickCallApp                    0x0800aea0   Section        0  uart_masterslave.o(i.uart_sysTickCallApp)
    .constdata                               0x0800aee0   Section        8  stm32f7xx_hal_dma.o(.constdata)
    flagBitshiftOffset                       0x0800aee0   Data           8  stm32f7xx_hal_dma.o(.constdata)
    .constdata                               0x0800aee8   Section       16  system_stm32f7xx.o(.constdata)
    .constdata                               0x0800aef8   Section        8  system_stm32f7xx.o(.constdata)
    .constdata                               0x0800af00   Section       16  fc50.o(.constdata)
    .constdata                               0x0800af10   Section       16  fc50n.o(.constdata)
    .constdata                               0x0800af20   Section       20  fc51.o(.constdata)
    .constdata                               0x0800af34   Section       20  fc51n.o(.constdata)
    .constdata                               0x0800af48   Section       12  fc27.o(.constdata)
    .constdata                               0x0800af54   Section       12  fc59.o(.constdata)
    .constdata                               0x0800af60   Section       36  fc46.o(.constdata)
    .constdata                               0x0800af84   Section       28  fc49.o(.constdata)
    .constdata                               0x0800afa0   Section       24  fcbf.o(.constdata)
    .constdata                               0x0800afb8   Section       12  fc37.o(.constdata)
    .constdata                               0x0800afc4   Section       20  fcunb.o(.constdata)
    .constdata                               0x0800afd8   Section       32  fcpvp.o(.constdata)
    .constdata                               0x0800aff8   Section      320  powf.o(.constdata)
    table                                    0x0800aff8   Data         128  powf.o(.constdata)
    powersof2to1over16top                    0x0800b078   Data          64  powf.o(.constdata)
    powersof2to1over16bot                    0x0800b0b8   Data          64  powf.o(.constdata)
    powersof2to1over16all                    0x0800b0f8   Data          64  powf.o(.constdata)
    .constdata                               0x0800b138   Section      152  atan.o(.constdata)
    atanhi                                   0x0800b138   Data          32  atan.o(.constdata)
    atanlo                                   0x0800b158   Data          32  atan.o(.constdata)
    aTodd                                    0x0800b178   Data          40  atan.o(.constdata)
    aTeven                                   0x0800b1a0   Data          48  atan.o(.constdata)
    .constdata                               0x0800b1d0   Section       48  cos_i.o(.constdata)
    C                                        0x0800b1d0   Data          48  cos_i.o(.constdata)
    .constdata                               0x0800b200   Section        8  qnan.o(.constdata)
    .constdata                               0x0800b208   Section      200  rred.o(.constdata)
    pio2s                                    0x0800b208   Data          48  rred.o(.constdata)
    twooverpi                                0x0800b238   Data         152  rred.o(.constdata)
    .constdata                               0x0800b2d0   Section       40  sin_i.o(.constdata)
    S                                        0x0800b2d0   Data          40  sin_i.o(.constdata)
    .data                                    0x20000000   Section        1  main.o(.data)
    .data                                    0x20000004   Section        4  stm32f7xx_hal.o(.data)
    .data                                    0x20000008   Section        4  system_stm32f7xx.o(.data)
    .data                                    0x2000000c   Section      108  init_protection.o(.data)
    .data                                    0x20000078   Section       24  fc27.o(.data)
    cs_qual                                  0x20000078   Data           1  fc27.o(.data)
    cs_counter                               0x2000007c   Data           4  fc27.o(.data)
    .data                                    0x20000090   Section        1  fc46.o(.data)
    counter                                  0x20000090   Data           1  fc46.o(.data)
    .data                                    0x20000094   Section       64  fc49.o(.data)
    .data                                    0x200000d4   Section        8  fc49.o(.data)
    .data                                    0x200000dc   Section        8  fc49.o(.data)
    .data                                    0x200000e4   Section       60  fc37.o(.data)
    current_checked                          0x200000e4   Data           1  fc37.o(.data)
    inhibit_enabled                          0x200000e5   Data           1  fc37.o(.data)
    pick_current_counter                     0x200000e8   Data           4  fc37.o(.data)
    inhibit_counter                          0x200000ec   Data           4  fc37.o(.data)
    .data                                    0x20000120   Section       24  fcunb.o(.data)
    counter                                  0x20000121   Data           1  fcunb.o(.data)
    .data                                    0x20000138   Section       40  fcpvp.o(.data)
    counter                                  0x20000138   Data           4  fcpvp.o(.data)
    .data                                    0x20000160   Section        2  pickup_handles.o(.data)
    pick_up_counter                          0x20000161   Data           1  pickup_handles.o(.data)
    .data                                    0x20000164   Section      424  cs_handles.o(.data)
    .data                                    0x2000030c   Section        1  truerms.o(.data)
    counter                                  0x2000030c   Data           1  truerms.o(.data)
    .data                                    0x20000310   Section       20  conversion.o(.data)
    count                                    0x20000318   Data           4  conversion.o(.data)
    sum                                      0x2000031c   Data           4  conversion.o(.data)
    x                                        0x20000320   Data           4  conversion.o(.data)
    .data                                    0x20000324   Section        4  conversion.o(.data)
    .data                                    0x20000328   Section        8  boardio.o(.data)
    .data                                    0x20000330   Section        4  dataparsermerger.o(.data)
    .data                                    0x20000334   Section       12  configparams.o(.data)
    .data                                    0x20000340   Section        4  errno.o(.data)
    _errno                                   0x20000340   Data           4  errno.o(.data)
    .bss                                     0x20000344   Section      128  tim.o(.bss)
    .bss                                     0x200003c4   Section       32  rtc.o(.bss)
    .bss                                     0x200003e4   Section       76  quadspi.o(.bss)
    .bss                                     0x20000430   Section      504  adc.o(.bss)
    .bss                                     0x20000628   Section       60  main.o(.bss)
    .bss                                     0x20000664   Section      112  usart.o(.bss)
    .bss                                     0x200006d4   Section      100  spi.o(.bss)
    .bss                                     0x20000738   Section      116  init_protection.o(.bss)
    .bss                                     0x200007ac   Section      312  fc50.o(.bss)
    .bss                                     0x200008e4   Section       84  fc50n.o(.bss)
    .bss                                     0x20000938   Section       88  fc51.o(.bss)
    .bss                                     0x20000990   Section       12  fc51.o(.bss)
    .bss                                     0x2000099c   Section       12  fc51.o(.bss)
    .bss                                     0x200009a8   Section       32  fc51n.o(.bss)
    .bss                                     0x200009c8   Section       24  fc27.o(.bss)
    .bss                                     0x200009e0   Section       96  fc59.o(.bss)
    .bss                                     0x20000a40   Section       68  fc46.o(.bss)
    .bss                                     0x20000a84   Section       40  fc49.o(.bss)
    .bss                                     0x20000aac   Section       36  fcbf.o(.bss)
    .bss                                     0x20000ad0   Section       24  fc37.o(.bss)
    .bss                                     0x20000ae8   Section      268  fcunb.o(.bss)
    UNBa_buffer                              0x20000b20   Data         100  fcunb.o(.bss)
    UNBb_buffer                              0x20000b84   Data         100  fcunb.o(.bss)
    .bss                                     0x20000bf4   Section      716  fcpvp.o(.bss)
    peakBuffer                               0x20000c48   Data         600  fcpvp.o(.bss)
    .bss                                     0x20000ec0   Section      296  pickup_handles.o(.bss)
    pick_buffer                              0x20000ef0   Data         248  pickup_handles.o(.bss)
    .bss                                     0x20000fe8   Section     5168  cs_handles.o(.bss)
    .bss                                     0x20002418   Section     3120  truerms.o(.bss)
    .bss                                     0x20003048   Section     1104  spectra.o(.bss)
    .bss                                     0x20003498   Section       12  spectra.o(.bss)
    .bss                                     0x200034a4   Section      288  conversion.o(.bss)
    .bss                                     0x200035c4   Section       36  powersysdata.o(.bss)
    .bss                                     0x200035e8   Section     6032  spi_masterslave.o(.bss)
    .bss                                     0x20004d78   Section     3008  uart_masterslave.o(.bss)
    STACK                                    0x20005938   Section     1024  startup_stm32f767xx.o(STACK)

    Global Symbols

    Symbol Name                              Value     Ov Type        Size  Object(Section)

    BuildAttributes$$THM_ISAv4$E$P$D$K$B$S$7EM$VFPv5_D16$PE$PLD8$A:L22UL41UL21$X:L11$S22US41US21$IEEE1$IW$USESV6$~STKCKD$USESV7$~SHL$OTIME$ROPI$IEEEX$EBA8$MICROLIB$REQ8$PRES8$EABIv2 0x00000000   Number         0  anon$$obj.o ABSOLUTE
    __ARM_use_no_argv                        0x00000000   Number         0  main.o ABSOLUTE
    __cpp_initialize__aeabi_                  - Undefined Weak Reference
    __cxa_finalize                            - Undefined Weak Reference
    _clock_init                               - Undefined Weak Reference
    _microlib_exit                            - Undefined Weak Reference
    __Vectors_Size                           0x000001f8   Number         0  startup_stm32f767xx.o ABSOLUTE
    __Vectors                                0x08000000   Data           4  startup_stm32f767xx.o(RESET)
    __Vectors_End                            0x080001f8   Data           0  startup_stm32f767xx.o(RESET)
    __main                                   0x080001f9   Thumb Code     0  entry.o(.ARM.Collect$$$$00000000)
    _main_stk                                0x080001f9   Thumb Code     0  entry2.o(.ARM.Collect$$$$00000001)
    _main_scatterload                        0x080001fd   Thumb Code     0  entry5.o(.ARM.Collect$$$$00000004)
    __main_after_scatterload                 0x08000201   Thumb Code     0  entry5.o(.ARM.Collect$$$$00000004)
    _main_clock                              0x08000201   Thumb Code     0  entry7b.o(.ARM.Collect$$$$00000008)
    _main_cpp_init                           0x08000201   Thumb Code     0  entry8b.o(.ARM.Collect$$$$0000000A)
    _main_init                               0x08000201   Thumb Code     0  entry9a.o(.ARM.Collect$$$$0000000B)
    __rt_final_cpp                           0x08000209   Thumb Code     0  entry10a.o(.ARM.Collect$$$$0000000D)
    __rt_final_exit                          0x08000209   Thumb Code     0  entry11a.o(.ARM.Collect$$$$0000000F)
    Reset_Handler                            0x0800020d   Thumb Code     8  startup_stm32f767xx.o(.text)
    ADC_IRQHandler                           0x08000227   Thumb Code     0  startup_stm32f767xx.o(.text)
    CAN1_RX0_IRQHandler                      0x08000227   Thumb Code     0  startup_stm32f767xx.o(.text)
    CAN1_RX1_IRQHandler                      0x08000227   Thumb Code     0  startup_stm32f767xx.o(.text)
    CAN1_SCE_IRQHandler                      0x08000227   Thumb Code     0  startup_stm32f767xx.o(.text)
    CAN1_TX_IRQHandler                       0x08000227   Thumb Code     0  startup_stm32f767xx.o(.text)
    CAN2_RX0_IRQHandler                      0x08000227   Thumb Code     0  startup_stm32f767xx.o(.text)
    CAN2_RX1_IRQHandler                      0x08000227   Thumb Code     0  startup_stm32f767xx.o(.text)
    CAN2_SCE_IRQHandler                      0x08000227   Thumb Code     0  startup_stm32f767xx.o(.text)
    CAN2_TX_IRQHandler                       0x08000227   Thumb Code     0  startup_stm32f767xx.o(.text)
    CAN3_RX0_IRQHandler                      0x08000227   Thumb Code     0  startup_stm32f767xx.o(.text)
    CAN3_RX1_IRQHandler                      0x08000227   Thumb Code     0  startup_stm32f767xx.o(.text)
    CAN3_SCE_IRQHandler                      0x08000227   Thumb Code     0  startup_stm32f767xx.o(.text)
    CAN3_TX_IRQHandler                       0x08000227   Thumb Code     0  startup_stm32f767xx.o(.text)
    CEC_IRQHandler                           0x08000227   Thumb Code     0  startup_stm32f767xx.o(.text)
    DCMI_IRQHandler                          0x08000227   Thumb Code     0  startup_stm32f767xx.o(.text)
    DFSDM1_FLT0_IRQHandler                   0x08000227   Thumb Code     0  startup_stm32f767xx.o(.text)
    DFSDM1_FLT1_IRQHandler                   0x08000227   Thumb Code     0  startup_stm32f767xx.o(.text)
    DFSDM1_FLT2_IRQHandler                   0x08000227   Thumb Code     0  startup_stm32f767xx.o(.text)
    DFSDM1_FLT3_IRQHandler                   0x08000227   Thumb Code     0  startup_stm32f767xx.o(.text)
    DMA1_Stream0_IRQHandler                  0x08000227   Thumb Code     0  startup_stm32f767xx.o(.text)
    DMA1_Stream1_IRQHandler                  0x08000227   Thumb Code     0  startup_stm32f767xx.o(.text)
    DMA1_Stream2_IRQHandler                  0x08000227   Thumb Code     0  startup_stm32f767xx.o(.text)
    DMA1_Stream3_IRQHandler                  0x08000227   Thumb Code     0  startup_stm32f767xx.o(.text)
    DMA1_Stream4_IRQHandler                  0x08000227   Thumb Code     0  startup_stm32f767xx.o(.text)
    DMA1_Stream5_IRQHandler                  0x08000227   Thumb Code     0  startup_stm32f767xx.o(.text)
    DMA1_Stream6_IRQHandler                  0x08000227   Thumb Code     0  startup_stm32f767xx.o(.text)
    DMA1_Stream7_IRQHandler                  0x08000227   Thumb Code     0  startup_stm32f767xx.o(.text)
    DMA2D_IRQHandler                         0x08000227   Thumb Code     0  startup_stm32f767xx.o(.text)
    DMA2_Stream3_IRQHandler                  0x08000227   Thumb Code     0  startup_stm32f767xx.o(.text)
    DMA2_Stream4_IRQHandler                  0x08000227   Thumb Code     0  startup_stm32f767xx.o(.text)
    DMA2_Stream5_IRQHandler                  0x08000227   Thumb Code     0  startup_stm32f767xx.o(.text)
    DMA2_Stream6_IRQHandler                  0x08000227   Thumb Code     0  startup_stm32f767xx.o(.text)
    DMA2_Stream7_IRQHandler                  0x08000227   Thumb Code     0  startup_stm32f767xx.o(.text)
    ETH_IRQHandler                           0x08000227   Thumb Code     0  startup_stm32f767xx.o(.text)
    ETH_WKUP_IRQHandler                      0x08000227   Thumb Code     0  startup_stm32f767xx.o(.text)
    EXTI0_IRQHandler                         0x08000227   Thumb Code     0  startup_stm32f767xx.o(.text)
    EXTI1_IRQHandler                         0x08000227   Thumb Code     0  startup_stm32f767xx.o(.text)
    EXTI2_IRQHandler                         0x08000227   Thumb Code     0  startup_stm32f767xx.o(.text)
    EXTI3_IRQHandler                         0x08000227   Thumb Code     0  startup_stm32f767xx.o(.text)
    EXTI4_IRQHandler                         0x08000227   Thumb Code     0  startup_stm32f767xx.o(.text)
    EXTI9_5_IRQHandler                       0x08000227   Thumb Code     0  startup_stm32f767xx.o(.text)
    FLASH_IRQHandler                         0x08000227   Thumb Code     0  startup_stm32f767xx.o(.text)
    FMC_IRQHandler                           0x08000227   Thumb Code     0  startup_stm32f767xx.o(.text)
    FPU_IRQHandler                           0x08000227   Thumb Code     0  startup_stm32f767xx.o(.text)
    I2C1_ER_IRQHandler                       0x08000227   Thumb Code     0  startup_stm32f767xx.o(.text)
    I2C1_EV_IRQHandler                       0x08000227   Thumb Code     0  startup_stm32f767xx.o(.text)
    I2C2_ER_IRQHandler                       0x08000227   Thumb Code     0  startup_stm32f767xx.o(.text)
    I2C2_EV_IRQHandler                       0x08000227   Thumb Code     0  startup_stm32f767xx.o(.text)
    I2C3_ER_IRQHandler                       0x08000227   Thumb Code     0  startup_stm32f767xx.o(.text)
    I2C3_EV_IRQHandler                       0x08000227   Thumb Code     0  startup_stm32f767xx.o(.text)
    I2C4_ER_IRQHandler                       0x08000227   Thumb Code     0  startup_stm32f767xx.o(.text)
    I2C4_EV_IRQHandler                       0x08000227   Thumb Code     0  startup_stm32f767xx.o(.text)
    JPEG_IRQHandler                          0x08000227   Thumb Code     0  startup_stm32f767xx.o(.text)
    LPTIM1_IRQHandler                        0x08000227   Thumb Code     0  startup_stm32f767xx.o(.text)
    LTDC_ER_IRQHandler                       0x08000227   Thumb Code     0  startup_stm32f767xx.o(.text)
    LTDC_IRQHandler                          0x08000227   Thumb Code     0  startup_stm32f767xx.o(.text)
    MDIOS_IRQHandler                         0x08000227   Thumb Code     0  startup_stm32f767xx.o(.text)
    OTG_FS_IRQHandler                        0x08000227   Thumb Code     0  startup_stm32f767xx.o(.text)
    OTG_FS_WKUP_IRQHandler                   0x08000227   Thumb Code     0  startup_stm32f767xx.o(.text)
    OTG_HS_EP1_IN_IRQHandler                 0x08000227   Thumb Code     0  startup_stm32f767xx.o(.text)
    OTG_HS_EP1_OUT_IRQHandler                0x08000227   Thumb Code     0  startup_stm32f767xx.o(.text)
    OTG_HS_IRQHandler                        0x08000227   Thumb Code     0  startup_stm32f767xx.o(.text)
    OTG_HS_WKUP_IRQHandler                   0x08000227   Thumb Code     0  startup_stm32f767xx.o(.text)
    PVD_IRQHandler                           0x08000227   Thumb Code     0  startup_stm32f767xx.o(.text)
    QUADSPI_IRQHandler                       0x08000227   Thumb Code     0  startup_stm32f767xx.o(.text)
    RCC_IRQHandler                           0x08000227   Thumb Code     0  startup_stm32f767xx.o(.text)
    RNG_IRQHandler                           0x08000227   Thumb Code     0  startup_stm32f767xx.o(.text)
    RTC_Alarm_IRQHandler                     0x08000227   Thumb Code     0  startup_stm32f767xx.o(.text)
    RTC_WKUP_IRQHandler                      0x08000227   Thumb Code     0  startup_stm32f767xx.o(.text)
    SAI1_IRQHandler                          0x08000227   Thumb Code     0  startup_stm32f767xx.o(.text)
    SAI2_IRQHandler                          0x08000227   Thumb Code     0  startup_stm32f767xx.o(.text)
    SDMMC1_IRQHandler                        0x08000227   Thumb Code     0  startup_stm32f767xx.o(.text)
    SDMMC2_IRQHandler                        0x08000227   Thumb Code     0  startup_stm32f767xx.o(.text)
    SPDIF_RX_IRQHandler                      0x08000227   Thumb Code     0  startup_stm32f767xx.o(.text)
    SPI1_IRQHandler                          0x08000227   Thumb Code     0  startup_stm32f767xx.o(.text)
    SPI3_IRQHandler                          0x08000227   Thumb Code     0  startup_stm32f767xx.o(.text)
    SPI4_IRQHandler                          0x08000227   Thumb Code     0  startup_stm32f767xx.o(.text)
    SPI5_IRQHandler                          0x08000227   Thumb Code     0  startup_stm32f767xx.o(.text)
    SPI6_IRQHandler                          0x08000227   Thumb Code     0  startup_stm32f767xx.o(.text)
    TAMP_STAMP_IRQHandler                    0x08000227   Thumb Code     0  startup_stm32f767xx.o(.text)
    TIM1_BRK_TIM9_IRQHandler                 0x08000227   Thumb Code     0  startup_stm32f767xx.o(.text)
    TIM1_CC_IRQHandler                       0x08000227   Thumb Code     0  startup_stm32f767xx.o(.text)
    TIM1_TRG_COM_TIM11_IRQHandler            0x08000227   Thumb Code     0  startup_stm32f767xx.o(.text)
    TIM2_IRQHandler                          0x08000227   Thumb Code     0  startup_stm32f767xx.o(.text)
    TIM3_IRQHandler                          0x08000227   Thumb Code     0  startup_stm32f767xx.o(.text)
    TIM4_IRQHandler                          0x08000227   Thumb Code     0  startup_stm32f767xx.o(.text)
    TIM5_IRQHandler                          0x08000227   Thumb Code     0  startup_stm32f767xx.o(.text)
    TIM6_DAC_IRQHandler                      0x08000227   Thumb Code     0  startup_stm32f767xx.o(.text)
    TIM7_IRQHandler                          0x08000227   Thumb Code     0  startup_stm32f767xx.o(.text)
    TIM8_BRK_TIM12_IRQHandler                0x08000227   Thumb Code     0  startup_stm32f767xx.o(.text)
    TIM8_CC_IRQHandler                       0x08000227   Thumb Code     0  startup_stm32f767xx.o(.text)
    TIM8_TRG_COM_TIM14_IRQHandler            0x08000227   Thumb Code     0  startup_stm32f767xx.o(.text)
    TIM8_UP_TIM13_IRQHandler                 0x08000227   Thumb Code     0  startup_stm32f767xx.o(.text)
    UART4_IRQHandler                         0x08000227   Thumb Code     0  startup_stm32f767xx.o(.text)
    UART5_IRQHandler                         0x08000227   Thumb Code     0  startup_stm32f767xx.o(.text)
    UART7_IRQHandler                         0x08000227   Thumb Code     0  startup_stm32f767xx.o(.text)
    UART8_IRQHandler                         0x08000227   Thumb Code     0  startup_stm32f767xx.o(.text)
    USART1_IRQHandler                        0x08000227   Thumb Code     0  startup_stm32f767xx.o(.text)
    USART3_IRQHandler                        0x08000227   Thumb Code     0  startup_stm32f767xx.o(.text)
    USART6_IRQHandler                        0x08000227   Thumb Code     0  startup_stm32f767xx.o(.text)
    WWDG_IRQHandler                          0x08000227   Thumb Code     0  startup_stm32f767xx.o(.text)
    __I$use$fp                               0x08000231   Thumb Code     0  iusefp.o(.text)
    __fp_status                              0x08000231   Thumb Code     4  fpstat.o(.text)
    __ieee_status                            0x08000231   Thumb Code     0  fpstat.o(.text)
    __scatterload                            0x08000235   Thumb Code    28  init.o(.text)
    __scatterload_rt2                        0x08000235   Thumb Code     0  init.o(.text)
    __decompress                             0x08000259   Thumb Code     0  __dczerorl2.o(.text)
    __decompress1                            0x08000259   Thumb Code    86  __dczerorl2.o(.text)
    BusFault_Handler                         0x08000327   Thumb Code     2  stm32f7xx_it.o(i.BusFault_Handler)
    DMA2_Stream0_IRQHandler                  0x08000329   Thumb Code     6  stm32f7xx_it.o(i.DMA2_Stream0_IRQHandler)
    DMA2_Stream1_IRQHandler                  0x08000335   Thumb Code     6  stm32f7xx_it.o(i.DMA2_Stream1_IRQHandler)
    DMA2_Stream2_IRQHandler                  0x08000341   Thumb Code     6  stm32f7xx_it.o(i.DMA2_Stream2_IRQHandler)
    DebugMon_Handler                         0x0800034d   Thumb Code     2  stm32f7xx_it.o(i.DebugMon_Handler)
    EXTI15_10_IRQHandler                     0x08000351   Thumb Code    12  stm32f7xx_it.o(i.EXTI15_10_IRQHandler)
    HAL_ADCEx_MultiModeConfigChannel         0x08000361   Thumb Code   116  stm32f7xx_hal_adc_ex.o(i.HAL_ADCEx_MultiModeConfigChannel)
    HAL_ADCEx_MultiModeStart_DMA             0x080003d9   Thumb Code   330  stm32f7xx_hal_adc_ex.o(i.HAL_ADCEx_MultiModeStart_DMA)
    HAL_ADC_ConfigChannel                    0x08000541   Thumb Code   442  stm32f7xx_hal_adc.o(i.HAL_ADC_ConfigChannel)
    HAL_ADC_ConvCpltCallback                 0x0800070d   Thumb Code   520  conversion.o(i.HAL_ADC_ConvCpltCallback)
    HAL_ADC_ConvHalfCpltCallback             0x08000925   Thumb Code     2  stm32f7xx_hal_adc.o(i.HAL_ADC_ConvHalfCpltCallback)
    HAL_ADC_ErrorCallback                    0x08000927   Thumb Code     2  stm32f7xx_hal_adc.o(i.HAL_ADC_ErrorCallback)
    HAL_ADC_Init                             0x08000929   Thumb Code   368  stm32f7xx_hal_adc.o(i.HAL_ADC_Init)
    HAL_ADC_MspInit                          0x08000aa5   Thumb Code   352  adc.o(i.HAL_ADC_MspInit)
    HAL_ADC_Start                            0x08000c41   Thumb Code   260  stm32f7xx_hal_adc.o(i.HAL_ADC_Start)
    HAL_DMA_Abort_IT                         0x08000d51   Thumb Code    36  stm32f7xx_hal_dma.o(i.HAL_DMA_Abort_IT)
    HAL_DMA_IRQHandler                       0x08000d75   Thumb Code   464  stm32f7xx_hal_dma.o(i.HAL_DMA_IRQHandler)
    HAL_DMA_Init                             0x08000f51   Thumb Code   350  stm32f7xx_hal_dma.o(i.HAL_DMA_Init)
    HAL_DMA_Start_IT                         0x080010bd   Thumb Code   156  stm32f7xx_hal_dma.o(i.HAL_DMA_Start_IT)
    HAL_GPIO_EXTI_Callback                   0x08001159   Thumb Code     2  main.o(i.HAL_GPIO_EXTI_Callback)
    HAL_GPIO_EXTI_IRQHandler                 0x0800115d   Thumb Code    20  stm32f7xx_hal_gpio.o(i.HAL_GPIO_EXTI_IRQHandler)
    HAL_GPIO_Init                            0x08001175   Thumb Code   572  stm32f7xx_hal_gpio.o(i.HAL_GPIO_Init)
    HAL_GPIO_ReadPin                         0x080013c5   Thumb Code    10  stm32f7xx_hal_gpio.o(i.HAL_GPIO_ReadPin)
    HAL_GPIO_WritePin                        0x080013cf   Thumb Code    10  stm32f7xx_hal_gpio.o(i.HAL_GPIO_WritePin)
    HAL_GetTick                              0x080013d9   Thumb Code     6  stm32f7xx_hal.o(i.HAL_GetTick)
    HAL_IncTick                              0x080013e5   Thumb Code    10  stm32f7xx_hal.o(i.HAL_IncTick)
    HAL_Init                                 0x080013f5   Thumb Code    22  stm32f7xx_hal.o(i.HAL_Init)
    HAL_InitTick                             0x0800140d   Thumb Code    34  stm32f7xx_hal.o(i.HAL_InitTick)
    HAL_MspInit                              0x08001435   Thumb Code    88  stm32f7xx_hal_msp.o(i.HAL_MspInit)
    HAL_NVIC_EnableIRQ                       0x0800148d   Thumb Code    24  stm32f7xx_hal_cortex.o(i.HAL_NVIC_EnableIRQ)
    HAL_NVIC_SetPriority                     0x080014a5   Thumb Code    92  stm32f7xx_hal_cortex.o(i.HAL_NVIC_SetPriority)
    HAL_NVIC_SetPriorityGrouping             0x08001505   Thumb Code    30  stm32f7xx_hal_cortex.o(i.HAL_NVIC_SetPriorityGrouping)
    HAL_PWREx_EnableOverDrive                0x08001529   Thumb Code   116  stm32f7xx_hal_pwr_ex.o(i.HAL_PWREx_EnableOverDrive)
    HAL_QSPI_Init                            0x080015a5   Thumb Code   200  stm32f7xx_hal_qspi.o(i.HAL_QSPI_Init)
    HAL_QSPI_MspInit                         0x08001671   Thumb Code   118  quadspi.o(i.HAL_QSPI_MspInit)
    HAL_RCCEx_PeriphCLKConfig                0x080016f9   Thumb Code  1496  stm32f7xx_hal_rcc_ex.o(i.HAL_RCCEx_PeriphCLKConfig)
    HAL_RCC_ClockConfig                      0x08001cd5   Thumb Code   392  stm32f7xx_hal_rcc.o(i.HAL_RCC_ClockConfig)
    HAL_RCC_GetHCLKFreq                      0x08001e7d   Thumb Code     6  stm32f7xx_hal_rcc.o(i.HAL_RCC_GetHCLKFreq)
    HAL_RCC_GetPCLK1Freq                     0x08001e89   Thumb Code    20  stm32f7xx_hal_rcc.o(i.HAL_RCC_GetPCLK1Freq)
    HAL_RCC_GetPCLK2Freq                     0x08001ea9   Thumb Code    20  stm32f7xx_hal_rcc.o(i.HAL_RCC_GetPCLK2Freq)
    HAL_RCC_GetSysClockFreq                  0x08001ec9   Thumb Code    94  stm32f7xx_hal_rcc.o(i.HAL_RCC_GetSysClockFreq)
    HAL_RCC_OscConfig                        0x08001f39   Thumb Code   928  stm32f7xx_hal_rcc.o(i.HAL_RCC_OscConfig)
    HAL_RTC_Init                             0x080022f9   Thumb Code   202  stm32f7xx_hal_rtc.o(i.HAL_RTC_Init)
    HAL_RTC_MspInit                          0x080023c5   Thumb Code    26  rtc.o(i.HAL_RTC_MspInit)
    HAL_SPI_ErrorCallback                    0x080023e5   Thumb Code     2  stm32f7xx_hal_spi.o(i.HAL_SPI_ErrorCallback)
    HAL_SPI_IRQHandler                       0x080023e9   Thumb Code   242  stm32f7xx_hal_spi.o(i.HAL_SPI_IRQHandler)
    HAL_SPI_Init                             0x080024e1   Thumb Code   210  stm32f7xx_hal_spi.o(i.HAL_SPI_Init)
    HAL_SPI_MspInit                          0x080025b5   Thumb Code    90  spi.o(i.HAL_SPI_MspInit)
    HAL_SPI_Transmit_IT                      0x08002619   Thumb Code   152  stm32f7xx_hal_spi.o(i.HAL_SPI_Transmit_IT)
    HAL_SPI_TxCpltCallback                   0x080026b9   Thumb Code    24  spi_masterslave.o(i.HAL_SPI_TxCpltCallback)
    HAL_SYSTICK_CLKSourceConfig              0x080026d9   Thumb Code    22  stm32f7xx_hal_cortex.o(i.HAL_SYSTICK_CLKSourceConfig)
    HAL_SYSTICK_Callback                     0x080026ef   Thumb Code     2  stm32f7xx_hal_cortex.o(i.HAL_SYSTICK_Callback)
    HAL_SYSTICK_Config                       0x080026f1   Thumb Code    36  stm32f7xx_hal_cortex.o(i.HAL_SYSTICK_Config)
    HAL_SYSTICK_IRQHandler                   0x08002719   Thumb Code     8  stm32f7xx_hal_cortex.o(i.HAL_SYSTICK_IRQHandler)
    HAL_TIMEx_BreakCallback                  0x08002721   Thumb Code     2  stm32f7xx_hal_tim_ex.o(i.HAL_TIMEx_BreakCallback)
    HAL_TIMEx_CommutationCallback            0x08002723   Thumb Code     2  stm32f7xx_hal_tim_ex.o(i.HAL_TIMEx_CommutationCallback)
    HAL_TIMEx_MasterConfigSynchronization    0x08002725   Thumb Code    94  stm32f7xx_hal_tim_ex.o(i.HAL_TIMEx_MasterConfigSynchronization)
    HAL_TIM_Base_Init                        0x08002783   Thumb Code    54  stm32f7xx_hal_tim.o(i.HAL_TIM_Base_Init)
    HAL_TIM_Base_MspInit                     0x080027b9   Thumb Code    84  tim.o(i.HAL_TIM_Base_MspInit)
    HAL_TIM_Base_Start_IT                    0x08002815   Thumb Code    24  stm32f7xx_hal_tim.o(i.HAL_TIM_Base_Start_IT)
    HAL_TIM_ConfigClockSource                0x0800282d   Thumb Code   468  stm32f7xx_hal_tim.o(i.HAL_TIM_ConfigClockSource)
    HAL_TIM_IC_CaptureCallback               0x08002a01   Thumb Code     2  stm32f7xx_hal_tim.o(i.HAL_TIM_IC_CaptureCallback)
    HAL_TIM_IRQHandler                       0x08002a03   Thumb Code   388  stm32f7xx_hal_tim.o(i.HAL_TIM_IRQHandler)
    HAL_TIM_OC_DelayElapsedCallback          0x08002b87   Thumb Code     2  stm32f7xx_hal_tim.o(i.HAL_TIM_OC_DelayElapsedCallback)
    HAL_TIM_PWM_PulseFinishedCallback        0x08002b89   Thumb Code     2  stm32f7xx_hal_tim.o(i.HAL_TIM_PWM_PulseFinishedCallback)
    HAL_TIM_PeriodElapsedCallback            0x08002b8b   Thumb Code     2  stm32f7xx_hal_tim.o(i.HAL_TIM_PeriodElapsedCallback)
    HAL_TIM_TriggerCallback                  0x08002b8d   Thumb Code     2  stm32f7xx_hal_tim.o(i.HAL_TIM_TriggerCallback)
    HAL_UART_ErrorCallback                   0x08002b8f   Thumb Code     2  stm32f7xx_hal_uart.o(i.HAL_UART_ErrorCallback)
    HAL_UART_IRQHandler                      0x08002b91   Thumb Code   652  stm32f7xx_hal_uart.o(i.HAL_UART_IRQHandler)
    HAL_UART_Init                            0x08002e21   Thumb Code   110  stm32f7xx_hal_uart.o(i.HAL_UART_Init)
    HAL_UART_MspInit                         0x08002e91   Thumb Code    88  usart.o(i.HAL_UART_MspInit)
    HAL_UART_Receive_IT                      0x08002ef1   Thumb Code   150  stm32f7xx_hal_uart.o(i.HAL_UART_Receive_IT)
    HAL_UART_RxCpltCallback                  0x08002f89   Thumb Code    72  uart_masterslave.o(i.HAL_UART_RxCpltCallback)
    HAL_UART_TxCpltCallback                  0x08002fd9   Thumb Code    26  uart_masterslave.o(i.HAL_UART_TxCpltCallback)
    HardFault_Handler                        0x08002ff9   Thumb Code     2  stm32f7xx_it.o(i.HardFault_Handler)
    MX_ADC1_Init                             0x08002ffd   Thumb Code   222  adc.o(i.MX_ADC1_Init)
    MX_ADC2_Init                             0x080030f5   Thumb Code   182  adc.o(i.MX_ADC2_Init)
    MX_ADC3_Init                             0x080031c5   Thumb Code   184  adc.o(i.MX_ADC3_Init)
    MX_DMA_Init                              0x08003295   Thumb Code    40  dma.o(i.MX_DMA_Init)
    MX_GPIO_Init                             0x080032c1   Thumb Code   530  gpio.o(i.MX_GPIO_Init)
    MX_QUADSPI_Init                          0x080034f9   Thumb Code    54  quadspi.o(i.MX_QUADSPI_Init)
    MX_RTC_Init                              0x0800354d   Thumb Code    52  rtc.o(i.MX_RTC_Init)
    MX_SPI2_Init                             0x08003599   Thumb Code    74  spi.o(i.MX_SPI2_Init)
    MX_TIM1_Init                             0x080035fd   Thumb Code   104  tim.o(i.MX_TIM1_Init)
    MX_TIM6_Init                             0x0800367d   Thumb Code    70  tim.o(i.MX_TIM6_Init)
    MX_USART2_UART_Init                      0x080036dd   Thumb Code    60  usart.o(i.MX_USART2_UART_Init)
    MemManage_Handler                        0x08003731   Thumb Code     2  stm32f7xx_it.o(i.MemManage_Handler)
    NMI_Handler                              0x08003733   Thumb Code     2  stm32f7xx_it.o(i.NMI_Handler)
    PendSV_Handler                           0x08003735   Thumb Code     2  stm32f7xx_it.o(i.PendSV_Handler)
    SPI2_IRQHandler                          0x08003791   Thumb Code     6  stm32f7xx_it.o(i.SPI2_IRQHandler)
    SVC_Handler                              0x080039f1   Thumb Code     2  stm32f7xx_it.o(i.SVC_Handler)
    SysTick_Handler                          0x080039f3   Thumb Code    22  stm32f7xx_it.o(i.SysTick_Handler)
    SystemClock_Config                       0x08003a09   Thumb Code   186  main.o(i.SystemClock_Config)
    SystemInit                               0x08003acd   Thumb Code    76  system_stm32f7xx.o(i.SystemInit)
    TIM1_UP_TIM10_IRQHandler                 0x08003b2d   Thumb Code     6  stm32f7xx_it.o(i.TIM1_UP_TIM10_IRQHandler)
    TIM_Base_SetConfig                       0x08003b39   Thumb Code   180  stm32f7xx_hal_tim.o(i.TIM_Base_SetConfig)
    UART_AdvFeatureConfig                    0x08003c01   Thumb Code   218  stm32f7xx_hal_uart.o(i.UART_AdvFeatureConfig)
    UART_CheckIdleState                      0x08003cdb   Thumb Code    68  stm32f7xx_hal_uart.o(i.UART_CheckIdleState)
    UART_SetConfig                           0x08003d35   Thumb Code   682  stm32f7xx_hal_uart.o(i.UART_SetConfig)
    UART_WaitOnFlagUntilTimeout              0x08003ff1   Thumb Code   118  stm32f7xx_hal_uart.o(i.UART_WaitOnFlagUntilTimeout)
    USART2_IRQHandler                        0x08004069   Thumb Code     6  stm32f7xx_it.o(i.USART2_IRQHandler)
    UsageFault_Handler                       0x08004075   Thumb Code     2  stm32f7xx_it.o(i.UsageFault_Handler)
    _Error_Handler                           0x08004077   Thumb Code     2  main.o(i._Error_Handler)
    __ARM_fpclassify                         0x08004079   Thumb Code    48  fpclassify.o(i.__ARM_fpclassify)
    __ARM_fpclassifyf                        0x080040a9   Thumb Code    38  fpclassifyf.o(i.__ARM_fpclassifyf)
    __hardfp_atan                            0x080040d1   Thumb Code   402  atan.o(i.__hardfp_atan)
    __hardfp_atan2                           0x080042d1   Thumb Code   380  atan2.o(i.__hardfp_atan2)
    __hardfp_atan2f                          0x08004491   Thumb Code   502  atan2f.o(i.__hardfp_atan2f)
    __hardfp_powf                            0x080046e9   Thumb Code  1590  powf.o(i.__hardfp_powf)
    __mathlib_powf                           0x080046e9   Thumb Code     0  powf.o(i.__hardfp_powf)
    __hardfp_sin                             0x08004d41   Thumb Code   158  sin.o(i.__hardfp_sin)
    __hardfp_sqrt                            0x08004df1   Thumb Code   102  sqrt.o(i.__hardfp_sqrt)
    __hardfp_sqrtf                           0x08004e57   Thumb Code    58  sqrtf.o(i.__hardfp_sqrtf)
    __ieee754_rem_pio2                       0x08004e91   Thumb Code   646  rred.o(i.__ieee754_rem_pio2)
    __kernel_cos                             0x080051a1   Thumb Code   182  cos_i.o(i.__kernel_cos)
    __kernel_poly                            0x08005281   Thumb Code   112  poly.o(i.__kernel_poly)
    __kernel_sin                             0x080052f1   Thumb Code   144  sin_i.o(i.__kernel_sin)
    __mathlib_dbl_infnan                     0x08005399   Thumb Code     6  dunder.o(i.__mathlib_dbl_infnan)
    __mathlib_dbl_infnan2                    0x0800539f   Thumb Code     6  dunder.o(i.__mathlib_dbl_infnan2)
    __mathlib_dbl_invalid                    0x080053a9   Thumb Code    10  dunder.o(i.__mathlib_dbl_invalid)
    __mathlib_dbl_underflow                  0x080053c1   Thumb Code    10  dunder.o(i.__mathlib_dbl_underflow)
    __mathlib_flt_divzero                    0x080053d9   Thumb Code    14  funder.o(i.__mathlib_flt_divzero)
    __mathlib_flt_infnan2                    0x080053f1   Thumb Code     6  funder.o(i.__mathlib_flt_infnan2)
    __mathlib_flt_invalid                    0x080053f9   Thumb Code    10  funder.o(i.__mathlib_flt_invalid)
    __mathlib_flt_overflow                   0x08005409   Thumb Code    10  funder.o(i.__mathlib_flt_overflow)
    __mathlib_flt_underflow                  0x08005419   Thumb Code    10  funder.o(i.__mathlib_flt_underflow)
    __scatterload_copy                       0x08005429   Thumb Code    14  handlers.o(i.__scatterload_copy)
    __scatterload_null                       0x08005437   Thumb Code     2  handlers.o(i.__scatterload_null)
    __scatterload_zeroinit                   0x08005439   Thumb Code    14  handlers.o(i.__scatterload_zeroinit)
    __set_errno                              0x08005449   Thumb Code     6  errno.o(i.__set_errno)
    atan                                     0x08005455   Thumb Code    16  atan.o(i.atan)
    boardIO                                  0x08005465   Thumb Code   454  boardio.o(i.boardIO)
    cs_PQ_combination                        0x08005649   Thumb Code   154  cs_handles.o(i.cs_PQ_combination)
    cs_computations                          0x080056f1   Thumb Code   316  measurement_functions.o(i.cs_computations)
    cs_generation                            0x08005849   Thumb Code   178  measurement_functions.o(i.cs_generation)
    cs_handles                               0x080058fd   Thumb Code   840  cs_handles.o(i.cs_handles)
    dpm_mergeDWord                           0x08005c65   Thumb Code   108  dataparsermerger.o(i.dpm_mergeDWord)
    dpm_mergeFloat                           0x08005cd1   Thumb Code    92  dataparsermerger.o(i.dpm_mergeFloat)
    dpm_parseDWord                           0x08005d31   Thumb Code    82  dataparsermerger.o(i.dpm_parseDWord)
    dpm_parseFloat                           0x08005d85   Thumb Code    92  dataparsermerger.o(i.dpm_parseFloat)
    fabs                                     0x08005de5   Thumb Code    24  fabs.o(i.fabs)
    fc27                                     0x08005dfd   Thumb Code   120  protection_functions.o(i.fc27)
    fc27_all                                 0x08005e79   Thumb Code   202  fc27.o(i.fc27_all)
    fc27_init                                0x08005f69   Thumb Code    24  fc27.o(i.fc27_init)
    fc37                                     0x08005f89   Thumb Code   112  protection_functions.o(i.fc37)
    fc37_all                                 0x08005ffd   Thumb Code   294  fc37.o(i.fc37_all)
    fc37_init                                0x08006165   Thumb Code    24  fc37.o(i.fc37_init)
    fc46_all                                 0x08006185   Thumb Code   116  fc46.o(i.fc46_all)
    fc46_init                                0x0800620d   Thumb Code    54  fc46.o(i.fc46_init)
    fc46d                                    0x08006251   Thumb Code   336  protection_functions.o(i.fc46d)
    fc46i                                    0x080063a9   Thumb Code   316  protection_functions.o(i.fc46i)
    fc49                                     0x080064f9   Thumb Code    68  protection_functions.o(i.fc49)
    fc49_all                                 0x0800653d   Thumb Code   292  fc49.o(i.fc49_all)
    fc49_init                                0x08006671   Thumb Code    74  fc49.o(i.fc49_init)
    fc50                                     0x080066d1   Thumb Code   222  protection_functions.o(i.fc50)
    fc50N_all                                0x080067b5   Thumb Code   114  fc50n.o(i.fc50N_all)
    fc50N_init                               0x08006845   Thumb Code    22  fc50n.o(i.fc50N_init)
    fc50_all                                 0x08006865   Thumb Code   520  fc50.o(i.fc50_all)
    fc50_init                                0x08006abd   Thumb Code    40  fc50.o(i.fc50_init)
    fc51                                     0x08006aed   Thumb Code   222  protection_functions.o(i.fc51)
    fc51N_all                                0x08006bdd   Thumb Code    52  fc51n.o(i.fc51N_all)
    fc51N_init                               0x08006c25   Thumb Code    46  fc51n.o(i.fc51N_init)
    fc51_all                                 0x08006c61   Thumb Code   214  fc51.o(i.fc51_all)
    fc51_init                                0x08006d4d   Thumb Code    62  fc51.o(i.fc51_init)
    fc59                                     0x08006d99   Thumb Code    92  protection_functions.o(i.fc59)
    fc59_all                                 0x08006df9   Thumb Code   166  fc59.o(i.fc59_all)
    fc59_init                                0x08006ead   Thumb Code    18  fc59.o(i.fc59_init)
    fcBF                                     0x08006ec9   Thumb Code   274  protection_functions.o(i.fcBF)
    fcBF_all                                 0x08006fe1   Thumb Code   140  fcbf.o(i.fcBF_all)
    fcBF_init                                0x08007085   Thumb Code    18  fcbf.o(i.fcBF_init)
    fcPVP_all                                0x080070a1   Thumb Code   372  fcpvp.o(i.fcPVP_all)
    fcPVP_init                               0x08007245   Thumb Code    56  fcpvp.o(i.fcPVP_init)
    fcPVPd                                   0x08007289   Thumb Code   108  protection_functions.o(i.fcPVPd)
    fcPVPi                                   0x080072f9   Thumb Code   174  protection_functions.o(i.fcPVPi)
    fcUNB_all                                0x080073b9   Thumb Code   380  fcunb.o(i.fcUNB_all)
    fcUNB_init                               0x08007565   Thumb Code    38  fcunb.o(i.fcUNB_init)
    fcUNBd                                   0x08007599   Thumb Code   108  protection_functions.o(i.fcUNBd)
    fcUNBi                                   0x08007609   Thumb Code   192  protection_functions.o(i.fcUNBi)
    initFunctions                            0x080076e1   Thumb Code    58  initfunctions.o(i.initFunctions)
    init_conversion                          0x0800771d   Thumb Code   160  conversion.o(i.init_conversion)
    init_protection                          0x080077f5   Thumb Code  2004  init_protection.o(i.init_protection)
    main                                     0x08007fd5   Thumb Code   272  main.o(i.main)
    main_flow                                0x08008115   Thumb Code    70  main_flow.o(i.main_flow)
    maxSelector_3p                           0x0800815b   Thumb Code    10  protection_functions.o(i.maxSelector_3p)
    off_delay                                0x08008165   Thumb Code    66  protection_functions.o(i.off_delay)
    on_delay                                 0x080081a7   Thumb Code    64  protection_functions.o(i.on_delay)
    on_off_delay                             0x080081e7   Thumb Code    44  protection_functions.o(i.on_off_delay)
    peak_detect_rms                          0x08008215   Thumb Code   162  measurement_functions.o(i.peak_detect_rms)
    pick_trip_reset_handles                  0x080082c1   Thumb Code    18  pickup_handles.o(i.pick_trip_reset_handles)
    pick_up_handles                          0x080082d5   Thumb Code  2402  pickup_handles.o(i.pick_up_handles)
    pullDataFromMaster                       0x08008c45   Thumb Code  1186  configparams.o(i.pullDataFromMaster)
    pushDataToMaster                         0x080090e9   Thumb Code  1650  commparams.o(i.pushDataToMaster)
    pvp_curve                                0x080097a1   Thumb Code   214  protection_functions.o(i.pvp_curve)
    pvp_filter                               0x080098dd   Thumb Code   114  measurement_functions.o(i.pvp_filter)
    reset_handles                            0x08009951   Thumb Code   970  pickup_handles.o(i.reset_handles)
    spi_initComApp                           0x08009e0d   Thumb Code     2  spi_masterslave.o(i.spi_initComApp)
    spi_runComApp                            0x08009e11   Thumb Code   874  spi_masterslave.o(i.spi_runComApp)
    spi_sysTickCallApp                       0x0800a189   Thumb Code    62  spi_masterslave.o(i.spi_sysTickCallApp)
    sym_comp                                 0x0800a1cd   Thumb Code   126  measurement_functions.o(i.sym_comp)
    sym_mag                                  0x0800a255   Thumb Code   386  measurement_functions.o(i.sym_mag)
    thermal_status                           0x0800a3e1   Thumb Code   114  measurement_functions.o(i.thermal_status)
    trip_handles                             0x0800a459   Thumb Code  1792  pickup_handles.o(i.trip_handles)
    trueRMS                                  0x0800ab59   Thumb Code   302  truerms.o(i.trueRMS)
    true_rms                                 0x0800ac99   Thumb Code   106  measurement_functions.o(i.true_rms)
    uart_initComApp                          0x0800ad09   Thumb Code    10  uart_masterslave.o(i.uart_initComApp)
    uart_runComApp                           0x0800ad1d   Thumb Code   374  uart_masterslave.o(i.uart_runComApp)
    uart_sysTickCallApp                      0x0800aea1   Thumb Code    60  uart_masterslave.o(i.uart_sysTickCallApp)
    AHBPrescTable                            0x0800aee8   Data          16  system_stm32f7xx.o(.constdata)
    APBPrescTable                            0x0800aef8   Data           8  system_stm32f7xx.o(.constdata)
    __mathlib_zero                           0x0800b200   Data           8  qnan.o(.constdata)
    Region$$Table$$Base                      0x0800b2f8   Number         0  anon$$obj.o(Region$$Table)
    Region$$Table$$Limit                     0x0800b318   Number         0  anon$$obj.o(Region$$Table)
    incoming_data_flag                       0x20000000   Data           1  main.o(.data)
    uwTick                                   0x20000004   Data           4  stm32f7xx_hal.o(.data)
    SystemCoreClock                          0x20000008   Data           4  system_stm32f7xx.o(.data)
    curve                                    0x2000000c   Data           1  init_protection.o(.data)
    cSelect1                                 0x20000010   Data           4  init_protection.o(.data)
    cSelect2                                 0x20000014   Data           4  init_protection.o(.data)
    curve_data                               0x20000018   Data          96  init_protection.o(.data)
    fc27_obj1_L1_out                         0x20000080   Data           8  fc27.o(.data)
    fc27_obj1_L2_out                         0x20000088   Data           8  fc27.o(.data)
    fc49_obj1_L1_out_a                       0x20000094   Data           4  fc49.o(.data)
    fc49_obj1_L1_out_b                       0x20000098   Data           4  fc49.o(.data)
    fc49_obj1_L1_out_c                       0x2000009c   Data           4  fc49.o(.data)
    fc49_obj2_L1_out_a                       0x200000a0   Data           4  fc49.o(.data)
    fc49_obj2_L1_out_b                       0x200000a4   Data           4  fc49.o(.data)
    fc49_obj2_L1_out_c                       0x200000a8   Data           4  fc49.o(.data)
    therm_a_obj1                             0x200000ac   Data           4  fc49.o(.data)
    therm_b_obj1                             0x200000b0   Data           4  fc49.o(.data)
    therm_c_obj1                             0x200000b4   Data           4  fc49.o(.data)
    therm_a_obj2                             0x200000b8   Data           4  fc49.o(.data)
    therm_b_obj2                             0x200000bc   Data           4  fc49.o(.data)
    therm_c_obj2                             0x200000c0   Data           4  fc49.o(.data)
    fc49_obj1_L1_in                          0x200000c4   Data           8  fc49.o(.data)
    fc49_obj2_L1_in                          0x200000cc   Data           8  fc49.o(.data)
    fc49_obj1_L2_in                          0x200000d4   Data           8  fc49.o(.data)
    fc49_obj2_L2_in                          0x200000dc   Data           8  fc49.o(.data)
    fc37_obj1_L1_out_a                       0x200000f0   Data           8  fc37.o(.data)
    fc37_obj1_L1_out_b                       0x200000f8   Data           8  fc37.o(.data)
    fc37_obj1_L1_out_c                       0x20000100   Data           8  fc37.o(.data)
    fc37_obj2_L1_out_a                       0x20000108   Data           8  fc37.o(.data)
    fc37_obj2_L1_out_b                       0x20000110   Data           8  fc37.o(.data)
    fc37_obj2_L1_out_c                       0x20000118   Data           8  fc37.o(.data)
    comp                                     0x20000120   Data           1  fcunb.o(.data)
    UNBpcorrection                           0x20000124   Data           4  fcunb.o(.data)
    UNBa_rms                                 0x20000128   Data           4  fcunb.o(.data)
    UNBb_rms                                 0x2000012c   Data           4  fcunb.o(.data)
    fcUNBi_obj1_L1_in                        0x20000130   Data           8  fcunb.o(.data)
    peak_a                                   0x2000013c   Data           4  fcpvp.o(.data)
    peak_b                                   0x20000140   Data           4  fcpvp.o(.data)
    peak_c                                   0x20000144   Data           4  fcpvp.o(.data)
    fcPVPd_obj1_L1_out_a                     0x20000148   Data           8  fcpvp.o(.data)
    fcPVPd_obj1_L1_out_b                     0x20000150   Data           8  fcpvp.o(.data)
    fcPVPd_obj1_L1_out_c                     0x20000158   Data           8  fcpvp.o(.data)
    fault_code                               0x20000160   Data           1  pickup_handles.o(.data)
    n                                        0x20000164   Data           8  cs_handles.o(.data)
    UNBa                                     0x2000016c   Data           8  cs_handles.o(.data)
    UNBb                                     0x20000174   Data           8  cs_handles.o(.data)
    sin_coeffs                               0x2000017c   Data         200  cs_handles.o(.data)
    cos_coeffs                               0x20000244   Data         200  cs_handles.o(.data)
    conversion_completed                     0x20000310   Data           1  conversion.o(.data)
    ch                                       0x20000311   Data           1  conversion.o(.data)
    cycle_count_1                            0x20000314   Data           4  conversion.o(.data)
    cycle_count_2                            0x20000324   Data           4  conversion.o(.data)
    DI                                       0x20000328   Data           4  boardio.o(.data)
    DO                                       0x2000032c   Data           4  boardio.o(.data)
    typeCnv                                  0x20000330   Data           4  dataparsermerger.o(.data)
    mSelect                                  0x20000334   Data           4  configparams.o(.data)
    pFlag                                    0x20000338   Data           4  configparams.o(.data)
    pEN                                      0x2000033c   Data           4  configparams.o(.data)
    htim1                                    0x20000344   Data          64  tim.o(.bss)
    htim6                                    0x20000384   Data          64  tim.o(.bss)
    hrtc                                     0x200003c4   Data          32  rtc.o(.bss)
    hqspi                                    0x200003e4   Data          76  quadspi.o(.bss)
    hadc1                                    0x20000430   Data          72  adc.o(.bss)
    hadc2                                    0x20000478   Data          72  adc.o(.bss)
    hadc3                                    0x200004c0   Data          72  adc.o(.bss)
    hdma_adc1                                0x20000508   Data          96  adc.o(.bss)
    hdma_adc2                                0x20000568   Data          96  adc.o(.bss)
    hdma_adc3                                0x200005c8   Data          96  adc.o(.bss)
    adc_values                               0x20000628   Data          60  main.o(.bss)
    huart2                                   0x20000664   Data         112  usart.o(.bss)
    hspi2                                    0x200006d4   Data         100  spi.o(.bss)
    EN                                       0x20000738   Data         116  init_protection.o(.bss)
    fc50_obj1_L1_out_a                       0x200007ac   Data          12  fc50.o(.bss)
    fc50_obj1_L1_out_b                       0x200007b8   Data          12  fc50.o(.bss)
    fc50_obj1_L1_out_c                       0x200007c4   Data          12  fc50.o(.bss)
    fc50_obj1_L2_out_a                       0x200007d0   Data          12  fc50.o(.bss)
    fc50_obj1_L2_out_b                       0x200007dc   Data          12  fc50.o(.bss)
    fc50_obj1_L2_out_c                       0x200007e8   Data          12  fc50.o(.bss)
    fc50_obj1_L3_out_a                       0x200007f4   Data          12  fc50.o(.bss)
    fc50_obj1_L3_out_b                       0x20000800   Data          12  fc50.o(.bss)
    fc50_obj1_L3_out_c                       0x2000080c   Data          12  fc50.o(.bss)
    fc50_obj2_L1_out_a                       0x20000818   Data          12  fc50.o(.bss)
    fc50_obj2_L1_out_b                       0x20000824   Data          12  fc50.o(.bss)
    fc50_obj2_L1_out_c                       0x20000830   Data          12  fc50.o(.bss)
    fc50_obj2_L2_out_a                       0x2000083c   Data          12  fc50.o(.bss)
    fc50_obj2_L2_out_b                       0x20000848   Data          12  fc50.o(.bss)
    fc50_obj2_L2_out_c                       0x20000854   Data          12  fc50.o(.bss)
    fc50_obj2_L3_out_a                       0x20000860   Data          12  fc50.o(.bss)
    fc50_obj2_L3_out_b                       0x2000086c   Data          12  fc50.o(.bss)
    fc50_obj2_L3_out_c                       0x20000878   Data          12  fc50.o(.bss)
    fc50_obj1_L1_in                          0x20000884   Data          16  fc50.o(.bss)
    fc50_obj1_L2_in                          0x20000894   Data          16  fc50.o(.bss)
    fc50_obj1_L3_in                          0x200008a4   Data          16  fc50.o(.bss)
    fc50_obj2_L1_in                          0x200008b4   Data          16  fc50.o(.bss)
    fc50_obj2_L2_in                          0x200008c4   Data          16  fc50.o(.bss)
    fc50_obj2_L3_in                          0x200008d4   Data          16  fc50.o(.bss)
    fc50N_obj1_L1_out                        0x200008e4   Data          12  fc50n.o(.bss)
    fc50N_obj1_L2_out                        0x200008f0   Data          12  fc50n.o(.bss)
    fc50N_obj1_L3_out                        0x200008fc   Data          12  fc50n.o(.bss)
    fc50N_obj1_L1_in                         0x20000908   Data          16  fc50n.o(.bss)
    fc50N_obj1_L2_in                         0x20000918   Data          16  fc50n.o(.bss)
    fc50N_obj1_L3_in                         0x20000928   Data          16  fc50n.o(.bss)
    fc51_obj1_out_a                          0x20000938   Data          12  fc51.o(.bss)
    fc51_obj1_out_b                          0x20000944   Data          12  fc51.o(.bss)
    fc51_obj1_out_c                          0x20000950   Data          12  fc51.o(.bss)
    fc51_obj2_out_a                          0x2000095c   Data          12  fc51.o(.bss)
    fc51_obj1_in                             0x20000968   Data          20  fc51.o(.bss)
    fc51_obj2_in                             0x2000097c   Data          20  fc51.o(.bss)
    fc51_obj2_out_b                          0x20000990   Data          12  fc51.o(.bss)
    fc51_obj2_out_c                          0x2000099c   Data          12  fc51.o(.bss)
    fc51N_obj1_out                           0x200009a8   Data          12  fc51n.o(.bss)
    fc51N_obj1_in                            0x200009b4   Data          20  fc51n.o(.bss)
    fc27_obj1_L1_in                          0x200009c8   Data          12  fc27.o(.bss)
    fc27_obj1_L2_in                          0x200009d4   Data          12  fc27.o(.bss)
    fc59_obj1_L1_out_a                       0x200009e0   Data          12  fc59.o(.bss)
    fc59_obj1_L1_out_b                       0x200009ec   Data          12  fc59.o(.bss)
    fc59_obj1_L1_out_c                       0x200009f8   Data          12  fc59.o(.bss)
    fc59_obj1_L2_out_a                       0x20000a04   Data          12  fc59.o(.bss)
    fc59_obj1_L2_out_b                       0x20000a10   Data          12  fc59.o(.bss)
    fc59_obj1_L2_out_c                       0x20000a1c   Data          12  fc59.o(.bss)
    fc59_obj1_L1_in                          0x20000a28   Data          12  fc59.o(.bss)
    fc59_obj1_L2_in                          0x20000a34   Data          12  fc59.o(.bss)
    fc46d_obj1_L1_out                        0x20000a40   Data          16  fc46.o(.bss)
    fc46i_obj1_L1_out                        0x20000a50   Data          16  fc46.o(.bss)
    fc46d_obj1_L1_in                         0x20000a60   Data          16  fc46.o(.bss)
    fc46i_obj1_L1_in                         0x20000a70   Data          20  fc46.o(.bss)
    fc49_obj1_therm                          0x20000a84   Data          20  fc49.o(.bss)
    fc49_obj2_therm                          0x20000a98   Data          20  fc49.o(.bss)
    fcBF_out                                 0x20000aac   Data          12  fcbf.o(.bss)
    fcBF_in                                  0x20000ab8   Data          24  fcbf.o(.bss)
    fc37_obj1_L1_in                          0x20000ad0   Data          12  fc37.o(.bss)
    fc37_obj2_L1_in                          0x20000adc   Data          12  fc37.o(.bss)
    fcUNBd_obj1_L1_out_a                     0x20000ae8   Data          16  fcunb.o(.bss)
    fcUNBd_obj1_L1_out_b                     0x20000af8   Data          16  fcunb.o(.bss)
    fcUNBi_obj1_L1_out_a                     0x20000b08   Data          12  fcunb.o(.bss)
    fcUNBi_obj1_L1_out_b                     0x20000b14   Data          12  fcunb.o(.bss)
    fcUNBd_obj1_L1_in                        0x20000be8   Data          12  fcunb.o(.bss)
    pvp_in                                   0x20000bf4   Data          12  fcpvp.o(.bss)
    pvp_in_back                              0x20000c00   Data          12  fcpvp.o(.bss)
    pvp_out                                  0x20000c0c   Data          12  fcpvp.o(.bss)
    pvp_out_back                             0x20000c18   Data          12  fcpvp.o(.bss)
    fcPVPi_obj1_L1_out_a                     0x20000c24   Data          12  fcpvp.o(.bss)
    fcPVPi_obj1_L1_out_b                     0x20000c30   Data          12  fcpvp.o(.bss)
    fcPVPi_obj1_L1_out_c                     0x20000c3c   Data          12  fcpvp.o(.bss)
    fcPVPd_obj1_L1_in                        0x20000ea0   Data          12  fcpvp.o(.bss)
    fcPVPi_obj1_L1_in                        0x20000eac   Data          20  fcpvp.o(.bss)
    pick                                     0x20000ec0   Data          12  pickup_handles.o(.bss)
    trip                                     0x20000ecc   Data          12  pickup_handles.o(.bss)
    pick_words                               0x20000ed8   Data          12  pickup_handles.o(.bss)
    trip_words                               0x20000ee4   Data          12  pickup_handles.o(.bss)
    phase_cs_A                               0x20000fe8   Data          16  cs_handles.o(.bss)
    phase_cs_B                               0x20000ff8   Data          16  cs_handles.o(.bss)
    phase_cs_C                               0x20001008   Data          16  cs_handles.o(.bss)
    phase_cs_A_out                           0x20001018   Data          44  cs_handles.o(.bss)
    phase_cs_B_out                           0x20001044   Data          44  cs_handles.o(.bss)
    phase_cs_C_out                           0x20001070   Data          44  cs_handles.o(.bss)
    sym                                      0x2000109c   Data          24  cs_handles.o(.bss)
    sym_hist                                 0x200010b4   Data          24  cs_handles.o(.bss)
    mag_sym                                  0x200010cc   Data          24  cs_handles.o(.bss)
    c_buffer                                 0x200010e4   Data        2400  cs_handles.o(.bss)
    s_buffer                                 0x20001a44   Data        2400  cs_handles.o(.bss)
    P                                        0x200023a4   Data          28  cs_handles.o(.bss)
    Q                                        0x200023c0   Data          28  cs_handles.o(.bss)
    fRMS                                     0x200023dc   Data          60  cs_handles.o(.bss)
    tRMS                                     0x20002418   Data          60  truerms.o(.bss)
    backRMS                                  0x20002454   Data          60  truerms.o(.bss)
    bufferRMS                                0x20002490   Data        3000  truerms.o(.bss)
    spect_Ia                                 0x20003048   Data         368  spectra.o(.bss)
    spect_Ib                                 0x200031b8   Data         368  spectra.o(.bss)
    spect_Ic                                 0x20003328   Data         368  spectra.o(.bss)
    thd                                      0x20003498   Data          12  spectra.o(.bss)
    rawAdc                                   0x200034a4   Data          60  conversion.o(.bss)
    fAdc                                     0x200034e0   Data          60  conversion.o(.bss)
    offset                                   0x2000351c   Data          60  conversion.o(.bss)
    scale                                    0x20003558   Data          60  conversion.o(.bss)
    TR                                       0x20003594   Data          48  conversion.o(.bss)
    Sys                                      0x200035c4   Data          36  powersysdata.o(.bss)
    comParams                                0x200035e8   Data        6020  spi_masterslave.o(.bss)
    spiCRC                                   0x20004d6c   Data          12  spi_masterslave.o(.bss)
    comParams_uart                           0x20004d78   Data        2996  uart_masterslave.o(.bss)
    uartCRC                                  0x2000592c   Data          12  uart_masterslave.o(.bss)
    __initial_sp                             0x20005d38   Data           0  startup_stm32f767xx.o(STACK)



==============================================================================

Memory Map of the image

  Image Entry point : 0x080001f9

  Load Region LR_IROM1 (Base: 0x08000000, Size: 0x0000b65c, Max: 0x00200000, ABSOLUTE, COMPRESSED[0x0000b47c])

    Execution Region ER_IROM1 (Base: 0x08000000, Size: 0x0000b318, Max: 0x00200000, ABSOLUTE)

    Base Addr    Size         Type   Attr      Idx    E Section Name        Object

    0x08000000   0x000001f8   Data   RO          882    RESET               startup_stm32f767xx.o
    0x080001f8   0x00000000   Code   RO         5730  * .ARM.Collect$$$$00000000  mc_w.l(entry.o)
    0x080001f8   0x00000004   Code   RO         5798    .ARM.Collect$$$$00000001  mc_w.l(entry2.o)
    0x080001fc   0x00000004   Code   RO         5801    .ARM.Collect$$$$00000004  mc_w.l(entry5.o)
    0x08000200   0x00000000   Code   RO         5803    .ARM.Collect$$$$00000008  mc_w.l(entry7b.o)
    0x08000200   0x00000000   Code   RO         5805    .ARM.Collect$$$$0000000A  mc_w.l(entry8b.o)
    0x08000200   0x00000008   Code   RO         5806    .ARM.Collect$$$$0000000B  mc_w.l(entry9a.o)
    0x08000208   0x00000000   Code   RO         5808    .ARM.Collect$$$$0000000D  mc_w.l(entry10a.o)
    0x08000208   0x00000000   Code   RO         5810    .ARM.Collect$$$$0000000F  mc_w.l(entry11a.o)
    0x08000208   0x00000004   Code   RO         5799    .ARM.Collect$$$$00002712  mc_w.l(entry2.o)
    0x0800020c   0x00000024   Code   RO          883    .text               startup_stm32f767xx.o
    0x08000230   0x00000000   Code   RO         5819    .text               mc_w.l(iusefp.o)
    0x08000230   0x00000004   Code   RO         5820    .text               mf_w.l(fpstat.o)
    0x08000234   0x00000024   Code   RO         5826    .text               mc_w.l(init.o)
    0x08000258   0x00000056   Code   RO         5836    .text               mc_w.l(__dczerorl2.o)
    0x080002ae   0x00000060   Code   RO         2084    i.ADC_MultiModeDMAConvCplt  stm32f7xx_hal_adc_ex.o
    0x0800030e   0x00000012   Code   RO         2085    i.ADC_MultiModeDMAError  stm32f7xx_hal_adc_ex.o
    0x08000320   0x00000006   Code   RO         2086    i.ADC_MultiModeDMAHalfConvCplt  stm32f7xx_hal_adc_ex.o
    0x08000326   0x00000002   Code   RO          310    i.BusFault_Handler  stm32f7xx_it.o
    0x08000328   0x0000000c   Code   RO          311    i.DMA2_Stream0_IRQHandler  stm32f7xx_it.o
    0x08000334   0x0000000c   Code   RO          312    i.DMA2_Stream1_IRQHandler  stm32f7xx_it.o
    0x08000340   0x0000000c   Code   RO          313    i.DMA2_Stream2_IRQHandler  stm32f7xx_it.o
    0x0800034c   0x00000002   Code   RO          314    i.DebugMon_Handler  stm32f7xx_it.o
    0x0800034e   0x00000002   PAD
    0x08000350   0x00000010   Code   RO          315    i.EXTI15_10_IRQHandler  stm32f7xx_it.o
    0x08000360   0x00000078   Code   RO         2095    i.HAL_ADCEx_MultiModeConfigChannel  stm32f7xx_hal_adc_ex.o
    0x080003d8   0x00000168   Code   RO         2097    i.HAL_ADCEx_MultiModeStart_DMA  stm32f7xx_hal_adc_ex.o
    0x08000540   0x000001cc   Code   RO          894    i.HAL_ADC_ConfigChannel  stm32f7xx_hal_adc.o
    0x0800070c   0x00000218   Code   RO         5215    i.HAL_ADC_ConvCpltCallback  conversion.o
    0x08000924   0x00000002   Code   RO          896    i.HAL_ADC_ConvHalfCpltCallback  stm32f7xx_hal_adc.o
    0x08000926   0x00000002   Code   RO          898    i.HAL_ADC_ErrorCallback  stm32f7xx_hal_adc.o
    0x08000928   0x0000017c   Code   RO          903    i.HAL_ADC_Init      stm32f7xx_hal_adc.o
    0x08000aa4   0x0000019c   Code   RO          443    i.HAL_ADC_MspInit   adc.o
    0x08000c40   0x00000110   Code   RO          909    i.HAL_ADC_Start     stm32f7xx_hal_adc.o
    0x08000d50   0x00000024   Code   RO         2475    i.HAL_DMA_Abort_IT  stm32f7xx_hal_dma.o
    0x08000d74   0x000001dc   Code   RO         2479    i.HAL_DMA_IRQHandler  stm32f7xx_hal_dma.o
    0x08000f50   0x0000016c   Code   RO         2480    i.HAL_DMA_Init      stm32f7xx_hal_dma.o
    0x080010bc   0x0000009c   Code   RO         2484    i.HAL_DMA_Start_IT  stm32f7xx_hal_dma.o
    0x08001158   0x00000002   Code   RO          496    i.HAL_GPIO_EXTI_Callback  main.o
    0x0800115a   0x00000002   PAD
    0x0800115c   0x00000018   Code   RO         1416    i.HAL_GPIO_EXTI_IRQHandler  stm32f7xx_hal_gpio.o
    0x08001174   0x00000250   Code   RO         1417    i.HAL_GPIO_Init     stm32f7xx_hal_gpio.o
    0x080013c4   0x0000000a   Code   RO         1419    i.HAL_GPIO_ReadPin  stm32f7xx_hal_gpio.o
    0x080013ce   0x0000000a   Code   RO         1421    i.HAL_GPIO_WritePin  stm32f7xx_hal_gpio.o
    0x080013d8   0x0000000c   Code   RO         2302    i.HAL_GetTick       stm32f7xx_hal.o
    0x080013e4   0x00000010   Code   RO         2306    i.HAL_IncTick       stm32f7xx_hal.o
    0x080013f4   0x00000016   Code   RO         2307    i.HAL_Init          stm32f7xx_hal.o
    0x0800140a   0x00000002   PAD
    0x0800140c   0x00000028   Code   RO         2308    i.HAL_InitTick      stm32f7xx_hal.o
    0x08001434   0x00000058   Code   RO          286    i.HAL_MspInit       stm32f7xx_hal_msp.o
    0x0800148c   0x00000018   Code   RO         1289    i.HAL_NVIC_EnableIRQ  stm32f7xx_hal_cortex.o
    0x080014a4   0x00000060   Code   RO         1295    i.HAL_NVIC_SetPriority  stm32f7xx_hal_cortex.o
    0x08001504   0x00000024   Code   RO         1296    i.HAL_NVIC_SetPriorityGrouping  stm32f7xx_hal_cortex.o
    0x08001528   0x0000007c   Code   RO         2199    i.HAL_PWREx_EnableOverDrive  stm32f7xx_hal_pwr_ex.o
    0x080015a4   0x000000cc   Code   RO         3425    i.HAL_QSPI_Init     stm32f7xx_hal_qspi.o
    0x08001670   0x00000088   Code   RO          215    i.HAL_QSPI_MspInit  quadspi.o
    0x080016f8   0x000005dc   Code   RO         2687    i.HAL_RCCEx_PeriphCLKConfig  stm32f7xx_hal_rcc_ex.o
    0x08001cd4   0x000001a8   Code   RO         2962    i.HAL_RCC_ClockConfig  stm32f7xx_hal_rcc.o
    0x08001e7c   0x0000000c   Code   RO         2967    i.HAL_RCC_GetHCLKFreq  stm32f7xx_hal_rcc.o
    0x08001e88   0x00000020   Code   RO         2969    i.HAL_RCC_GetPCLK1Freq  stm32f7xx_hal_rcc.o
    0x08001ea8   0x00000020   Code   RO         2970    i.HAL_RCC_GetPCLK2Freq  stm32f7xx_hal_rcc.o
    0x08001ec8   0x00000070   Code   RO         2971    i.HAL_RCC_GetSysClockFreq  stm32f7xx_hal_rcc.o
    0x08001f38   0x000003c0   Code   RO         2974    i.HAL_RCC_OscConfig  stm32f7xx_hal_rcc.o
    0x080022f8   0x000000ca   Code   RO         1063    i.HAL_RTC_Init      stm32f7xx_hal_rtc.o
    0x080023c2   0x00000002   PAD
    0x080023c4   0x00000020   Code   RO          173    i.HAL_RTC_MspInit   rtc.o
    0x080023e4   0x00000002   Code   RO         4365    i.HAL_SPI_ErrorCallback  stm32f7xx_hal_spi.o
    0x080023e6   0x00000002   PAD
    0x080023e8   0x000000f8   Code   RO         4368    i.HAL_SPI_IRQHandler  stm32f7xx_hal_spi.o
    0x080024e0   0x000000d2   Code   RO         4369    i.HAL_SPI_Init      stm32f7xx_hal_spi.o
    0x080025b2   0x00000002   PAD
    0x080025b4   0x00000064   Code   RO          636    i.HAL_SPI_MspInit   spi.o
    0x08002618   0x000000a0   Code   RO         4382    i.HAL_SPI_Transmit_IT  stm32f7xx_hal_spi.o
    0x080026b8   0x00000020   Code   RO         5450    i.HAL_SPI_TxCpltCallback  spi_masterslave.o
    0x080026d8   0x00000016   Code   RO         1298    i.HAL_SYSTICK_CLKSourceConfig  stm32f7xx_hal_cortex.o
    0x080026ee   0x00000002   Code   RO         1299    i.HAL_SYSTICK_Callback  stm32f7xx_hal_cortex.o
    0x080026f0   0x00000028   Code   RO         1300    i.HAL_SYSTICK_Config  stm32f7xx_hal_cortex.o
    0x08002718   0x00000008   Code   RO         1301    i.HAL_SYSTICK_IRQHandler  stm32f7xx_hal_cortex.o
    0x08002720   0x00000002   Code   RO         3098    i.HAL_TIMEx_BreakCallback  stm32f7xx_hal_tim_ex.o
    0x08002722   0x00000002   Code   RO         3099    i.HAL_TIMEx_CommutationCallback  stm32f7xx_hal_tim_ex.o
    0x08002724   0x0000005e   Code   RO         3117    i.HAL_TIMEx_MasterConfigSynchronization  stm32f7xx_hal_tim_ex.o
    0x08002782   0x00000036   Code   RO         1482    i.HAL_TIM_Base_Init  stm32f7xx_hal_tim.o
    0x080027b8   0x0000005c   Code   RO            5    i.HAL_TIM_Base_MspInit  tim.o
    0x08002814   0x00000018   Code   RO         1487    i.HAL_TIM_Base_Start_IT  stm32f7xx_hal_tim.o
    0x0800282c   0x000001d4   Code   RO         1491    i.HAL_TIM_ConfigClockSource  stm32f7xx_hal_tim.o
    0x08002a00   0x00000002   Code   RO         1511    i.HAL_TIM_IC_CaptureCallback  stm32f7xx_hal_tim.o
    0x08002a02   0x00000184   Code   RO         1524    i.HAL_TIM_IRQHandler  stm32f7xx_hal_tim.o
    0x08002b86   0x00000002   Code   RO         1527    i.HAL_TIM_OC_DelayElapsedCallback  stm32f7xx_hal_tim.o
    0x08002b88   0x00000002   Code   RO         1554    i.HAL_TIM_PWM_PulseFinishedCallback  stm32f7xx_hal_tim.o
    0x08002b8a   0x00000002   Code   RO         1561    i.HAL_TIM_PeriodElapsedCallback  stm32f7xx_hal_tim.o
    0x08002b8c   0x00000002   Code   RO         1565    i.HAL_TIM_TriggerCallback  stm32f7xx_hal_tim.o
    0x08002b8e   0x00000002   Code   RO         4110    i.HAL_UART_ErrorCallback  stm32f7xx_hal_uart.o
    0x08002b90   0x00000290   Code   RO         4113    i.HAL_UART_IRQHandler  stm32f7xx_hal_uart.o
    0x08002e20   0x0000006e   Code   RO         4114    i.HAL_UART_Init     stm32f7xx_hal_uart.o
    0x08002e8e   0x00000002   PAD
    0x08002e90   0x00000060   Code   RO          594    i.HAL_UART_MspInit  usart.o
    0x08002ef0   0x00000096   Code   RO         4119    i.HAL_UART_Receive_IT  stm32f7xx_hal_uart.o
    0x08002f86   0x00000002   PAD
    0x08002f88   0x00000050   Code   RO         5503    i.HAL_UART_RxCpltCallback  uart_masterslave.o
    0x08002fd8   0x00000020   Code   RO         5504    i.HAL_UART_TxCpltCallback  uart_masterslave.o
    0x08002ff8   0x00000002   Code   RO          316    i.HardFault_Handler  stm32f7xx_it.o
    0x08002ffa   0x00000002   PAD
    0x08002ffc   0x000000f8   Code   RO          444    i.MX_ADC1_Init      adc.o
    0x080030f4   0x000000d0   Code   RO          445    i.MX_ADC2_Init      adc.o
    0x080031c4   0x000000d0   Code   RO          446    i.MX_ADC3_Init      adc.o
    0x08003294   0x0000002c   Code   RO          259    i.MX_DMA_Init       dma.o
    0x080032c0   0x00000238   Code   RO          569    i.MX_GPIO_Init      gpio.o
    0x080034f8   0x00000054   Code   RO          216    i.MX_QUADSPI_Init   quadspi.o
    0x0800354c   0x0000004c   Code   RO          174    i.MX_RTC_Init       rtc.o
    0x08003598   0x00000064   Code   RO          637    i.MX_SPI2_Init      spi.o
    0x080035fc   0x00000080   Code   RO            6    i.MX_TIM1_Init      tim.o
    0x0800367c   0x00000060   Code   RO            7    i.MX_TIM6_Init      tim.o
    0x080036dc   0x00000054   Code   RO          595    i.MX_USART2_UART_Init  usart.o
    0x08003730   0x00000002   Code   RO          317    i.MemManage_Handler  stm32f7xx_it.o
    0x08003732   0x00000002   Code   RO          318    i.NMI_Handler       stm32f7xx_it.o
    0x08003734   0x00000002   Code   RO          319    i.PendSV_Handler    stm32f7xx_it.o
    0x08003736   0x00000058   Code   RO         3450    i.QSPI_WaitFlagStateUntilTimeout  stm32f7xx_hal_qspi.o
    0x0800378e   0x00000002   PAD
    0x08003790   0x0000000c   Code   RO          320    i.SPI2_IRQHandler   stm32f7xx_it.o
    0x0800379c   0x00000012   Code   RO         4393    i.SPI_DMAAbortOnError  stm32f7xx_hal_spi.o
    0x080037ae   0x0000004a   Code   RO         4403    i.SPI_EndRxTxTransaction  stm32f7xx_hal_spi.o
    0x080037f8   0x00000068   Code   RO         4406    i.SPI_TxISR_16BIT   stm32f7xx_hal_spi.o
    0x08003860   0x00000066   Code   RO         4407    i.SPI_TxISR_8BIT    stm32f7xx_hal_spi.o
    0x080038c6   0x00000002   PAD
    0x080038c8   0x0000009c   Code   RO         4408    i.SPI_WaitFifoStateUntilTimeout  stm32f7xx_hal_spi.o
    0x08003964   0x0000008c   Code   RO         4409    i.SPI_WaitFlagStateUntilTimeout  stm32f7xx_hal_spi.o
    0x080039f0   0x00000002   Code   RO          321    i.SVC_Handler       stm32f7xx_it.o
    0x080039f2   0x00000016   Code   RO          322    i.SysTick_Handler   stm32f7xx_it.o
    0x08003a08   0x000000c4   Code   RO          497    i.SystemClock_Config  main.o
    0x08003acc   0x00000060   Code   RO         4666    i.SystemInit        system_stm32f7xx.o
    0x08003b2c   0x0000000c   Code   RO          323    i.TIM1_UP_TIM10_IRQHandler  stm32f7xx_it.o
    0x08003b38   0x000000c8   Code   RO         1566    i.TIM_Base_SetConfig  stm32f7xx_hal_tim.o
    0x08003c00   0x000000da   Code   RO         4127    i.UART_AdvFeatureConfig  stm32f7xx_hal_uart.o
    0x08003cda   0x00000044   Code   RO         4128    i.UART_CheckIdleState  stm32f7xx_hal_uart.o
    0x08003d1e   0x00000014   Code   RO         4129    i.UART_DMAAbortOnError  stm32f7xx_hal_uart.o
    0x08003d32   0x00000002   PAD
    0x08003d34   0x000002bc   Code   RO         4135    i.UART_SetConfig    stm32f7xx_hal_uart.o
    0x08003ff0   0x00000076   Code   RO         4136    i.UART_WaitOnFlagUntilTimeout  stm32f7xx_hal_uart.o
    0x08004066   0x00000002   PAD
    0x08004068   0x0000000c   Code   RO          324    i.USART2_IRQHandler  stm32f7xx_it.o
    0x08004074   0x00000002   Code   RO          325    i.UsageFault_Handler  stm32f7xx_it.o
    0x08004076   0x00000002   Code   RO          498    i._Error_Handler    main.o
    0x08004078   0x00000030   Code   RO         5822    i.__ARM_fpclassify  m_wv.l(fpclassify.o)
    0x080040a8   0x00000026   Code   RO         5770    i.__ARM_fpclassifyf  m_wv.l(fpclassifyf.o)
    0x080040ce   0x00000002   PAD
    0x080040d0   0x00000200   Code   RO         5733    i.__hardfp_atan     m_wv.l(atan.o)
    0x080042d0   0x000001c0   Code   RO         5656    i.__hardfp_atan2    m_wv.l(atan2.o)
    0x08004490   0x00000258   Code   RO         5668    i.__hardfp_atan2f   m_wv.l(atan2f.o)
    0x080046e8   0x00000658   Code   RO         5680    i.__hardfp_powf     m_wv.l(powf.o)
    0x08004d40   0x000000b0   Code   RO         5694    i.__hardfp_sin      m_wv.l(sin.o)
    0x08004df0   0x00000066   Code   RO         5706    i.__hardfp_sqrt     m_wv.l(sqrt.o)
    0x08004e56   0x0000003a   Code   RO         5718    i.__hardfp_sqrtf    m_wv.l(sqrtf.o)
    0x08004e90   0x00000310   Code   RO         5787    i.__ieee754_rem_pio2  m_wv.l(rred.o)
    0x080051a0   0x000000e0   Code   RO         5747    i.__kernel_cos      m_wv.l(cos_i.o)
    0x08005280   0x00000070   Code   RO         5824    i.__kernel_poly     m_wv.l(poly.o)
    0x080052f0   0x000000a8   Code   RO         5792    i.__kernel_sin      m_wv.l(sin_i.o)
    0x08005398   0x00000006   Code   RO         5751    i.__mathlib_dbl_infnan  m_wv.l(dunder.o)
    0x0800539e   0x00000006   Code   RO         5752    i.__mathlib_dbl_infnan2  m_wv.l(dunder.o)
    0x080053a4   0x00000004   PAD
    0x080053a8   0x00000018   Code   RO         5753    i.__mathlib_dbl_invalid  m_wv.l(dunder.o)
    0x080053c0   0x00000018   Code   RO         5756    i.__mathlib_dbl_underflow  m_wv.l(dunder.o)
    0x080053d8   0x00000018   Code   RO         5772    i.__mathlib_flt_divzero  m_wv.l(funder.o)
    0x080053f0   0x00000006   Code   RO         5774    i.__mathlib_flt_infnan2  m_wv.l(funder.o)
    0x080053f6   0x00000002   PAD
    0x080053f8   0x00000010   Code   RO         5775    i.__mathlib_flt_invalid  m_wv.l(funder.o)
    0x08005408   0x00000010   Code   RO         5776    i.__mathlib_flt_overflow  m_wv.l(funder.o)
    0x08005418   0x00000010   Code   RO         5778    i.__mathlib_flt_underflow  m_wv.l(funder.o)
    0x08005428   0x0000000e   Code   RO         5830    i.__scatterload_copy  mc_w.l(handlers.o)
    0x08005436   0x00000002   Code   RO         5831    i.__scatterload_null  mc_w.l(handlers.o)
    0x08005438   0x0000000e   Code   RO         5832    i.__scatterload_zeroinit  mc_w.l(handlers.o)
    0x08005446   0x00000002   PAD
    0x08005448   0x0000000c   Code   RO         5814    i.__set_errno       mc_w.l(errno.o)
    0x08005454   0x00000010   Code   RO         5735    i.atan              m_wv.l(atan.o)
    0x08005464   0x000001e4   Code   RO         5293    i.boardIO           boardio.o
    0x08005648   0x000000a4   Code   RO         5137    i.cs_PQ_combination  cs_handles.o
    0x080056ec   0x00000004   PAD
    0x080056f0   0x00000158   Code   RO          674    i.cs_computations   measurement_functions.o
    0x08005848   0x000000b2   Code   RO          675    i.cs_generation     measurement_functions.o
    0x080058fa   0x00000002   PAD
    0x080058fc   0x00000368   Code   RO         5138    i.cs_handles        cs_handles.o
    0x08005c64   0x0000006c   Code   RO         5329    i.dpm_mergeDWord    dataparsermerger.o
    0x08005cd0   0x00000060   Code   RO         5330    i.dpm_mergeFloat    dataparsermerger.o
    0x08005d30   0x00000052   Code   RO         5331    i.dpm_parseDWord    dataparsermerger.o
    0x08005d82   0x00000002   PAD
    0x08005d84   0x00000060   Code   RO         5332    i.dpm_parseFloat    dataparsermerger.o
    0x08005de4   0x00000018   Code   RO         5766    i.fabs              m_wv.l(fabs.o)
    0x08005dfc   0x0000007c   Code   RO          756    i.fc27              protection_functions.o
    0x08005e78   0x000000f0   Code   RO         4840    i.fc27_all          fc27.o
    0x08005f68   0x00000020   Code   RO         4841    i.fc27_init         fc27.o
    0x08005f88   0x00000074   Code   RO          757    i.fc37              protection_functions.o
    0x08005ffc   0x00000168   Code   RO         4987    i.fc37_all          fc37.o
    0x08006164   0x00000020   Code   RO         4988    i.fc37_init         fc37.o
    0x08006184   0x00000088   Code   RO         4897    i.fc46_all          fc46.o
    0x0800620c   0x00000044   Code   RO         4898    i.fc46_init         fc46.o
    0x08006250   0x00000158   Code   RO          758    i.fc46d             protection_functions.o
    0x080063a8   0x00000150   Code   RO          759    i.fc46i             protection_functions.o
    0x080064f8   0x00000044   Code   RO          760    i.fc49              protection_functions.o
    0x0800653c   0x00000134   Code   RO         4921    i.fc49_all          fc49.o
    0x08006670   0x00000060   Code   RO         4922    i.fc49_init         fc49.o
    0x080066d0   0x000000e4   Code   RO          761    i.fc50              protection_functions.o
    0x080067b4   0x00000090   Code   RO         4760    i.fc50N_all         fc50n.o
    0x08006844   0x00000020   Code   RO         4761    i.fc50N_init        fc50n.o
    0x08006864   0x00000258   Code   RO         4727    i.fc50_all          fc50.o
    0x08006abc   0x00000030   Code   RO         4728    i.fc50_init         fc50.o
    0x08006aec   0x000000f0   Code   RO          762    i.fc51              protection_functions.o
    0x08006bdc   0x00000048   Code   RO         4814    i.fc51N_all         fc51n.o
    0x08006c24   0x0000003c   Code   RO         4815    i.fc51N_init        fc51n.o
    0x08006c60   0x000000ec   Code   RO         4786    i.fc51_all          fc51.o
    0x08006d4c   0x0000004c   Code   RO         4787    i.fc51_init         fc51.o
    0x08006d98   0x00000060   Code   RO          763    i.fc59              protection_functions.o
    0x08006df8   0x000000b4   Code   RO         4875    i.fc59_all          fc59.o
    0x08006eac   0x0000001c   Code   RO         4876    i.fc59_init         fc59.o
    0x08006ec8   0x00000118   Code   RO          764    i.fcBF              protection_functions.o
    0x08006fe0   0x000000a4   Code   RO         4949    i.fcBF_all          fcbf.o
    0x08007084   0x0000001c   Code   RO         4950    i.fcBF_init         fcbf.o
    0x080070a0   0x000001a4   Code   RO         5053    i.fcPVP_all         fcpvp.o
    0x08007244   0x00000044   Code   RO         5054    i.fcPVP_init        fcpvp.o
    0x08007288   0x00000070   Code   RO          765    i.fcPVPd            protection_functions.o
    0x080072f8   0x000000c0   Code   RO          766    i.fcPVPi            protection_functions.o
    0x080073b8   0x000001ac   Code   RO         5019    i.fcUNB_all         fcunb.o
    0x08007564   0x00000034   Code   RO         5020    i.fcUNB_init        fcunb.o
    0x08007598   0x00000070   Code   RO          767    i.fcUNBd            protection_functions.o
    0x08007608   0x000000d8   Code   RO          768    i.fcUNBi            protection_functions.o
    0x080076e0   0x0000003a   Code   RO         5263    i.initFunctions     initfunctions.o
    0x0800771a   0x00000002   PAD
    0x0800771c   0x000000d8   Code   RO         5217    i.init_conversion   conversion.o
    0x080077f4   0x000007e0   Code   RO         4700    i.init_protection   init_protection.o
    0x08007fd4   0x00000140   Code   RO          499    i.main              main.o
    0x08008114   0x00000046   Code   RO         5632    i.main_flow         main_flow.o
    0x0800815a   0x0000000a   Code   RO          769    i.maxSelector_3p    protection_functions.o
    0x08008164   0x00000042   Code   RO          771    i.off_delay         protection_functions.o
    0x080081a6   0x00000040   Code   RO          772    i.on_delay          protection_functions.o
    0x080081e6   0x0000002c   Code   RO          773    i.on_off_delay      protection_functions.o
    0x08008212   0x00000002   PAD
    0x08008214   0x000000ac   Code   RO          676    i.peak_detect_rms   measurement_functions.o
    0x080082c0   0x00000012   Code   RO         5083    i.pick_trip_reset_handles  pickup_handles.o
    0x080082d2   0x00000002   PAD
    0x080082d4   0x00000970   Code   RO         5084    i.pick_up_handles   pickup_handles.o
    0x08008c44   0x000004a2   Code   RO         5605    i.pullDataFromMaster  configparams.o
    0x080090e6   0x00000002   PAD
    0x080090e8   0x000006b8   Code   RO         5557    i.pushDataToMaster  commparams.o
    0x080097a0   0x0000013c   Code   RO          774    i.pvp_curve         protection_functions.o
    0x080098dc   0x00000072   Code   RO          677    i.pvp_filter        measurement_functions.o
    0x0800994e   0x00000002   PAD
    0x08009950   0x000004bc   Code   RO         5085    i.reset_handles     pickup_handles.o
    0x08009e0c   0x00000002   Code   RO         5451    i.spi_initComApp    spi_masterslave.o
    0x08009e0e   0x00000002   PAD
    0x08009e10   0x00000378   Code   RO         5452    i.spi_runComApp     spi_masterslave.o
    0x0800a188   0x00000044   Code   RO         5453    i.spi_sysTickCallApp  spi_masterslave.o
    0x0800a1cc   0x00000088   Code   RO          681    i.sym_comp          measurement_functions.o
    0x0800a254   0x0000018c   Code   RO          682    i.sym_mag           measurement_functions.o
    0x0800a3e0   0x00000078   Code   RO          683    i.thermal_status    measurement_functions.o
    0x0800a458   0x00000700   Code   RO         5086    i.trip_handles      pickup_handles.o
    0x0800ab58   0x00000140   Code   RO         5175    i.trueRMS           truerms.o
    0x0800ac98   0x00000070   Code   RO          684    i.true_rms          measurement_functions.o
    0x0800ad08   0x00000014   Code   RO         5505    i.uart_initComApp   uart_masterslave.o
    0x0800ad1c   0x00000184   Code   RO         5506    i.uart_runComApp    uart_masterslave.o
    0x0800aea0   0x00000040   Code   RO         5507    i.uart_sysTickCallApp  uart_masterslave.o
    0x0800aee0   0x00000008   Data   RO         2486    .constdata          stm32f7xx_hal_dma.o
    0x0800aee8   0x00000010   Data   RO         4667    .constdata          system_stm32f7xx.o
    0x0800aef8   0x00000008   Data   RO         4668    .constdata          system_stm32f7xx.o
    0x0800af00   0x00000010   Data   RO         4730    .constdata          fc50.o
    0x0800af10   0x00000010   Data   RO         4763    .constdata          fc50n.o
    0x0800af20   0x00000014   Data   RO         4791    .constdata          fc51.o
    0x0800af34   0x00000014   Data   RO         4817    .constdata          fc51n.o
    0x0800af48   0x0000000c   Data   RO         4843    .constdata          fc27.o
    0x0800af54   0x0000000c   Data   RO         4878    .constdata          fc59.o
    0x0800af60   0x00000024   Data   RO         4901    .constdata          fc46.o
    0x0800af84   0x0000001c   Data   RO         4924    .constdata          fc49.o
    0x0800afa0   0x00000018   Data   RO         4952    .constdata          fcbf.o
    0x0800afb8   0x0000000c   Data   RO         4990    .constdata          fc37.o
    0x0800afc4   0x00000014   Data   RO         5023    .constdata          fcunb.o
    0x0800afd8   0x00000020   Data   RO         5056    .constdata          fcpvp.o
    0x0800aff8   0x00000140   Data   RO         5683    .constdata          m_wv.l(powf.o)
    0x0800b138   0x00000098   Data   RO         5736    .constdata          m_wv.l(atan.o)
    0x0800b1d0   0x00000030   Data   RO         5748    .constdata          m_wv.l(cos_i.o)
    0x0800b200   0x00000008   Data   RO         5786    .constdata          m_wv.l(qnan.o)
    0x0800b208   0x000000c8   Data   RO         5789    .constdata          m_wv.l(rred.o)
    0x0800b2d0   0x00000028   Data   RO         5793    .constdata          m_wv.l(sin_i.o)
    0x0800b2f8   0x00000020   Data   RO         5828    Region$$Table       anon$$obj.o


    Execution Region RW_IRAM1 (Base: 0x20000000, Size: 0x00005d38, Max: 0x0001ffff, ABSOLUTE, COMPRESSED[0x00000164])

    Base Addr    Size         Type   Attr      Idx    E Section Name        Object

    0x20000000   0x00000001   Data   RW          501    .data               main.o
    0x20000001   0x00000003   PAD
    0x20000004   0x00000004   Data   RW         2313    .data               stm32f7xx_hal.o
    0x20000008   0x00000004   Data   RW         4669    .data               system_stm32f7xx.o
    0x2000000c   0x0000006c   Data   RW         4702    .data               init_protection.o
    0x20000078   0x00000018   Data   RW         4844    .data               fc27.o
    0x20000090   0x00000001   Data   RW         4902    .data               fc46.o
    0x20000091   0x00000003   PAD
    0x20000094   0x00000040   Data   RW         4925    .data               fc49.o
    0x200000d4   0x00000008   Data   RW         4926    .data               fc49.o
    0x200000dc   0x00000008   Data   RW         4927    .data               fc49.o
    0x200000e4   0x0000003c   Data   RW         4991    .data               fc37.o
    0x20000120   0x00000018   Data   RW         5024    .data               fcunb.o
    0x20000138   0x00000028   Data   RW         5057    .data               fcpvp.o
    0x20000160   0x00000002   Data   RW         5088    .data               pickup_handles.o
    0x20000162   0x00000002   PAD
    0x20000164   0x000001a8   Data   RW         5143    .data               cs_handles.o
    0x2000030c   0x00000001   Data   RW         5177    .data               truerms.o
    0x2000030d   0x00000003   PAD
    0x20000310   0x00000014   Data   RW         5219    .data               conversion.o
    0x20000324   0x00000004   Data   RW         5220    .data               conversion.o
    0x20000328   0x00000008   Data   RW         5294    .data               boardio.o
    0x20000330   0x00000004   Data   RW         5333    .data               dataparsermerger.o
    0x20000334   0x0000000c   Data   RW         5606    .data               configparams.o
    0x20000340   0x00000004   Data   RW         5815    .data               mc_w.l(errno.o)
    0x20000344   0x00000080   Zero   RW            8    .bss                tim.o
    0x200003c4   0x00000020   Zero   RW          175    .bss                rtc.o
    0x200003e4   0x0000004c   Zero   RW          217    .bss                quadspi.o
    0x20000430   0x000001f8   Zero   RW          447    .bss                adc.o
    0x20000628   0x0000003c   Zero   RW          500    .bss                main.o
    0x20000664   0x00000070   Zero   RW          596    .bss                usart.o
    0x200006d4   0x00000064   Zero   RW          638    .bss                spi.o
    0x20000738   0x00000074   Zero   RW         4701    .bss                init_protection.o
    0x200007ac   0x00000138   Zero   RW         4729    .bss                fc50.o
    0x200008e4   0x00000054   Zero   RW         4762    .bss                fc50n.o
    0x20000938   0x00000058   Zero   RW         4788    .bss                fc51.o
    0x20000990   0x0000000c   Zero   RW         4789    .bss                fc51.o
    0x2000099c   0x0000000c   Zero   RW         4790    .bss                fc51.o
    0x200009a8   0x00000020   Zero   RW         4816    .bss                fc51n.o
    0x200009c8   0x00000018   Zero   RW         4842    .bss                fc27.o
    0x200009e0   0x00000060   Zero   RW         4877    .bss                fc59.o
    0x20000a40   0x00000044   Zero   RW         4899    .bss                fc46.o
    0x20000a84   0x00000028   Zero   RW         4923    .bss                fc49.o
    0x20000aac   0x00000024   Zero   RW         4951    .bss                fcbf.o
    0x20000ad0   0x00000018   Zero   RW         4989    .bss                fc37.o
    0x20000ae8   0x0000010c   Zero   RW         5022    .bss                fcunb.o
    0x20000bf4   0x000002cc   Zero   RW         5055    .bss                fcpvp.o
    0x20000ec0   0x00000128   Zero   RW         5087    .bss                pickup_handles.o
    0x20000fe8   0x00001430   Zero   RW         5139    .bss                cs_handles.o
    0x20002418   0x00000c30   Zero   RW         5176    .bss                truerms.o
    0x20003048   0x00000450   Zero   RW         5196    .bss                spectra.o
    0x20003498   0x0000000c   Zero   RW         5197    .bss                spectra.o
    0x200034a4   0x00000120   Zero   RW         5218    .bss                conversion.o
    0x200035c4   0x00000024   Zero   RW         5278    .bss                powersysdata.o
    0x200035e8   0x00001790   Zero   RW         5454    .bss                spi_masterslave.o
    0x20004d78   0x00000bc0   Zero   RW         5508    .bss                uart_masterslave.o
    0x20005938   0x00000400   Zero   RW          880    STACK               startup_stm32f767xx.o

