Component: ARM Compiler 5.06 update 3 (build 300) Tool: armlink [4d35c9]

==============================================================================

Section Cross References

    tim.o(i.HAL_TIM_Base_MspDeInit) refers to stm32f7xx_hal_cortex.o(i.HAL_NVIC_DisableIRQ) for HAL_NVIC_DisableIRQ
    tim.o(i.HAL_TIM_Base_MspInit) refers to stm32f7xx_hal_cortex.o(i.HAL_NVIC_SetPriority) for HAL_NVIC_SetPriority
    tim.o(i.HAL_TIM_Base_MspInit) refers to stm32f7xx_hal_cortex.o(i.HAL_NVIC_EnableIRQ) for HAL_NVIC_EnableIRQ
    tim.o(i.MX_TIM1_Init) refers to stm32f7xx_hal_tim.o(i.HAL_TIM_Base_Init) for HAL_TIM_Base_Init
    tim.o(i.MX_TIM1_Init) refers to main.o(i._Error_Handler) for _Error_Handler
    tim.o(i.MX_TIM1_Init) refers to stm32f7xx_hal_tim.o(i.HAL_TIM_ConfigClockSource) for HAL_TIM_ConfigClockSource
    tim.o(i.MX_TIM1_Init) refers to stm32f7xx_hal_tim_ex.o(i.HAL_TIMEx_MasterConfigSynchronization) for HAL_TIMEx_MasterConfigSynchronization
    tim.o(i.MX_TIM1_Init) refers to tim.o(.bss) for .bss
    tim.o(i.MX_TIM6_Init) refers to stm32f7xx_hal_tim.o(i.HAL_TIM_Base_Init) for HAL_TIM_Base_Init
    tim.o(i.MX_TIM6_Init) refers to main.o(i._Error_Handler) for _Error_Handler
    tim.o(i.MX_TIM6_Init) refers to stm32f7xx_hal_tim_ex.o(i.HAL_TIMEx_MasterConfigSynchronization) for HAL_TIMEx_MasterConfigSynchronization
    tim.o(i.MX_TIM6_Init) refers to tim.o(.bss) for .bss
    rtc.o(i.MX_RTC_Init) refers to stm32f7xx_hal_rtc.o(i.HAL_RTC_Init) for HAL_RTC_Init
    rtc.o(i.MX_RTC_Init) refers to main.o(i._Error_Handler) for _Error_Handler
    rtc.o(i.MX_RTC_Init) refers to rtc.o(.bss) for .bss
    quadspi.o(i.HAL_QSPI_MspDeInit) refers to stm32f7xx_hal_gpio.o(i.HAL_GPIO_DeInit) for HAL_GPIO_DeInit
    quadspi.o(i.HAL_QSPI_MspInit) refers to stm32f7xx_hal_gpio.o(i.HAL_GPIO_Init) for HAL_GPIO_Init
    quadspi.o(i.MX_QUADSPI_Init) refers to stm32f7xx_hal_qspi.o(i.HAL_QSPI_Init) for HAL_QSPI_Init
    quadspi.o(i.MX_QUADSPI_Init) refers to main.o(i._Error_Handler) for _Error_Handler
    quadspi.o(i.MX_QUADSPI_Init) refers to quadspi.o(.bss) for .bss
    dma.o(i.MX_DMA_Init) refers to stm32f7xx_hal_cortex.o(i.HAL_NVIC_SetPriority) for HAL_NVIC_SetPriority
    dma.o(i.MX_DMA_Init) refers to stm32f7xx_hal_cortex.o(i.HAL_NVIC_EnableIRQ) for HAL_NVIC_EnableIRQ
    stm32f7xx_hal_msp.o(i.HAL_MspInit) refers to stm32f7xx_hal_cortex.o(i.HAL_NVIC_SetPriorityGrouping) for HAL_NVIC_SetPriorityGrouping
    stm32f7xx_hal_msp.o(i.HAL_MspInit) refers to stm32f7xx_hal_cortex.o(i.HAL_NVIC_SetPriority) for HAL_NVIC_SetPriority
    stm32f7xx_it.o(i.DMA2_Stream0_IRQHandler) refers to stm32f7xx_hal_dma.o(i.HAL_DMA_IRQHandler) for HAL_DMA_IRQHandler
    stm32f7xx_it.o(i.DMA2_Stream0_IRQHandler) refers to adc.o(.bss) for hdma_adc1
    stm32f7xx_it.o(i.DMA2_Stream1_IRQHandler) refers to stm32f7xx_hal_dma.o(i.HAL_DMA_IRQHandler) for HAL_DMA_IRQHandler
    stm32f7xx_it.o(i.DMA2_Stream1_IRQHandler) refers to adc.o(.bss) for hdma_adc3
    stm32f7xx_it.o(i.DMA2_Stream2_IRQHandler) refers to stm32f7xx_hal_dma.o(i.HAL_DMA_IRQHandler) for HAL_DMA_IRQHandler
    stm32f7xx_it.o(i.DMA2_Stream2_IRQHandler) refers to adc.o(.bss) for hdma_adc2
    stm32f7xx_it.o(i.EXTI15_10_IRQHandler) refers to stm32f7xx_hal_gpio.o(i.HAL_GPIO_EXTI_IRQHandler) for HAL_GPIO_EXTI_IRQHandler
    stm32f7xx_it.o(i.EXTI15_10_IRQHandler) refers to main.o(.data) for incoming_data_flag
    stm32f7xx_it.o(i.SPI2_IRQHandler) refers to stm32f7xx_hal_spi.o(i.HAL_SPI_IRQHandler) for HAL_SPI_IRQHandler
    stm32f7xx_it.o(i.SPI2_IRQHandler) refers to spi.o(.bss) for hspi2
    stm32f7xx_it.o(i.SysTick_Handler) refers to stm32f7xx_hal.o(i.HAL_IncTick) for HAL_IncTick
    stm32f7xx_it.o(i.SysTick_Handler) refers to stm32f7xx_hal_cortex.o(i.HAL_SYSTICK_IRQHandler) for HAL_SYSTICK_IRQHandler
    stm32f7xx_it.o(i.SysTick_Handler) refers to uart_masterslave.o(i.uart_sysTickCallApp) for uart_sysTickCallApp
    stm32f7xx_it.o(i.SysTick_Handler) refers to spi_masterslave.o(i.spi_sysTickCallApp) for spi_sysTickCallApp
    stm32f7xx_it.o(i.TIM1_UP_TIM10_IRQHandler) refers to stm32f7xx_hal_tim.o(i.HAL_TIM_IRQHandler) for HAL_TIM_IRQHandler
    stm32f7xx_it.o(i.TIM1_UP_TIM10_IRQHandler) refers to tim.o(.bss) for htim1
    stm32f7xx_it.o(i.USART2_IRQHandler) refers to stm32f7xx_hal_uart.o(i.HAL_UART_IRQHandler) for HAL_UART_IRQHandler
    stm32f7xx_it.o(i.USART2_IRQHandler) refers to usart.o(.bss) for huart2
    adc.o(i.HAL_ADC_MspDeInit) refers to stm32f7xx_hal_gpio.o(i.HAL_GPIO_DeInit) for HAL_GPIO_DeInit
    adc.o(i.HAL_ADC_MspDeInit) refers to stm32f7xx_hal_dma.o(i.HAL_DMA_DeInit) for HAL_DMA_DeInit
    adc.o(i.HAL_ADC_MspInit) refers to stm32f7xx_hal_gpio.o(i.HAL_GPIO_Init) for HAL_GPIO_Init
    adc.o(i.HAL_ADC_MspInit) refers to stm32f7xx_hal_dma.o(i.HAL_DMA_Init) for HAL_DMA_Init
    adc.o(i.HAL_ADC_MspInit) refers to main.o(i._Error_Handler) for _Error_Handler
    adc.o(i.HAL_ADC_MspInit) refers to adc.o(.bss) for .bss
[...]
    i.pick_trip_reset_handles                0x08008210   Section        0  pickup_handles.o(i.pick_trip_reset_handles)
    i.pick_up_handles                        0x08008224   Section        0  pickup_handles.o(i.pick_up_handles)
    i.pullDataFromMaster                     0x08008b94   Section        0  configparams.o(i.pullDataFromMaster)
    i.pushDataToMaster                       0x0800902c   Section        0  commparams.o(i.pushDataToMaster)
    i.pvp_curve                              0x080096e4   Section        0  protection_functions.o(i.pvp_curve)
    i.pvp_filter                             0x08009838   Section        0  measurement_functions.o(i.pvp_filter)
    i.reset_handles                          0x080098ac   Section        0  pickup_handles.o(i.reset_handles)
    i.spi_initComApp                         0x08009d68   Section        0  spi_masterslave.o(i.spi_initComApp)
    i.spi_runComApp                          0x08009d6c   Section        0  spi_masterslave.o(i.spi_runComApp)
    i.spi_sysTickCallApp                     0x0800a0e4   Section        0  spi_masterslave.o(i.spi_sysTickCallApp)
    i.sym_comp                               0x0800a128   Section        0  measurement_functions.o(i.sym_comp)
    i.sym_mag                                0x0800a1b0   Section        0  measurement_functions.o(i.sym_mag)
    i.thermal_status                         0x0800a33c   Section        0  measurement_functions.o(i.thermal_status)
    i.trip_handles                           0x0800a3b4   Section        0  pickup_handles.o(i.trip_handles)
    i.trueRMS                                0x0800aab4   Section        0  truerms.o(i.trueRMS)
    i.true_rms                               0x0800abf4   Section        0  measurement_functions.o(i.true_rms)
    i.uart_initComApp                        0x0800ac64   Section        0  uart_masterslave.o(i.uart_initComApp)
    i.uart_runComApp                         0x0800ac78   Section        0  uart_masterslave.o(i.uart_runComApp)
    i.uart_sysTickCallApp                    0x0800adfc   Section        0  uart_masterslave.o(i.uart_sysTickCallApp)
    .constdata                               0x0800ae3c   Section        8  stm32f7xx_hal_dma.o(.constdata)
    flagBitshiftOffset                       0x0800ae3c   Data           8  stm32f7xx_hal_dma.o(.constdata)
    .constdata                               0x0800ae44   Section       16  system_stm32f7xx.o(.constdata)
    .constdata                               0x0800ae54   Section        8  system_stm32f7xx.o(.constdata)
    .constdata                               0x0800ae5c   Section       16  fc50.o(.constdata)
    .constdata                               0x0800ae6c   Section       16  fc50n.o(.constdata)
    .constdata                               0x0800ae7c   Section       20  fc51.o(.constdata)
    .constdata                               0x0800ae90   Section       20  fc51n.o(.constdata)
    .constdata                               0x0800aea4   Section       12  fc27.o(.constdata)
    .constdata                               0x0800aeb0   Section       12  fc59.o(.constdata)
    .constdata                               0x0800aebc   Section       36  fc46.o(.constdata)
    .constdata                               0x0800aee0   Section       24  fc49.o(.constdata)
    .constdata                               0x0800aef8   Section       24  fcbf.o(.constdata)
    .constdata                               0x0800af10   Section       12  fc37.o(.constdata)
    .constdata                               0x0800af1c   Section       20  fcunb.o(.constdata)
    .constdata                               0x0800af30   Section       32  fcpvp.o(.constdata)
    .constdata                               0x0800af50   Section      320  powf.o(.constdata)
    table                                    0x0800af50   Data         128  powf.o(.constdata)
    powersof2to1over16top                    0x0800afd0   Data          64  powf.o(.constdata)
    powersof2to1over16bot                    0x0800b010   Data          64  powf.o(.constdata)
    powersof2to1over16all                    0x0800b050   Data          64  powf.o(.constdata)
    .constdata                               0x0800b090   Section      152  atan.o(.constdata)
    atanhi                                   0x0800b090   Data          32  atan.o(.constdata)
    atanlo                                   0x0800b0b0   Data          32  atan.o(.constdata)
    aTodd                                    0x0800b0d0   Data          40  atan.o(.constdata)
    aTeven                                   0x0800b0f8   Data          48  atan.o(.constdata)
    .constdata                               0x0800b128   Section       48  cos_i.o(.constdata)
    C                                        0x0800b128   Data          48  cos_i.o(.constdata)
    .constdata                               0x0800b158   Section        8  qnan.o(.constdata)
    .constdata                               0x0800b160   Section      200  rred.o(.constdata)
    pio2s                                    0x0800b160   Data          48  rred.o(.constdata)
    twooverpi                                0x0800b190   Data         152  rred.o(.constdata)
    .constdata                               0x0800b228   Section       40  sin_i.o(.constdata)
    S                                        0x0800b228   Data          40  sin_i.o(.constdata)
    .data                                    0x20000000   Section        1  main.o(.data)
    .data                                    0x20000004   Section        4  stm32f7xx_hal.o(.data)
    .data                                    0x20000008   Section        4  system_stm32f7xx.o(.data)
    .data                                    0x2000000c   Section      108  init_protection.o(.data)
    .data                                    0x20000078   Section       24  fc27.o(.data)
    cs_qual                                  0x20000078   Data           1  fc27.o(.data)
    cs_counter                               0x2000007c   Data           4  fc27.o(.data)
    .data                                    0x20000090   Section        1  fc46.o(.data)
    counter                                  0x20000090   Data           1  fc46.o(.data)
    .data                                    0x20000094   Section       56  fc49.o(.data)
    .data                                    0x200000cc   Section       60  fc37.o(.data)
    current_checked                          0x200000cc   Data           1  fc37.o(.data)
    inhibit_enabled                          0x200000cd   Data           1  fc37.o(.data)
    pick_current_counter                     0x200000d0   Data           4  fc37.o(.data)
    inhibit_counter                          0x200000d4   Data           4  fc37.o(.data)
    .data                                    0x20000108   Section       24  fcunb.o(.data)
    counter                                  0x20000109   Data           1  fcunb.o(.data)
    .data                                    0x20000120   Section       40  fcpvp.o(.data)
    counter                                  0x20000120   Data           4  fcpvp.o(.data)
    .data                                    0x20000148   Section        2  pickup_handles.o(.data)
    pick_up_counter                          0x20000149   Data           1  pickup_handles.o(.data)
    .data                                    0x2000014c   Section      424  cs_handles.o(.data)
    .data                                    0x200002f4   Section        1  truerms.o(.data)
    counter                                  0x200002f4   Data           1  truerms.o(.data)
    .data                                    0x200002f8   Section       20  conversion.o(.data)
    count                                    0x20000300   Data           4  conversion.o(.data)
    sum                                      0x20000304   Data           4  conversion.o(.data)
    x                                        0x20000308   Data           4  conversion.o(.data)
    .data                                    0x2000030c   Section        4  conversion.o(.data)
    .data                                    0x20000310   Section        8  boardio.o(.data)
    .data                                    0x20000318   Section        4  dataparsermerger.o(.data)
    .data                                    0x2000031c   Section       12  configparams.o(.data)
    .data                                    0x20000328   Section        4  errno.o(.data)
    _errno                                   0x20000328   Data           4  errno.o(.data)
    .bss                                     0x2000032c   Section      128  tim.o(.bss)
    .bss                                     0x200003ac   Section       32  rtc.o(.bss)
    .bss                                     0x200003cc   Section       76  quadspi.o(.bss)
    .bss                                     0x20000418   Section      504  adc.o(.bss)
    .bss                                     0x20000610   Section       60  main.o(.bss)
    .bss                                     0x2000064c   Section      112  usart.o(.bss)
    .bss                                     0x200006bc   Section      100  spi.o(.bss)
    .bss                                     0x20000720   Section      116  init_protection.o(.bss)
    .bss                                     0x20000794   Section      312  fc50.o(.bss)
    .bss                                     0x200008cc   Section       84  fc50n.o(.bss)
    .bss                                     0x20000920   Section      112  fc51.o(.bss)
    .bss                                     0x20000990   Section       32  fc51n.o(.bss)
    .bss                                     0x200009b0   Section       24  fc27.o(.bss)
    .bss                                     0x200009c8   Section       96  fc59.o(.bss)
    .bss                                     0x20000a28   Section       68  fc46.o(.bss)
    .bss                                     0x20000a6c   Section       40  fc49.o(.bss)
    .bss                                     0x20000a94   Section       36  fcbf.o(.bss)
    .bss                                     0x20000ab8   Section       24  fc37.o(.bss)
    .bss                                     0x20000ad0   Section      268  fcunb.o(.bss)
    UNBa_buffer                              0x20000b08   Data         100  fcunb.o(.bss)
    UNBb_buffer                              0x20000b6c   Data         100  fcunb.o(.bss)
    .bss                                     0x20000bdc   Section     1316  fcpvp.o(.bss)
    peakBuffer                               0x20000c30   Data        1200  fcpvp.o(.bss)
    .bss                                     0x20001100   Section      296  pickup_handles.o(.bss)
    pick_buffer                              0x20001130   Data         248  pickup_handles.o(.bss)
    .bss                                     0x20001228   Section     5168  cs_handles.o(.bss)
    .bss                                     0x20002658   Section     3120  truerms.o(.bss)
    .bss                                     0x20003288   Section     1104  spectra.o(.bss)
    .bss                                     0x200036d8   Section       12  spectra.o(.bss)
    .bss                                     0x200036e4   Section      288  conversion.o(.bss)
    .bss                                     0x20003804   Section       36  powersysdata.o(.bss)
    .bss                                     0x20003828   Section     6032  spi_masterslave.o(.bss)
    .bss                                     0x20004fb8   Section     3008  uart_masterslave.o(.bss)
    STACK                                    0x20005b78   Section     1024  startup_stm32f767xx.o(STACK)

    Global Symbols

    Symbol Name                              Value     Ov Type        Size  Object(Section)

    BuildAttributes$$THM_ISAv4$E$P$D$K$B$S$7EM$VFPv5_D16$PE$PLD8$A:L22UL41UL21$X:L11$S22US41US21$IEEE1$IW$USESV6$~STKCKD$USESV7$~SHL$OTIME$ROPI$IEEEX$EBA8$MICROLIB$REQ8$PRES8$EABIv2 0x00000000   Number         0  anon$$obj.o ABSOLUTE
    __ARM_use_no_argv                        0x00000000   Number         0  main.o ABSOLUTE
    __cpp_initialize__aeabi_                  - Undefined Weak Reference
    __cxa_finalize                            - Undefined Weak Reference
    _clock_init                               - Undefined Weak Reference
    _microlib_exit                            - Undefined Weak Reference
    __Vectors_Size                           0x000001f8   Number         0  startup_stm32f767xx.o ABSOLUTE
    __Vectors                                0x08000000   Data           4  startup_stm32f767xx.o(RESET)
    __Vectors_End                            0x080001f8   Data           0  startup_stm32f767xx.o(RESET)
    __main                                   0x080001f9   Thumb Code     0  entry.o(.ARM.Collect$$$$00000000)
    _main_stk                                0x080001f9   Thumb Code     0  entry2.o(.ARM.Collect$$$$00000001)
    _main_scatterload                        0x080001fd   Thumb Code     0  entry5.o(.ARM.Collect$$$$00000004)
    __main_after_scatterload                 0x08000201   Thumb Code     0  entry5.o(.ARM.Collect$$$$00000004)
    _main_clock                              0x08000201   Thumb Code     0  entry7b.o(.ARM.Collect$$$$00000008)
    _main_cpp_init                           0x08000201   Thumb Code     0  entry8b.o(.ARM.Collect$$$$0000000A)
    _main_init                               0x08000201   Thumb Code     0  entry9a.o(.ARM.Collect$$$$0000000B)
    __rt_final_cpp                           0x08000209   Thumb Code     0  entry10a.o(.ARM.Collect$$$$0000000D)
    __rt_final_exit                          0x08000209   Thumb Code     0  entry11a.o(.ARM.Collect$$$$0000000F)
    Reset_Handler                            0x0800020d   Thumb Code     8  startup_stm32f767xx.o(.text)
    ADC_IRQHandler                           0x08000227   Thumb Code     0  startup_stm32f767xx.o(.text)
    CAN1_RX0_IRQHandler                      0x08000227   Thumb Code     0  startup_stm32f767xx.o(.text)
    CAN1_RX1_IRQHandler                      0x08000227   Thumb Code     0  startup_stm32f767xx.o(.text)
    CAN1_SCE_IRQHandler                      0x08000227   Thumb Code     0  startup_stm32f767xx.o(.text)
    CAN1_TX_IRQHandler                       0x08000227   Thumb Code     0  startup_stm32f767xx.o(.text)
    CAN2_RX0_IRQHandler                      0x08000227   Thumb Code     0  startup_stm32f767xx.o(.text)
    CAN2_RX1_IRQHandler                      0x08000227   Thumb Code     0  startup_stm32f767xx.o(.text)
    CAN2_SCE_IRQHandler                      0x08000227   Thumb Code     0  startup_stm32f767xx.o(.text)
    CAN2_TX_IRQHandler                       0x08000227   Thumb Code     0  startup_stm32f767xx.o(.text)
    CAN3_RX0_IRQHandler                      0x08000227   Thumb Code     0  startup_stm32f767xx.o(.text)
    CAN3_RX1_IRQHandler                      0x08000227   Thumb Code     0  startup_stm32f767xx.o(.text)
    CAN3_SCE_IRQHandler                      0x08000227   Thumb Code     0  startup_stm32f767xx.o(.text)
    CAN3_TX_IRQHandler                       0x08000227   Thumb Code     0  startup_stm32f767xx.o(.text)
    CEC_IRQHandler                           0x08000227   Thumb Code     0  startup_stm32f767xx.o(.text)
    DCMI_IRQHandler                          0x08000227   Thumb Code     0  startup_stm32f767xx.o(.text)
    DFSDM1_FLT0_IRQHandler                   0x08000227   Thumb Code     0  startup_stm32f767xx.o(.text)
    DFSDM1_FLT1_IRQHandler                   0x08000227   Thumb Code     0  startup_stm32f767xx.o(.text)
    DFSDM1_FLT2_IRQHandler                   0x08000227   Thumb Code     0  startup_stm32f767xx.o(.text)
    DFSDM1_FLT3_IRQHandler                   0x08000227   Thumb Code     0  startup_stm32f767xx.o(.text)
    DMA1_Stream0_IRQHandler                  0x08000227   Thumb Code     0  startup_stm32f767xx.o(.text)
    DMA1_Stream1_IRQHandler                  0x08000227   Thumb Code     0  startup_stm32f767xx.o(.text)
    DMA1_Stream2_IRQHandler                  0x08000227   Thumb Code     0  startup_stm32f767xx.o(.text)
    DMA1_Stream3_IRQHandler                  0x08000227   Thumb Code     0  startup_stm32f767xx.o(.text)
    DMA1_Stream4_IRQHandler                  0x08000227   Thumb Code     0  startup_stm32f767xx.o(.text)
    DMA1_Stream5_IRQHandler                  0x08000227   Thumb Code     0  startup_stm32f767xx.o(.text)
    DMA1_Stream6_IRQHandler                  0x08000227   Thumb Code     0  startup_stm32f767xx.o(.text)
    DMA1_Stream7_IRQHandler                  0x08000227   Thumb Code     0  startup_stm32f767xx.o(.text)
    DMA2D_IRQHandler                         0x08000227   Thumb Code     0  startup_stm32f767xx.o(.text)
    DMA2_Stream3_IRQHandler                  0x08000227   Thumb Code     0  startup_stm32f767xx.o(.text)
    DMA2_Stream4_IRQHandler                  0x08000227   Thumb Code     0  startup_stm32f767xx.o(.text)
    DMA2_Stream5_IRQHandler                  0x08000227   Thumb Code     0  startup_stm32f767xx.o(.text)
    DMA2_Stream6_IRQHandler                  0x08000227   Thumb Code     0  startup_stm32f767xx.o(.text)
    DMA2_Stream7_IRQHandler                  0x08000227   Thumb Code     0  startup_stm32f767xx.o(.text)
    ETH_IRQHandler                           0x08000227   Thumb Code     0  startup_stm32f767xx.o(.text)
    ETH_WKUP_IRQHandler                      0x08000227   Thumb Code     0  startup_stm32f767xx.o(.text)
    EXTI0_IRQHandler                         0x08000227   Thumb Code     0  startup_stm32f767xx.o(.text)
    EXTI1_IRQHandler                         0x08000227   Thumb Code     0  startup_stm32f767xx.o(.text)
    EXTI2_IRQHandler                         0x08000227   Thumb Code     0  startup_stm32f767xx.o(.text)
    EXTI3_IRQHandler                         0x08000227   Thumb Code     0  startup_stm32f767xx.o(.text)
    EXTI4_IRQHandler                         0x08000227   Thumb Code     0  startup_stm32f767xx.o(.text)
    EXTI9_5_IRQHandler                       0x08000227   Thumb Code     0  startup_stm32f767xx.o(.text)
    FLASH_IRQHandler                         0x08000227   Thumb Code     0  startup_stm32f767xx.o(.text)
    FMC_IRQHandler                           0x08000227   Thumb Code     0  startup_stm32f767xx.o(.text)
    FPU_IRQHandler                           0x08000227   Thumb Code     0  startup_stm32f767xx.o(.text)
    I2C1_ER_IRQHandler                       0x08000227   Thumb Code     0  startup_stm32f767xx.o(.text)
    I2C1_EV_IRQHandler                       0x08000227   Thumb Code     0  startup_stm32f767xx.o(.text)
    I2C2_ER_IRQHandler                       0x08000227   Thumb Code     0  startup_stm32f767xx.o(.text)
    I2C2_EV_IRQHandler                       0x08000227   Thumb Code     0  startup_stm32f767xx.o(.text)
    I2C3_ER_IRQHandler                       0x08000227   Thumb Code     0  startup_stm32f767xx.o(.text)
    I2C3_EV_IRQHandler                       0x08000227   Thumb Code     0  startup_stm32f767xx.o(.text)
    I2C4_ER_IRQHandler                       0x08000227   Thumb Code     0  startup_stm32f767xx.o(.text)
    I2C4_EV_IRQHandler                       0x08000227   Thumb Code     0  startup_stm32f767xx.o(.text)
    JPEG_IRQHandler                          0x08000227   Thumb Code     0  startup_stm32f767xx.o(.text)
    LPTIM1_IRQHandler                        0x08000227   Thumb Code     0  startup_stm32f767xx.o(.text)
    LTDC_ER_IRQHandler                       0x08000227   Thumb Code     0  startup_stm32f767xx.o(.text)
    LTDC_IRQHandler                          0x08000227   Thumb Code     0  startup_stm32f767xx.o(.text)
    MDIOS_IRQHandler                         0x08000227   Thumb Code     0  startup_stm32f767xx.o(.text)
    OTG_FS_IRQHandler                        0x08000227   Thumb Code     0  startup_stm32f767xx.o(.text)
    OTG_FS_WKUP_IRQHandler                   0x08000227   Thumb Code     0  startup_stm32f767xx.o(.text)
    OTG_HS_EP1_IN_IRQHandler                 0x08000227   Thumb Code     0  startup_stm32f767xx.o(.text)
    OTG_HS_EP1_OUT_IRQHandler                0x08000227   Thumb Code     0  startup_stm32f767xx.o(.text)
    OTG_HS_IRQHandler                        0x08000227   Thumb Code     0  startup_stm32f767xx.o(.text)
    OTG_HS_WKUP_IRQHandler                   0x08000227   Thumb Code     0  startup_stm32f767xx.o(.text)
    PVD_IRQHandler                           0x08000227   Thumb Code     0  startup_stm32f767xx.o(.text)
    QUADSPI_IRQHandler                       0x08000227   Thumb Code     0  startup_stm32f767xx.o(.text)
    RCC_IRQHandler                           0x08000227   Thumb Code     0  startup_stm32f767xx.o(.text)
    RNG_IRQHandler                           0x08000227   Thumb Code     0  startup_stm32f767xx.o(.text)
    RTC_Alarm_IRQHandler                     0x08000227   Thumb Code     0  startup_stm32f767xx.o(.text)
    RTC_WKUP_IRQHandler                      0x08000227   Thumb Code     0  startup_stm32f767xx.o(.text)
    SAI1_IRQHandler                          0x08000227   Thumb Code     0  startup_stm32f767xx.o(.text)
    SAI2_IRQHandler                          0x08000227   Thumb Code     0  startup_stm32f767xx.o(.text)
    SDMMC1_IRQHandler                        0x08000227   Thumb Code     0  startup_stm32f767xx.o(.text)
    SDMMC2_IRQHandler                        0x08000227   Thumb Code     0  startup_stm32f767xx.o(.text)
    SPDIF_RX_IRQHandler                      0x08000227   Thumb Code     0  startup_stm32f767xx.o(.text)
    SPI1_IRQHandler                          0x08000227   Thumb Code     0  startup_stm32f767xx.o(.text)
    SPI3_IRQHandler                          0x08000227   Thumb Code     0  startup_stm32f767xx.o(.text)
    SPI4_IRQHandler                          0x08000227   Thumb Code     0  startup_stm32f767xx.o(.text)
    SPI5_IRQHandler                          0x08000227   Thumb Code     0  startup_stm32f767xx.o(.text)
    SPI6_IRQHandler                          0x08000227   Thumb Code     0  startup_stm32f767xx.o(.text)
    TAMP_STAMP_IRQHandler                    0x08000227   Thumb Code     0  startup_stm32f767xx.o(.text)
    TIM1_BRK_TIM9_IRQHandler                 0x08000227   Thumb Code     0  startup_stm32f767xx.o(.text)
    TIM1_CC_IRQHandler                       0x08000227   Thumb Code     0  startup_stm32f767xx.o(.text)
    TIM1_TRG_COM_TIM11_IRQHandler            0x08000227   Thumb Code     0  startup_stm32f767xx.o(.text)
    TIM2_IRQHandler                          0x08000227   Thumb Code     0  startup_stm32f767xx.o(.text)
    TIM3_IRQHandler                          0x08000227   Thumb Code     0  startup_stm32f767xx.o(.text)
    TIM4_IRQHandler                          0x08000227   Thumb Code     0  startup_stm32f767xx.o(.text)
    TIM5_IRQHandler                          0x08000227   Thumb Code     0  startup_stm32f767xx.o(.text)
    TIM6_DAC_IRQHandler                      0x08000227   Thumb Code     0  startup_stm32f767xx.o(.text)
    TIM7_IRQHandler                          0x08000227   Thumb Code     0  startup_stm32f767xx.o(.text)
    TIM8_BRK_TIM12_IRQHandler                0x08000227   Thumb Code     0  startup_stm32f767xx.o(.text)
    TIM8_CC_IRQHandler                       0x08000227   Thumb Code     0  startup_stm32f767xx.o(.text)
    TIM8_TRG_COM_TIM14_IRQHandler            0x08000227   Thumb Code     0  startup_stm32f767xx.o(.text)
    TIM8_UP_TIM13_IRQHandler                 0x08000227   Thumb Code     0  startup_stm32f767xx.o(.text)
    UART4_IRQHandler                         0x08000227   Thumb Code     0  startup_stm32f767xx.o(.text)
    UART5_IRQHandler                         0x08000227   Thumb Code     0  startup_stm32f767xx.o(.text)
    UART7_IRQHandler                         0x08000227   Thumb Code     0  startup_stm32f767xx.o(.text)
    UART8_IRQHandler                         0x08000227   Thumb Code     0  startup_stm32f767xx.o(.text)
    USART1_IRQHandler                        0x08000227   Thumb Code     0  startup_stm32f767xx.o(.text)
    USART3_IRQHandler                        0x08000227   Thumb Code     0  startup_stm32f767xx.o(.text)
    USART6_IRQHandler                        0x08000227   Thumb Code     0  startup_stm32f767xx.o(.text)
    WWDG_IRQHandler                          0x08000227   Thumb Code     0  startup_stm32f767xx.o(.text)
    __I$use$fp                               0x08000231   Thumb Code     0  iusefp.o(.text)
    __fp_status                              0x08000231   Thumb Code     4  fpstat.o(.text)
    __ieee_status                            0x08000231   Thumb Code     0  fpstat.o(.text)
    __scatterload                            0x08000235   Thumb Code    28  init.o(.text)
    __scatterload_rt2                        0x08000235   Thumb Code     0  init.o(.text)
    __decompress                             0x08000259   Thumb Code     0  __dczerorl2.o(.text)
    __decompress1                            0x08000259   Thumb Code    86  __dczerorl2.o(.text)
    BusFault_Handler                         0x08000327   Thumb Code     2  stm32f7xx_it.o(i.BusFault_Handler)
    DMA2_Stream0_IRQHandler                  0x08000329   Thumb Code     6  stm32f7xx_it.o(i.DMA2_Stream0_IRQHandler)
    DMA2_Stream1_IRQHandler                  0x08000335   Thumb Code     6  stm32f7xx_it.o(i.DMA2_Stream1_IRQHandler)
    DMA2_Stream2_IRQHandler                  0x08000341   Thumb Code     6  stm32f7xx_it.o(i.DMA2_Stream2_IRQHandler)
    DebugMon_Handler                         0x0800034d   Thumb Code     2  stm32f7xx_it.o(i.DebugMon_Handler)
    EXTI15_10_IRQHandler                     0x08000351   Thumb Code    12  stm32f7xx_it.o(i.EXTI15_10_IRQHandler)
    HAL_ADCEx_MultiModeConfigChannel         0x08000361   Thumb Code   116  stm32f7xx_hal_adc_ex.o(i.HAL_ADCEx_MultiModeConfigChannel)
    HAL_ADCEx_MultiModeStart_DMA             0x080003d9   Thumb Code   330  stm32f7xx_hal_adc_ex.o(i.HAL_ADCEx_MultiModeStart_DMA)
    HAL_ADC_ConfigChannel                    0x08000541   Thumb Code   442  stm32f7xx_hal_adc.o(i.HAL_ADC_ConfigChannel)
    HAL_ADC_ConvCpltCallback                 0x0800070d   Thumb Code   548  conversion.o(i.HAL_ADC_ConvCpltCallback)
    HAL_ADC_ConvHalfCpltCallback             0x08000941   Thumb Code     2  stm32f7xx_hal_adc.o(i.HAL_ADC_ConvHalfCpltCallback)
    HAL_ADC_ErrorCallback                    0x08000943   Thumb Code     2  stm32f7xx_hal_adc.o(i.HAL_ADC_ErrorCallback)
    HAL_ADC_Init                             0x08000945   Thumb Code   368  stm32f7xx_hal_adc.o(i.HAL_ADC_Init)
    HAL_ADC_MspInit                          0x08000ac1   Thumb Code   352  adc.o(i.HAL_ADC_MspInit)
    HAL_ADC_Start                            0x08000c5d   Thumb Code   260  stm32f7xx_hal_adc.o(i.HAL_ADC_Start)
    HAL_DMA_Abort_IT                         0x08000d6d   Thumb Code    36  stm32f7xx_hal_dma.o(i.HAL_DMA_Abort_IT)
    HAL_DMA_IRQHandler                       0x08000d91   Thumb Code   464  stm32f7xx_hal_dma.o(i.HAL_DMA_IRQHandler)
    HAL_DMA_Init                             0x08000f6d   Thumb Code   350  stm32f7xx_hal_dma.o(i.HAL_DMA_Init)
    HAL_DMA_Start_IT                         0x080010d9   Thumb Code   156  stm32f7xx_hal_dma.o(i.HAL_DMA_Start_IT)
    HAL_GPIO_EXTI_Callback                   0x08001175   Thumb Code     2  main.o(i.HAL_GPIO_EXTI_Callback)
    HAL_GPIO_EXTI_IRQHandler                 0x08001179   Thumb Code    20  stm32f7xx_hal_gpio.o(i.HAL_GPIO_EXTI_IRQHandler)
    HAL_GPIO_Init                            0x08001191   Thumb Code   572  stm32f7xx_hal_gpio.o(i.HAL_GPIO_Init)
    HAL_GPIO_ReadPin                         0x080013e1   Thumb Code    10  stm32f7xx_hal_gpio.o(i.HAL_GPIO_ReadPin)
    HAL_GPIO_WritePin                        0x080013eb   Thumb Code    10  stm32f7xx_hal_gpio.o(i.HAL_GPIO_WritePin)
    HAL_GetTick                              0x080013f5   Thumb Code     6  stm32f7xx_hal.o(i.HAL_GetTick)
    HAL_IncTick                              0x08001401   Thumb Code    10  stm32f7xx_hal.o(i.HAL_IncTick)
    HAL_Init                                 0x08001411   Thumb Code    22  stm32f7xx_hal.o(i.HAL_Init)
    HAL_InitTick                             0x08001429   Thumb Code    34  stm32f7xx_hal.o(i.HAL_InitTick)
    HAL_MspInit                              0x08001451   Thumb Code    88  stm32f7xx_hal_msp.o(i.HAL_MspInit)
    HAL_NVIC_EnableIRQ                       0x080014a9   Thumb Code    24  stm32f7xx_hal_cortex.o(i.HAL_NVIC_EnableIRQ)
    HAL_NVIC_SetPriority                     0x080014c1   Thumb Code    92  stm32f7xx_hal_cortex.o(i.HAL_NVIC_SetPriority)
    HAL_NVIC_SetPriorityGrouping             0x08001521   Thumb Code    30  stm32f7xx_hal_cortex.o(i.HAL_NVIC_SetPriorityGrouping)
    HAL_PWREx_EnableOverDrive                0x08001545   Thumb Code   116  stm32f7xx_hal_pwr_ex.o(i.HAL_PWREx_EnableOverDrive)
    HAL_QSPI_Init                            0x080015c1   Thumb Code   200  stm32f7xx_hal_qspi.o(i.HAL_QSPI_Init)
    HAL_QSPI_MspInit                         0x0800168d   Thumb Code   118  quadspi.o(i.HAL_QSPI_MspInit)
    HAL_RCCEx_PeriphCLKConfig                0x08001715   Thumb Code  1496  stm32f7xx_hal_rcc_ex.o(i.HAL_RCCEx_PeriphCLKConfig)
    HAL_RCC_ClockConfig                      0x08001cf1   Thumb Code   392  stm32f7xx_hal_rcc.o(i.HAL_RCC_ClockConfig)
    HAL_RCC_GetHCLKFreq                      0x08001e99   Thumb Code     6  stm32f7xx_hal_rcc.o(i.HAL_RCC_GetHCLKFreq)
    HAL_RCC_GetPCLK1Freq                     0x08001ea5   Thumb Code    20  stm32f7xx_hal_rcc.o(i.HAL_RCC_GetPCLK1Freq)
    HAL_RCC_GetPCLK2Freq                     0x08001ec5   Thumb Code    20  stm32f7xx_hal_rcc.o(i.HAL_RCC_GetPCLK2Freq)
    HAL_RCC_GetSysClockFreq                  0x08001ee5   Thumb Code    94  stm32f7xx_hal_rcc.o(i.HAL_RCC_GetSysClockFreq)
    HAL_RCC_OscConfig                        0x08001f55   Thumb Code   928  stm32f7xx_hal_rcc.o(i.HAL_RCC_OscConfig)
    HAL_RTC_Init                             0x08002315   Thumb Code   202  stm32f7xx_hal_rtc.o(i.HAL_RTC_Init)
    HAL_RTC_MspInit                          0x080023e1   Thumb Code    26  rtc.o(i.HAL_RTC_MspInit)
    HAL_SPI_ErrorCallback                    0x08002401   Thumb Code     2  stm32f7xx_hal_spi.o(i.HAL_SPI_ErrorCallback)
    HAL_SPI_IRQHandler                       0x08002405   Thumb Code   242  stm32f7xx_hal_spi.o(i.HAL_SPI_IRQHandler)
    HAL_SPI_Init                             0x080024fd   Thumb Code   210  stm32f7xx_hal_spi.o(i.HAL_SPI_Init)
    HAL_SPI_MspInit                          0x080025d1   Thumb Code    90  spi.o(i.HAL_SPI_MspInit)
    HAL_SPI_Transmit_IT                      0x08002635   Thumb Code   152  stm32f7xx_hal_spi.o(i.HAL_SPI_Transmit_IT)
    HAL_SPI_TxCpltCallback                   0x080026d5   Thumb Code    24  spi_masterslave.o(i.HAL_SPI_TxCpltCallback)
    HAL_SYSTICK_CLKSourceConfig              0x080026f5   Thumb Code    22  stm32f7xx_hal_cortex.o(i.HAL_SYSTICK_CLKSourceConfig)
    HAL_SYSTICK_Callback                     0x0800270b   Thumb Code     2  stm32f7xx_hal_cortex.o(i.HAL_SYSTICK_Callback)
    HAL_SYSTICK_Config                       0x0800270d   Thumb Code    36  stm32f7xx_hal_cortex.o(i.HAL_SYSTICK_Config)
    HAL_SYSTICK_IRQHandler                   0x08002735   Thumb Code     8  stm32f7xx_hal_cortex.o(i.HAL_SYSTICK_IRQHandler)
    HAL_TIMEx_BreakCallback                  0x0800273d   Thumb Code     2  stm32f7xx_hal_tim_ex.o(i.HAL_TIMEx_BreakCallback)
    HAL_TIMEx_CommutationCallback            0x0800273f   Thumb Code     2  stm32f7xx_hal_tim_ex.o(i.HAL_TIMEx_CommutationCallback)
    HAL_TIMEx_MasterConfigSynchronization    0x08002741   Thumb Code    94  stm32f7xx_hal_tim_ex.o(i.HAL_TIMEx_MasterConfigSynchronization)
    HAL_TIM_Base_Init                        0x0800279f   Thumb Code    54  stm32f7xx_hal_tim.o(i.HAL_TIM_Base_Init)
    HAL_TIM_Base_MspInit                     0x080027d5   Thumb Code    84  tim.o(i.HAL_TIM_Base_MspInit)
    HAL_TIM_Base_Start_IT                    0x08002831   Thumb Code    24  stm32f7xx_hal_tim.o(i.HAL_TIM_Base_Start_IT)
    HAL_TIM_ConfigClockSource                0x08002849   Thumb Code   468  stm32f7xx_hal_tim.o(i.HAL_TIM_ConfigClockSource)
    HAL_TIM_IC_CaptureCallback               0x08002a1d   Thumb Code     2  stm32f7xx_hal_tim.o(i.HAL_TIM_IC_CaptureCallback)
    HAL_TIM_IRQHandler                       0x08002a1f   Thumb Code   388  stm32f7xx_hal_tim.o(i.HAL_TIM_IRQHandler)
    HAL_TIM_OC_DelayElapsedCallback          0x08002ba3   Thumb Code     2  stm32f7xx_hal_tim.o(i.HAL_TIM_OC_DelayElapsedCallback)
    HAL_TIM_PWM_PulseFinishedCallback        0x08002ba5   Thumb Code     2  stm32f7xx_hal_tim.o(i.HAL_TIM_PWM_PulseFinishedCallback)
    HAL_TIM_PeriodElapsedCallback            0x08002ba7   Thumb Code     2  stm32f7xx_hal_tim.o(i.HAL_TIM_PeriodElapsedCallback)
    HAL_TIM_TriggerCallback                  0x08002ba9   Thumb Code     2  stm32f7xx_hal_tim.o(i.HAL_TIM_TriggerCallback)
    HAL_UART_ErrorCallback                   0x08002bab   Thumb Code     2  stm32f7xx_hal_uart.o(i.HAL_UART_ErrorCallback)
    HAL_UART_IRQHandler                      0x08002bad   Thumb Code   652  stm32f7xx_hal_uart.o(i.HAL_UART_IRQHandler)
    HAL_UART_Init                            0x08002e3d   Thumb Code   110  stm32f7xx_hal_uart.o(i.HAL_UART_Init)
    HAL_UART_MspInit                         0x08002ead   Thumb Code    88  usart.o(i.HAL_UART_MspInit)
    HAL_UART_Receive_IT                      0x08002f0d   Thumb Code   150  stm32f7xx_hal_uart.o(i.HAL_UART_Receive_IT)
    HAL_UART_RxCpltCallback                  0x08002fa5   Thumb Code    72  uart_masterslave.o(i.HAL_UART_RxCpltCallback)
    HAL_UART_TxCpltCallback                  0x08002ff5   Thumb Code    26  uart_masterslave.o(i.HAL_UART_TxCpltCallback)
    HardFault_Handler                        0x08003015   Thumb Code     2  stm32f7xx_it.o(i.HardFault_Handler)
    MX_ADC1_Init                             0x08003019   Thumb Code   222  adc.o(i.MX_ADC1_Init)
    MX_ADC2_Init                             0x08003111   Thumb Code   182  adc.o(i.MX_ADC2_Init)
    MX_ADC3_Init                             0x080031e1   Thumb Code   184  adc.o(i.MX_ADC3_Init)
    MX_DMA_Init                              0x080032b1   Thumb Code    40  dma.o(i.MX_DMA_Init)
    MX_GPIO_Init                             0x080032dd   Thumb Code   530  gpio.o(i.MX_GPIO_Init)
    MX_QUADSPI_Init                          0x08003515   Thumb Code    54  quadspi.o(i.MX_QUADSPI_Init)
    MX_RTC_Init                              0x08003569   Thumb Code    52  rtc.o(i.MX_RTC_Init)
    MX_SPI2_Init                             0x080035b5   Thumb Code    74  spi.o(i.MX_SPI2_Init)
    MX_TIM1_Init                             0x08003619   Thumb Code   104  tim.o(i.MX_TIM1_Init)
    MX_TIM6_Init                             0x08003699   Thumb Code    70  tim.o(i.MX_TIM6_Init)
    MX_USART2_UART_Init                      0x080036f9   Thumb Code    60  usart.o(i.MX_USART2_UART_Init)
    MemManage_Handler                        0x0800374d   Thumb Code     2  stm32f7xx_it.o(i.MemManage_Handler)
    NMI_Handler                              0x0800374f   Thumb Code     2  stm32f7xx_it.o(i.NMI_Handler)
    PendSV_Handler                           0x08003751   Thumb Code     2  stm32f7xx_it.o(i.PendSV_Handler)
    SPI2_IRQHandler                          0x080037ad   Thumb Code     6  stm32f7xx_it.o(i.SPI2_IRQHandler)
    SVC_Handler                              0x08003a0d   Thumb Code     2  stm32f7xx_it.o(i.SVC_Handler)
    SysTick_Handler                          0x08003a0f   Thumb Code    22  stm32f7xx_it.o(i.SysTick_Handler)
    SystemClock_Config                       0x08003a25   Thumb Code   186  main.o(i.SystemClock_Config)
    SystemInit                               0x08003ae9   Thumb Code    76  system_stm32f7xx.o(i.SystemInit)
    TIM1_UP_TIM10_IRQHandler                 0x08003b49   Thumb Code     6  stm32f7xx_it.o(i.TIM1_UP_TIM10_IRQHandler)
    TIM_Base_SetConfig                       0x08003b55   Thumb Code   180  stm32f7xx_hal_tim.o(i.TIM_Base_SetConfig)
    UART_AdvFeatureConfig                    0x08003c1d   Thumb Code   218  stm32f7xx_hal_uart.o(i.UART_AdvFeatureConfig)
    UART_CheckIdleState                      0x08003cf7   Thumb Code    68  stm32f7xx_hal_uart.o(i.UART_CheckIdleState)
    UART_SetConfig                           0x08003d51   Thumb Code   682  stm32f7xx_hal_uart.o(i.UART_SetConfig)
    UART_WaitOnFlagUntilTimeout              0x0800400d   Thumb Code   118  stm32f7xx_hal_uart.o(i.UART_WaitOnFlagUntilTimeout)
    USART2_IRQHandler                        0x08004085   Thumb Code     6  stm32f7xx_it.o(i.USART2_IRQHandler)
    UsageFault_Handler                       0x08004091   Thumb Code     2  stm32f7xx_it.o(i.UsageFault_Handler)
    _Error_Handler                           0x08004093   Thumb Code     2  main.o(i._Error_Handler)
    __ARM_fpclassify                         0x08004095   Thumb Code    48  fpclassify.o(i.__ARM_fpclassify)
    __ARM_fpclassifyf                        0x080040c5   Thumb Code    38  fpclassifyf.o(i.__ARM_fpclassifyf)
    __hardfp_atan                            0x080040f1   Thumb Code   402  atan.o(i.__hardfp_atan)
    __hardfp_atan2                           0x080042f1   Thumb Code   380  atan2.o(i.__hardfp_atan2)
    __hardfp_atan2f                          0x080044b1   Thumb Code   502  atan2f.o(i.__hardfp_atan2f)
    __hardfp_powf                            0x08004709   Thumb Code  1590  powf.o(i.__hardfp_powf)
    __mathlib_powf                           0x08004709   Thumb Code     0  powf.o(i.__hardfp_powf)
    __hardfp_sin                             0x08004d61   Thumb Code   158  sin.o(i.__hardfp_sin)
    __hardfp_sqrt                            0x08004e11   Thumb Code   102  sqrt.o(i.__hardfp_sqrt)
    __hardfp_sqrtf                           0x08004e77   Thumb Code    58  sqrtf.o(i.__hardfp_sqrtf)
    __ieee754_rem_pio2                       0x08004eb1   Thumb Code   646  rred.o(i.__ieee754_rem_pio2)
    __kernel_cos                             0x080051c1   Thumb Code   182  cos_i.o(i.__kernel_cos)
    __kernel_poly                            0x080052a1   Thumb Code   112  poly.o(i.__kernel_poly)
    __kernel_sin                             0x08005311   Thumb Code   144  sin_i.o(i.__kernel_sin)
    __mathlib_dbl_infnan                     0x080053b9   Thumb Code     6  dunder.o(i.__mathlib_dbl_infnan)
    __mathlib_dbl_infnan2                    0x080053bf   Thumb Code     6  dunder.o(i.__mathlib_dbl_infnan2)
    __mathlib_dbl_invalid                    0x080053c9   Thumb Code    10  dunder.o(i.__mathlib_dbl_invalid)
    __mathlib_dbl_underflow                  0x080053e1   Thumb Code    10  dunder.o(i.__mathlib_dbl_underflow)
    __mathlib_flt_divzero                    0x080053f9   Thumb Code    14  funder.o(i.__mathlib_flt_divzero)
    __mathlib_flt_infnan2                    0x08005411   Thumb Code     6  funder.o(i.__mathlib_flt_infnan2)
    __mathlib_flt_invalid                    0x08005419   Thumb Code    10  funder.o(i.__mathlib_flt_invalid)
    __mathlib_flt_overflow                   0x08005429   Thumb Code    10  funder.o(i.__mathlib_flt_overflow)
    __mathlib_flt_underflow                  0x08005439   Thumb Code    10  funder.o(i.__mathlib_flt_underflow)
    __scatterload_copy                       0x08005449   Thumb Code    14  handlers.o(i.__scatterload_copy)
    __scatterload_null                       0x08005457   Thumb Code     2  handlers.o(i.__scatterload_null)
    __scatterload_zeroinit                   0x08005459   Thumb Code    14  handlers.o(i.__scatterload_zeroinit)
    __set_errno                              0x08005469   Thumb Code     6  errno.o(i.__set_errno)
    atan                                     0x08005475   Thumb Code    16  atan.o(i.atan)
    boardIO                                  0x08005485   Thumb Code   480  boardio.o(i.boardIO)
    cs_PQ_combination                        0x08005681   Thumb Code   154  cs_handles.o(i.cs_PQ_combination)
    cs_computations                          0x08005729   Thumb Code   316  measurement_functions.o(i.cs_computations)
    cs_generation                            0x08005881   Thumb Code   178  measurement_functions.o(i.cs_generation)
    cs_handles                               0x08005935   Thumb Code   840  cs_handles.o(i.cs_handles)
    dpm_mergeDWord                           0x08005c9d   Thumb Code   108  dataparsermerger.o(i.dpm_mergeDWord)
    dpm_mergeFloat                           0x08005d09   Thumb Code    92  dataparsermerger.o(i.dpm_mergeFloat)
    dpm_parseDWord                           0x08005d69   Thumb Code    82  dataparsermerger.o(i.dpm_parseDWord)
    dpm_parseFloat                           0x08005dbd   Thumb Code    92  dataparsermerger.o(i.dpm_parseFloat)
    fabs                                     0x08005e1d   Thumb Code    24  fabs.o(i.fabs)
    fc27                                     0x08005e35   Thumb Code   120  protection_functions.o(i.fc27)
    fc27_all                                 0x08005eb1   Thumb Code   202  fc27.o(i.fc27_all)
    fc27_init                                0x08005fa1   Thumb Code    24  fc27.o(i.fc27_init)
    fc37                                     0x08005fc1   Thumb Code   112  protection_functions.o(i.fc37)
    fc37_all                                 0x08006035   Thumb Code   294  fc37.o(i.fc37_all)
    fc37_init                                0x0800619d   Thumb Code    24  fc37.o(i.fc37_init)
    fc46_all                                 0x080061bd   Thumb Code   116  fc46.o(i.fc46_all)
    fc46_init                                0x08006245   Thumb Code    54  fc46.o(i.fc46_init)
    fc46d                                    0x08006289   Thumb Code   336  protection_functions.o(i.fc46d)
    fc46i                                    0x080063e1   Thumb Code   312  protection_functions.o(i.fc46i)
    fc49                                     0x0800652d   Thumb Code    72  protection_functions.o(i.fc49)
    fc49_all                                 0x08006579   Thumb Code   268  fc49.o(i.fc49_all)
    fc49_init                                0x08006695   Thumb Code    72  fc49.o(i.fc49_init)
    fc50                                     0x080066ed   Thumb Code   222  protection_functions.o(i.fc50)
    fc50N_all                                0x080067d1   Thumb Code   114  fc50n.o(i.fc50N_all)
    fc50N_init                               0x08006861   Thumb Code    22  fc50n.o(i.fc50N_init)
    fc50_all                                 0x08006881   Thumb Code   520  fc50.o(i.fc50_all)
    fc50_init                                0x08006ad9   Thumb Code    40  fc50.o(i.fc50_init)
    fc51                                     0x08006b09   Thumb Code   222  protection_functions.o(i.fc51)
    fc51N_all                                0x08006bf9   Thumb Code    52  fc51n.o(i.fc51N_all)
    fc51N_init                               0x08006c41   Thumb Code    46  fc51n.o(i.fc51N_init)
    fc51_all                                 0x08006c7d   Thumb Code   222  fc51.o(i.fc51_all)
    fc51_init                                0x08006d71   Thumb Code    62  fc51.o(i.fc51_init)
    fc59                                     0x08006dbd   Thumb Code    92  protection_functions.o(i.fc59)
    fc59_all                                 0x08006e1d   Thumb Code   166  fc59.o(i.fc59_all)
    fc59_init                                0x08006ed1   Thumb Code    18  fc59.o(i.fc59_init)
    fcBF                                     0x08006eed   Thumb Code   274  protection_functions.o(i.fcBF)
    fcBF_all                                 0x08007005   Thumb Code   140  fcbf.o(i.fcBF_all)
    fcBF_init                                0x080070a9   Thumb Code    18  fcbf.o(i.fcBF_init)
    fcPVP_all                                0x080070c5   Thumb Code   382  fcpvp.o(i.fcPVP_all)
    fcPVP_init                               0x08007275   Thumb Code    18  fcpvp.o(i.fcPVP_init)
    fcPVPd                                   0x08007291   Thumb Code   108  protection_functions.o(i.fcPVPd)
    fcPVPi                                   0x08007301   Thumb Code   174  protection_functions.o(i.fcPVPi)
    fcUNB_all                                0x080073c1   Thumb Code   380  fcunb.o(i.fcUNB_all)
    fcUNB_init                               0x0800756d   Thumb Code    38  fcunb.o(i.fcUNB_init)
    fcUNBd                                   0x080075a1   Thumb Code   108  protection_functions.o(i.fcUNBd)
    fcUNBi                                   0x08007611   Thumb Code   192  protection_functions.o(i.fcUNBi)
    initFunctions                            0x080076e9   Thumb Code    58  initfunctions.o(i.initFunctions)
    init_conversion                          0x08007725   Thumb Code   156  conversion.o(i.init_conversion)
    init_protection                          0x080077f9   Thumb Code  1830  init_protection.o(i.init_protection)
    main                                     0x08007f25   Thumb Code   272  main.o(i.main)
    main_flow                                0x08008065   Thumb Code    70  main_flow.o(i.main_flow)
    maxSelector_3p                           0x080080ab   Thumb Code    10  protection_functions.o(i.maxSelector_3p)
    off_delay                                0x080080b5   Thumb Code    66  protection_functions.o(i.off_delay)
    on_delay                                 0x080080f7   Thumb Code    64  protection_functions.o(i.on_delay)
    on_off_delay                             0x08008137   Thumb Code    44  protection_functions.o(i.on_off_delay)
    peak_detect_rms                          0x08008165   Thumb Code   162  measurement_functions.o(i.peak_detect_rms)
    pick_trip_reset_handles                  0x08008211   Thumb Code    18  pickup_handles.o(i.pick_trip_reset_handles)
    pick_up_handles                          0x08008225   Thumb Code  2402  pickup_handles.o(i.pick_up_handles)
    pullDataFromMaster                       0x08008b95   Thumb Code  1176  configparams.o(i.pullDataFromMaster)
    pushDataToMaster                         0x0800902d   Thumb Code  1650  commparams.o(i.pushDataToMaster)
    pvp_curve                                0x080096e5   Thumb Code   226  protection_functions.o(i.pvp_curve)
    pvp_filter                               0x08009839   Thumb Code   114  measurement_functions.o(i.pvp_filter)
    reset_handles                            0x080098ad   Thumb Code   970  pickup_handles.o(i.reset_handles)
    spi_initComApp                           0x08009d69   Thumb Code     2  spi_masterslave.o(i.spi_initComApp)
    spi_runComApp                            0x08009d6d   Thumb Code   874  spi_masterslave.o(i.spi_runComApp)
    spi_sysTickCallApp                       0x0800a0e5   Thumb Code    62  spi_masterslave.o(i.spi_sysTickCallApp)
    sym_comp                                 0x0800a129   Thumb Code   126  measurement_functions.o(i.sym_comp)
    sym_mag                                  0x0800a1b1   Thumb Code   386  measurement_functions.o(i.sym_mag)
    thermal_status                           0x0800a33d   Thumb Code   114  measurement_functions.o(i.thermal_status)
    trip_handles                             0x0800a3b5   Thumb Code  1792  pickup_handles.o(i.trip_handles)
    trueRMS                                  0x0800aab5   Thumb Code   302  truerms.o(i.trueRMS)
    true_rms                                 0x0800abf5   Thumb Code   106  measurement_functions.o(i.true_rms)
    uart_initComApp                          0x0800ac65   Thumb Code    10  uart_masterslave.o(i.uart_initComApp)
    uart_runComApp                           0x0800ac79   Thumb Code   374  uart_masterslave.o(i.uart_runComApp)
    uart_sysTickCallApp                      0x0800adfd   Thumb Code    60  uart_masterslave.o(i.uart_sysTickCallApp)
    AHBPrescTable                            0x0800ae44   Data          16  system_stm32f7xx.o(.constdata)
    APBPrescTable                            0x0800ae54   Data           8  system_stm32f7xx.o(.constdata)
    __mathlib_zero                           0x0800b158   Data           8  qnan.o(.constdata)
    Region$$Table$$Base                      0x0800b250   Number         0  anon$$obj.o(Region$$Table)
    Region$$Table$$Limit                     0x0800b270   Number         0  anon$$obj.o(Region$$Table)
    incoming_data_flag                       0x20000000   Data           1  main.o(.data)
    uwTick                                   0x20000004   Data           4  stm32f7xx_hal.o(.data)
    SystemCoreClock                          0x20000008   Data           4  system_stm32f7xx.o(.data)
    curve                                    0x2000000c   Data           1  init_protection.o(.data)
    cSelect1                                 0x20000010   Data           4  init_protection.o(.data)
    cSelect2                                 0x20000014   Data           4  init_protection.o(.data)
    curve_data                               0x20000018   Data          96  init_protection.o(.data)
    fc27_obj1_L1_out                         0x20000080   Data           8  fc27.o(.data)
    fc27_obj1_L2_out                         0x20000088   Data           8  fc27.o(.data)
    fc49_obj1_L1_out_a                       0x20000094   Data           4  fc49.o(.data)
    fc49_obj1_L1_out_b                       0x20000098   Data           4  fc49.o(.data)
    fc49_obj1_L1_out_c                       0x2000009c   Data           4  fc49.o(.data)
    fc49_obj2_L1_out_a                       0x200000a0   Data           4  fc49.o(.data)
    fc49_obj2_L1_out_b                       0x200000a4   Data           4  fc49.o(.data)
    fc49_obj2_L1_out_c                       0x200000a8   Data           4  fc49.o(.data)
    therm_a_obj1                             0x200000ac   Data           4  fc49.o(.data)
    therm_b_obj1                             0x200000b0   Data           4  fc49.o(.data)
    therm_c_obj1                             0x200000b4   Data           4  fc49.o(.data)
    therm_a_obj2                             0x200000b8   Data           4  fc49.o(.data)
    therm_b_obj2                             0x200000bc   Data           4  fc49.o(.data)
    therm_c_obj2                             0x200000c0   Data           4  fc49.o(.data)
    fc49_obj1_L1_in                          0x200000c4   Data           4  fc49.o(.data)
    fc49_obj2_L1_in                          0x200000c8   Data           4  fc49.o(.data)
    fc37_obj1_L1_out_a                       0x200000d8   Data           8  fc37.o(.data)
    fc37_obj1_L1_out_b                       0x200000e0   Data           8  fc37.o(.data)
    fc37_obj1_L1_out_c                       0x200000e8   Data           8  fc37.o(.data)
    fc37_obj2_L1_out_a                       0x200000f0   Data           8  fc37.o(.data)
    fc37_obj2_L1_out_b                       0x200000f8   Data           8  fc37.o(.data)
    fc37_obj2_L1_out_c                       0x20000100   Data           8  fc37.o(.data)
    comp                                     0x20000108   Data           1  fcunb.o(.data)
    UNBpcorrection                           0x2000010c   Data           4  fcunb.o(.data)
    UNBa_rms                                 0x20000110   Data           4  fcunb.o(.data)
    UNBb_rms                                 0x20000114   Data           4  fcunb.o(.data)
    fcUNBi_obj1_L1_in                        0x20000118   Data           8  fcunb.o(.data)
    peak_a                                   0x20000124   Data           4  fcpvp.o(.data)
    peak_b                                   0x20000128   Data           4  fcpvp.o(.data)
    peak_c                                   0x2000012c   Data           4  fcpvp.o(.data)
    fcPVPd_obj1_L1_out_a                     0x20000130   Data           8  fcpvp.o(.data)
    fcPVPd_obj1_L1_out_b                     0x20000138   Data           8  fcpvp.o(.data)
    fcPVPd_obj1_L1_out_c                     0x20000140   Data           8  fcpvp.o(.data)
    fault_code                               0x20000148   Data           1  pickup_handles.o(.data)
    n                                        0x2000014c   Data           8  cs_handles.o(.data)
    UNBa                                     0x20000154   Data           8  cs_handles.o(.data)
    UNBb                                     0x2000015c   Data           8  cs_handles.o(.data)
    sin_coeffs                               0x20000164   Data         200  cs_handles.o(.data)
    cos_coeffs                               0x2000022c   Data         200  cs_handles.o(.data)
    conversion_completed                     0x200002f8   Data           1  conversion.o(.data)
    ch                                       0x200002f9   Data           1  conversion.o(.data)
    cycle_count_1                            0x200002fc   Data           4  conversion.o(.data)
    cycle_count_2                            0x2000030c   Data           4  conversion.o(.data)
    DI                                       0x20000310   Data           4  boardio.o(.data)
    DO                                       0x20000314   Data           4  boardio.o(.data)
    typeCnv                                  0x20000318   Data           4  dataparsermerger.o(.data)
    mSelect                                  0x2000031c   Data           4  configparams.o(.data)
    pFlag                                    0x20000320   Data           4  configparams.o(.data)
    pEN                                      0x20000324   Data           4  configparams.o(.data)
    htim1                                    0x2000032c   Data          64  tim.o(.bss)
    htim6                                    0x2000036c   Data          64  tim.o(.bss)
    hrtc                                     0x200003ac   Data          32  rtc.o(.bss)
    hqspi                                    0x200003cc   Data          76  quadspi.o(.bss)
    hadc1                                    0x20000418   Data          72  adc.o(.bss)
    hadc2                                    0x20000460   Data          72  adc.o(.bss)
    hadc3                                    0x200004a8   Data          72  adc.o(.bss)
    hdma_adc1                                0x200004f0   Data          96  adc.o(.bss)
    hdma_adc2                                0x20000550   Data          96  adc.o(.bss)
    hdma_adc3                                0x200005b0   Data          96  adc.o(.bss)
    adc_values                               0x20000610   Data          60  main.o(.bss)
    huart2                                   0x2000064c   Data         112  usart.o(.bss)
    hspi2                                    0x200006bc   Data         100  spi.o(.bss)
    EN                                       0x20000720   Data         116  init_protection.o(.bss)
    fc50_obj1_L1_out_a                       0x20000794   Data          12  fc50.o(.bss)
    fc50_obj1_L1_out_b                       0x200007a0   Data          12  fc50.o(.bss)
    fc50_obj1_L1_out_c                       0x200007ac   Data          12  fc50.o(.bss)
    fc50_obj1_L2_out_a                       0x200007b8   Data          12  fc50.o(.bss)
    fc50_obj1_L2_out_b                       0x200007c4   Data          12  fc50.o(.bss)
    fc50_obj1_L2_out_c                       0x200007d0   Data          12  fc50.o(.bss)
    fc50_obj1_L3_out_a                       0x200007dc   Data          12  fc50.o(.bss)
    fc50_obj1_L3_out_b                       0x200007e8   Data          12  fc50.o(.bss)
    fc50_obj1_L3_out_c                       0x200007f4   Data          12  fc50.o(.bss)
    fc50_obj2_L1_out_a                       0x20000800   Data          12  fc50.o(.bss)
    fc50_obj2_L1_out_b                       0x2000080c   Data          12  fc50.o(.bss)
    fc50_obj2_L1_out_c                       0x20000818   Data          12  fc50.o(.bss)
    fc50_obj2_L2_out_a                       0x20000824   Data          12  fc50.o(.bss)
    fc50_obj2_L2_out_b                       0x20000830   Data          12  fc50.o(.bss)
    fc50_obj2_L2_out_c                       0x2000083c   Data          12  fc50.o(.bss)
    fc50_obj2_L3_out_a                       0x20000848   Data          12  fc50.o(.bss)
    fc50_obj2_L3_out_b                       0x20000854   Data          12  fc50.o(.bss)
    fc50_obj2_L3_out_c                       0x20000860   Data          12  fc50.o(.bss)
    fc50_obj1_L1_in                          0x2000086c   Data          16  fc50.o(.bss)
    fc50_obj1_L2_in                          0x2000087c   Data          16  fc50.o(.bss)
    fc50_obj1_L3_in                          0x2000088c   Data          16  fc50.o(.bss)
    fc50_obj2_L1_in                          0x2000089c   Data          16  fc50.o(.bss)
    fc50_obj2_L2_in                          0x200008ac   Data          16  fc50.o(.bss)
    fc50_obj2_L3_in                          0x200008bc   Data          16  fc50.o(.bss)
    fc50N_obj1_L1_out                        0x200008cc   Data          12  fc50n.o(.bss)
    fc50N_obj1_L2_out                        0x200008d8   Data          12  fc50n.o(.bss)
    fc50N_obj1_L3_out                        0x200008e4   Data          12  fc50n.o(.bss)
    fc50N_obj1_L1_in                         0x200008f0   Data          16  fc50n.o(.bss)
    fc50N_obj1_L2_in                         0x20000900   Data          16  fc50n.o(.bss)
    fc50N_obj1_L3_in                         0x20000910   Data          16  fc50n.o(.bss)
    fc51_obj1_out_a                          0x20000920   Data          12  fc51.o(.bss)
    fc51_obj1_out_b                          0x2000092c   Data          12  fc51.o(.bss)
    fc51_obj1_out_c                          0x20000938   Data          12  fc51.o(.bss)
    fc51_obj2_out_a                          0x20000944   Data          12  fc51.o(.bss)
    fc51_obj2_out_b                          0x20000950   Data          12  fc51.o(.bss)
    fc51_obj2_out_c                          0x2000095c   Data          12  fc51.o(.bss)
    fc51_obj1_in                             0x20000968   Data          20  fc51.o(.bss)
    fc51_obj2_in                             0x2000097c   Data          20  fc51.o(.bss)
    fc51N_obj1_out                           0x20000990   Data          12  fc51n.o(.bss)
    fc51N_obj1_in                            0x2000099c   Data          20  fc51n.o(.bss)
    fc27_obj1_L1_in                          0x200009b0   Data          12  fc27.o(.bss)
    fc27_obj1_L2_in                          0x200009bc   Data          12  fc27.o(.bss)
    fc59_obj1_L1_out_a                       0x200009c8   Data          12  fc59.o(.bss)
    fc59_obj1_L1_out_b                       0x200009d4   Data          12  fc59.o(.bss)
    fc59_obj1_L1_out_c                       0x200009e0   Data          12  fc59.o(.bss)
    fc59_obj1_L2_out_a                       0x200009ec   Data          12  fc59.o(.bss)
    fc59_obj1_L2_out_b                       0x200009f8   Data          12  fc59.o(.bss)
    fc59_obj1_L2_out_c                       0x20000a04   Data          12  fc59.o(.bss)
    fc59_obj1_L1_in                          0x20000a10   Data          12  fc59.o(.bss)
    fc59_obj1_L2_in                          0x20000a1c   Data          12  fc59.o(.bss)
    fc46d_obj1_L1_out                        0x20000a28   Data          16  fc46.o(.bss)
    fc46i_obj1_L1_out                        0x20000a38   Data          16  fc46.o(.bss)
    fc46d_obj1_L1_in                         0x20000a48   Data          16  fc46.o(.bss)
    fc46i_obj1_L1_in                         0x20000a58   Data          20  fc46.o(.bss)
    fc49_obj1_therm                          0x20000a6c   Data          20  fc49.o(.bss)
    fc49_obj2_therm                          0x20000a80   Data          20  fc49.o(.bss)
    fcBF_out                                 0x20000a94   Data          12  fcbf.o(.bss)
    fcBF_in                                  0x20000aa0   Data          24  fcbf.o(.bss)
    fc37_obj1_L1_in                          0x20000ab8   Data          12  fc37.o(.bss)
    fc37_obj2_L1_in                          0x20000ac4   Data          12  fc37.o(.bss)
    fcUNBd_obj1_L1_out_a                     0x20000ad0   Data          16  fcunb.o(.bss)
    fcUNBd_obj1_L1_out_b                     0x20000ae0   Data          16  fcunb.o(.bss)
    fcUNBi_obj1_L1_out_a                     0x20000af0   Data          12  fcunb.o(.bss)
    fcUNBi_obj1_L1_out_b                     0x20000afc   Data          12  fcunb.o(.bss)
    fcUNBd_obj1_L1_in                        0x20000bd0   Data          12  fcunb.o(.bss)
    pvp_in                                   0x20000bdc   Data          12  fcpvp.o(.bss)
    pvp_in_back                              0x20000be8   Data          12  fcpvp.o(.bss)
    pvp_out                                  0x20000bf4   Data          12  fcpvp.o(.bss)
    pvp_out_back                             0x20000c00   Data          12  fcpvp.o(.bss)
    fcPVPi_obj1_L1_out_a                     0x20000c0c   Data          12  fcpvp.o(.bss)
    fcPVPi_obj1_L1_out_b                     0x20000c18   Data          12  fcpvp.o(.bss)
    fcPVPi_obj1_L1_out_c                     0x20000c24   Data          12  fcpvp.o(.bss)
    fcPVPd_obj1_L1_in                        0x200010e0   Data          12  fcpvp.o(.bss)
    fcPVPi_obj1_L1_in                        0x200010ec   Data          20  fcpvp.o(.bss)
    pick                                     0x20001100   Data          12  pickup_handles.o(.bss)
    trip                                     0x2000110c   Data          12  pickup_handles.o(.bss)
    pick_words                               0x20001118   Data          12  pickup_handles.o(.bss)
    trip_words                               0x20001124   Data          12  pickup_handles.o(.bss)
    phase_cs_A                               0x20001228   Data          16  cs_handles.o(.bss)
    phase_cs_B                               0x20001238   Data          16  cs_handles.o(.bss)
    phase_cs_C                               0x20001248   Data          16  cs_handles.o(.bss)
    phase_cs_A_out                           0x20001258   Data          44  cs_handles.o(.bss)
    phase_cs_B_out                           0x20001284   Data          44  cs_handles.o(.bss)
    phase_cs_C_out                           0x200012b0   Data          44  cs_handles.o(.bss)
    sym                                      0x200012dc   Data          24  cs_handles.o(.bss)
    sym_hist                                 0x200012f4   Data          24  cs_handles.o(.bss)
    mag_sym                                  0x2000130c   Data          24  cs_handles.o(.bss)
    c_buffer                                 0x20001324   Data        2400  cs_handles.o(.bss)
    s_buffer                                 0x20001c84   Data        2400  cs_handles.o(.bss)
    P                                        0x200025e4   Data          28  cs_handles.o(.bss)
    Q                                        0x20002600   Data          28  cs_handles.o(.bss)
    fRMS                                     0x2000261c   Data          60  cs_handles.o(.bss)
    tRMS                                     0x20002658   Data          60  truerms.o(.bss)
    backRMS                                  0x20002694   Data          60  truerms.o(.bss)
    bufferRMS                                0x200026d0   Data        3000  truerms.o(.bss)
    spect_Ia                                 0x20003288   Data         368  spectra.o(.bss)
    spect_Ib                                 0x200033f8   Data         368  spectra.o(.bss)
    spect_Ic                                 0x20003568   Data         368  spectra.o(.bss)
    thd                                      0x200036d8   Data          12  spectra.o(.bss)
    rawAdc                                   0x200036e4   Data          60  conversion.o(.bss)
    fAdc                                     0x20003720   Data          60  conversion.o(.bss)
    offset                                   0x2000375c   Data          60  conversion.o(.bss)
    scale                                    0x20003798   Data          60  conversion.o(.bss)
    TR                                       0x200037d4   Data          48  conversion.o(.bss)
    Sys                                      0x20003804   Data          36  powersysdata.o(.bss)
    comParams                                0x20003828   Data        6020  spi_masterslave.o(.bss)
    spiCRC                                   0x20004fac   Data          12  spi_masterslave.o(.bss)
    comParams_uart                           0x20004fb8   Data        2996  uart_masterslave.o(.bss)
    uartCRC                                  0x20005b6c   Data          12  uart_masterslave.o(.bss)
    __initial_sp                             0x20005f78   Data           0  startup_stm32f767xx.o(STACK)



==============================================================================

Memory Map of the image

  Image Entry point : 0x080001f9

  Load Region LR_IROM1 (Base: 0x08000000, Size: 0x0000b59c, Max: 0x00200000, ABSOLUTE, COMPRESSED[0x0000b3d4])

    Execution Region ER_IROM1 (Base: 0x08000000, Size: 0x0000b270, Max: 0x00200000, ABSOLUTE)

    Base Addr    Size         Type   Attr      Idx    E Section Name        Object

    0x08000000   0x000001f8   Data   RO          882    RESET               startup_stm32f767xx.o
    0x080001f8   0x00000000   Code   RO         5724  * .ARM.Collect$$$$00000000  mc_w.l(entry.o)
    0x080001f8   0x00000004   Code   RO         5792    .ARM.Collect$$$$00000001  mc_w.l(entry2.o)
    0x080001fc   0x00000004   Code   RO         5795    .ARM.Collect$$$$00000004  mc_w.l(entry5.o)
    0x08000200   0x00000000   Code   RO         5797    .ARM.Collect$$$$00000008  mc_w.l(entry7b.o)
    0x08000200   0x00000000   Code   RO         5799    .ARM.Collect$$$$0000000A  mc_w.l(entry8b.o)
    0x08000200   0x00000008   Code   RO         5800    .ARM.Collect$$$$0000000B  mc_w.l(entry9a.o)
    0x08000208   0x00000000   Code   RO         5802    .ARM.Collect$$$$0000000D  mc_w.l(entry10a.o)
    0x08000208   0x00000000   Code   RO         5804    .ARM.Collect$$$$0000000F  mc_w.l(entry11a.o)
    0x08000208   0x00000004   Code   RO         5793    .ARM.Collect$$$$00002712  mc_w.l(entry2.o)
    0x0800020c   0x00000024   Code   RO          883    .text               startup_stm32f767xx.o
    0x08000230   0x00000000   Code   RO         5813    .text               mc_w.l(iusefp.o)
    0x08000230   0x00000004   Code   RO         5814    .text               mf_w.l(fpstat.o)
    0x08000234   0x00000024   Code   RO         5820    .text               mc_w.l(init.o)
    0x08000258   0x00000056   Code   RO         5830    .text               mc_w.l(__dczerorl2.o)
    0x080002ae   0x00000060   Code   RO         2084    i.ADC_MultiModeDMAConvCplt  stm32f7xx_hal_adc_ex.o
    0x0800030e   0x00000012   Code   RO         2085    i.ADC_MultiModeDMAError  stm32f7xx_hal_adc_ex.o
    0x08000320   0x00000006   Code   RO         2086    i.ADC_MultiModeDMAHalfConvCplt  stm32f7xx_hal_adc_ex.o
    0x08000326   0x00000002   Code   RO          310    i.BusFault_Handler  stm32f7xx_it.o
    0x08000328   0x0000000c   Code   RO          311    i.DMA2_Stream0_IRQHandler  stm32f7xx_it.o
    0x08000334   0x0000000c   Code   RO          312    i.DMA2_Stream1_IRQHandler  stm32f7xx_it.o
    0x08000340   0x0000000c   Code   RO          313    i.DMA2_Stream2_IRQHandler  stm32f7xx_it.o
    0x0800034c   0x00000002   Code   RO          314    i.DebugMon_Handler  stm32f7xx_it.o
    0x0800034e   0x00000002   PAD
    0x08000350   0x00000010   Code   RO          315    i.EXTI15_10_IRQHandler  stm32f7xx_it.o
    0x08000360   0x00000078   Code   RO         2095    i.HAL_ADCEx_MultiModeConfigChannel  stm32f7xx_hal_adc_ex.o
    0x080003d8   0x00000168   Code   RO         2097    i.HAL_ADCEx_MultiModeStart_DMA  stm32f7xx_hal_adc_ex.o
    0x08000540   0x000001cc   Code   RO          894    i.HAL_ADC_ConfigChannel  stm32f7xx_hal_adc.o
    0x0800070c   0x00000234   Code   RO         5213    i.HAL_ADC_ConvCpltCallback  conversion.o
    0x08000940   0x00000002   Code   RO          896    i.HAL_ADC_ConvHalfCpltCallback  stm32f7xx_hal_adc.o
    0x08000942   0x00000002   Code   RO          898    i.HAL_ADC_ErrorCallback  stm32f7xx_hal_adc.o
    0x08000944   0x0000017c   Code   RO          903    i.HAL_ADC_Init      stm32f7xx_hal_adc.o
    0x08000ac0   0x0000019c   Code   RO          443    i.HAL_ADC_MspInit   adc.o
    0x08000c5c   0x00000110   Code   RO          909    i.HAL_ADC_Start     stm32f7xx_hal_adc.o
    0x08000d6c   0x00000024   Code   RO         2475    i.HAL_DMA_Abort_IT  stm32f7xx_hal_dma.o
    0x08000d90   0x000001dc   Code   RO         2479    i.HAL_DMA_IRQHandler  stm32f7xx_hal_dma.o
    0x08000f6c   0x0000016c   Code   RO         2480    i.HAL_DMA_Init      stm32f7xx_hal_dma.o
    0x080010d8   0x0000009c   Code   RO         2484    i.HAL_DMA_Start_IT  stm32f7xx_hal_dma.o
    0x08001174   0x00000002   Code   RO          496    i.HAL_GPIO_EXTI_Callback  main.o
    0x08001176   0x00000002   PAD
    0x08001178   0x00000018   Code   RO         1416    i.HAL_GPIO_EXTI_IRQHandler  stm32f7xx_hal_gpio.o
    0x08001190   0x00000250   Code   RO         1417    i.HAL_GPIO_Init     stm32f7xx_hal_gpio.o
    0x080013e0   0x0000000a   Code   RO         1419    i.HAL_GPIO_ReadPin  stm32f7xx_hal_gpio.o
    0x080013ea   0x0000000a   Code   RO         1421    i.HAL_GPIO_WritePin  stm32f7xx_hal_gpio.o
    0x080013f4   0x0000000c   Code   RO         2302    i.HAL_GetTick       stm32f7xx_hal.o
    0x08001400   0x00000010   Code   RO         2306    i.HAL_IncTick       stm32f7xx_hal.o
    0x08001410   0x00000016   Code   RO         2307    i.HAL_Init          stm32f7xx_hal.o
    0x08001426   0x00000002   PAD
    0x08001428   0x00000028   Code   RO         2308    i.HAL_InitTick      stm32f7xx_hal.o
    0x08001450   0x00000058   Code   RO          286    i.HAL_MspInit       stm32f7xx_hal_msp.o
    0x080014a8   0x00000018   Code   RO         1289    i.HAL_NVIC_EnableIRQ  stm32f7xx_hal_cortex.o
    0x080014c0   0x00000060   Code   RO         1295    i.HAL_NVIC_SetPriority  stm32f7xx_hal_cortex.o
    0x08001520   0x00000024   Code   RO         1296    i.HAL_NVIC_SetPriorityGrouping  stm32f7xx_hal_cortex.o
    0x08001544   0x0000007c   Code   RO         2199    i.HAL_PWREx_EnableOverDrive  stm32f7xx_hal_pwr_ex.o
    0x080015c0   0x000000cc   Code   RO         3425    i.HAL_QSPI_Init     stm32f7xx_hal_qspi.o
    0x0800168c   0x00000088   Code   RO          215    i.HAL_QSPI_MspInit  quadspi.o
    0x08001714   0x000005dc   Code   RO         2687    i.HAL_RCCEx_PeriphCLKConfig  stm32f7xx_hal_rcc_ex.o
    0x08001cf0   0x000001a8   Code   RO         2962    i.HAL_RCC_ClockConfig  stm32f7xx_hal_rcc.o
    0x08001e98   0x0000000c   Code   RO         2967    i.HAL_RCC_GetHCLKFreq  stm32f7xx_hal_rcc.o
    0x08001ea4   0x00000020   Code   RO         2969    i.HAL_RCC_GetPCLK1Freq  stm32f7xx_hal_rcc.o
    0x08001ec4   0x00000020   Code   RO         2970    i.HAL_RCC_GetPCLK2Freq  stm32f7xx_hal_rcc.o
    0x08001ee4   0x00000070   Code   RO         2971    i.HAL_RCC_GetSysClockFreq  stm32f7xx_hal_rcc.o
    0x08001f54   0x000003c0   Code   RO         2974    i.HAL_RCC_OscConfig  stm32f7xx_hal_rcc.o
    0x08002314   0x000000ca   Code   RO         1063    i.HAL_RTC_Init      stm32f7xx_hal_rtc.o
    0x080023de   0x00000002   PAD
    0x080023e0   0x00000020   Code   RO          173    i.HAL_RTC_MspInit   rtc.o
    0x08002400   0x00000002   Code   RO         4365    i.HAL_SPI_ErrorCallback  stm32f7xx_hal_spi.o
    0x08002402   0x00000002   PAD
    0x08002404   0x000000f8   Code   RO         4368    i.HAL_SPI_IRQHandler  stm32f7xx_hal_spi.o
    0x080024fc   0x000000d2   Code   RO         4369    i.HAL_SPI_Init      stm32f7xx_hal_spi.o
    0x080025ce   0x00000002   PAD
    0x080025d0   0x00000064   Code   RO          636    i.HAL_SPI_MspInit   spi.o
    0x08002634   0x000000a0   Code   RO         4382    i.HAL_SPI_Transmit_IT  stm32f7xx_hal_spi.o
    0x080026d4   0x00000020   Code   RO         5448    i.HAL_SPI_TxCpltCallback  spi_masterslave.o
    0x080026f4   0x00000016   Code   RO         1298    i.HAL_SYSTICK_CLKSourceConfig  stm32f7xx_hal_cortex.o
    0x0800270a   0x00000002   Code   RO         1299    i.HAL_SYSTICK_Callback  stm32f7xx_hal_cortex.o
    0x0800270c   0x00000028   Code   RO         1300    i.HAL_SYSTICK_Config  stm32f7xx_hal_cortex.o
    0x08002734   0x00000008   Code   RO         1301    i.HAL_SYSTICK_IRQHandler  stm32f7xx_hal_cortex.o
    0x0800273c   0x00000002   Code   RO         3098    i.HAL_TIMEx_BreakCallback  stm32f7xx_hal_tim_ex.o
    0x0800273e   0x00000002   Code   RO         3099    i.HAL_TIMEx_CommutationCallback  stm32f7xx_hal_tim_ex.o
    0x08002740   0x0000005e   Code   RO         3117    i.HAL_TIMEx_MasterConfigSynchronization  stm32f7xx_hal_tim_ex.o
    0x0800279e   0x00000036   Code   RO         1482    i.HAL_TIM_Base_Init  stm32f7xx_hal_tim.o
    0x080027d4   0x0000005c   Code   RO            5    i.HAL_TIM_Base_MspInit  tim.o
    0x08002830   0x00000018   Code   RO         1487    i.HAL_TIM_Base_Start_IT  stm32f7xx_hal_tim.o
    0x08002848   0x000001d4   Code   RO         1491    i.HAL_TIM_ConfigClockSource  stm32f7xx_hal_tim.o
    0x08002a1c   0x00000002   Code   RO         1511    i.HAL_TIM_IC_CaptureCallback  stm32f7xx_hal_tim.o
    0x08002a1e   0x00000184   Code   RO         1524    i.HAL_TIM_IRQHandler  stm32f7xx_hal_tim.o
    0x08002ba2   0x00000002   Code   RO         1527    i.HAL_TIM_OC_DelayElapsedCallback  stm32f7xx_hal_tim.o
    0x08002ba4   0x00000002   Code   RO         1554    i.HAL_TIM_PWM_PulseFinishedCallback  stm32f7xx_hal_tim.o
    0x08002ba6   0x00000002   Code   RO         1561    i.HAL_TIM_PeriodElapsedCallback  stm32f7xx_hal_tim.o
    0x08002ba8   0x00000002   Code   RO         1565    i.HAL_TIM_TriggerCallback  stm32f7xx_hal_tim.o
    0x08002baa   0x00000002   Code   RO         4110    i.HAL_UART_ErrorCallback  stm32f7xx_hal_uart.o
    0x08002bac   0x00000290   Code   RO         4113    i.HAL_UART_IRQHandler  stm32f7xx_hal_uart.o
    0x08002e3c   0x0000006e   Code   RO         4114    i.HAL_UART_Init     stm32f7xx_hal_uart.o
    0x08002eaa   0x00000002   PAD
    0x08002eac   0x00000060   Code   RO          594    i.HAL_UART_MspInit  usart.o
    0x08002f0c   0x00000096   Code   RO         4119    i.HAL_UART_Receive_IT  stm32f7xx_hal_uart.o
    0x08002fa2   0x00000002   PAD
    0x08002fa4   0x00000050   Code   RO         5501    i.HAL_UART_RxCpltCallback  uart_masterslave.o
    0x08002ff4   0x00000020   Code   RO         5502    i.HAL_UART_TxCpltCallback  uart_masterslave.o
    0x08003014   0x00000002   Code   RO          316    i.HardFault_Handler  stm32f7xx_it.o
    0x08003016   0x00000002   PAD
    0x08003018   0x000000f8   Code   RO          444    i.MX_ADC1_Init      adc.o
    0x08003110   0x000000d0   Code   RO          445    i.MX_ADC2_Init      adc.o
    0x080031e0   0x000000d0   Code   RO          446    i.MX_ADC3_Init      adc.o
    0x080032b0   0x0000002c   Code   RO          259    i.MX_DMA_Init       dma.o
    0x080032dc   0x00000238   Code   RO          569    i.MX_GPIO_Init      gpio.o
    0x08003514   0x00000054   Code   RO          216    i.MX_QUADSPI_Init   quadspi.o
    0x08003568   0x0000004c   Code   RO          174    i.MX_RTC_Init       rtc.o
    0x080035b4   0x00000064   Code   RO          637    i.MX_SPI2_Init      spi.o
    0x08003618   0x00000080   Code   RO            6    i.MX_TIM1_Init      tim.o
    0x08003698   0x00000060   Code   RO            7    i.MX_TIM6_Init      tim.o
    0x080036f8   0x00000054   Code   RO          595    i.MX_USART2_UART_Init  usart.o
    0x0800374c   0x00000002   Code   RO          317    i.MemManage_Handler  stm32f7xx_it.o
    0x0800374e   0x00000002   Code   RO          318    i.NMI_Handler       stm32f7xx_it.o
    0x08003750   0x00000002   Code   RO          319    i.PendSV_Handler    stm32f7xx_it.o
    0x08003752   0x00000058   Code   RO         3450    i.QSPI_WaitFlagStateUntilTimeout  stm32f7xx_hal_qspi.o
    0x080037aa   0x00000002   PAD
    0x080037ac   0x0000000c   Code   RO          320    i.SPI2_IRQHandler   stm32f7xx_it.o
    0x080037b8   0x00000012   Code   RO         4393    i.SPI_DMAAbortOnError  stm32f7xx_hal_spi.o
    0x080037ca   0x0000004a   Code   RO         4403    i.SPI_EndRxTxTransaction  stm32f7xx_hal_spi.o
    0x08003814   0x00000068   Code   RO         4406    i.SPI_TxISR_16BIT   stm32f7xx_hal_spi.o
    0x0800387c   0x00000066   Code   RO         4407    i.SPI_TxISR_8BIT    stm32f7xx_hal_spi.o
    0x080038e2   0x00000002   PAD
    0x080038e4   0x0000009c   Code   RO         4408    i.SPI_WaitFifoStateUntilTimeout  stm32f7xx_hal_spi.o
    0x08003980   0x0000008c   Code   RO         4409    i.SPI_WaitFlagStateUntilTimeout  stm32f7xx_hal_spi.o
    0x08003a0c   0x00000002   Code   RO          321    i.SVC_Handler       stm32f7xx_it.o
    0x08003a0e   0x00000016   Code   RO          322    i.SysTick_Handler   stm32f7xx_it.o
    0x08003a24   0x000000c4   Code   RO          497    i.SystemClock_Config  main.o
    0x08003ae8   0x00000060   Code   RO         4666    i.SystemInit        system_stm32f7xx.o
    0x08003b48   0x0000000c   Code   RO          323    i.TIM1_UP_TIM10_IRQHandler  stm32f7xx_it.o
    0x08003b54   0x000000c8   Code   RO         1566    i.TIM_Base_SetConfig  stm32f7xx_hal_tim.o
    0x08003c1c   0x000000da   Code   RO         4127    i.UART_AdvFeatureConfig  stm32f7xx_hal_uart.o
    0x08003cf6   0x00000044   Code   RO         4128    i.UART_CheckIdleState  stm32f7xx_hal_uart.o
    0x08003d3a   0x00000014   Code   RO         4129    i.UART_DMAAbortOnError  stm32f7xx_hal_uart.o
    0x08003d4e   0x00000002   PAD
    0x08003d50   0x000002bc   Code   RO         4135    i.UART_SetConfig    stm32f7xx_hal_uart.o
    0x0800400c   0x00000076   Code   RO         4136    i.UART_WaitOnFlagUntilTimeout  stm32f7xx_hal_uart.o
    0x08004082   0x00000002   PAD
    0x08004084   0x0000000c   Code   RO          324    i.USART2_IRQHandler  stm32f7xx_it.o
    0x08004090   0x00000002   Code   RO          325    i.UsageFault_Handler  stm32f7xx_it.o
    0x08004092   0x00000002   Code   RO          498    i._Error_Handler    main.o
    0x08004094   0x00000030   Code   RO         5816    i.__ARM_fpclassify  m_wv.l(fpclassify.o)
    0x080040c4   0x00000026   Code   RO         5764    i.__ARM_fpclassifyf  m_wv.l(fpclassifyf.o)
    0x080040ea   0x00000006   PAD
    0x080040f0   0x00000200   Code   RO         5727    i.__hardfp_atan     m_wv.l(atan.o)
    0x080042f0   0x000001c0   Code   RO         5650    i.__hardfp_atan2    m_wv.l(atan2.o)
    0x080044b0   0x00000258   Code   RO         5662    i.__hardfp_atan2f   m_wv.l(atan2f.o)
    0x08004708   0x00000658   Code   RO         5674    i.__hardfp_powf     m_wv.l(powf.o)
    0x08004d60   0x000000b0   Code   RO         5688    i.__hardfp_sin      m_wv.l(sin.o)
    0x08004e10   0x00000066   Code   RO         5700    i.__hardfp_sqrt     m_wv.l(sqrt.o)
    0x08004e76   0x0000003a   Code   RO         5712    i.__hardfp_sqrtf    m_wv.l(sqrtf.o)
    0x08004eb0   0x00000310   Code   RO         5781    i.__ieee754_rem_pio2  m_wv.l(rred.o)
    0x080051c0   0x000000e0   Code   RO         5741    i.__kernel_cos      m_wv.l(cos_i.o)
    0x080052a0   0x00000070   Code   RO         5818    i.__kernel_poly     m_wv.l(poly.o)
    0x08005310   0x000000a8   Code   RO         5786    i.__kernel_sin      m_wv.l(sin_i.o)
    0x080053b8   0x00000006   Code   RO         5745    i.__mathlib_dbl_infnan  m_wv.l(dunder.o)
    0x080053be   0x00000006   Code   RO         5746    i.__mathlib_dbl_infnan2  m_wv.l(dunder.o)
    0x080053c4   0x00000004   PAD
    0x080053c8   0x00000018   Code   RO         5747    i.__mathlib_dbl_invalid  m_wv.l(dunder.o)
    0x080053e0   0x00000018   Code   RO         5750    i.__mathlib_dbl_underflow  m_wv.l(dunder.o)
    0x080053f8   0x00000018   Code   RO         5766    i.__mathlib_flt_divzero  m_wv.l(funder.o)
    0x08005410   0x00000006   Code   RO         5768    i.__mathlib_flt_infnan2  m_wv.l(funder.o)
    0x08005416   0x00000002   PAD
    0x08005418   0x00000010   Code   RO         5769    i.__mathlib_flt_invalid  m_wv.l(funder.o)
    0x08005428   0x00000010   Code   RO         5770    i.__mathlib_flt_overflow  m_wv.l(funder.o)
    0x08005438   0x00000010   Code   RO         5772    i.__mathlib_flt_underflow  m_wv.l(funder.o)
    0x08005448   0x0000000e   Code   RO         5824    i.__scatterload_copy  mc_w.l(handlers.o)
    0x08005456   0x00000002   Code   RO         5825    i.__scatterload_null  mc_w.l(handlers.o)
    0x08005458   0x0000000e   Code   RO         5826    i.__scatterload_zeroinit  mc_w.l(handlers.o)
    0x08005466   0x00000002   PAD
    0x08005468   0x0000000c   Code   RO         5808    i.__set_errno       mc_w.l(errno.o)
    0x08005474   0x00000010   Code   RO         5729    i.atan              m_wv.l(atan.o)
    0x08005484   0x000001fc   Code   RO         5291    i.boardIO           boardio.o
    0x08005680   0x000000a4   Code   RO         5135    i.cs_PQ_combination  cs_handles.o
    0x08005724   0x00000004   PAD
    0x08005728   0x00000158   Code   RO          674    i.cs_computations   measurement_functions.o
    0x08005880   0x000000b2   Code   RO          675    i.cs_generation     measurement_functions.o
    0x08005932   0x00000002   PAD
    0x08005934   0x00000368   Code   RO         5136    i.cs_handles        cs_handles.o
    0x08005c9c   0x0000006c   Code   RO         5327    i.dpm_mergeDWord    dataparsermerger.o
    0x08005d08   0x00000060   Code   RO         5328    i.dpm_mergeFloat    dataparsermerger.o
    0x08005d68   0x00000052   Code   RO         5329    i.dpm_parseDWord    dataparsermerger.o
    0x08005dba   0x00000002   PAD
    0x08005dbc   0x00000060   Code   RO         5330    i.dpm_parseFloat    dataparsermerger.o
    0x08005e1c   0x00000018   Code   RO         5760    i.fabs              m_wv.l(fabs.o)
    0x08005e34   0x0000007c   Code   RO          756    i.fc27              protection_functions.o
    0x08005eb0   0x000000f0   Code   RO         4835    i.fc27_all          fc27.o
    0x08005fa0   0x00000020   Code   RO         4836    i.fc27_init         fc27.o
    0x08005fc0   0x00000074   Code   RO          757    i.fc37              protection_functions.o
    0x08006034   0x00000168   Code   RO         4982    i.fc37_all          fc37.o
    0x0800619c   0x00000020   Code   RO         4983    i.fc37_init         fc37.o
    0x080061bc   0x00000088   Code   RO         4892    i.fc46_all          fc46.o
    0x08006244   0x00000044   Code   RO         4893    i.fc46_init         fc46.o
    0x08006288   0x00000158   Code   RO          758    i.fc46d             protection_functions.o
    0x080063e0   0x0000014c   Code   RO          759    i.fc46i             protection_functions.o
    0x0800652c   0x0000004c   Code   RO          760    i.fc49              protection_functions.o
    0x08006578   0x0000011c   Code   RO         4916    i.fc49_all          fc49.o
    0x08006694   0x00000058   Code   RO         4917    i.fc49_init         fc49.o
    0x080066ec   0x000000e4   Code   RO          761    i.fc50              protection_functions.o
    0x080067d0   0x00000090   Code   RO         4757    i.fc50N_all         fc50n.o
    0x08006860   0x00000020   Code   RO         4758    i.fc50N_init        fc50n.o
    0x08006880   0x00000258   Code   RO         4727    i.fc50_all          fc50.o
    0x08006ad8   0x00000030   Code   RO         4728    i.fc50_init         fc50.o
    0x08006b08   0x000000f0   Code   RO          762    i.fc51              protection_functions.o
    0x08006bf8   0x00000048   Code   RO         4809    i.fc51N_all         fc51n.o
    0x08006c40   0x0000003c   Code   RO         4810    i.fc51N_init        fc51n.o
    0x08006c7c   0x000000f4   Code   RO         4783    i.fc51_all          fc51.o
    0x08006d70   0x0000004c   Code   RO         4784    i.fc51_init         fc51.o
    0x08006dbc   0x00000060   Code   RO          763    i.fc59              protection_functions.o
    0x08006e1c   0x000000b4   Code   RO         4870    i.fc59_all          fc59.o
    0x08006ed0   0x0000001c   Code   RO         4871    i.fc59_init         fc59.o
    0x08006eec   0x00000118   Code   RO          764    i.fcBF              protection_functions.o
    0x08007004   0x000000a4   Code   RO         4944    i.fcBF_all          fcbf.o
    0x080070a8   0x0000001c   Code   RO         4945    i.fcBF_init         fcbf.o
    0x080070c4   0x000001b0   Code   RO         5048    i.fcPVP_all         fcpvp.o
    0x08007274   0x0000001c   Code   RO         5049    i.fcPVP_init        fcpvp.o
    0x08007290   0x00000070   Code   RO          765    i.fcPVPd            protection_functions.o
    0x08007300   0x000000c0   Code   RO          766    i.fcPVPi            protection_functions.o
    0x080073c0   0x000001ac   Code   RO         5014    i.fcUNB_all         fcunb.o
    0x0800756c   0x00000034   Code   RO         5015    i.fcUNB_init        fcunb.o
    0x080075a0   0x00000070   Code   RO          767    i.fcUNBd            protection_functions.o
    0x08007610   0x000000d8   Code   RO          768    i.fcUNBi            protection_functions.o
    0x080076e8   0x0000003a   Code   RO         5261    i.initFunctions     initfunctions.o
    0x08007722   0x00000002   PAD
    0x08007724   0x000000d4   Code   RO         5215    i.init_conversion   conversion.o
    0x080077f8   0x0000072c   Code   RO         4700    i.init_protection   init_protection.o
    0x08007f24   0x00000140   Code   RO          499    i.main              main.o
    0x08008064   0x00000046   Code   RO         5626    i.main_flow         main_flow.o
    0x080080aa   0x0000000a   Code   RO          769    i.maxSelector_3p    protection_functions.o
    0x080080b4   0x00000042   Code   RO          771    i.off_delay         protection_functions.o
    0x080080f6   0x00000040   Code   RO          772    i.on_delay          protection_functions.o
    0x08008136   0x0000002c   Code   RO          773    i.on_off_delay      protection_functions.o
    0x08008162   0x00000002   PAD
    0x08008164   0x000000ac   Code   RO          676    i.peak_detect_rms   measurement_functions.o
    0x08008210   0x00000012   Code   RO         5081    i.pick_trip_reset_handles  pickup_handles.o
    0x08008222   0x00000002   PAD
    0x08008224   0x00000970   Code   RO         5082    i.pick_up_handles   pickup_handles.o
    0x08008b94   0x00000498   Code   RO         5599    i.pullDataFromMaster  configparams.o
    0x0800902c   0x000006b8   Code   RO         5555    i.pushDataToMaster  commparams.o
    0x080096e4   0x00000154   Code   RO          774    i.pvp_curve         protection_functions.o
    0x08009838   0x00000072   Code   RO          677    i.pvp_filter        measurement_functions.o
    0x080098aa   0x00000002   PAD
    0x080098ac   0x000004bc   Code   RO         5083    i.reset_handles     pickup_handles.o
    0x08009d68   0x00000002   Code   RO         5449    i.spi_initComApp    spi_masterslave.o
    0x08009d6a   0x00000002   PAD
    0x08009d6c   0x00000378   Code   RO         5450    i.spi_runComApp     spi_masterslave.o
    0x0800a0e4   0x00000044   Code   RO         5451    i.spi_sysTickCallApp  spi_masterslave.o
    0x0800a128   0x00000088   Code   RO          681    i.sym_comp          measurement_functions.o
    0x0800a1b0   0x0000018c   Code   RO          682    i.sym_mag           measurement_functions.o
    0x0800a33c   0x00000078   Code   RO          683    i.thermal_status    measurement_functions.o
    0x0800a3b4   0x00000700   Code   RO         5084    i.trip_handles      pickup_handles.o
    0x0800aab4   0x00000140   Code   RO         5173    i.trueRMS           truerms.o
    0x0800abf4   0x00000070   Code   RO          684    i.true_rms          measurement_functions.o
    0x0800ac64   0x00000014   Code   RO         5503    i.uart_initComApp   uart_masterslave.o
    0x0800ac78   0x00000184   Code   RO         5504    i.uart_runComApp    uart_masterslave.o
    0x0800adfc   0x00000040   Code   RO         5505    i.uart_sysTickCallApp  uart_masterslave.o
    0x0800ae3c   0x00000008   Data   RO         2486    .constdata          stm32f7xx_hal_dma.o
    0x0800ae44   0x00000010   Data   RO         4667    .constdata          system_stm32f7xx.o
    0x0800ae54   0x00000008   Data   RO         4668    .constdata          system_stm32f7xx.o
    0x0800ae5c   0x00000010   Data   RO         4730    .constdata          fc50.o
    0x0800ae6c   0x00000010   Data   RO         4760    .constdata          fc50n.o
    0x0800ae7c   0x00000014   Data   RO         4786    .constdata          fc51.o
    0x0800ae90   0x00000014   Data   RO         4812    .constdata          fc51n.o
    0x0800aea4   0x0000000c   Data   RO         4838    .constdata          fc27.o
    0x0800aeb0   0x0000000c   Data   RO         4873    .constdata          fc59.o
    0x0800aebc   0x00000024   Data   RO         4896    .constdata          fc46.o
    0x0800aee0   0x00000018   Data   RO         4919    .constdata          fc49.o
    0x0800aef8   0x00000018   Data   RO         4947    .constdata          fcbf.o
    0x0800af10   0x0000000c   Data   RO         4985    .constdata          fc37.o
    0x0800af1c   0x00000014   Data   RO         5018    .constdata          fcunb.o
    0x0800af30   0x00000020   Data   RO         5051    .constdata          fcpvp.o
    0x0800af50   0x00000140   Data   RO         5677    .constdata          m_wv.l(powf.o)
    0x0800b090   0x00000098   Data   RO         5730    .constdata          m_wv.l(atan.o)
    0x0800b128   0x00000030   Data   RO         5742    .constdata          m_wv.l(cos_i.o)
    0x0800b158   0x00000008   Data   RO         5780    .constdata          m_wv.l(qnan.o)
    0x0800b160   0x000000c8   Data   RO         5783    .constdata          m_wv.l(rred.o)
    0x0800b228   0x00000028   Data   RO         5787    .constdata          m_wv.l(sin_i.o)
    0x0800b250   0x00000020   Data   RO         5822    Region$$Table       anon$$obj.o


    Execution Region RW_IRAM1 (Base: 0x20000000, Size: 0x00005f78, Max: 0x0001ffff, ABSOLUTE, COMPRESSED[0x00000164])

    Base Addr    Size         Type   Attr      Idx    E Section Name        Object

    0x20000000   0x00000001   Data   RW          501    .data               main.o
    0x20000001   0x00000003   PAD
    0x20000004   0x00000004   Data   RW         2313    .data               stm32f7xx_hal.o
    0x20000008   0x00000004   Data   RW         4669    .data               system_stm32f7xx.o
    0x2000000c   0x0000006c   Data   RW         4702    .data               init_protection.o
    0x20000078   0x00000018   Data   RW         4839    .data               fc27.o
    0x20000090   0x00000001   Data   RW         4897    .data               fc46.o
    0x20000091   0x00000003   PAD
    0x20000094   0x00000038   Data   RW         4920    .data               fc49.o
    0x200000cc   0x0000003c   Data   RW         4986    .data               fc37.o
    0x20000108   0x00000018   Data   RW         5019    .data               fcunb.o
    0x20000120   0x00000028   Data   RW         5052    .data               fcpvp.o
    0x20000148   0x00000002   Data   RW         5086    .data               pickup_handles.o
    0x2000014a   0x00000002   PAD
    0x2000014c   0x000001a8   Data   RW         5141    .data               cs_handles.o
    0x200002f4   0x00000001   Data   RW         5175    .data               truerms.o
    0x200002f5   0x00000003   PAD
    0x200002f8   0x00000014   Data   RW         5217    .data               conversion.o
    0x2000030c   0x00000004   Data   RW         5218    .data               conversion.o
    0x20000310   0x00000008   Data   RW         5292    .data               boardio.o
    0x20000318   0x00000004   Data   RW         5331    .data               dataparsermerger.o
    0x2000031c   0x0000000c   Data   RW         5600    .data               configparams.o
    0x20000328   0x00000004   Data   RW         5809    .data               mc_w.l(errno.o)
    0x2000032c   0x00000080   Zero   RW            8    .bss                tim.o
    0x200003ac   0x00000020   Zero   RW          175    .bss                rtc.o
    0x200003cc   0x0000004c   Zero   RW          217    .bss                quadspi.o
    0x20000418   0x000001f8   Zero   RW          447    .bss                adc.o
    0x20000610   0x0000003c   Zero   RW          500    .bss                main.o
    0x2000064c   0x00000070   Zero   RW          596    .bss                usart.o
    0x200006bc   0x00000064   Zero   RW          638    .bss                spi.o
    0x20000720   0x00000074   Zero   RW         4701    .bss                init_protection.o
    0x20000794   0x00000138   Zero   RW         4729    .bss                fc50.o
    0x200008cc   0x00000054   Zero   RW         4759    .bss                fc50n.o
    0x20000920   0x00000070   Zero   RW         4785    .bss                fc51.o
    0x20000990   0x00000020   Zero   RW         4811    .bss                fc51n.o
    0x200009b0   0x00000018   Zero   RW         4837    .bss                fc27.o
    0x200009c8   0x00000060   Zero   RW         4872    .bss                fc59.o
    0x20000a28   0x00000044   Zero   RW         4894    .bss                fc46.o
    0x20000a6c   0x00000028   Zero   RW         4918    .bss                fc49.o
    0x20000a94   0x00000024   Zero   RW         4946    .bss                fcbf.o
    0x20000ab8   0x00000018   Zero   RW         4984    .bss                fc37.o
    0x20000ad0   0x0000010c   Zero   RW         5017    .bss                fcunb.o
    0x20000bdc   0x00000524   Zero   RW         5050    .bss                fcpvp.o
    0x20001100   0x00000128   Zero   RW         5085    .bss                pickup_handles.o
    0x20001228   0x00001430   Zero   RW         5137    .bss                cs_handles.o
    0x20002658   0x00000c30   Zero   RW         5174    .bss                truerms.o
    0x20003288   0x00000450   Zero   RW         5194    .bss                spectra.o
    0x200036d8   0x0000000c   Zero   RW         5195    .bss                spectra.o
    0x200036e4   0x00000120   Zero   RW         5216    .bss                conversion.o
    0x20003804   0x00000024   Zero   RW         5276    .bss                powersysdata.o
    0x20003828   0x00001790   Zero   RW         5452    .bss                spi_masterslave.o
    0x20004fb8   0x00000bc0   Zero   RW         5506    .bss                uart_masterslave.o
    0x20005b78   0x00000400   Zero   RW          880    STACK               startup_stm32f767xx.o

