Component: ARM Compiler 5.06 update 3 (build 300) Tool: armlink [4d35c9]

==============================================================================

Section Cross References

    tim.o(i.HAL_TIM_Base_MspDeInit) refers to stm32f7xx_hal_cortex.o(i.HAL_NVIC_DisableIRQ) for HAL_NVIC_DisableIRQ
    tim.o(i.HAL_TIM_Base_MspInit) refers to stm32f7xx_hal_cortex.o(i.HAL_NVIC_SetPriority) for HAL_NVIC_SetPriority
    tim.o(i.HAL_TIM_Base_MspInit) refers to stm32f7xx_hal_cortex.o(i.HAL_NVIC_EnableIRQ) for HAL_NVIC_EnableIRQ
    tim.o(i.MX_TIM1_Init) refers to stm32f7xx_hal_tim.o(i.HAL_TIM_Base_Init) for HAL_TIM_Base_Init
    tim.o(i.MX_TIM1_Init) refers to main.o(i._Error_Handler) for _Error_Handler
    tim.o(i.MX_TIM1_Init) refers to stm32f7xx_hal_tim.o(i.HAL_TIM_ConfigClockSource) for HAL_TIM_ConfigClockSource
    tim.o(i.MX_TIM1_Init) refers to stm32f7xx_hal_tim_ex.o(i.HAL_TIMEx_MasterConfigSynchronization) for HAL_TIMEx_MasterConfigSynchronization
    tim.o(i.MX_TIM1_Init) refers to tim.o(.bss) for .bss
    tim.o(i.MX_TIM6_Init) refers to stm32f7xx_hal_tim.o(i.HAL_TIM_Base_Init) for HAL_TIM_Base_Init
    tim.o(i.MX_TIM6_Init) refers to main.o(i._Error_Handler) for _Error_Handler
    tim.o(i.MX_TIM6_Init) refers to stm32f7xx_hal_tim_ex.o(i.HAL_TIMEx_MasterConfigSynchronization) for HAL_TIMEx_MasterConfigSynchronization
    tim.o(i.MX_TIM6_Init) refers to tim.o(.bss) for .bss
    rtc.o(i.MX_RTC_Init) refers to stm32f7xx_hal_rtc.o(i.HAL_RTC_Init) for HAL_RTC_Init
    rtc.o(i.MX_RTC_Init) refers to main.o(i._Error_Handler) for _Error_Handler
    rtc.o(i.MX_RTC_Init) refers to rtc.o(.bss) for .bss
    quadspi.o(i.HAL_QSPI_MspDeInit) refers to stm32f7xx_hal_gpio.o(i.HAL_GPIO_DeInit) for HAL_GPIO_DeInit
    quadspi.o(i.HAL_QSPI_MspInit) refers to stm32f7xx_hal_gpio.o(i.HAL_GPIO_Init) for HAL_GPIO_Init
    quadspi.o(i.MX_QUADSPI_Init) refers to stm32f7xx_hal_qspi.o(i.HAL_QSPI_Init) for HAL_QSPI_Init
    quadspi.o(i.MX_QUADSPI_Init) refers to main.o(i._Error_Handler) for _Error_Handler
    quadspi.o(i.MX_QUADSPI_Init) refers to quadspi.o(.bss) for .bss
    dma.o(i.MX_DMA_Init) refers to stm32f7xx_hal_cortex.o(i.HAL_NVIC_SetPriority) for HAL_NVIC_SetPriority
    dma.o(i.MX_DMA_Init) refers to stm32f7xx_hal_cortex.o(i.HAL_NVIC_EnableIRQ) for HAL_NVIC_EnableIRQ
    spi.o(i.HAL_SPI_MspDeInit) refers to stm32f7xx_hal_gpio.o(i.HAL_GPIO_DeInit) for HAL_GPIO_DeInit
    spi.o(i.HAL_SPI_MspInit) refers to stm32f7xx_hal_gpio.o(i.HAL_GPIO_Init) for HAL_GPIO_Init
    spi.o(i.MX_SPI2_Init) refers to stm32f7xx_hal_spi.o(i.HAL_SPI_Init) for HAL_SPI_Init
    spi.o(i.MX_SPI2_Init) refers to main.o(i._Error_Handler) for _Error_Handler
    spi.o(i.MX_SPI2_Init) refers to spi.o(.bss) for .bss
    stm32f7xx_hal_msp.o(i.HAL_MspInit) refers to stm32f7xx_hal_cortex.o(i.HAL_NVIC_SetPriorityGrouping) for HAL_NVIC_SetPriorityGrouping
    stm32f7xx_hal_msp.o(i.HAL_MspInit) refers to stm32f7xx_hal_cortex.o(i.HAL_NVIC_SetPriority) for HAL_NVIC_SetPriority
    usart.o(i.HAL_UART_MspDeInit) refers to stm32f7xx_hal_gpio.o(i.HAL_GPIO_DeInit) for HAL_GPIO_DeInit
    usart.o(i.HAL_UART_MspInit) refers to stm32f7xx_hal_gpio.o(i.HAL_GPIO_Init) for HAL_GPIO_Init
    usart.o(i.MX_USART2_UART_Init) refers to stm32f7xx_hal_uart.o(i.HAL_UART_Init) for HAL_UART_Init
    usart.o(i.MX_USART2_UART_Init) refers to main.o(i._Error_Handler) for _Error_Handler
    usart.o(i.MX_USART2_UART_Init) refers to usart.o(.bss) for .bss
    stm32f7xx_it.o(i.DMA2_Stream0_IRQHandler) refers to stm32f7xx_hal_dma.o(i.HAL_DMA_IRQHandler) for HAL_DMA_IRQHandler
    stm32f7xx_it.o(i.DMA2_Stream0_IRQHandler) refers to adc.o(.bss) for hdma_adc1
    stm32f7xx_it.o(i.DMA2_Stream1_IRQHandler) refers to stm32f7xx_hal_dma.o(i.HAL_DMA_IRQHandler) for HAL_DMA_IRQHandler
    stm32f7xx_it.o(i.DMA2_Stream1_IRQHandler) refers to adc.o(.bss) for hdma_adc3
    stm32f7xx_it.o(i.DMA2_Stream2_IRQHandler) refers to stm32f7xx_hal_dma.o(i.HAL_DMA_IRQHandler) for HAL_DMA_IRQHandler
    stm32f7xx_it.o(i.DMA2_Stream2_IRQHandler) refers to adc.o(.bss) for hdma_adc2
    stm32f7xx_it.o(i.SysTick_Handler) refers to stm32f7xx_hal.o(i.HAL_IncTick) for HAL_IncTick
    stm32f7xx_it.o(i.SysTick_Handler) refers to stm32f7xx_hal_cortex.o(i.HAL_SYSTICK_IRQHandler) for HAL_SYSTICK_IRQHandler
    stm32f7xx_it.o(i.TIM1_UP_TIM10_IRQHandler) refers to stm32f7xx_hal_tim.o(i.HAL_TIM_IRQHandler) for HAL_TIM_IRQHandler
    stm32f7xx_it.o(i.TIM1_UP_TIM10_IRQHandler) refers to tim.o(.bss) for htim1
    adc.o(i.HAL_ADC_MspDeInit) refers to stm32f7xx_hal_gpio.o(i.HAL_GPIO_DeInit) for HAL_GPIO_DeInit
    adc.o(i.HAL_ADC_MspDeInit) refers to stm32f7xx_hal_dma.o(i.HAL_DMA_DeInit) for HAL_DMA_DeInit
    adc.o(i.HAL_ADC_MspInit) refers to stm32f7xx_hal_gpio.o(i.HAL_GPIO_Init) for HAL_GPIO_Init
    adc.o(i.HAL_ADC_MspInit) refers to stm32f7xx_hal_dma.o(i.HAL_DMA_Init) for HAL_DMA_Init
    adc.o(i.HAL_ADC_MspInit) refers to main.o(i._Error_Handler) for _Error_Handler
    adc.o(i.HAL_ADC_MspInit) refers to adc.o(.bss) for .bss
[...]
    .constdata                               0x08007190   Section       20  fc51n.o(.constdata)
    .constdata                               0x080071a4   Section       16  fc27.o(.constdata)
    .constdata                               0x080071b4   Section       12  fc59.o(.constdata)
    .constdata                               0x080071c0   Section       36  fc46.o(.constdata)
    .constdata                               0x080071e4   Section       36  fc49.o(.constdata)
    .constdata                               0x08007208   Section       24  fcbf.o(.constdata)
    .constdata                               0x08007220   Section       20  fcunb.o(.constdata)
    .constdata                               0x08007234   Section       32  fcpvp.o(.constdata)
    .constdata                               0x08007254   Section      320  powf.o(.constdata)
    table                                    0x08007254   Data         128  powf.o(.constdata)
    powersof2to1over16top                    0x080072d4   Data          64  powf.o(.constdata)
    powersof2to1over16bot                    0x08007314   Data          64  powf.o(.constdata)
    powersof2to1over16all                    0x08007354   Data          64  powf.o(.constdata)
    .constdata                               0x08007398   Section       48  cos_i.o(.constdata)
    C                                        0x08007398   Data          48  cos_i.o(.constdata)
    .constdata                               0x080073c8   Section      200  rred.o(.constdata)
    pio2s                                    0x080073c8   Data          48  rred.o(.constdata)
    twooverpi                                0x080073f8   Data         152  rred.o(.constdata)
    .constdata                               0x08007490   Section       40  sin_i.o(.constdata)
    S                                        0x08007490   Data          40  sin_i.o(.constdata)
    .data                                    0x20000000   Section        4  stm32f7xx_hal.o(.data)
    .data                                    0x20000004   Section        4  system_stm32f7xx.o(.data)
    .data                                    0x20000008   Section      132  init_protection.o(.data)
    .data                                    0x2000008c   Section        4  init_protection.o(.data)
    .data                                    0x20000090   Section        4  init_protection.o(.data)
    .data                                    0x20000094   Section        4  init_protection.o(.data)
    .data                                    0x20000098   Section        1  init_protection.o(.data)
    .data                                    0x2000009c   Section       24  fc27.o(.data)
    cs_qual                                  0x2000009c   Data           1  fc27.o(.data)
    cs_counter                               0x200000a0   Data           4  fc27.o(.data)
    .data                                    0x200000b4   Section       48  fc59.o(.data)
    .data                                    0x200000e4   Section       40  fc49.o(.data)
    therm_a_obj1                             0x200000f4   Data           4  fc49.o(.data)
    therm_b_obj1                             0x200000f8   Data           4  fc49.o(.data)
    therm_c_obj1                             0x200000fc   Data           4  fc49.o(.data)
    therm_a_obj2                             0x20000100   Data           4  fc49.o(.data)
    therm_b_obj2                             0x20000104   Data           4  fc49.o(.data)
    therm_c_obj2                             0x20000108   Data           4  fc49.o(.data)
    .data                                    0x2000010c   Section        4  fc49.o(.data)
    .data                                    0x20000110   Section        4  fc49.o(.data)
    .data                                    0x20000114   Section        4  fc49.o(.data)
    .data                                    0x20000118   Section        4  fc49.o(.data)
    .data                                    0x2000011c   Section        4  fc49.o(.data)
    .data                                    0x20000120   Section        4  fc49.o(.data)
    .data                                    0x20000124   Section        4  fc49.o(.data)
    .data                                    0x20000128   Section        4  fc49.o(.data)
    .data                                    0x2000012c   Section       48  fc37.o(.data)
    .data                                    0x2000015c   Section       16  fcunb.o(.data)
    counter                                  0x2000015c   Data           1  fcunb.o(.data)
    .data                                    0x2000016c   Section       28  fcpvp.o(.data)
    counter                                  0x2000016c   Data           4  fcpvp.o(.data)
    .data                                    0x20000188   Section        1  pickup_handles.o(.data)
    pick_up_counter                          0x20000188   Data           1  pickup_handles.o(.data)
    .data                                    0x2000018c   Section      448  cs_handles.o(.data)
    .data                                    0x2000034c   Section      412  spectra.o(.data)
    count                                    0x2000034c   Data           4  spectra.o(.data)
    count                                    0x20000350   Data           4  spectra.o(.data)
    count                                    0x20000354   Data           4  spectra.o(.data)
    .data                                    0x200004e8   Section        1  conversion.o(.data)
    .data                                    0x200004ec   Section       44  tickfunctions.o(.data)
    .data                                    0x20000518   Section        4  errno.o(.data)
    _errno                                   0x20000518   Data           4  errno.o(.data)
    .bss                                     0x2000051c   Section      128  tim.o(.bss)
    .bss                                     0x2000059c   Section       32  rtc.o(.bss)
    .bss                                     0x200005bc   Section       76  quadspi.o(.bss)
    .bss                                     0x20000608   Section      100  spi.o(.bss)
    .bss                                     0x2000066c   Section      112  usart.o(.bss)
    .bss                                     0x200006dc   Section      504  adc.o(.bss)
    .bss                                     0x200008d4   Section       60  main.o(.bss)
    .bss                                     0x20000910   Section      312  fc50.o(.bss)
    .bss                                     0x20000a48   Section       84  fc50n.o(.bss)
    .bss                                     0x20000a9c   Section       76  fc51.o(.bss)
    .bss                                     0x20000ae8   Section       12  fc51.o(.bss)
    .bss                                     0x20000af4   Section       12  fc51.o(.bss)
    .bss                                     0x20000b00   Section       12  fc51.o(.bss)
    .bss                                     0x20000b0c   Section       32  fc51n.o(.bss)
    .bss                                     0x20000b2c   Section       32  fc27.o(.bss)
    .bss                                     0x20000b4c   Section       24  fc59.o(.bss)
    .bss                                     0x20000b64   Section       60  fc46.o(.bss)
    .bss                                     0x20000ba0   Section      104  fc49.o(.bss)
    .bss                                     0x20000c08   Section       36  fcbf.o(.bss)
    .bss                                     0x20000c2c   Section       32  fc37.o(.bss)
    .bss                                     0x20000c4c   Section      268  fcunb.o(.bss)
    UNBa_buffer                              0x20000c84   Data         100  fcunb.o(.bss)
    UNBb_buffer                              0x20000ce8   Data         100  fcunb.o(.bss)
    .bss                                     0x20000d58   Section      716  fcpvp.o(.bss)
    peakBuffer                               0x20000dac   Data         600  fcpvp.o(.bss)
    .bss                                     0x20001024   Section      280  pickup_handles.o(.bss)
    pick_buffer                              0x20001030   Data         268  pickup_handles.o(.bss)
    .bss                                     0x2000113c   Section     5112  cs_handles.o(.bss)
    .bss                                     0x20002534   Section     2520  truerms.o(.bss)
    .bss                                     0x20002f0c   Section     1080  spectra.o(.bss)
    .bss                                     0x20003344   Section      732  conversion.o(.bss)
    adc_values                               0x20003434   Data          60  conversion.o(.bss)
    dbuffer                                  0x20003470   Data         432  conversion.o(.bss)
    .bss                                     0x20003620   Section       16  powersysdata.o(.bss)
    STACK                                    0x20003630   Section     1024  startup_stm32f767xx.o(STACK)

    Global Symbols

    Symbol Name                              Value     Ov Type        Size  Object(Section)

    BuildAttributes$$THM_ISAv4$E$P$D$K$B$S$7EM$VFPv5_D16$PE$PLD8$A:L22UL41UL21$X:L11$S22US41US21$IEEE1$IW$USESV6$~STKCKD$USESV7$~SHL$OTIME$ROPI$IEEEX$EBA8$MICROLIB$REQ8$PRES8$EABIv2 0x00000000   Number         0  anon$$obj.o ABSOLUTE
    __ARM_use_no_argv                        0x00000000   Number         0  main.o ABSOLUTE
    __cpp_initialize__aeabi_                  - Undefined Weak Reference
    __cxa_finalize                            - Undefined Weak Reference
    _clock_init                               - Undefined Weak Reference
    _microlib_exit                            - Undefined Weak Reference
    __Vectors_Size                           0x000001f8   Number         0  startup_stm32f767xx.o ABSOLUTE
    __Vectors                                0x08000000   Data           4  startup_stm32f767xx.o(RESET)
    __Vectors_End                            0x080001f8   Data           0  startup_stm32f767xx.o(RESET)
    __main                                   0x080001f9   Thumb Code     0  entry.o(.ARM.Collect$$$$00000000)
    _main_stk                                0x080001f9   Thumb Code     0  entry2.o(.ARM.Collect$$$$00000001)
    _main_scatterload                        0x080001fd   Thumb Code     0  entry5.o(.ARM.Collect$$$$00000004)
    __main_after_scatterload                 0x08000201   Thumb Code     0  entry5.o(.ARM.Collect$$$$00000004)
    _main_clock                              0x08000201   Thumb Code     0  entry7b.o(.ARM.Collect$$$$00000008)
    _main_cpp_init                           0x08000201   Thumb Code     0  entry8b.o(.ARM.Collect$$$$0000000A)
    _main_init                               0x08000201   Thumb Code     0  entry9a.o(.ARM.Collect$$$$0000000B)
    __rt_final_cpp                           0x08000209   Thumb Code     0  entry10a.o(.ARM.Collect$$$$0000000D)
    __rt_final_exit                          0x08000209   Thumb Code     0  entry11a.o(.ARM.Collect$$$$0000000F)
    Reset_Handler                            0x0800020d   Thumb Code     8  startup_stm32f767xx.o(.text)
    ADC_IRQHandler                           0x08000227   Thumb Code     0  startup_stm32f767xx.o(.text)
    CAN1_RX0_IRQHandler                      0x08000227   Thumb Code     0  startup_stm32f767xx.o(.text)
    CAN1_RX1_IRQHandler                      0x08000227   Thumb Code     0  startup_stm32f767xx.o(.text)
    CAN1_SCE_IRQHandler                      0x08000227   Thumb Code     0  startup_stm32f767xx.o(.text)
    CAN1_TX_IRQHandler                       0x08000227   Thumb Code     0  startup_stm32f767xx.o(.text)
    CAN2_RX0_IRQHandler                      0x08000227   Thumb Code     0  startup_stm32f767xx.o(.text)
    CAN2_RX1_IRQHandler                      0x08000227   Thumb Code     0  startup_stm32f767xx.o(.text)
    CAN2_SCE_IRQHandler                      0x08000227   Thumb Code     0  startup_stm32f767xx.o(.text)
    CAN2_TX_IRQHandler                       0x08000227   Thumb Code     0  startup_stm32f767xx.o(.text)
    CAN3_RX0_IRQHandler                      0x08000227   Thumb Code     0  startup_stm32f767xx.o(.text)
    CAN3_RX1_IRQHandler                      0x08000227   Thumb Code     0  startup_stm32f767xx.o(.text)
    CAN3_SCE_IRQHandler                      0x08000227   Thumb Code     0  startup_stm32f767xx.o(.text)
    CAN3_TX_IRQHandler                       0x08000227   Thumb Code     0  startup_stm32f767xx.o(.text)
    CEC_IRQHandler                           0x08000227   Thumb Code     0  startup_stm32f767xx.o(.text)
    DCMI_IRQHandler                          0x08000227   Thumb Code     0  startup_stm32f767xx.o(.text)
    DFSDM1_FLT0_IRQHandler                   0x08000227   Thumb Code     0  startup_stm32f767xx.o(.text)
    DFSDM1_FLT1_IRQHandler                   0x08000227   Thumb Code     0  startup_stm32f767xx.o(.text)
    DFSDM1_FLT2_IRQHandler                   0x08000227   Thumb Code     0  startup_stm32f767xx.o(.text)
    DFSDM1_FLT3_IRQHandler                   0x08000227   Thumb Code     0  startup_stm32f767xx.o(.text)
    DMA1_Stream0_IRQHandler                  0x08000227   Thumb Code     0  startup_stm32f767xx.o(.text)
    DMA1_Stream1_IRQHandler                  0x08000227   Thumb Code     0  startup_stm32f767xx.o(.text)
    DMA1_Stream2_IRQHandler                  0x08000227   Thumb Code     0  startup_stm32f767xx.o(.text)
    DMA1_Stream3_IRQHandler                  0x08000227   Thumb Code     0  startup_stm32f767xx.o(.text)
    DMA1_Stream4_IRQHandler                  0x08000227   Thumb Code     0  startup_stm32f767xx.o(.text)
    DMA1_Stream5_IRQHandler                  0x08000227   Thumb Code     0  startup_stm32f767xx.o(.text)
    DMA1_Stream6_IRQHandler                  0x08000227   Thumb Code     0  startup_stm32f767xx.o(.text)
    DMA1_Stream7_IRQHandler                  0x08000227   Thumb Code     0  startup_stm32f767xx.o(.text)
    DMA2D_IRQHandler                         0x08000227   Thumb Code     0  startup_stm32f767xx.o(.text)
    DMA2_Stream3_IRQHandler                  0x08000227   Thumb Code     0  startup_stm32f767xx.o(.text)
    DMA2_Stream4_IRQHandler                  0x08000227   Thumb Code     0  startup_stm32f767xx.o(.text)
    DMA2_Stream5_IRQHandler                  0x08000227   Thumb Code     0  startup_stm32f767xx.o(.text)
    DMA2_Stream6_IRQHandler                  0x08000227   Thumb Code     0  startup_stm32f767xx.o(.text)
    DMA2_Stream7_IRQHandler                  0x08000227   Thumb Code     0  startup_stm32f767xx.o(.text)
    ETH_IRQHandler                           0x08000227   Thumb Code     0  startup_stm32f767xx.o(.text)
    ETH_WKUP_IRQHandler                      0x08000227   Thumb Code     0  startup_stm32f767xx.o(.text)
    EXTI0_IRQHandler                         0x08000227   Thumb Code     0  startup_stm32f767xx.o(.text)
    EXTI15_10_IRQHandler                     0x08000227   Thumb Code     0  startup_stm32f767xx.o(.text)
    EXTI1_IRQHandler                         0x08000227   Thumb Code     0  startup_stm32f767xx.o(.text)
    EXTI2_IRQHandler                         0x08000227   Thumb Code     0  startup_stm32f767xx.o(.text)
    EXTI3_IRQHandler                         0x08000227   Thumb Code     0  startup_stm32f767xx.o(.text)
    EXTI4_IRQHandler                         0x08000227   Thumb Code     0  startup_stm32f767xx.o(.text)
    EXTI9_5_IRQHandler                       0x08000227   Thumb Code     0  startup_stm32f767xx.o(.text)
    FLASH_IRQHandler                         0x08000227   Thumb Code     0  startup_stm32f767xx.o(.text)
    FMC_IRQHandler                           0x08000227   Thumb Code     0  startup_stm32f767xx.o(.text)
    FPU_IRQHandler                           0x08000227   Thumb Code     0  startup_stm32f767xx.o(.text)
    I2C1_ER_IRQHandler                       0x08000227   Thumb Code     0  startup_stm32f767xx.o(.text)
    I2C1_EV_IRQHandler                       0x08000227   Thumb Code     0  startup_stm32f767xx.o(.text)
    I2C2_ER_IRQHandler                       0x08000227   Thumb Code     0  startup_stm32f767xx.o(.text)
    I2C2_EV_IRQHandler                       0x08000227   Thumb Code     0  startup_stm32f767xx.o(.text)
    I2C3_ER_IRQHandler                       0x08000227   Thumb Code     0  startup_stm32f767xx.o(.text)
    I2C3_EV_IRQHandler                       0x08000227   Thumb Code     0  startup_stm32f767xx.o(.text)
    I2C4_ER_IRQHandler                       0x08000227   Thumb Code     0  startup_stm32f767xx.o(.text)
    I2C4_EV_IRQHandler                       0x08000227   Thumb Code     0  startup_stm32f767xx.o(.text)
    JPEG_IRQHandler                          0x08000227   Thumb Code     0  startup_stm32f767xx.o(.text)
    LPTIM1_IRQHandler                        0x08000227   Thumb Code     0  startup_stm32f767xx.o(.text)
    LTDC_ER_IRQHandler                       0x08000227   Thumb Code     0  startup_stm32f767xx.o(.text)
    LTDC_IRQHandler                          0x08000227   Thumb Code     0  startup_stm32f767xx.o(.text)
    MDIOS_IRQHandler                         0x08000227   Thumb Code     0  startup_stm32f767xx.o(.text)
    OTG_FS_IRQHandler                        0x08000227   Thumb Code     0  startup_stm32f767xx.o(.text)
    OTG_FS_WKUP_IRQHandler                   0x08000227   Thumb Code     0  startup_stm32f767xx.o(.text)
    OTG_HS_EP1_IN_IRQHandler                 0x08000227   Thumb Code     0  startup_stm32f767xx.o(.text)
    OTG_HS_EP1_OUT_IRQHandler                0x08000227   Thumb Code     0  startup_stm32f767xx.o(.text)
    OTG_HS_IRQHandler                        0x08000227   Thumb Code     0  startup_stm32f767xx.o(.text)
    OTG_HS_WKUP_IRQHandler                   0x08000227   Thumb Code     0  startup_stm32f767xx.o(.text)
    PVD_IRQHandler                           0x08000227   Thumb Code     0  startup_stm32f767xx.o(.text)
    QUADSPI_IRQHandler                       0x08000227   Thumb Code     0  startup_stm32f767xx.o(.text)
    RCC_IRQHandler                           0x08000227   Thumb Code     0  startup_stm32f767xx.o(.text)
    RNG_IRQHandler                           0x08000227   Thumb Code     0  startup_stm32f767xx.o(.text)
    RTC_Alarm_IRQHandler                     0x08000227   Thumb Code     0  startup_stm32f767xx.o(.text)
    RTC_WKUP_IRQHandler                      0x08000227   Thumb Code     0  startup_stm32f767xx.o(.text)
    SAI1_IRQHandler                          0x08000227   Thumb Code     0  startup_stm32f767xx.o(.text)
    SAI2_IRQHandler                          0x08000227   Thumb Code     0  startup_stm32f767xx.o(.text)
    SDMMC1_IRQHandler                        0x08000227   Thumb Code     0  startup_stm32f767xx.o(.text)
    SDMMC2_IRQHandler                        0x08000227   Thumb Code     0  startup_stm32f767xx.o(.text)
    SPDIF_RX_IRQHandler                      0x08000227   Thumb Code     0  startup_stm32f767xx.o(.text)
    SPI1_IRQHandler                          0x08000227   Thumb Code     0  startup_stm32f767xx.o(.text)
    SPI2_IRQHandler                          0x08000227   Thumb Code     0  startup_stm32f767xx.o(.text)
    SPI3_IRQHandler                          0x08000227   Thumb Code     0  startup_stm32f767xx.o(.text)
    SPI4_IRQHandler                          0x08000227   Thumb Code     0  startup_stm32f767xx.o(.text)
    SPI5_IRQHandler                          0x08000227   Thumb Code     0  startup_stm32f767xx.o(.text)
    SPI6_IRQHandler                          0x08000227   Thumb Code     0  startup_stm32f767xx.o(.text)
    TAMP_STAMP_IRQHandler                    0x08000227   Thumb Code     0  startup_stm32f767xx.o(.text)
    TIM1_BRK_TIM9_IRQHandler                 0x08000227   Thumb Code     0  startup_stm32f767xx.o(.text)
    TIM1_CC_IRQHandler                       0x08000227   Thumb Code     0  startup_stm32f767xx.o(.text)
    TIM1_TRG_COM_TIM11_IRQHandler            0x08000227   Thumb Code     0  startup_stm32f767xx.o(.text)
    TIM2_IRQHandler                          0x08000227   Thumb Code     0  startup_stm32f767xx.o(.text)
    TIM3_IRQHandler                          0x08000227   Thumb Code     0  startup_stm32f767xx.o(.text)
    TIM4_IRQHandler                          0x08000227   Thumb Code     0  startup_stm32f767xx.o(.text)
    TIM5_IRQHandler                          0x08000227   Thumb Code     0  startup_stm32f767xx.o(.text)
    TIM6_DAC_IRQHandler                      0x08000227   Thumb Code     0  startup_stm32f767xx.o(.text)
    TIM7_IRQHandler                          0x08000227   Thumb Code     0  startup_stm32f767xx.o(.text)
    TIM8_BRK_TIM12_IRQHandler                0x08000227   Thumb Code     0  startup_stm32f767xx.o(.text)
    TIM8_CC_IRQHandler                       0x08000227   Thumb Code     0  startup_stm32f767xx.o(.text)
    TIM8_TRG_COM_TIM14_IRQHandler            0x08000227   Thumb Code     0  startup_stm32f767xx.o(.text)
    TIM8_UP_TIM13_IRQHandler                 0x08000227   Thumb Code     0  startup_stm32f767xx.o(.text)
    UART4_IRQHandler                         0x08000227   Thumb Code     0  startup_stm32f767xx.o(.text)
    UART5_IRQHandler                         0x08000227   Thumb Code     0  startup_stm32f767xx.o(.text)
    UART7_IRQHandler                         0x08000227   Thumb Code     0  startup_stm32f767xx.o(.text)
    UART8_IRQHandler                         0x08000227   Thumb Code     0  startup_stm32f767xx.o(.text)
    USART1_IRQHandler                        0x08000227   Thumb Code     0  startup_stm32f767xx.o(.text)
    USART2_IRQHandler                        0x08000227   Thumb Code     0  startup_stm32f767xx.o(.text)
    USART3_IRQHandler                        0x08000227   Thumb Code     0  startup_stm32f767xx.o(.text)
    USART6_IRQHandler                        0x08000227   Thumb Code     0  startup_stm32f767xx.o(.text)
    WWDG_IRQHandler                          0x08000227   Thumb Code     0  startup_stm32f767xx.o(.text)
    __aeabi_memcpy                           0x08000231   Thumb Code    36  memcpya.o(.text)
    __aeabi_memcpy4                          0x08000231   Thumb Code     0  memcpya.o(.text)
    __aeabi_memcpy8                          0x08000231   Thumb Code     0  memcpya.o(.text)
    __I$use$fp                               0x08000255   Thumb Code     0  iusefp.o(.text)
    __fp_status                              0x08000255   Thumb Code     4  fpstat.o(.text)
    __ieee_status                            0x08000255   Thumb Code     0  fpstat.o(.text)
    __scatterload                            0x08000259   Thumb Code    28  init.o(.text)
    __scatterload_rt2                        0x08000259   Thumb Code     0  init.o(.text)
    __decompress                             0x0800027d   Thumb Code     0  __dclz77c.o(.text)
    __decompress2                            0x0800027d   Thumb Code    94  __dclz77c.o(.text)
    BusFault_Handler                         0x08000483   Thumb Code     2  stm32f7xx_it.o(i.BusFault_Handler)
    DMA2_Stream0_IRQHandler                  0x08000485   Thumb Code     6  stm32f7xx_it.o(i.DMA2_Stream0_IRQHandler)
    DMA2_Stream1_IRQHandler                  0x08000491   Thumb Code     6  stm32f7xx_it.o(i.DMA2_Stream1_IRQHandler)
    DMA2_Stream2_IRQHandler                  0x0800049d   Thumb Code     6  stm32f7xx_it.o(i.DMA2_Stream2_IRQHandler)
    DebugMon_Handler                         0x0800054d   Thumb Code     2  stm32f7xx_it.o(i.DebugMon_Handler)
    HAL_ADCEx_MultiModeConfigChannel         0x08000551   Thumb Code   102  stm32f7xx_hal_adc_ex.o(i.HAL_ADCEx_MultiModeConfigChannel)
    HAL_ADCEx_MultiModeStart_DMA             0x080005bd   Thumb Code   226  stm32f7xx_hal_adc_ex.o(i.HAL_ADCEx_MultiModeStart_DMA)
    HAL_ADC_ConfigChannel                    0x080006bd   Thumb Code   338  stm32f7xx_hal_adc.o(i.HAL_ADC_ConfigChannel)
    HAL_ADC_ConvCpltCallback                 0x08000821   Thumb Code   460  conversion.o(i.HAL_ADC_ConvCpltCallback)
    HAL_ADC_ConvHalfCpltCallback             0x080009f9   Thumb Code     2  stm32f7xx_hal_adc.o(i.HAL_ADC_ConvHalfCpltCallback)
    HAL_ADC_ErrorCallback                    0x080009fb   Thumb Code     2  stm32f7xx_hal_adc.o(i.HAL_ADC_ErrorCallback)
    HAL_ADC_Init                             0x080009fd   Thumb Code    84  stm32f7xx_hal_adc.o(i.HAL_ADC_Init)
    HAL_ADC_MspInit                          0x08000a51   Thumb Code   310  adc.o(i.HAL_ADC_MspInit)
    HAL_ADC_Start                            0x08000bbd   Thumb Code   170  stm32f7xx_hal_adc.o(i.HAL_ADC_Start)
    HAL_DMA_IRQHandler                       0x08000c75   Thumb Code   414  stm32f7xx_hal_dma.o(i.HAL_DMA_IRQHandler)
    HAL_DMA_Init                             0x08000e1d   Thumb Code   222  stm32f7xx_hal_dma.o(i.HAL_DMA_Init)
    HAL_DMA_Start_IT                         0x08000f01   Thumb Code   122  stm32f7xx_hal_dma.o(i.HAL_DMA_Start_IT)
    HAL_GPIO_Init                            0x08000f7d   Thumb Code   418  stm32f7xx_hal_gpio.o(i.HAL_GPIO_Init)
    HAL_GPIO_WritePin                        0x08001155   Thumb Code    10  stm32f7xx_hal_gpio.o(i.HAL_GPIO_WritePin)
    HAL_GetTick                              0x08001161   Thumb Code     6  stm32f7xx_hal.o(i.HAL_GetTick)
    HAL_IncTick                              0x0800116d   Thumb Code    10  stm32f7xx_hal.o(i.HAL_IncTick)
    HAL_Init                                 0x0800117d   Thumb Code    22  stm32f7xx_hal.o(i.HAL_Init)
    HAL_InitTick                             0x08001195   Thumb Code    34  stm32f7xx_hal.o(i.HAL_InitTick)
    HAL_MspInit                              0x080011bd   Thumb Code    88  stm32f7xx_hal_msp.o(i.HAL_MspInit)
    HAL_NVIC_EnableIRQ                       0x08001215   Thumb Code    22  stm32f7xx_hal_cortex.o(i.HAL_NVIC_EnableIRQ)
    HAL_NVIC_SetPriority                     0x0800122d   Thumb Code    60  stm32f7xx_hal_cortex.o(i.HAL_NVIC_SetPriority)
    HAL_NVIC_SetPriorityGrouping             0x0800126d   Thumb Code    28  stm32f7xx_hal_cortex.o(i.HAL_NVIC_SetPriorityGrouping)
    HAL_PWREx_EnableOverDrive                0x08001291   Thumb Code   100  stm32f7xx_hal_pwr_ex.o(i.HAL_PWREx_EnableOverDrive)
    HAL_QSPI_Init                            0x080012fd   Thumb Code   184  stm32f7xx_hal_qspi.o(i.HAL_QSPI_Init)
    HAL_QSPI_MspInit                         0x080013bd   Thumb Code   110  quadspi.o(i.HAL_QSPI_MspInit)
    HAL_RCCEx_PeriphCLKConfig                0x0800143d   Thumb Code  1336  stm32f7xx_hal_rcc_ex.o(i.HAL_RCCEx_PeriphCLKConfig)
    HAL_RCC_ClockConfig                      0x08001979   Thumb Code   258  stm32f7xx_hal_rcc.o(i.HAL_RCC_ClockConfig)
    HAL_RCC_GetHCLKFreq                      0x08001a8d   Thumb Code     6  stm32f7xx_hal_rcc.o(i.HAL_RCC_GetHCLKFreq)
    HAL_RCC_GetPCLK1Freq                     0x08001a99   Thumb Code    20  stm32f7xx_hal_rcc.o(i.HAL_RCC_GetPCLK1Freq)
    HAL_RCC_GetPCLK2Freq                     0x08001ab9   Thumb Code    20  stm32f7xx_hal_rcc.o(i.HAL_RCC_GetPCLK2Freq)
    HAL_RCC_GetSysClockFreq                  0x08001ad9   Thumb Code    84  stm32f7xx_hal_rcc.o(i.HAL_RCC_GetSysClockFreq)
    HAL_RCC_OscConfig                        0x08001b39   Thumb Code   814  stm32f7xx_hal_rcc.o(i.HAL_RCC_OscConfig)
    HAL_RTC_Init                             0x08001e75   Thumb Code   156  stm32f7xx_hal_rtc.o(i.HAL_RTC_Init)
    HAL_RTC_MspInit                          0x08001f15   Thumb Code    20  rtc.o(i.HAL_RTC_MspInit)
    HAL_SPI_Init                             0x08001f31   Thumb Code   196  stm32f7xx_hal_spi.o(i.HAL_SPI_Init)
    HAL_SPI_MspInit                          0x08001ff5   Thumb Code    58  spi.o(i.HAL_SPI_MspInit)
    HAL_SYSTICK_CLKSourceConfig              0x0800203d   Thumb Code    24  stm32f7xx_hal_cortex.o(i.HAL_SYSTICK_CLKSourceConfig)
    HAL_SYSTICK_Callback                     0x08002055   Thumb Code     2  stm32f7xx_hal_cortex.o(i.HAL_SYSTICK_Callback)
    HAL_SYSTICK_Config                       0x08002057   Thumb Code    38  stm32f7xx_hal_cortex.o(i.HAL_SYSTICK_Config)
    HAL_SYSTICK_IRQHandler                   0x0800207d   Thumb Code     8  stm32f7xx_hal_cortex.o(i.HAL_SYSTICK_IRQHandler)
    HAL_TIMEx_BreakCallback                  0x08002085   Thumb Code     2  stm32f7xx_hal_tim_ex.o(i.HAL_TIMEx_BreakCallback)
    HAL_TIMEx_CommutationCallback            0x08002087   Thumb Code     2  stm32f7xx_hal_tim_ex.o(i.HAL_TIMEx_CommutationCallback)
    HAL_TIMEx_MasterConfigSynchronization    0x08002089   Thumb Code    78  stm32f7xx_hal_tim_ex.o(i.HAL_TIMEx_MasterConfigSynchronization)
    HAL_TIM_Base_Init                        0x080020e1   Thumb Code    54  stm32f7xx_hal_tim.o(i.HAL_TIM_Base_Init)
    HAL_TIM_Base_MspInit                     0x08002119   Thumb Code    76  tim.o(i.HAL_TIM_Base_MspInit)
    HAL_TIM_Base_Start_IT                    0x08002171   Thumb Code    24  stm32f7xx_hal_tim.o(i.HAL_TIM_Base_Start_IT)
    HAL_TIM_ConfigClockSource                0x08002189   Thumb Code   246  stm32f7xx_hal_tim.o(i.HAL_TIM_ConfigClockSource)
    HAL_TIM_IC_CaptureCallback               0x08002285   Thumb Code     2  stm32f7xx_hal_tim.o(i.HAL_TIM_IC_CaptureCallback)
    HAL_TIM_IRQHandler                       0x08002287   Thumb Code   382  stm32f7xx_hal_tim.o(i.HAL_TIM_IRQHandler)
    HAL_TIM_OC_DelayElapsedCallback          0x08002405   Thumb Code     2  stm32f7xx_hal_tim.o(i.HAL_TIM_OC_DelayElapsedCallback)
    HAL_TIM_PWM_PulseFinishedCallback        0x08002407   Thumb Code     2  stm32f7xx_hal_tim.o(i.HAL_TIM_PWM_PulseFinishedCallback)
    HAL_TIM_PeriodElapsedCallback            0x08002409   Thumb Code     2  stm32f7xx_hal_tim.o(i.HAL_TIM_PeriodElapsedCallback)
    HAL_TIM_TriggerCallback                  0x0800240b   Thumb Code     2  stm32f7xx_hal_tim.o(i.HAL_TIM_TriggerCallback)
    HAL_UART_Init                            0x0800240d   Thumb Code   106  stm32f7xx_hal_uart.o(i.HAL_UART_Init)
    HAL_UART_MspInit                         0x08002479   Thumb Code    60  usart.o(i.HAL_UART_MspInit)
    HardFault_Handler                        0x080024c1   Thumb Code     2  stm32f7xx_it.o(i.HardFault_Handler)
    MX_ADC1_Init                             0x080024c5   Thumb Code   218  adc.o(i.MX_ADC1_Init)
    MX_ADC2_Init                             0x080025b9   Thumb Code   174  adc.o(i.MX_ADC2_Init)
    MX_ADC3_Init                             0x08002681   Thumb Code   176  adc.o(i.MX_ADC3_Init)
    MX_DMA_Init                              0x08002749   Thumb Code    40  dma.o(i.MX_DMA_Init)
    MX_GPIO_Init                             0x08002775   Thumb Code   522  gpio.o(i.MX_GPIO_Init)
    MX_QUADSPI_Init                          0x080029a1   Thumb Code    52  quadspi.o(i.MX_QUADSPI_Init)
    MX_RTC_Init                              0x080029f1   Thumb Code    48  rtc.o(i.MX_RTC_Init)
    MX_SPI2_Init                             0x08002a39   Thumb Code    62  spi.o(i.MX_SPI2_Init)
    MX_TIM1_Init                             0x08002a91   Thumb Code    98  tim.o(i.MX_TIM1_Init)
    MX_TIM6_Init                             0x08002b0d   Thumb Code    62  tim.o(i.MX_TIM6_Init)
    MX_USART2_UART_Init                      0x08002b65   Thumb Code    58  usart.o(i.MX_USART2_UART_Init)
    MemManage_Handler                        0x08002bb9   Thumb Code     2  stm32f7xx_it.o(i.MemManage_Handler)
    NMI_Handler                              0x08002bbb   Thumb Code     2  stm32f7xx_it.o(i.NMI_Handler)
    PendSV_Handler                           0x08002bdf   Thumb Code     2  stm32f7xx_it.o(i.PendSV_Handler)
    RTC_EnterInitMode                        0x08002c29   Thumb Code    58  stm32f7xx_hal_rtc.o(i.RTC_EnterInitMode)
    SVC_Handler                              0x08002c63   Thumb Code     2  stm32f7xx_it.o(i.SVC_Handler)
    SysTick_Handler                          0x08002c65   Thumb Code    14  stm32f7xx_it.o(i.SysTick_Handler)
    SystemClock_Config                       0x08002c75   Thumb Code   184  main.o(i.SystemClock_Config)
    SystemInit                               0x08002d35   Thumb Code    68  system_stm32f7xx.o(i.SystemInit)
    TIM1_UP_TIM10_IRQHandler                 0x08002d89   Thumb Code     6  stm32f7xx_it.o(i.TIM1_UP_TIM10_IRQHandler)
    TIM_Base_SetConfig                       0x08002d95   Thumb Code   158  stm32f7xx_hal_tim.o(i.TIM_Base_SetConfig)
    TIM_ETR_SetConfig                        0x08002e61   Thumb Code    18  stm32f7xx_hal_tim.o(i.TIM_ETR_SetConfig)
    UART_AdvFeatureConfig                    0x08002ec9   Thumb Code   200  stm32f7xx_hal_uart.o(i.UART_AdvFeatureConfig)
    UART_CheckIdleState                      0x08002f91   Thumb Code    64  stm32f7xx_hal_uart.o(i.UART_CheckIdleState)
    UART_SetConfig                           0x08002fd1   Thumb Code   550  stm32f7xx_hal_uart.o(i.UART_SetConfig)
    UART_WaitOnFlagUntilTimeout              0x08003229   Thumb Code   100  stm32f7xx_hal_uart.o(i.UART_WaitOnFlagUntilTimeout)
    UsageFault_Handler                       0x0800328d   Thumb Code     2  stm32f7xx_it.o(i.UsageFault_Handler)
    _Error_Handler                           0x0800328f   Thumb Code     2  main.o(i._Error_Handler)
    __ARM_fpclassify                         0x08003291   Thumb Code    48  fpclassify.o(i.__ARM_fpclassify)
    __ARM_fpclassifyf                        0x080032c1   Thumb Code    38  fpclassifyf.o(i.__ARM_fpclassifyf)
    __hardfp_atan2f                          0x080032e9   Thumb Code   502  atan2f.o(i.__hardfp_atan2f)
    __hardfp_powf                            0x08003541   Thumb Code  1590  powf.o(i.__hardfp_powf)
    __mathlib_powf                           0x08003541   Thumb Code     0  powf.o(i.__hardfp_powf)
    __hardfp_sin                             0x08003b99   Thumb Code   158  sin.o(i.__hardfp_sin)
    __hardfp_sqrtf                           0x08003c49   Thumb Code    58  sqrtf.o(i.__hardfp_sqrtf)
    __ieee754_rem_pio2                       0x08003c89   Thumb Code   646  rred.o(i.__ieee754_rem_pio2)
    __kernel_cos                             0x08003f99   Thumb Code   182  cos_i.o(i.__kernel_cos)
    __kernel_poly                            0x08004079   Thumb Code   112  poly.o(i.__kernel_poly)
    __kernel_sin                             0x080040e9   Thumb Code   144  sin_i.o(i.__kernel_sin)
    __mathlib_dbl_invalid                    0x08004191   Thumb Code    10  dunder.o(i.__mathlib_dbl_invalid)
    __mathlib_dbl_underflow                  0x080041a9   Thumb Code    10  dunder.o(i.__mathlib_dbl_underflow)
    __mathlib_flt_divzero                    0x080041c1   Thumb Code    14  funder.o(i.__mathlib_flt_divzero)
    __mathlib_flt_infnan2                    0x080041d9   Thumb Code     6  funder.o(i.__mathlib_flt_infnan2)
    __mathlib_flt_invalid                    0x080041e1   Thumb Code    10  funder.o(i.__mathlib_flt_invalid)
    __mathlib_flt_overflow                   0x080041f1   Thumb Code    10  funder.o(i.__mathlib_flt_overflow)
    __mathlib_flt_underflow                  0x08004201   Thumb Code    10  funder.o(i.__mathlib_flt_underflow)
    __scatterload_copy                       0x08004211   Thumb Code    14  handlers.o(i.__scatterload_copy)
    __scatterload_null                       0x0800421f   Thumb Code     2  handlers.o(i.__scatterload_null)
    __scatterload_zeroinit                   0x08004221   Thumb Code    14  handlers.o(i.__scatterload_zeroinit)
    __set_errno                              0x08004231   Thumb Code     6  errno.o(i.__set_errno)
    cs_computations                          0x0800423d   Thumb Code   272  measurement_functions.o(i.cs_computations)
    cs_generation                            0x0800435d   Thumb Code    74  measurement_functions.o(i.cs_generation)
    cs_handle_tick1                          0x080043a9   Thumb Code   154  cs_handles.o(i.cs_handle_tick1)
    cs_handle_tick2                          0x08004459   Thumb Code   156  cs_handles.o(i.cs_handle_tick2)
    cs_handle_tick3                          0x08004509   Thumb Code   154  cs_handles.o(i.cs_handle_tick3)
    cs_handle_tick4                          0x080045bd   Thumb Code   532  cs_handles.o(i.cs_handle_tick4)
    fabs                                     0x080047f9   Thumb Code    24  fabs.o(i.fabs)
    fc27                                     0x08004811   Thumb Code   138  protection_functions.o(i.fc27)
    fc27_all                                 0x080048a1   Thumb Code   184  fc27.o(i.fc27_all)
    fc27_init                                0x08004971   Thumb Code    16  fc27.o(i.fc27_init)
    fc37                                     0x08004989   Thumb Code   128  protection_functions.o(i.fc37)
    fc37_all                                 0x08004a0d   Thumb Code   202  fc37.o(i.fc37_all)
    fc37_init                                0x08004ae9   Thumb Code     2  fc37.o(i.fc37_init)
    fc46_all                                 0x08004aed   Thumb Code    96  fc46.o(i.fc46_all)
    fc46_init                                0x08004b5d   Thumb Code    92  fc46.o(i.fc46_init)
    fc46d                                    0x08004bcd   Thumb Code   198  protection_functions.o(i.fc46d)
    fc46i                                    0x08004c9d   Thumb Code   244  protection_functions.o(i.fc46i)
    fc49                                     0x08004da5   Thumb Code    64  protection_functions.o(i.fc49)
    fc49_all                                 0x08004de5   Thumb Code   462  fc49.o(i.fc49_all)
    fc49_init                                0x08004fc5   Thumb Code    86  fc49.o(i.fc49_init)
    fc50                                     0x08005029   Thumb Code   162  protection_functions.o(i.fc50)
    fc50N_all                                0x080050d1   Thumb Code   110  fc50n.o(i.fc50N_all)
    fc50N_init                               0x08005155   Thumb Code    18  fc50n.o(i.fc50N_init)
    fc50_all                                 0x08005171   Thumb Code   672  fc50.o(i.fc50_all)
    fc50_init                                0x08005425   Thumb Code    30  fc50.o(i.fc50_init)
    fc51                                     0x0800544d   Thumb Code   204  protection_functions.o(i.fc51)
    fc51N_all                                0x08005529   Thumb Code    50  fc51n.o(i.fc51N_all)
    fc51N_init                               0x08005571   Thumb Code    76  fc51n.o(i.fc51N_init)
    fc51_all                                 0x080055d1   Thumb Code   274  fc51.o(i.fc51_all)
    fc51_init                                0x080056f9   Thumb Code    88  fc51.o(i.fc51_init)
    fc59                                     0x08005765   Thumb Code   124  protection_functions.o(i.fc59)
    fc59_all                                 0x080057e5   Thumb Code   196  fc59.o(i.fc59_all)
    fc59_init                                0x080058c1   Thumb Code    12  fc59.o(i.fc59_init)
    fcBF                                     0x080058d5   Thumb Code   220  protection_functions.o(i.fcBF)
    fcBF_all                                 0x080059b5   Thumb Code    72  fcbf.o(i.fcBF_all)
    fcBF_init                                0x08005a09   Thumb Code    52  fcbf.o(i.fcBF_init)
    fcPVP_all                                0x08005a49   Thumb Code   362  fcpvp.o(i.fcPVP_all)
    fcPVP_init                               0x08005bcd   Thumb Code    92  fcpvp.o(i.fcPVP_init)
    fcPVPd                                   0x08005c3d   Thumb Code   100  protection_functions.o(i.fcPVPd)
    fcPVPi                                   0x08005ca5   Thumb Code   184  protection_functions.o(i.fcPVPi)
    fcUNB_all                                0x08005d79   Thumb Code   280  fcunb.o(i.fcUNB_all)
    fcUNB_init                               0x08005ead   Thumb Code    28  fcunb.o(i.fcUNB_init)
    fcUNB_initial_dt                         0x08005ed5   Thumb Code   218  fcunb.o(i.fcUNB_initial_dt)
    fcUNBd                                   0x08005fdd   Thumb Code   100  protection_functions.o(i.fcUNBd)
    fcUNBi                                   0x08006045   Thumb Code   184  protection_functions.o(i.fcUNBi)
    ftick1                                   0x0800611d   Thumb Code    14  tickfunctions.o(i.ftick1)
    ftick10                                  0x0800612b   Thumb Code     4  tickfunctions.o(i.ftick10)
    ftick2                                   0x0800612f   Thumb Code    14  tickfunctions.o(i.ftick2)
    ftick3                                   0x0800613d   Thumb Code    14  tickfunctions.o(i.ftick3)
    ftick4                                   0x0800614b   Thumb Code     4  tickfunctions.o(i.ftick4)
    ftick5                                   0x0800614f   Thumb Code     2  tickfunctions.o(i.ftick5)
    ftick6                                   0x08006151   Thumb Code     2  tickfunctions.o(i.ftick6)
    ftick7                                   0x08006153   Thumb Code    34  tickfunctions.o(i.ftick7)
    ftick8                                   0x08006175   Thumb Code    26  tickfunctions.o(i.ftick8)
    ftick9                                   0x0800618f   Thumb Code     4  tickfunctions.o(i.ftick9)
    initFunctions                            0x08006193   Thumb Code    54  initfunctions.o(i.initFunctions)
    main                                     0x080061c9   Thumb Code   134  main.o(i.main)
    off_delay                                0x08006269   Thumb Code    42  protection_functions.o(i.off_delay)
    on_delay                                 0x08006293   Thumb Code    42  protection_functions.o(i.on_delay)
    on_off_delay                             0x080062bd   Thumb Code    30  protection_functions.o(i.on_off_delay)
    peak_detect_rms                          0x080062dd   Thumb Code    76  measurement_functions.o(i.peak_detect_rms)
    pick_up_handles                          0x08006331   Thumb Code  2488  pickup_handles.o(i.pick_up_handles)
    prefilter                                0x08006cf9   Thumb Code    68  measurement_functions.o(i.prefilter)
    pvp_filter                               0x08006d3d   Thumb Code   114  measurement_functions.o(i.pvp_filter)
    signal_spectra                           0x08006db1   Thumb Code   142  measurement_functions.o(i.signal_spectra)
    spectra_tick1                            0x08006e45   Thumb Code    46  spectra.o(i.spectra_tick1)
    spectra_tick2                            0x08006e81   Thumb Code    46  spectra.o(i.spectra_tick2)
    spectra_tick3                            0x08006ebd   Thumb Code    46  spectra.o(i.spectra_tick3)
    sym_comp                                 0x08006ef9   Thumb Code   126  measurement_functions.o(i.sym_comp)
    sym_mag                                  0x08006f81   Thumb Code   270  measurement_functions.o(i.sym_mag)
    thermal_status                           0x08007099   Thumb Code    76  measurement_functions.o(i.thermal_status)
    tickFunctions                            0x080070e5   Thumb Code    30  tickfunctions.o(i.tickFunctions)
    true_rms                                 0x08007109   Thumb Code    46  measurement_functions.o(i.true_rms)
    AHBPrescTable                            0x08007144   Data          16  system_stm32f7xx.o(.constdata)
    APBPrescTable                            0x08007154   Data           8  system_stm32f7xx.o(.constdata)
    Region$$Table$$Base                      0x080074b8   Number         0  anon$$obj.o(Region$$Table)
    Region$$Table$$Limit                     0x080074d8   Number         0  anon$$obj.o(Region$$Table)
    uwTick                                   0x20000000   Data           4  stm32f7xx_hal.o(.data)
    SystemCoreClock                          0x20000004   Data           4  system_stm32f7xx.o(.data)
    curve_data                               0x20000008   Data         132  init_protection.o(.data)
    EN                                       0x2000008c   Data           4  init_protection.o(.data)
    selectRMS                                0x20000090   Data           4  init_protection.o(.data)
    selectCURVE                              0x20000094   Data           4  init_protection.o(.data)
    curve                                    0x20000098   Data           1  init_protection.o(.data)
    fc27_obj1_L1_out                         0x200000a4   Data           8  fc27.o(.data)
    fc27_obj1_L2_out                         0x200000ac   Data           8  fc27.o(.data)
    fc59_obj1_L1_out_a                       0x200000b4   Data           8  fc59.o(.data)
    fc59_obj1_L1_out_b                       0x200000bc   Data           8  fc59.o(.data)
    fc59_obj1_L1_out_c                       0x200000c4   Data           8  fc59.o(.data)
    fc59_obj1_L2_out_a                       0x200000cc   Data           8  fc59.o(.data)
    fc59_obj1_L2_out_b                       0x200000d4   Data           8  fc59.o(.data)
    fc59_obj1_L2_out_c                       0x200000dc   Data           8  fc59.o(.data)
    fc49_obj1_L1_out_a                       0x200000e4   Data           4  fc49.o(.data)
    fc49_obj1_L2_out_a                       0x200000e8   Data           4  fc49.o(.data)
    fc49_obj2_L1_out_a                       0x200000ec   Data           4  fc49.o(.data)
    fc49_obj2_L2_out_a                       0x200000f0   Data           4  fc49.o(.data)
    fc49_obj1_L1_out_b                       0x2000010c   Data           4  fc49.o(.data)
    fc49_obj1_L1_out_c                       0x20000110   Data           4  fc49.o(.data)
    fc49_obj1_L2_out_b                       0x20000114   Data           4  fc49.o(.data)
    fc49_obj1_L2_out_c                       0x20000118   Data           4  fc49.o(.data)
    fc49_obj2_L1_out_b                       0x2000011c   Data           4  fc49.o(.data)
    fc49_obj2_L1_out_c                       0x20000120   Data           4  fc49.o(.data)
    fc49_obj2_L2_out_b                       0x20000124   Data           4  fc49.o(.data)
    fc49_obj2_L2_out_c                       0x20000128   Data           4  fc49.o(.data)
    fc37_obj1_L1_out_a                       0x2000012c   Data           8  fc37.o(.data)
    fc37_obj1_L1_out_b                       0x20000134   Data           8  fc37.o(.data)
    fc37_obj1_L1_out_c                       0x2000013c   Data           8  fc37.o(.data)
    fc37_obj2_L1_out_a                       0x20000144   Data           8  fc37.o(.data)
    fc37_obj2_L1_out_b                       0x2000014c   Data           8  fc37.o(.data)
    fc37_obj2_L1_out_c                       0x20000154   Data           8  fc37.o(.data)
    UNBpcorrection                           0x20000160   Data           4  fcunb.o(.data)
    fcUNBi_obj1_L1_in                        0x20000164   Data           8  fcunb.o(.data)
    fcPVPd_obj1_L1_out_a                     0x20000170   Data           8  fcpvp.o(.data)
    fcPVPd_obj1_L1_out_b                     0x20000178   Data           8  fcpvp.o(.data)
    fcPVPd_obj1_L1_out_c                     0x20000180   Data           8  fcpvp.o(.data)
    resA                                     0x2000018c   Data           8  cs_handles.o(.data)
    resB                                     0x20000194   Data           8  cs_handles.o(.data)
    resC                                     0x2000019c   Data           8  cs_handles.o(.data)
    n                                        0x200001a4   Data           8  cs_handles.o(.data)
    UNBa                                     0x200001ac   Data           8  cs_handles.o(.data)
    UNBb                                     0x200001b4   Data           8  cs_handles.o(.data)
    sin_coeffs                               0x200001bc   Data         200  cs_handles.o(.data)
    cos_coeffs                               0x20000284   Data         200  cs_handles.o(.data)
    coeffs_real                              0x20000358   Data         200  spectra.o(.data)
    coeffs_imag                              0x20000420   Data         200  spectra.o(.data)
    conversion_completed                     0x200004e8   Data           1  conversion.o(.data)
    tick                                     0x200004ec   Data           1  tickfunctions.o(.data)
    ftick                                    0x200004f0   Data          40  tickfunctions.o(.data)
    htim1                                    0x2000051c   Data          64  tim.o(.bss)
    htim6                                    0x2000055c   Data          64  tim.o(.bss)
    hrtc                                     0x2000059c   Data          32  rtc.o(.bss)
    hqspi                                    0x200005bc   Data          76  quadspi.o(.bss)
    hspi2                                    0x20000608   Data         100  spi.o(.bss)
    huart2                                   0x2000066c   Data         112  usart.o(.bss)
    hadc1                                    0x200006dc   Data          72  adc.o(.bss)
    hadc2                                    0x20000724   Data          72  adc.o(.bss)
    hadc3                                    0x2000076c   Data          72  adc.o(.bss)
    hdma_adc1                                0x200007b4   Data          96  adc.o(.bss)
    hdma_adc2                                0x20000814   Data          96  adc.o(.bss)
    hdma_adc3                                0x20000874   Data          96  adc.o(.bss)
    adc_values                               0x200008d4   Data          60  main.o(.bss)
    fc50_obj1_L1_out_a                       0x20000910   Data          12  fc50.o(.bss)
    fc50_obj1_L1_out_b                       0x2000091c   Data          12  fc50.o(.bss)
    fc50_obj1_L1_out_c                       0x20000928   Data          12  fc50.o(.bss)
    fc50_obj1_L2_out_a                       0x20000934   Data          12  fc50.o(.bss)
    fc50_obj1_L2_out_b                       0x20000940   Data          12  fc50.o(.bss)
    fc50_obj1_L2_out_c                       0x2000094c   Data          12  fc50.o(.bss)
    fc50_obj1_L3_out_a                       0x20000958   Data          12  fc50.o(.bss)
    fc50_obj1_L3_out_b                       0x20000964   Data          12  fc50.o(.bss)
    fc50_obj1_L3_out_c                       0x20000970   Data          12  fc50.o(.bss)
    fc50_obj2_L1_out_a                       0x2000097c   Data          12  fc50.o(.bss)
    fc50_obj2_L1_out_b                       0x20000988   Data          12  fc50.o(.bss)
    fc50_obj2_L1_out_c                       0x20000994   Data          12  fc50.o(.bss)
    fc50_obj2_L2_out_a                       0x200009a0   Data          12  fc50.o(.bss)
    fc50_obj2_L2_out_b                       0x200009ac   Data          12  fc50.o(.bss)
    fc50_obj2_L2_out_c                       0x200009b8   Data          12  fc50.o(.bss)
    fc50_obj2_L3_out_a                       0x200009c4   Data          12  fc50.o(.bss)
    fc50_obj2_L3_out_b                       0x200009d0   Data          12  fc50.o(.bss)
    fc50_obj2_L3_out_c                       0x200009dc   Data          12  fc50.o(.bss)
    fc50_obj1_L1_in                          0x200009e8   Data          16  fc50.o(.bss)
    fc50_obj1_L2_in                          0x200009f8   Data          16  fc50.o(.bss)
    fc50_obj1_L3_in                          0x20000a08   Data          16  fc50.o(.bss)
    fc50_obj2_L1_in                          0x20000a18   Data          16  fc50.o(.bss)
    fc50_obj2_L2_in                          0x20000a28   Data          16  fc50.o(.bss)
    fc50_obj2_L3_in                          0x20000a38   Data          16  fc50.o(.bss)
    fc50N_obj1_L1_out                        0x20000a48   Data          12  fc50n.o(.bss)
    fc50N_obj1_L2_out                        0x20000a54   Data          12  fc50n.o(.bss)
    fc50N_obj1_L3_out                        0x20000a60   Data          12  fc50n.o(.bss)
    fc50N_obj1_L1_in                         0x20000a6c   Data          16  fc50n.o(.bss)
    fc50N_obj1_L2_in                         0x20000a7c   Data          16  fc50n.o(.bss)
    fc50N_obj1_L3_in                         0x20000a8c   Data          16  fc50n.o(.bss)
    fc51_obj1_out_a                          0x20000a9c   Data          12  fc51.o(.bss)
    fc51_obj1_out_b                          0x20000aa8   Data          12  fc51.o(.bss)
    fc51_obj1_out_c                          0x20000ab4   Data          12  fc51.o(.bss)
    fc51_obj1_in                             0x20000ac0   Data          20  fc51.o(.bss)
    fc51_obj2_in                             0x20000ad4   Data          20  fc51.o(.bss)
    fc51_obj2_out_a                          0x20000ae8   Data          12  fc51.o(.bss)
    fc51_obj2_out_b                          0x20000af4   Data          12  fc51.o(.bss)
    fc51_obj2_out_c                          0x20000b00   Data          12  fc51.o(.bss)
    fc51N_obj1_out                           0x20000b0c   Data          12  fc51n.o(.bss)
    fc51N_obj1_in                            0x20000b18   Data          20  fc51n.o(.bss)
    fc27_obj1_L1_in                          0x20000b2c   Data          16  fc27.o(.bss)
    fc27_obj1_L2_in                          0x20000b3c   Data          16  fc27.o(.bss)
    fc59_obj1_L1_in                          0x20000b4c   Data          12  fc59.o(.bss)
    fc59_obj1_L2_in                          0x20000b58   Data          12  fc59.o(.bss)
    fc46d_obj1_L1_out                        0x20000b64   Data          12  fc46.o(.bss)
    fc46i_obj1_L1_out                        0x20000b70   Data          12  fc46.o(.bss)
    fc46d_obj1_L1_in                         0x20000b7c   Data          16  fc46.o(.bss)
    fc46i_obj1_L1_in                         0x20000b8c   Data          20  fc46.o(.bss)
    fc49_obj1_therm                          0x20000ba0   Data          20  fc49.o(.bss)
    fc49_obj2_therm                          0x20000bb4   Data          20  fc49.o(.bss)
    fc49_obj1_L1_in                          0x20000bc8   Data          16  fc49.o(.bss)
    fc49_obj1_L2_in                          0x20000bd8   Data          16  fc49.o(.bss)
    fc49_obj2_L1_in                          0x20000be8   Data          16  fc49.o(.bss)
    fc49_obj2_L2_in                          0x20000bf8   Data          16  fc49.o(.bss)
    fcBF_out                                 0x20000c08   Data          12  fcbf.o(.bss)
    fcBF_in                                  0x20000c14   Data          24  fcbf.o(.bss)
    fc37_obj1_L1_in                          0x20000c2c   Data          16  fc37.o(.bss)
    fc37_obj2_L1_in                          0x20000c3c   Data          16  fc37.o(.bss)
    fcUNBd_obj1_L1_out_a                     0x20000c4c   Data          16  fcunb.o(.bss)
    fcUNBd_obj1_L1_out_b                     0x20000c5c   Data          16  fcunb.o(.bss)
    fcUNBi_obj1_L1_out_a                     0x20000c6c   Data          12  fcunb.o(.bss)
    fcUNBi_obj1_L1_out_b                     0x20000c78   Data          12  fcunb.o(.bss)
    fcUNBd_obj1_L1_in                        0x20000d4c   Data          12  fcunb.o(.bss)
    pvp_in                                   0x20000d58   Data          12  fcpvp.o(.bss)
    pvp_in_back                              0x20000d64   Data          12  fcpvp.o(.bss)
    pvp_out                                  0x20000d70   Data          12  fcpvp.o(.bss)
    pvp_out_back                             0x20000d7c   Data          12  fcpvp.o(.bss)
    fcPVPi_obj1_L1_out_a                     0x20000d88   Data          12  fcpvp.o(.bss)
    fcPVPi_obj1_L1_out_b                     0x20000d94   Data          12  fcpvp.o(.bss)
    fcPVPi_obj1_L1_out_c                     0x20000da0   Data          12  fcpvp.o(.bss)
    fcPVPd_obj1_L1_in                        0x20001004   Data          12  fcpvp.o(.bss)
    fcPVPi_obj1_L1_in                        0x20001010   Data          20  fcpvp.o(.bss)
    pick                                     0x20001024   Data          12  pickup_handles.o(.bss)
    phase_cs_A                               0x2000113c   Data          16  cs_handles.o(.bss)
    phase_cs_B                               0x2000114c   Data          16  cs_handles.o(.bss)
    phase_cs_C                               0x2000115c   Data          16  cs_handles.o(.bss)
    phase_cs_A_out                           0x2000116c   Data          44  cs_handles.o(.bss)
    phase_cs_B_out                           0x20001198   Data          44  cs_handles.o(.bss)
    phase_cs_C_out                           0x200011c4   Data          44  cs_handles.o(.bss)
    sym                                      0x200011f0   Data          24  cs_handles.o(.bss)
    sym_hist                                 0x20001208   Data          24  cs_handles.o(.bss)
    mag_sym                                  0x20001220   Data          24  cs_handles.o(.bss)
    c_buffer                                 0x20001238   Data        2400  cs_handles.o(.bss)
    s_buffer                                 0x20001b98   Data        2400  cs_handles.o(.bss)
    fRMS                                     0x200024f8   Data          60  cs_handles.o(.bss)
    tRMS                                     0x20002534   Data          60  truerms.o(.bss)
    backRMS                                  0x20002570   Data          60  truerms.o(.bss)
    bufferRMS                                0x200025ac   Data        2400  truerms.o(.bss)
    spect_Ia                                 0x20002f0c   Data         356  spectra.o(.bss)
    spect_Ib                                 0x20003070   Data         356  spectra.o(.bss)
    spect_Ic                                 0x200031d4   Data         356  spectra.o(.bss)
    thd                                      0x20003338   Data          12  spectra.o(.bss)
    rawAdc                                   0x20003344   Data          60  conversion.o(.bss)
    fAdc                                     0x20003380   Data          60  conversion.o(.bss)
    offset                                   0x200033bc   Data          60  conversion.o(.bss)
    scale                                    0x200033f8   Data          60  conversion.o(.bss)
    Sys                                      0x20003620   Data          16  powersysdata.o(.bss)
    __initial_sp                             0x20003a30   Data           0  startup_stm32f767xx.o(STACK)



==============================================================================

Memory Map of the image

  Image Entry point : 0x080001f9

  Load Region LR_IROM1 (Base: 0x08000000, Size: 0x000079f4, Max: 0x00200000, ABSOLUTE, COMPRESSED[0x000076ac])

    Execution Region ER_IROM1 (Base: 0x08000000, Size: 0x000074d8, Max: 0x00200000, ABSOLUTE)

    Base Addr    Size         Type   Attr      Idx    E Section Name        Object

    0x08000000   0x000001f8   Data   RO          839    RESET               startup_stm32f767xx.o
    0x080001f8   0x00000000   Code   RO         5525  * .ARM.Collect$$$$00000000  mc_w.l(entry.o)
    0x080001f8   0x00000004   Code   RO         5576    .ARM.Collect$$$$00000001  mc_w.l(entry2.o)
    0x080001fc   0x00000004   Code   RO         5579    .ARM.Collect$$$$00000004  mc_w.l(entry5.o)
    0x08000200   0x00000000   Code   RO         5581    .ARM.Collect$$$$00000008  mc_w.l(entry7b.o)
    0x08000200   0x00000000   Code   RO         5583    .ARM.Collect$$$$0000000A  mc_w.l(entry8b.o)
    0x08000200   0x00000008   Code   RO         5584    .ARM.Collect$$$$0000000B  mc_w.l(entry9a.o)
    0x08000208   0x00000000   Code   RO         5586    .ARM.Collect$$$$0000000D  mc_w.l(entry10a.o)
    0x08000208   0x00000000   Code   RO         5588    .ARM.Collect$$$$0000000F  mc_w.l(entry11a.o)
    0x08000208   0x00000004   Code   RO         5577    .ARM.Collect$$$$00002712  mc_w.l(entry2.o)
    0x0800020c   0x00000024   Code   RO          840    .text               startup_stm32f767xx.o
    0x08000230   0x00000024   Code   RO         5528    .text               mc_w.l(memcpya.o)
    0x08000254   0x00000000   Code   RO         5597    .text               mc_w.l(iusefp.o)
    0x08000254   0x00000004   Code   RO         5598    .text               mf_w.l(fpstat.o)
    0x08000258   0x00000024   Code   RO         5610    .text               mc_w.l(init.o)
    0x0800027c   0x0000005e   Code   RO         5620    .text               mc_w.l(__dclz77c.o)
    0x080002da   0x00000002   PAD
    0x080002dc   0x00000134   Code   RO          850    i.ADC_Init          stm32f7xx_hal_adc.o
    0x08000410   0x0000005a   Code   RO         2107    i.ADC_MultiModeDMAConvCplt  stm32f7xx_hal_adc_ex.o
    0x0800046a   0x00000012   Code   RO         2108    i.ADC_MultiModeDMAError  stm32f7xx_hal_adc_ex.o
    0x0800047c   0x00000006   Code   RO         2109    i.ADC_MultiModeDMAHalfConvCplt  stm32f7xx_hal_adc_ex.o
    0x08000482   0x00000002   Code   RO          394    i.BusFault_Handler  stm32f7xx_it.o
    0x08000484   0x0000000c   Code   RO          395    i.DMA2_Stream0_IRQHandler  stm32f7xx_it.o
    0x08000490   0x0000000c   Code   RO          396    i.DMA2_Stream1_IRQHandler  stm32f7xx_it.o
    0x0800049c   0x0000000c   Code   RO          397    i.DMA2_Stream2_IRQHandler  stm32f7xx_it.o
    0x080004a8   0x00000028   Code   RO         2824    i.DMA_CalcBaseAndBitshift  stm32f7xx_hal_dma.o
    0x080004d0   0x00000054   Code   RO         2825    i.DMA_CheckFifoParam  stm32f7xx_hal_dma.o
    0x08000524   0x00000028   Code   RO         2826    i.DMA_SetConfig     stm32f7xx_hal_dma.o
    0x0800054c   0x00000002   Code   RO          398    i.DebugMon_Handler  stm32f7xx_it.o
    0x0800054e   0x00000002   PAD
    0x08000550   0x0000006c   Code   RO         2118    i.HAL_ADCEx_MultiModeConfigChannel  stm32f7xx_hal_adc_ex.o
    0x080005bc   0x00000100   Code   RO         2120    i.HAL_ADCEx_MultiModeStart_DMA  stm32f7xx_hal_adc_ex.o
    0x080006bc   0x00000164   Code   RO          852    i.HAL_ADC_ConfigChannel  stm32f7xx_hal_adc.o
    0x08000820   0x000001d8   Code   RO         5297    i.HAL_ADC_ConvCpltCallback  conversion.o
    0x080009f8   0x00000002   Code   RO          854    i.HAL_ADC_ConvHalfCpltCallback  stm32f7xx_hal_adc.o
    0x080009fa   0x00000002   Code   RO          856    i.HAL_ADC_ErrorCallback  stm32f7xx_hal_adc.o
    0x080009fc   0x00000054   Code   RO          861    i.HAL_ADC_Init      stm32f7xx_hal_adc.o
    0x08000a50   0x0000016c   Code   RO          495    i.HAL_ADC_MspInit   adc.o
    0x08000bbc   0x000000b8   Code   RO          867    i.HAL_ADC_Start     stm32f7xx_hal_adc.o
    0x08000c74   0x000001a8   Code   RO         2832    i.HAL_DMA_IRQHandler  stm32f7xx_hal_dma.o
    0x08000e1c   0x000000e4   Code   RO         2833    i.HAL_DMA_Init      stm32f7xx_hal_dma.o
    0x08000f00   0x0000007a   Code   RO         2837    i.HAL_DMA_Start_IT  stm32f7xx_hal_dma.o
    0x08000f7a   0x00000002   PAD
    0x08000f7c   0x000001d8   Code   RO         1410    i.HAL_GPIO_Init     stm32f7xx_hal_gpio.o
    0x08001154   0x0000000a   Code   RO         1414    i.HAL_GPIO_WritePin  stm32f7xx_hal_gpio.o
    0x0800115e   0x00000002   PAD
    0x08001160   0x0000000c   Code   RO         2652    i.HAL_GetTick       stm32f7xx_hal.o
    0x0800116c   0x00000010   Code   RO         2656    i.HAL_IncTick       stm32f7xx_hal.o
    0x0800117c   0x00000016   Code   RO         2657    i.HAL_Init          stm32f7xx_hal.o
    0x08001192   0x00000002   PAD
    0x08001194   0x00000028   Code   RO         2658    i.HAL_InitTick      stm32f7xx_hal.o
    0x080011bc   0x00000058   Code   RO          328    i.HAL_MspInit       stm32f7xx_hal_msp.o
    0x08001214   0x00000016   Code   RO         1277    i.HAL_NVIC_EnableIRQ  stm32f7xx_hal_cortex.o
    0x0800122a   0x00000002   PAD
    0x0800122c   0x00000040   Code   RO         1283    i.HAL_NVIC_SetPriority  stm32f7xx_hal_cortex.o
    0x0800126c   0x00000024   Code   RO         1284    i.HAL_NVIC_SetPriorityGrouping  stm32f7xx_hal_cortex.o
    0x08001290   0x0000006c   Code   RO         2549    i.HAL_PWREx_EnableOverDrive  stm32f7xx_hal_pwr_ex.o
    0x080012fc   0x000000c0   Code   RO         4106    i.HAL_QSPI_Init     stm32f7xx_hal_qspi.o
    0x080013bc   0x00000080   Code   RO          215    i.HAL_QSPI_MspInit  quadspi.o
    0x0800143c   0x0000053c   Code   RO         3052    i.HAL_RCCEx_PeriphCLKConfig  stm32f7xx_hal_rcc_ex.o
    0x08001978   0x00000114   Code   RO         3606    i.HAL_RCC_ClockConfig  stm32f7xx_hal_rcc.o
    0x08001a8c   0x0000000c   Code   RO         3611    i.HAL_RCC_GetHCLKFreq  stm32f7xx_hal_rcc.o
    0x08001a98   0x00000020   Code   RO         3613    i.HAL_RCC_GetPCLK1Freq  stm32f7xx_hal_rcc.o
    0x08001ab8   0x00000020   Code   RO         3614    i.HAL_RCC_GetPCLK2Freq  stm32f7xx_hal_rcc.o
    0x08001ad8   0x00000060   Code   RO         3615    i.HAL_RCC_GetSysClockFreq  stm32f7xx_hal_rcc.o
    0x08001b38   0x0000033c   Code   RO         3618    i.HAL_RCC_OscConfig  stm32f7xx_hal_rcc.o
    0x08001e74   0x000000a0   Code   RO         1025    i.HAL_RTC_Init      stm32f7xx_hal_rtc.o
    0x08001f14   0x0000001c   Code   RO          173    i.HAL_RTC_MspInit   rtc.o
    0x08001f30   0x000000c4   Code   RO         2223    i.HAL_SPI_Init      stm32f7xx_hal_spi.o
    0x08001ff4   0x00000048   Code   RO          287    i.HAL_SPI_MspInit   spi.o
    0x0800203c   0x00000018   Code   RO         1286    i.HAL_SYSTICK_CLKSourceConfig  stm32f7xx_hal_cortex.o
    0x08002054   0x00000002   Code   RO         1287    i.HAL_SYSTICK_Callback  stm32f7xx_hal_cortex.o
    0x08002056   0x00000026   Code   RO         1288    i.HAL_SYSTICK_Config  stm32f7xx_hal_cortex.o
    0x0800207c   0x00000008   Code   RO         1289    i.HAL_SYSTICK_IRQHandler  stm32f7xx_hal_cortex.o
    0x08002084   0x00000002   Code   RO         3748    i.HAL_TIMEx_BreakCallback  stm32f7xx_hal_tim_ex.o
    0x08002086   0x00000002   Code   RO         3749    i.HAL_TIMEx_CommutationCallback  stm32f7xx_hal_tim_ex.o
    0x08002088   0x00000058   Code   RO         3767    i.HAL_TIMEx_MasterConfigSynchronization  stm32f7xx_hal_tim_ex.o
    0x080020e0   0x00000036   Code   RO         1475    i.HAL_TIM_Base_Init  stm32f7xx_hal_tim.o
    0x08002116   0x00000002   PAD
    0x08002118   0x00000058   Code   RO            5    i.HAL_TIM_Base_MspInit  tim.o
    0x08002170   0x00000018   Code   RO         1480    i.HAL_TIM_Base_Start_IT  stm32f7xx_hal_tim.o
    0x08002188   0x000000fc   Code   RO         1484    i.HAL_TIM_ConfigClockSource  stm32f7xx_hal_tim.o
    0x08002284   0x00000002   Code   RO         1504    i.HAL_TIM_IC_CaptureCallback  stm32f7xx_hal_tim.o
    0x08002286   0x0000017e   Code   RO         1517    i.HAL_TIM_IRQHandler  stm32f7xx_hal_tim.o
    0x08002404   0x00000002   Code   RO         1520    i.HAL_TIM_OC_DelayElapsedCallback  stm32f7xx_hal_tim.o
    0x08002406   0x00000002   Code   RO         1547    i.HAL_TIM_PWM_PulseFinishedCallback  stm32f7xx_hal_tim.o
    0x08002408   0x00000002   Code   RO         1554    i.HAL_TIM_PeriodElapsedCallback  stm32f7xx_hal_tim.o
    0x0800240a   0x00000002   Code   RO         1558    i.HAL_TIM_TriggerCallback  stm32f7xx_hal_tim.o
    0x0800240c   0x0000006a   Code   RO         3345    i.HAL_UART_Init     stm32f7xx_hal_uart.o
    0x08002476   0x00000002   PAD
    0x08002478   0x00000048   Code   RO          353    i.HAL_UART_MspInit  usart.o
    0x080024c0   0x00000002   Code   RO          399    i.HardFault_Handler  stm32f7xx_it.o
    0x080024c2   0x00000002   PAD
    0x080024c4   0x000000f4   Code   RO          496    i.MX_ADC1_Init      adc.o
    0x080025b8   0x000000c8   Code   RO          497    i.MX_ADC2_Init      adc.o
    0x08002680   0x000000c8   Code   RO          498    i.MX_ADC3_Init      adc.o
    0x08002748   0x0000002c   Code   RO          259    i.MX_DMA_Init       dma.o
    0x08002774   0x0000022c   Code   RO          611    i.MX_GPIO_Init      gpio.o
    0x080029a0   0x00000050   Code   RO          216    i.MX_QUADSPI_Init   quadspi.o
    0x080029f0   0x00000048   Code   RO          174    i.MX_RTC_Init       rtc.o
    0x08002a38   0x00000058   Code   RO          288    i.MX_SPI2_Init      spi.o
    0x08002a90   0x0000007c   Code   RO            6    i.MX_TIM1_Init      tim.o
    0x08002b0c   0x00000058   Code   RO            7    i.MX_TIM6_Init      tim.o
    0x08002b64   0x00000054   Code   RO          354    i.MX_USART2_UART_Init  usart.o
    0x08002bb8   0x00000002   Code   RO          400    i.MemManage_Handler  stm32f7xx_it.o
    0x08002bba   0x00000002   Code   RO          401    i.NMI_Handler       stm32f7xx_it.o
    0x08002bbc   0x00000022   Code   RO         1290    i.NVIC_SetPriority  stm32f7xx_hal_cortex.o
    0x08002bde   0x00000002   Code   RO          402    i.PendSV_Handler    stm32f7xx_it.o
    0x08002be0   0x00000048   Code   RO         4131    i.QSPI_WaitFlagStateUntilTimeout  stm32f7xx_hal_qspi.o
    0x08002c28   0x0000003a   Code   RO         1036    i.RTC_EnterInitMode  stm32f7xx_hal_rtc.o
    0x08002c62   0x00000002   Code   RO          403    i.SVC_Handler       stm32f7xx_it.o
    0x08002c64   0x0000000e   Code   RO          404    i.SysTick_Handler   stm32f7xx_it.o
    0x08002c72   0x00000002   PAD
    0x08002c74   0x000000c0   Code   RO          548    i.SystemClock_Config  main.o
    0x08002d34   0x00000054   Code   RO         4818    i.SystemInit        system_stm32f7xx.o
    0x08002d88   0x0000000c   Code   RO          405    i.TIM1_UP_TIM10_IRQHandler  stm32f7xx_it.o
    0x08002d94   0x000000cc   Code   RO         1559    i.TIM_Base_SetConfig  stm32f7xx_hal_tim.o
    0x08002e60   0x00000012   Code   RO         1566    i.TIM_ETR_SetConfig  stm32f7xx_hal_tim.o
    0x08002e72   0x00000010   Code   RO         1567    i.TIM_ITRx_SetConfig  stm32f7xx_hal_tim.o
    0x08002e82   0x00000022   Code   RO         1573    i.TIM_TI1_ConfigInputStage  stm32f7xx_hal_tim.o
    0x08002ea4   0x00000024   Code   RO         1575    i.TIM_TI2_ConfigInputStage  stm32f7xx_hal_tim.o
    0x08002ec8   0x000000c8   Code   RO         3358    i.UART_AdvFeatureConfig  stm32f7xx_hal_uart.o
    0x08002f90   0x00000040   Code   RO         3359    i.UART_CheckIdleState  stm32f7xx_hal_uart.o
    0x08002fd0   0x00000258   Code   RO         3369    i.UART_SetConfig    stm32f7xx_hal_uart.o
    0x08003228   0x00000064   Code   RO         3370    i.UART_WaitOnFlagUntilTimeout  stm32f7xx_hal_uart.o
    0x0800328c   0x00000002   Code   RO          406    i.UsageFault_Handler  stm32f7xx_it.o
    0x0800328e   0x00000002   Code   RO          549    i._Error_Handler    main.o
    0x08003290   0x00000030   Code   RO         5606    i.__ARM_fpclassify  m_wv.l(fpclassify.o)
    0x080032c0   0x00000026   Code   RO         5549    i.__ARM_fpclassifyf  m_wv.l(fpclassifyf.o)
    0x080032e6   0x00000002   PAD
    0x080032e8   0x00000258   Code   RO         5475    i.__hardfp_atan2f   m_wv.l(atan2f.o)
    0x08003540   0x00000658   Code   RO         5487    i.__hardfp_powf     m_wv.l(powf.o)
    0x08003b98   0x000000b0   Code   RO         5501    i.__hardfp_sin      m_wv.l(sin.o)
    0x08003c48   0x0000003a   Code   RO         5513    i.__hardfp_sqrtf    m_wv.l(sqrtf.o)
    0x08003c82   0x00000006   PAD
    0x08003c88   0x00000310   Code   RO         5565    i.__ieee754_rem_pio2  m_wv.l(rred.o)
    0x08003f98   0x000000e0   Code   RO         5532    i.__kernel_cos      m_wv.l(cos_i.o)
    0x08004078   0x00000070   Code   RO         5608    i.__kernel_poly     m_wv.l(poly.o)
    0x080040e8   0x000000a8   Code   RO         5570    i.__kernel_sin      m_wv.l(sin_i.o)
    0x08004190   0x00000018   Code   RO         5538    i.__mathlib_dbl_invalid  m_wv.l(dunder.o)
    0x080041a8   0x00000018   Code   RO         5541    i.__mathlib_dbl_underflow  m_wv.l(dunder.o)
    0x080041c0   0x00000018   Code   RO         5551    i.__mathlib_flt_divzero  m_wv.l(funder.o)
    0x080041d8   0x00000006   Code   RO         5553    i.__mathlib_flt_infnan2  m_wv.l(funder.o)
    0x080041de   0x00000002   PAD
    0x080041e0   0x00000010   Code   RO         5554    i.__mathlib_flt_invalid  m_wv.l(funder.o)
    0x080041f0   0x00000010   Code   RO         5555    i.__mathlib_flt_overflow  m_wv.l(funder.o)
    0x08004200   0x00000010   Code   RO         5557    i.__mathlib_flt_underflow  m_wv.l(funder.o)
    0x08004210   0x0000000e   Code   RO         5614    i.__scatterload_copy  mc_w.l(handlers.o)
    0x0800421e   0x00000002   Code   RO         5615    i.__scatterload_null  mc_w.l(handlers.o)
    0x08004220   0x0000000e   Code   RO         5616    i.__scatterload_zeroinit  mc_w.l(handlers.o)
    0x0800422e   0x00000002   PAD
    0x08004230   0x0000000c   Code   RO         5592    i.__set_errno       mc_w.l(errno.o)
    0x0800423c   0x00000120   Code   RO          632    i.cs_computations   measurement_functions.o
    0x0800435c   0x0000004a   Code   RO          633    i.cs_generation     measurement_functions.o
    0x080043a6   0x00000002   PAD
    0x080043a8   0x000000b0   Code   RO         5196    i.cs_handle_tick1   cs_handles.o
    0x08004458   0x000000b0   Code   RO         5197    i.cs_handle_tick2   cs_handles.o
    0x08004508   0x000000b4   Code   RO         5198    i.cs_handle_tick3   cs_handles.o
    0x080045bc   0x0000023c   Code   RO         5199    i.cs_handle_tick4   cs_handles.o
    0x080047f8   0x00000018   Code   RO         5602    i.fabs              m_wv.l(fabs.o)
    0x08004810   0x00000090   Code   RO          720    i.fc27              protection_functions.o
    0x080048a0   0x000000d0   Code   RO         4967    i.fc27_all          fc27.o
    0x08004970   0x00000018   Code   RO         4968    i.fc27_init         fc27.o
    0x08004988   0x00000084   Code   RO          721    i.fc37              protection_functions.o
    0x08004a0c   0x000000dc   Code   RO         5099    i.fc37_all          fc37.o
    0x08004ae8   0x00000002   Code   RO         5100    i.fc37_init         fc37.o
    0x08004aea   0x00000002   PAD
    0x08004aec   0x00000070   Code   RO         5024    i.fc46_all          fc46.o
    0x08004b5c   0x00000070   Code   RO         5025    i.fc46_init         fc46.o
    0x08004bcc   0x000000d0   Code   RO          722    i.fc46d             protection_functions.o
    0x08004c9c   0x00000108   Code   RO          723    i.fc46i             protection_functions.o
    0x08004da4   0x00000040   Code   RO          724    i.fc49              protection_functions.o
    0x08004de4   0x000001e0   Code   RO         5046    i.fc49_all          fc49.o
    0x08004fc4   0x00000064   Code   RO         5047    i.fc49_init         fc49.o
    0x08005028   0x000000a8   Code   RO          725    i.fc50              protection_functions.o
    0x080050d0   0x00000084   Code   RO         4898    i.fc50N_all         fc50n.o
    0x08005154   0x0000001c   Code   RO         4899    i.fc50N_init        fc50n.o
    0x08005170   0x000002b4   Code   RO         4869    i.fc50_all          fc50.o
    0x08005424   0x00000028   Code   RO         4870    i.fc50_init         fc50.o
    0x0800544c   0x000000dc   Code   RO          726    i.fc51              protection_functions.o
    0x08005528   0x00000048   Code   RO         4945    i.fc51N_all         fc51n.o
    0x08005570   0x00000060   Code   RO         4946    i.fc51N_init        fc51n.o
    0x080055d0   0x00000128   Code   RO         4920    i.fc51_all          fc51.o
    0x080056f8   0x0000006c   Code   RO         4921    i.fc51_init         fc51.o
    0x08005764   0x00000080   Code   RO          727    i.fc59              protection_functions.o
    0x080057e4   0x000000dc   Code   RO         5001    i.fc59_all          fc59.o
    0x080058c0   0x00000014   Code   RO         5002    i.fc59_init         fc59.o
    0x080058d4   0x000000e0   Code   RO          728    i.fcBF              protection_functions.o
    0x080059b4   0x00000054   Code   RO         5077    i.fcBF_all          fcbf.o
    0x08005a08   0x00000040   Code   RO         5078    i.fcBF_init         fcbf.o
    0x08005a48   0x00000184   Code   RO         5153    i.fcPVP_all         fcpvp.o
    0x08005bcc   0x00000070   Code   RO         5154    i.fcPVP_init        fcpvp.o
    0x08005c3c   0x00000068   Code   RO          729    i.fcPVPd            protection_functions.o
    0x08005ca4   0x000000d4   Code   RO          730    i.fcPVPi            protection_functions.o
    0x08005d78   0x00000134   Code   RO         5121    i.fcUNB_all         fcunb.o
    0x08005eac   0x00000028   Code   RO         5122    i.fcUNB_init        fcunb.o
    0x08005ed4   0x00000108   Code   RO         5123    i.fcUNB_initial_dt  fcunb.o
    0x08005fdc   0x00000068   Code   RO          731    i.fcUNBd            protection_functions.o
    0x08006044   0x000000d8   Code   RO          732    i.fcUNBi            protection_functions.o
    0x0800611c   0x0000000e   Code   RO         5359    i.ftick1            tickfunctions.o
    0x0800612a   0x00000004   Code   RO         5360    i.ftick10           tickfunctions.o
    0x0800612e   0x0000000e   Code   RO         5361    i.ftick2            tickfunctions.o
    0x0800613c   0x0000000e   Code   RO         5362    i.ftick3            tickfunctions.o
    0x0800614a   0x00000004   Code   RO         5363    i.ftick4            tickfunctions.o
    0x0800614e   0x00000002   Code   RO         5364    i.ftick5            tickfunctions.o
    0x08006150   0x00000002   Code   RO         5365    i.ftick6            tickfunctions.o
    0x08006152   0x00000022   Code   RO         5366    i.ftick7            tickfunctions.o
    0x08006174   0x0000001a   Code   RO         5367    i.ftick8            tickfunctions.o
    0x0800618e   0x00000004   Code   RO         5368    i.ftick9            tickfunctions.o
    0x08006192   0x00000036   Code   RO         5332    i.initFunctions     initfunctions.o
    0x080061c8   0x000000a0   Code   RO          550    i.main              main.o
    0x08006268   0x0000002a   Code   RO          735    i.off_delay         protection_functions.o
    0x08006292   0x0000002a   Code   RO          736    i.on_delay          protection_functions.o
    0x080062bc   0x0000001e   Code   RO          737    i.on_off_delay      protection_functions.o
    0x080062da   0x00000002   PAD
    0x080062dc   0x00000054   Code   RO          634    i.peak_detect_rms   measurement_functions.o
    0x08006330   0x000009c8   Code   RO         5176    i.pick_up_handles   pickup_handles.o
    0x08006cf8   0x00000044   Code   RO          635    i.prefilter         measurement_functions.o
    0x08006d3c   0x00000072   Code   RO          636    i.pvp_filter        measurement_functions.o
    0x08006dae   0x00000002   PAD
    0x08006db0   0x00000094   Code   RO          638    i.signal_spectra    measurement_functions.o
    0x08006e44   0x0000003c   Code   RO         5260    i.spectra_tick1     spectra.o
    0x08006e80   0x0000003c   Code   RO         5261    i.spectra_tick2     spectra.o
    0x08006ebc   0x0000003c   Code   RO         5262    i.spectra_tick3     spectra.o
    0x08006ef8   0x00000088   Code   RO          640    i.sym_comp          measurement_functions.o
    0x08006f80   0x00000118   Code   RO          641    i.sym_mag           measurement_functions.o
    0x08007098   0x0000004c   Code   RO          642    i.thermal_status    measurement_functions.o
    0x080070e4   0x00000024   Code   RO         5369    i.tickFunctions     tickfunctions.o
    0x08007108   0x00000034   Code   RO          643    i.true_rms          measurement_functions.o
    0x0800713c   0x00000008   Data   RO         2839    .constdata          stm32f7xx_hal_dma.o
    0x08007144   0x00000010   Data   RO         4819    .constdata          system_stm32f7xx.o
    0x08007154   0x00000008   Data   RO         4820    .constdata          system_stm32f7xx.o
    0x0800715c   0x00000010   Data   RO         4872    .constdata          fc50.o
    0x0800716c   0x00000010   Data   RO         4901    .constdata          fc50n.o
    0x0800717c   0x00000014   Data   RO         4926    .constdata          fc51.o
    0x08007190   0x00000014   Data   RO         4948    .constdata          fc51n.o
    0x080071a4   0x00000010   Data   RO         4970    .constdata          fc27.o
    0x080071b4   0x0000000c   Data   RO         5004    .constdata          fc59.o
    0x080071c0   0x00000024   Data   RO         5027    .constdata          fc46.o
    0x080071e4   0x00000024   Data   RO         5049    .constdata          fc49.o
    0x08007208   0x00000018   Data   RO         5080    .constdata          fcbf.o
    0x08007220   0x00000014   Data   RO         5125    .constdata          fcunb.o
    0x08007234   0x00000020   Data   RO         5156    .constdata          fcpvp.o
    0x08007254   0x00000140   Data   RO         5490    .constdata          m_wv.l(powf.o)
    0x08007394   0x00000004   PAD
    0x08007398   0x00000030   Data   RO         5533    .constdata          m_wv.l(cos_i.o)
    0x080073c8   0x000000c8   Data   RO         5567    .constdata          m_wv.l(rred.o)
    0x08007490   0x00000028   Data   RO         5571    .constdata          m_wv.l(sin_i.o)
    0x080074b8   0x00000020   Data   RO         5612    Region$$Table       anon$$obj.o


    Execution Region RW_IRAM1 (Base: 0x20000000, Size: 0x00003a30, Max: 0x00080000, ABSOLUTE, COMPRESSED[0x000001d4])

    Base Addr    Size         Type   Attr      Idx    E Section Name        Object

    0x20000000   0x00000004   Data   RW         2663    .data               stm32f7xx_hal.o
    0x20000004   0x00000004   Data   RW         4821    .data               system_stm32f7xx.o
    0x20000008   0x00000084   Data   RW         4852    .data               init_protection.o
    0x2000008c   0x00000004   Data   RW         4853    .data               init_protection.o
    0x20000090   0x00000004   Data   RW         4854    .data               init_protection.o
    0x20000094   0x00000004   Data   RW         4855    .data               init_protection.o
    0x20000098   0x00000001   Data   RW         4856    .data               init_protection.o
    0x20000099   0x00000003   PAD
    0x2000009c   0x00000018   Data   RW         4971    .data               fc27.o
    0x200000b4   0x00000030   Data   RW         5005    .data               fc59.o
    0x200000e4   0x00000028   Data   RW         5050    .data               fc49.o
    0x2000010c   0x00000004   Data   RW         5051    .data               fc49.o
    0x20000110   0x00000004   Data   RW         5052    .data               fc49.o
    0x20000114   0x00000004   Data   RW         5053    .data               fc49.o
    0x20000118   0x00000004   Data   RW         5054    .data               fc49.o
    0x2000011c   0x00000004   Data   RW         5055    .data               fc49.o
    0x20000120   0x00000004   Data   RW         5056    .data               fc49.o
    0x20000124   0x00000004   Data   RW         5057    .data               fc49.o
    0x20000128   0x00000004   Data   RW         5058    .data               fc49.o
    0x2000012c   0x00000030   Data   RW         5102    .data               fc37.o
    0x2000015c   0x00000010   Data   RW         5126    .data               fcunb.o
    0x2000016c   0x0000001c   Data   RW         5157    .data               fcpvp.o
    0x20000188   0x00000001   Data   RW         5178    .data               pickup_handles.o
    0x20000189   0x00000003   PAD
    0x2000018c   0x000001c0   Data   RW         5201    .data               cs_handles.o
    0x2000034c   0x0000019c   Data   RW         5265    .data               spectra.o
    0x200004e8   0x00000001   Data   RW         5300    .data               conversion.o
    0x200004e9   0x00000003   PAD
    0x200004ec   0x0000002c   Data   RW         5370    .data               tickfunctions.o
    0x20000518   0x00000004   Data   RW         5593    .data               mc_w.l(errno.o)
    0x2000051c   0x00000080   Zero   RW            8    .bss                tim.o
    0x2000059c   0x00000020   Zero   RW          175    .bss                rtc.o
    0x200005bc   0x0000004c   Zero   RW          217    .bss                quadspi.o
    0x20000608   0x00000064   Zero   RW          289    .bss                spi.o
    0x2000066c   0x00000070   Zero   RW          355    .bss                usart.o
    0x200006dc   0x000001f8   Zero   RW          499    .bss                adc.o
    0x200008d4   0x0000003c   Zero   RW          551    .bss                main.o
    0x20000910   0x00000138   Zero   RW         4871    .bss                fc50.o
    0x20000a48   0x00000054   Zero   RW         4900    .bss                fc50n.o
    0x20000a9c   0x0000004c   Zero   RW         4922    .bss                fc51.o
    0x20000ae8   0x0000000c   Zero   RW         4923    .bss                fc51.o
    0x20000af4   0x0000000c   Zero   RW         4924    .bss                fc51.o
    0x20000b00   0x0000000c   Zero   RW         4925    .bss                fc51.o
    0x20000b0c   0x00000020   Zero   RW         4947    .bss                fc51n.o
    0x20000b2c   0x00000020   Zero   RW         4969    .bss                fc27.o
    0x20000b4c   0x00000018   Zero   RW         5003    .bss                fc59.o
    0x20000b64   0x0000003c   Zero   RW         5026    .bss                fc46.o
    0x20000ba0   0x00000068   Zero   RW         5048    .bss                fc49.o
    0x20000c08   0x00000024   Zero   RW         5079    .bss                fcbf.o
    0x20000c2c   0x00000020   Zero   RW         5101    .bss                fc37.o
    0x20000c4c   0x0000010c   Zero   RW         5124    .bss                fcunb.o
    0x20000d58   0x000002cc   Zero   RW         5155    .bss                fcpvp.o
    0x20001024   0x00000118   Zero   RW         5177    .bss                pickup_handles.o
    0x2000113c   0x000013f8   Zero   RW         5200    .bss                cs_handles.o
    0x20002534   0x000009d8   Zero   RW         5241    .bss                truerms.o
    0x20002f0c   0x00000438   Zero   RW         5264    .bss                spectra.o
    0x20003344   0x000002dc   Zero   RW         5299    .bss                conversion.o
    0x20003620   0x00000010   Zero   RW         5347    .bss                powersysdata.o
    0x20003630   0x00000400   Zero   RW          837    STACK               startup_stm32f767xx.o


==============================================================================

Image component sizes


      Code (inc. data)   RO Data    RW Data    ZI Data      Debug   Object Name

      1008        130          0          0        504       3533   adc.o
       472         12          0          1        732       5275   conversion.o
      1104        108          0        448       5112       7512   cs_handles.o
        44          4          0          0          0        770   dma.o
       232         32         16         24         32       2455   fc27.o
       222         18          0         48         32       1647   fc37.o
       224         36         36          0         60       1551   fc46.o
       580         32         36         72        104       2425   fc49.o
       732         30         16          0        312       5683   fc50.o
       160         32         16          0         84       1544   fc50n.o
       404         42         20          0        112       1803   fc51.o
       168         42         20          0         32       1316   fc51n.o
       240         32         12         48         24       1695   fc59.o
       148         24         24          0         36       1230   fcbf.o
       500         46         32         28        716       2101   fcpvp.o
       612         86         20         16        268       2501   fcunb.o
       556         34          0          0          0       1263   gpio.o
         0          0          0        145          0       4266   init_protection.o
        54          0          0          0          0        528   initfunctions.o
       354         34          0          0         60       2747   main.o
      1320         56          0          0          0       9631   measurement_functions.o
      2504        290          0          1        280       7471   pickup_handles.o
         0          0          0          0         16        726   powersysdata.o
      2302        138          0          0          0      15231   protection_functions.o
       208         46          0          0         76       1717   quadspi.o
       100         32          0          0         32       1467   rtc.o
       180         42          0        412       1080       2257   spectra.o
       160         40          0          0        100       1649   spi.o
        36          8        504          0       1024        812   startup_stm32f767xx.o
        90         18          0          4          0       3251   stm32f7xx_hal.o
       936         46          0          0          0       4814   stm32f7xx_hal_adc.o
       478         36          0          0          0       4018   stm32f7xx_hal_adc_ex.o
       228         12          0          0          0      37305   stm32f7xx_hal_cortex.o
       938         22          8          0          0       5907   stm32f7xx_hal_dma.o
       482         54          0          0          0       2596   stm32f7xx_hal_gpio.o
        88          0          0          0          0        534   stm32f7xx_hal_msp.o
       108          8          0          0          0       1284   stm32f7xx_hal_pwr_ex.o
       264          8          0          0          0       2766   stm32f7xx_hal_qspi.o
      1276         74          0          0          0       5628   stm32f7xx_hal_rcc.o
      1340         22          0          0          0       2376   stm32f7xx_hal_rcc_ex.o
       218          4          0          0          0       2131   stm32f7xx_hal_rtc.o
       196          0          0          0          0       1283   stm32f7xx_hal_spi.o
      1030         52          0          0          0      10745   stm32f7xx_hal_tim.o
        92         10          0          0          0       2586   stm32f7xx_hal_tim_ex.o
      1070         70          0          0          0       5097   stm32f7xx_hal_uart.o
        78         24          0          0          0       6107   stm32f7xx_it.o
        84         16         24          4          0       1251   system_stm32f7xx.o
       154          6          0         44          0       5676   tickfunctions.o
       300         64          0          0        128     902019   tim.o
         0          0          0          0       2520       4360   truerms.o
       156         38          0          0        112       1682   usart.o

    ----------------------------------------------------------------------
     24256       2010        816       1304      13588    1106222   Object Totals
         0          0         32          0          0          0   (incl. Generated)
        26          0          0          9          0          0   (incl. Padding)

    ----------------------------------------------------------------------

      Code (inc. data)   RO Data    RW Data    ZI Data      Debug   Library Member Name

       600         98          0          0          0        184   atan2f.o
       224         42         48          0          0        184   cos_i.o
        48         28          0          0          0        232   dunder.o
        24          0          0          0          0        124   fabs.o
        48          0          0          0          0        124   fpclassify.o
        38          0          0          0          0        116   fpclassifyf.o
        78         28          0          0          0        580   funder.o
       112          0          0          0          0        116   poly.o
      1624        130        320          0          0        400   powf.o
       784        138        200          0          0        172   rred.o
       176         18          0          0          0        160   sin.o
       168         24         40          0          0        196   sin_i.o
        58          0          0          0          0        136   sqrtf.o
        94          0          0          0          0          0   __dclz77c.o
         0          0          0          0          0          0   entry.o
         0          0          0          0          0          0   entry10a.o
         0          0          0          0          0          0   entry11a.o
         8          4          0          0          0          0   entry2.o
         4          0          0          0          0          0   entry5.o
         0          0          0          0          0          0   entry7b.o
         0          0          0          0          0          0   entry8b.o
         8          4          0          0          0          0   entry9a.o
        12          6          0          4          0         68   errno.o
        30          0          0          0          0          0   handlers.o
        36          8          0          0          0         68   init.o
         0          0          0          0          0          0   iusefp.o
        36          0          0          0          0         68   memcpya.o
         4          0          0          0          0         68   fpstat.o

    ----------------------------------------------------------------------
      4228        528        612          4          0       2996   Library Totals
        14          0          4          0          0          0   (incl. Padding)

    ----------------------------------------------------------------------

      Code (inc. data)   RO Data    RW Data    ZI Data      Debug   Library Name

      3982        506        608          0          0       2724   m_wv.l
       228         22          0          4          0        204   mc_w.l
         4          0          0          0          0         68   mf_w.l

    ----------------------------------------------------------------------
      4228        528        612          4          0       2996   Library Totals

    ----------------------------------------------------------------------

==============================================================================


      Code (inc. data)   RO Data    RW Data    ZI Data      Debug   

     28484       2538       1428       1308      13588    1091750   Grand Totals
     28484       2538       1428        468      13588    1091750   ELF Image Totals (compressed)
     28484       2538       1428        468          0          0   ROM Totals

==============================================================================

    Total RO  Size (Code + RO Data)                29912 (  29.21kB)
    Total RW  Size (RW Data + ZI Data)             14896 (  14.55kB)
    Total ROM Size (Code + RO Data + RW Data)      30380 (  29.67kB)

==============================================================================

