Component: ARM Compiler 5.06 update 3 (build 300) Tool: armlink [4d35c9]

==============================================================================

Section Cross References

    tim.o(i.HAL_TIM_Base_MspDeInit) refers to stm32f7xx_hal_cortex.o(i.HAL_NVIC_DisableIRQ) for HAL_NVIC_DisableIRQ
    tim.o(i.HAL_TIM_Base_MspInit) refers to stm32f7xx_hal_cortex.o(i.HAL_NVIC_SetPriority) for HAL_NVIC_SetPriority
    tim.o(i.HAL_TIM_Base_MspInit) refers to stm32f7xx_hal_cortex.o(i.HAL_NVIC_EnableIRQ) for HAL_NVIC_EnableIRQ
    tim.o(i.MX_TIM1_Init) refers to stm32f7xx_hal_tim.o(i.HAL_TIM_Base_Init) for HAL_TIM_Base_Init
    tim.o(i.MX_TIM1_Init) refers to main.o(i._Error_Handler) for _Error_Handler
    tim.o(i.MX_TIM1_Init) refers to stm32f7xx_hal_tim.o(i.HAL_TIM_ConfigClockSource) for HAL_TIM_ConfigClockSource
    tim.o(i.MX_TIM1_Init) refers to stm32f7xx_hal_tim_ex.o(i.HAL_TIMEx_MasterConfigSynchronization) for HAL_TIMEx_MasterConfigSynchronization
    tim.o(i.MX_TIM1_Init) refers to tim.o(.bss) for .bss
    tim.o(i.MX_TIM6_Init) refers to stm32f7xx_hal_tim.o(i.HAL_TIM_Base_Init) for HAL_TIM_Base_Init
    tim.o(i.MX_TIM6_Init) refers to main.o(i._Error_Handler) for _Error_Handler
    tim.o(i.MX_TIM6_Init) refers to stm32f7xx_hal_tim_ex.o(i.HAL_TIMEx_MasterConfigSynchronization) for HAL_TIMEx_MasterConfigSynchronization
    tim.o(i.MX_TIM6_Init) refers to tim.o(.bss) for .bss
    rtc.o(i.MX_RTC_Init) refers to stm32f7xx_hal_rtc.o(i.HAL_RTC_Init) for HAL_RTC_Init
    rtc.o(i.MX_RTC_Init) refers to main.o(i._Error_Handler) for _Error_Handler
    rtc.o(i.MX_RTC_Init) refers to rtc.o(.bss) for .bss
    quadspi.o(i.HAL_QSPI_MspDeInit) refers to stm32f7xx_hal_gpio.o(i.HAL_GPIO_DeInit) for HAL_GPIO_DeInit
    quadspi.o(i.HAL_QSPI_MspInit) refers to stm32f7xx_hal_gpio.o(i.HAL_GPIO_Init) for HAL_GPIO_Init
    quadspi.o(i.MX_QUADSPI_Init) refers to stm32f7xx_hal_qspi.o(i.HAL_QSPI_Init) for HAL_QSPI_Init
    quadspi.o(i.MX_QUADSPI_Init) refers to main.o(i._Error_Handler) for _Error_Handler
    quadspi.o(i.MX_QUADSPI_Init) refers to quadspi.o(.bss) for .bss
    dma.o(i.MX_DMA_Init) refers to stm32f7xx_hal_cortex.o(i.HAL_NVIC_SetPriority) for HAL_NVIC_SetPriority
    dma.o(i.MX_DMA_Init) refers to stm32f7xx_hal_cortex.o(i.HAL_NVIC_EnableIRQ) for HAL_NVIC_EnableIRQ
    stm32f7xx_hal_msp.o(i.HAL_MspInit) refers to stm32f7xx_hal_cortex.o(i.HAL_NVIC_SetPriorityGrouping) for HAL_NVIC_SetPriorityGrouping
    stm32f7xx_hal_msp.o(i.HAL_MspInit) refers to stm32f7xx_hal_cortex.o(i.HAL_NVIC_SetPriority) for HAL_NVIC_SetPriority
    stm32f7xx_it.o(i.DMA2_Stream0_IRQHandler) refers to stm32f7xx_hal_dma.o(i.HAL_DMA_IRQHandler) for HAL_DMA_IRQHandler
    stm32f7xx_it.o(i.DMA2_Stream0_IRQHandler) refers to adc.o(.bss) for hdma_adc1
    stm32f7xx_it.o(i.DMA2_Stream1_IRQHandler) refers to stm32f7xx_hal_dma.o(i.HAL_DMA_IRQHandler) for HAL_DMA_IRQHandler
    stm32f7xx_it.o(i.DMA2_Stream1_IRQHandler) refers to adc.o(.bss) for hdma_adc3
    stm32f7xx_it.o(i.DMA2_Stream2_IRQHandler) refers to stm32f7xx_hal_dma.o(i.HAL_DMA_IRQHandler) for HAL_DMA_IRQHandler
    stm32f7xx_it.o(i.DMA2_Stream2_IRQHandler) refers to adc.o(.bss) for hdma_adc2
    stm32f7xx_it.o(i.EXTI15_10_IRQHandler) refers to stm32f7xx_hal_gpio.o(i.HAL_GPIO_EXTI_IRQHandler) for HAL_GPIO_EXTI_IRQHandler
    stm32f7xx_it.o(i.SPI2_IRQHandler) refers to stm32f7xx_hal_spi.o(i.HAL_SPI_IRQHandler) for HAL_SPI_IRQHandler
    stm32f7xx_it.o(i.SPI2_IRQHandler) refers to spi.o(.bss) for hspi2
    stm32f7xx_it.o(i.SysTick_Handler) refers to stm32f7xx_hal.o(i.HAL_IncTick) for HAL_IncTick
    stm32f7xx_it.o(i.SysTick_Handler) refers to stm32f7xx_hal_cortex.o(i.HAL_SYSTICK_IRQHandler) for HAL_SYSTICK_IRQHandler
    stm32f7xx_it.o(i.SysTick_Handler) refers to uart_masterslave.o(i.uart_sysTickCallApp) for uart_sysTickCallApp
    stm32f7xx_it.o(i.SysTick_Handler) refers to spi_masterslave.o(i.spi_sysTickCallApp) for spi_sysTickCallApp
    stm32f7xx_it.o(i.TIM1_UP_TIM10_IRQHandler) refers to stm32f7xx_hal_tim.o(i.HAL_TIM_IRQHandler) for HAL_TIM_IRQHandler
    stm32f7xx_it.o(i.TIM1_UP_TIM10_IRQHandler) refers to tim.o(.bss) for htim1
    stm32f7xx_it.o(i.USART2_IRQHandler) refers to stm32f7xx_hal_uart.o(i.HAL_UART_IRQHandler) for HAL_UART_IRQHandler
    stm32f7xx_it.o(i.USART2_IRQHandler) refers to usart.o(.bss) for huart2
    adc.o(i.HAL_ADC_MspDeInit) refers to stm32f7xx_hal_gpio.o(i.HAL_GPIO_DeInit) for HAL_GPIO_DeInit
    adc.o(i.HAL_ADC_MspDeInit) refers to stm32f7xx_hal_dma.o(i.HAL_DMA_DeInit) for HAL_DMA_DeInit
    adc.o(i.HAL_ADC_MspInit) refers to stm32f7xx_hal_gpio.o(i.HAL_GPIO_Init) for HAL_GPIO_Init
    adc.o(i.HAL_ADC_MspInit) refers to stm32f7xx_hal_dma.o(i.HAL_DMA_Init) for HAL_DMA_Init
    adc.o(i.HAL_ADC_MspInit) refers to main.o(i._Error_Handler) for _Error_Handler
    adc.o(i.HAL_ADC_MspInit) refers to adc.o(.bss) for .bss
    adc.o(i.MX_ADC1_Init) refers to stm32f7xx_hal_adc.o(i.HAL_ADC_Init) for HAL_ADC_Init
[...]
    i.pullDataFromMaster                     0x0800667c   Section        0  configparams.o(i.pullDataFromMaster)
    i.pushDataToMaster                       0x08006a98   Section        0  commparams.o(i.pushDataToMaster)
    i.signal_spectra                         0x08006e08   Section        0  measurement_functions.o(i.signal_spectra)
    i.signal_thd                             0x08006eac   Section        0  measurement_functions.o(i.signal_thd)
    i.spectra                                0x08006f1c   Section        0  spectra.o(i.spectra)
    i.spi_initComApp                         0x08006fe0   Section        0  spi_masterslave.o(i.spi_initComApp)
    i.spi_runComApp                          0x08006fe4   Section        0  spi_masterslave.o(i.spi_runComApp)
    i.spi_sysTickCallApp                     0x08007368   Section        0  spi_masterslave.o(i.spi_sysTickCallApp)
    i.sym_comp                               0x080073ac   Section        0  measurement_functions.o(i.sym_comp)
    i.sym_mag                                0x08007434   Section        0  measurement_functions.o(i.sym_mag)
    i.thermal_status                         0x080075c0   Section        0  measurement_functions.o(i.thermal_status)
    i.trueRMS                                0x08007610   Section        0  truerms.o(i.trueRMS)
    i.true_rms                               0x0800767c   Section        0  measurement_functions.o(i.true_rms)
    i.uart_initComApp                        0x080076e4   Section        0  uart_masterslave.o(i.uart_initComApp)
    i.uart_runComApp                         0x080076f8   Section        0  uart_masterslave.o(i.uart_runComApp)
    i.uart_sysTickCallApp                    0x08007884   Section        0  uart_masterslave.o(i.uart_sysTickCallApp)
    .constdata                               0x080078c4   Section        8  stm32f7xx_hal_dma.o(.constdata)
    flagBitshiftOffset                       0x080078c4   Data           8  stm32f7xx_hal_dma.o(.constdata)
    .constdata                               0x080078cc   Section       16  system_stm32f7xx.o(.constdata)
    .constdata                               0x080078dc   Section        8  system_stm32f7xx.o(.constdata)
    .constdata                               0x080078e4   Section       16  fc50.o(.constdata)
    .constdata                               0x080078f4   Section       16  fc50n.o(.constdata)
    .constdata                               0x08007904   Section       20  fc51.o(.constdata)
    .constdata                               0x08007918   Section       20  fc51n.o(.constdata)
    .constdata                               0x0800792c   Section       16  fc27.o(.constdata)
    .constdata                               0x0800793c   Section       12  fc59.o(.constdata)
    .constdata                               0x08007948   Section       36  fc46.o(.constdata)
    .constdata                               0x0800796c   Section       36  fc49.o(.constdata)
    .constdata                               0x08007990   Section       24  fcbf.o(.constdata)
    .constdata                               0x080079a8   Section       20  fcunb.o(.constdata)
    .constdata                               0x080079bc   Section       32  fcpvp.o(.constdata)
    .constdata                               0x080079dc   Section      320  powf.o(.constdata)
    table                                    0x080079dc   Data         128  powf.o(.constdata)
    powersof2to1over16top                    0x08007a5c   Data          64  powf.o(.constdata)
    powersof2to1over16bot                    0x08007a9c   Data          64  powf.o(.constdata)
    powersof2to1over16all                    0x08007adc   Data          64  powf.o(.constdata)
    .data                                    0x20000000   Section        4  stm32f7xx_hal.o(.data)
    .data                                    0x20000004   Section        4  system_stm32f7xx.o(.data)
    .data                                    0x20000008   Section      108  init_protection.o(.data)
    .data                                    0x20000074   Section       24  fc27.o(.data)
    cs_qual                                  0x20000074   Data           1  fc27.o(.data)
    cs_counter                               0x20000078   Data           4  fc27.o(.data)
    .data                                    0x2000008c   Section       48  fc59.o(.data)
    .data                                    0x200000bc   Section       40  fc49.o(.data)
    therm_a_obj1                             0x200000cc   Data           4  fc49.o(.data)
    therm_b_obj1                             0x200000d0   Data           4  fc49.o(.data)
    therm_c_obj1                             0x200000d4   Data           4  fc49.o(.data)
    therm_a_obj2                             0x200000d8   Data           4  fc49.o(.data)
    therm_b_obj2                             0x200000dc   Data           4  fc49.o(.data)
    therm_c_obj2                             0x200000e0   Data           4  fc49.o(.data)
    .data                                    0x200000e4   Section       16  fcunb.o(.data)
    counter                                  0x200000e4   Data           1  fcunb.o(.data)
    .data                                    0x200000f4   Section      424  cs_handles.o(.data)
    .data                                    0x2000029c   Section        1  truerms.o(.data)
    counter                                  0x2000029c   Data           1  truerms.o(.data)
    .data                                    0x200002a0   Section      404  spectra.o(.data)
    count                                    0x200002a0   Data           4  spectra.o(.data)
    .data                                    0x20000434   Section        2  conversion.o(.data)
    dec                                      0x20000435   Data           1  conversion.o(.data)
    .data                                    0x20000438   Section        8  boardio.o(.data)
    .data                                    0x20000440   Section        8  configparams.o(.data)
    .data                                    0x20000448   Section        4  configparams.o(.data)
    .data                                    0x2000044c   Section        4  dataparsermerger.o(.data)
    .data                                    0x20000450   Section        4  errno.o(.data)
    _errno                                   0x20000450   Data           4  errno.o(.data)
    .bss                                     0x20000454   Section      128  tim.o(.bss)
    .bss                                     0x200004d4   Section       32  rtc.o(.bss)
    .bss                                     0x200004f4   Section       76  quadspi.o(.bss)
    .bss                                     0x20000540   Section      504  adc.o(.bss)
    .bss                                     0x20000738   Section       60  main.o(.bss)
    .bss                                     0x20000774   Section      112  usart.o(.bss)
    .bss                                     0x200007e4   Section      100  spi.o(.bss)
    .bss                                     0x20000848   Section      116  init_protection.o(.bss)
    .bss                                     0x200008bc   Section      312  fc50.o(.bss)
    .bss                                     0x200009f4   Section       84  fc50n.o(.bss)
    .bss                                     0x20000a48   Section       76  fc51.o(.bss)
    .bss                                     0x20000a94   Section       32  fc51n.o(.bss)
    .bss                                     0x20000ab4   Section       32  fc27.o(.bss)
    .bss                                     0x20000ad4   Section       24  fc59.o(.bss)
    .bss                                     0x20000aec   Section       60  fc46.o(.bss)
    .bss                                     0x20000b28   Section      104  fc49.o(.bss)
    .bss                                     0x20000b90   Section       36  fcbf.o(.bss)
    .bss                                     0x20000bb4   Section       32  fc37.o(.bss)
    .bss                                     0x20000bd4   Section      268  fcunb.o(.bss)
    UNBa_buffer                              0x20000c0c   Data         100  fcunb.o(.bss)
    UNBb_buffer                              0x20000c70   Data         100  fcunb.o(.bss)
    .bss                                     0x20000ce0   Section      716  fcpvp.o(.bss)
    peakBuffer                               0x20000d34   Data         600  fcpvp.o(.bss)
    .bss                                     0x20000fac   Section      292  pickup_handles.o(.bss)
    pick_buffer                              0x20000fc4   Data         268  pickup_handles.o(.bss)
    .bss                                     0x200010d0   Section     5168  cs_handles.o(.bss)
    .bss                                     0x20002500   Section     2520  truerms.o(.bss)
    .bss                                     0x20002ed8   Section     1116  spectra.o(.bss)
    .bss                                     0x20003334   Section      792  conversion.o(.bss)
    adc_values                               0x20003460   Data          60  conversion.o(.bss)
    dbuffer                                  0x2000349c   Data         432  conversion.o(.bss)
    .bss                                     0x2000364c   Section       32  conversion.o(.bss)
    .bss                                     0x2000366c   Section       36  powersysdata.o(.bss)
    .bss                                     0x20003690   Section       24  commparams.o(.bss)
    .bss                                     0x200036a8   Section     6032  spi_masterslave.o(.bss)
    .bss                                     0x20004e38   Section     3008  uart_masterslave.o(.bss)
    STACK                                    0x200059f8   Section     1024  startup_stm32f767xx.o(STACK)

    Global Symbols

    Symbol Name                              Value     Ov Type        Size  Object(Section)

    BuildAttributes$$THM_ISAv4$E$P$D$K$B$S$7EM$VFPv5_D16$PE$PLD8$A:L22UL41UL21$X:L11$S22US41US21$IEEE1$IW$USESV6$~STKCKD$USESV7$~SHL$OTIME$ROPI$IEEEX$EBA8$MICROLIB$REQ8$PRES8$EABIv2 0x00000000   Number         0  anon$$obj.o ABSOLUTE
    __ARM_use_no_argv                        0x00000000   Number         0  main.o ABSOLUTE
    __cpp_initialize__aeabi_                  - Undefined Weak Reference
    __cxa_finalize                            - Undefined Weak Reference
    _clock_init                               - Undefined Weak Reference
    _microlib_exit                            - Undefined Weak Reference
    __Vectors_Size                           0x000001f8   Number         0  startup_stm32f767xx.o ABSOLUTE
    __Vectors                                0x08000000   Data           4  startup_stm32f767xx.o(RESET)
    __Vectors_End                            0x080001f8   Data           0  startup_stm32f767xx.o(RESET)
    __main                                   0x080001f9   Thumb Code     0  entry.o(.ARM.Collect$$$$00000000)
    _main_stk                                0x080001f9   Thumb Code     0  entry2.o(.ARM.Collect$$$$00000001)
    _main_scatterload                        0x080001fd   Thumb Code     0  entry5.o(.ARM.Collect$$$$00000004)
    __main_after_scatterload                 0x08000201   Thumb Code     0  entry5.o(.ARM.Collect$$$$00000004)
    _main_clock                              0x08000201   Thumb Code     0  entry7b.o(.ARM.Collect$$$$00000008)
    _main_cpp_init                           0x08000201   Thumb Code     0  entry8b.o(.ARM.Collect$$$$0000000A)
    _main_init                               0x08000201   Thumb Code     0  entry9a.o(.ARM.Collect$$$$0000000B)
    __rt_final_cpp                           0x08000209   Thumb Code     0  entry10a.o(.ARM.Collect$$$$0000000D)
    __rt_final_exit                          0x08000209   Thumb Code     0  entry11a.o(.ARM.Collect$$$$0000000F)
    Reset_Handler                            0x0800020d   Thumb Code     8  startup_stm32f767xx.o(.text)
    ADC_IRQHandler                           0x08000227   Thumb Code     0  startup_stm32f767xx.o(.text)
    CAN1_RX0_IRQHandler                      0x08000227   Thumb Code     0  startup_stm32f767xx.o(.text)
    CAN1_RX1_IRQHandler                      0x08000227   Thumb Code     0  startup_stm32f767xx.o(.text)
    CAN1_SCE_IRQHandler                      0x08000227   Thumb Code     0  startup_stm32f767xx.o(.text)
    CAN1_TX_IRQHandler                       0x08000227   Thumb Code     0  startup_stm32f767xx.o(.text)
    CAN2_RX0_IRQHandler                      0x08000227   Thumb Code     0  startup_stm32f767xx.o(.text)
    CAN2_RX1_IRQHandler                      0x08000227   Thumb Code     0  startup_stm32f767xx.o(.text)
    CAN2_SCE_IRQHandler                      0x08000227   Thumb Code     0  startup_stm32f767xx.o(.text)
    CAN2_TX_IRQHandler                       0x08000227   Thumb Code     0  startup_stm32f767xx.o(.text)
    CAN3_RX0_IRQHandler                      0x08000227   Thumb Code     0  startup_stm32f767xx.o(.text)
    CAN3_RX1_IRQHandler                      0x08000227   Thumb Code     0  startup_stm32f767xx.o(.text)
    CAN3_SCE_IRQHandler                      0x08000227   Thumb Code     0  startup_stm32f767xx.o(.text)
    CAN3_TX_IRQHandler                       0x08000227   Thumb Code     0  startup_stm32f767xx.o(.text)
    CEC_IRQHandler                           0x08000227   Thumb Code     0  startup_stm32f767xx.o(.text)
    DCMI_IRQHandler                          0x08000227   Thumb Code     0  startup_stm32f767xx.o(.text)
    DFSDM1_FLT0_IRQHandler                   0x08000227   Thumb Code     0  startup_stm32f767xx.o(.text)
    DFSDM1_FLT1_IRQHandler                   0x08000227   Thumb Code     0  startup_stm32f767xx.o(.text)
    DFSDM1_FLT2_IRQHandler                   0x08000227   Thumb Code     0  startup_stm32f767xx.o(.text)
    DFSDM1_FLT3_IRQHandler                   0x08000227   Thumb Code     0  startup_stm32f767xx.o(.text)
    DMA1_Stream0_IRQHandler                  0x08000227   Thumb Code     0  startup_stm32f767xx.o(.text)
    DMA1_Stream1_IRQHandler                  0x08000227   Thumb Code     0  startup_stm32f767xx.o(.text)
    DMA1_Stream2_IRQHandler                  0x08000227   Thumb Code     0  startup_stm32f767xx.o(.text)
    DMA1_Stream3_IRQHandler                  0x08000227   Thumb Code     0  startup_stm32f767xx.o(.text)
    DMA1_Stream4_IRQHandler                  0x08000227   Thumb Code     0  startup_stm32f767xx.o(.text)
    DMA1_Stream5_IRQHandler                  0x08000227   Thumb Code     0  startup_stm32f767xx.o(.text)
    DMA1_Stream6_IRQHandler                  0x08000227   Thumb Code     0  startup_stm32f767xx.o(.text)
    DMA1_Stream7_IRQHandler                  0x08000227   Thumb Code     0  startup_stm32f767xx.o(.text)
    DMA2D_IRQHandler                         0x08000227   Thumb Code     0  startup_stm32f767xx.o(.text)
    DMA2_Stream3_IRQHandler                  0x08000227   Thumb Code     0  startup_stm32f767xx.o(.text)
    DMA2_Stream4_IRQHandler                  0x08000227   Thumb Code     0  startup_stm32f767xx.o(.text)
    DMA2_Stream5_IRQHandler                  0x08000227   Thumb Code     0  startup_stm32f767xx.o(.text)
    DMA2_Stream6_IRQHandler                  0x08000227   Thumb Code     0  startup_stm32f767xx.o(.text)
    DMA2_Stream7_IRQHandler                  0x08000227   Thumb Code     0  startup_stm32f767xx.o(.text)
    ETH_IRQHandler                           0x08000227   Thumb Code     0  startup_stm32f767xx.o(.text)
    ETH_WKUP_IRQHandler                      0x08000227   Thumb Code     0  startup_stm32f767xx.o(.text)
    EXTI0_IRQHandler                         0x08000227   Thumb Code     0  startup_stm32f767xx.o(.text)
    EXTI1_IRQHandler                         0x08000227   Thumb Code     0  startup_stm32f767xx.o(.text)
    EXTI2_IRQHandler                         0x08000227   Thumb Code     0  startup_stm32f767xx.o(.text)
    EXTI3_IRQHandler                         0x08000227   Thumb Code     0  startup_stm32f767xx.o(.text)
    EXTI4_IRQHandler                         0x08000227   Thumb Code     0  startup_stm32f767xx.o(.text)
    EXTI9_5_IRQHandler                       0x08000227   Thumb Code     0  startup_stm32f767xx.o(.text)
    FLASH_IRQHandler                         0x08000227   Thumb Code     0  startup_stm32f767xx.o(.text)
    FMC_IRQHandler                           0x08000227   Thumb Code     0  startup_stm32f767xx.o(.text)
    FPU_IRQHandler                           0x08000227   Thumb Code     0  startup_stm32f767xx.o(.text)
    I2C1_ER_IRQHandler                       0x08000227   Thumb Code     0  startup_stm32f767xx.o(.text)
    I2C1_EV_IRQHandler                       0x08000227   Thumb Code     0  startup_stm32f767xx.o(.text)
    I2C2_ER_IRQHandler                       0x08000227   Thumb Code     0  startup_stm32f767xx.o(.text)
    I2C2_EV_IRQHandler                       0x08000227   Thumb Code     0  startup_stm32f767xx.o(.text)
    I2C3_ER_IRQHandler                       0x08000227   Thumb Code     0  startup_stm32f767xx.o(.text)
    I2C3_EV_IRQHandler                       0x08000227   Thumb Code     0  startup_stm32f767xx.o(.text)
    I2C4_ER_IRQHandler                       0x08000227   Thumb Code     0  startup_stm32f767xx.o(.text)
    I2C4_EV_IRQHandler                       0x08000227   Thumb Code     0  startup_stm32f767xx.o(.text)
    JPEG_IRQHandler                          0x08000227   Thumb Code     0  startup_stm32f767xx.o(.text)
    LPTIM1_IRQHandler                        0x08000227   Thumb Code     0  startup_stm32f767xx.o(.text)
    LTDC_ER_IRQHandler                       0x08000227   Thumb Code     0  startup_stm32f767xx.o(.text)
    LTDC_IRQHandler                          0x08000227   Thumb Code     0  startup_stm32f767xx.o(.text)
    MDIOS_IRQHandler                         0x08000227   Thumb Code     0  startup_stm32f767xx.o(.text)
    OTG_FS_IRQHandler                        0x08000227   Thumb Code     0  startup_stm32f767xx.o(.text)
    OTG_FS_WKUP_IRQHandler                   0x08000227   Thumb Code     0  startup_stm32f767xx.o(.text)
    OTG_HS_EP1_IN_IRQHandler                 0x08000227   Thumb Code     0  startup_stm32f767xx.o(.text)
    OTG_HS_EP1_OUT_IRQHandler                0x08000227   Thumb Code     0  startup_stm32f767xx.o(.text)
    OTG_HS_IRQHandler                        0x08000227   Thumb Code     0  startup_stm32f767xx.o(.text)
    OTG_HS_WKUP_IRQHandler                   0x08000227   Thumb Code     0  startup_stm32f767xx.o(.text)
    PVD_IRQHandler                           0x08000227   Thumb Code     0  startup_stm32f767xx.o(.text)
    QUADSPI_IRQHandler                       0x08000227   Thumb Code     0  startup_stm32f767xx.o(.text)
    RCC_IRQHandler                           0x08000227   Thumb Code     0  startup_stm32f767xx.o(.text)
    RNG_IRQHandler                           0x08000227   Thumb Code     0  startup_stm32f767xx.o(.text)
    RTC_Alarm_IRQHandler                     0x08000227   Thumb Code     0  startup_stm32f767xx.o(.text)
    RTC_WKUP_IRQHandler                      0x08000227   Thumb Code     0  startup_stm32f767xx.o(.text)
    SAI1_IRQHandler                          0x08000227   Thumb Code     0  startup_stm32f767xx.o(.text)
    SAI2_IRQHandler                          0x08000227   Thumb Code     0  startup_stm32f767xx.o(.text)
    SDMMC1_IRQHandler                        0x08000227   Thumb Code     0  startup_stm32f767xx.o(.text)
    SDMMC2_IRQHandler                        0x08000227   Thumb Code     0  startup_stm32f767xx.o(.text)
    SPDIF_RX_IRQHandler                      0x08000227   Thumb Code     0  startup_stm32f767xx.o(.text)
    SPI1_IRQHandler                          0x08000227   Thumb Code     0  startup_stm32f767xx.o(.text)
    SPI3_IRQHandler                          0x08000227   Thumb Code     0  startup_stm32f767xx.o(.text)
    SPI4_IRQHandler                          0x08000227   Thumb Code     0  startup_stm32f767xx.o(.text)
    SPI5_IRQHandler                          0x08000227   Thumb Code     0  startup_stm32f767xx.o(.text)
    SPI6_IRQHandler                          0x08000227   Thumb Code     0  startup_stm32f767xx.o(.text)
    TAMP_STAMP_IRQHandler                    0x08000227   Thumb Code     0  startup_stm32f767xx.o(.text)
    TIM1_BRK_TIM9_IRQHandler                 0x08000227   Thumb Code     0  startup_stm32f767xx.o(.text)
    TIM1_CC_IRQHandler                       0x08000227   Thumb Code     0  startup_stm32f767xx.o(.text)
    TIM1_TRG_COM_TIM11_IRQHandler            0x08000227   Thumb Code     0  startup_stm32f767xx.o(.text)
    TIM2_IRQHandler                          0x08000227   Thumb Code     0  startup_stm32f767xx.o(.text)
    TIM3_IRQHandler                          0x08000227   Thumb Code     0  startup_stm32f767xx.o(.text)
    TIM4_IRQHandler                          0x08000227   Thumb Code     0  startup_stm32f767xx.o(.text)
    TIM5_IRQHandler                          0x08000227   Thumb Code     0  startup_stm32f767xx.o(.text)
    TIM6_DAC_IRQHandler                      0x08000227   Thumb Code     0  startup_stm32f767xx.o(.text)
    TIM7_IRQHandler                          0x08000227   Thumb Code     0  startup_stm32f767xx.o(.text)
    TIM8_BRK_TIM12_IRQHandler                0x08000227   Thumb Code     0  startup_stm32f767xx.o(.text)
    TIM8_CC_IRQHandler                       0x08000227   Thumb Code     0  startup_stm32f767xx.o(.text)
    TIM8_TRG_COM_TIM14_IRQHandler            0x08000227   Thumb Code     0  startup_stm32f767xx.o(.text)
    TIM8_UP_TIM13_IRQHandler                 0x08000227   Thumb Code     0  startup_stm32f767xx.o(.text)
    UART4_IRQHandler                         0x08000227   Thumb Code     0  startup_stm32f767xx.o(.text)
    UART5_IRQHandler                         0x08000227   Thumb Code     0  startup_stm32f767xx.o(.text)
    UART7_IRQHandler                         0x08000227   Thumb Code     0  startup_stm32f767xx.o(.text)
    UART8_IRQHandler                         0x08000227   Thumb Code     0  startup_stm32f767xx.o(.text)
    USART1_IRQHandler                        0x08000227   Thumb Code     0  startup_stm32f767xx.o(.text)
    USART3_IRQHandler                        0x08000227   Thumb Code     0  startup_stm32f767xx.o(.text)
    USART6_IRQHandler                        0x08000227   Thumb Code     0  startup_stm32f767xx.o(.text)
    WWDG_IRQHandler                          0x08000227   Thumb Code     0  startup_stm32f767xx.o(.text)
    __aeabi_memcpy                           0x08000231   Thumb Code    36  memcpya.o(.text)
    __aeabi_memcpy4                          0x08000231   Thumb Code     0  memcpya.o(.text)
    __aeabi_memcpy8                          0x08000231   Thumb Code     0  memcpya.o(.text)
    __I$use$fp                               0x08000255   Thumb Code     0  iusefp.o(.text)
    __fp_status                              0x08000255   Thumb Code     4  fpstat.o(.text)
    __ieee_status                            0x08000255   Thumb Code     0  fpstat.o(.text)
    __scatterload                            0x08000259   Thumb Code    28  init.o(.text)
    __scatterload_rt2                        0x08000259   Thumb Code     0  init.o(.text)
    __decompress                             0x0800027d   Thumb Code     0  __dclz77c.o(.text)
    __decompress2                            0x0800027d   Thumb Code    94  __dclz77c.o(.text)
    BusFault_Handler                         0x08000483   Thumb Code     2  stm32f7xx_it.o(i.BusFault_Handler)
    DMA2_Stream0_IRQHandler                  0x08000485   Thumb Code     6  stm32f7xx_it.o(i.DMA2_Stream0_IRQHandler)
    DMA2_Stream1_IRQHandler                  0x08000491   Thumb Code     6  stm32f7xx_it.o(i.DMA2_Stream1_IRQHandler)
    DMA2_Stream2_IRQHandler                  0x0800049d   Thumb Code     6  stm32f7xx_it.o(i.DMA2_Stream2_IRQHandler)
    DebugMon_Handler                         0x0800054d   Thumb Code     2  stm32f7xx_it.o(i.DebugMon_Handler)
    EXTI15_10_IRQHandler                     0x0800054f   Thumb Code     8  stm32f7xx_it.o(i.EXTI15_10_IRQHandler)
    HAL_ADCEx_MultiModeConfigChannel         0x08000559   Thumb Code   102  stm32f7xx_hal_adc_ex.o(i.HAL_ADCEx_MultiModeConfigChannel)
    HAL_ADCEx_MultiModeStart_DMA             0x080005c5   Thumb Code   226  stm32f7xx_hal_adc_ex.o(i.HAL_ADCEx_MultiModeStart_DMA)
    HAL_ADC_ConfigChannel                    0x080006c5   Thumb Code   338  stm32f7xx_hal_adc.o(i.HAL_ADC_ConfigChannel)
    HAL_ADC_ConvCpltCallback                 0x08000829   Thumb Code   486  conversion.o(i.HAL_ADC_ConvCpltCallback)
    HAL_ADC_ConvHalfCpltCallback             0x08000a1d   Thumb Code     2  stm32f7xx_hal_adc.o(i.HAL_ADC_ConvHalfCpltCallback)
    HAL_ADC_ErrorCallback                    0x08000a1f   Thumb Code     2  stm32f7xx_hal_adc.o(i.HAL_ADC_ErrorCallback)
    HAL_ADC_Init                             0x08000a21   Thumb Code    84  stm32f7xx_hal_adc.o(i.HAL_ADC_Init)
    HAL_ADC_MspInit                          0x08000a75   Thumb Code   310  adc.o(i.HAL_ADC_MspInit)
    HAL_ADC_Start                            0x08000be1   Thumb Code   170  stm32f7xx_hal_adc.o(i.HAL_ADC_Start)
    HAL_DMA_Abort_IT                         0x08000c99   Thumb Code    36  stm32f7xx_hal_dma.o(i.HAL_DMA_Abort_IT)
    HAL_DMA_IRQHandler                       0x08000cbd   Thumb Code   414  stm32f7xx_hal_dma.o(i.HAL_DMA_IRQHandler)
    HAL_DMA_Init                             0x08000e65   Thumb Code   222  stm32f7xx_hal_dma.o(i.HAL_DMA_Init)
    HAL_DMA_Start_IT                         0x08000f49   Thumb Code   122  stm32f7xx_hal_dma.o(i.HAL_DMA_Start_IT)
    HAL_GPIO_EXTI_Callback                   0x08000fc3   Thumb Code     2  stm32f7xx_hal_gpio.o(i.HAL_GPIO_EXTI_Callback)
    HAL_GPIO_EXTI_IRQHandler                 0x08000fc5   Thumb Code    18  stm32f7xx_hal_gpio.o(i.HAL_GPIO_EXTI_IRQHandler)
    HAL_GPIO_Init                            0x08000fdd   Thumb Code   418  stm32f7xx_hal_gpio.o(i.HAL_GPIO_Init)
    HAL_GPIO_WritePin                        0x080011b5   Thumb Code    10  stm32f7xx_hal_gpio.o(i.HAL_GPIO_WritePin)
    HAL_GetTick                              0x080011c1   Thumb Code     6  stm32f7xx_hal.o(i.HAL_GetTick)
    HAL_IncTick                              0x080011cd   Thumb Code    10  stm32f7xx_hal.o(i.HAL_IncTick)
    HAL_Init                                 0x080011dd   Thumb Code    22  stm32f7xx_hal.o(i.HAL_Init)
    HAL_InitTick                             0x080011f5   Thumb Code    34  stm32f7xx_hal.o(i.HAL_InitTick)
    HAL_MspInit                              0x0800121d   Thumb Code    88  stm32f7xx_hal_msp.o(i.HAL_MspInit)
    HAL_NVIC_EnableIRQ                       0x08001275   Thumb Code    22  stm32f7xx_hal_cortex.o(i.HAL_NVIC_EnableIRQ)
    HAL_NVIC_SetPriority                     0x0800128d   Thumb Code    60  stm32f7xx_hal_cortex.o(i.HAL_NVIC_SetPriority)
    HAL_NVIC_SetPriorityGrouping             0x080012cd   Thumb Code    28  stm32f7xx_hal_cortex.o(i.HAL_NVIC_SetPriorityGrouping)
    HAL_PWREx_EnableOverDrive                0x080012f1   Thumb Code   100  stm32f7xx_hal_pwr_ex.o(i.HAL_PWREx_EnableOverDrive)
    HAL_QSPI_Init                            0x0800135d   Thumb Code   184  stm32f7xx_hal_qspi.o(i.HAL_QSPI_Init)
    HAL_QSPI_MspInit                         0x0800141d   Thumb Code   110  quadspi.o(i.HAL_QSPI_MspInit)
    HAL_RCCEx_PeriphCLKConfig                0x0800149d   Thumb Code  1336  stm32f7xx_hal_rcc_ex.o(i.HAL_RCCEx_PeriphCLKConfig)
    HAL_RCC_ClockConfig                      0x080019d9   Thumb Code   258  stm32f7xx_hal_rcc.o(i.HAL_RCC_ClockConfig)
    HAL_RCC_GetHCLKFreq                      0x08001aed   Thumb Code     6  stm32f7xx_hal_rcc.o(i.HAL_RCC_GetHCLKFreq)
    HAL_RCC_GetPCLK1Freq                     0x08001af9   Thumb Code    20  stm32f7xx_hal_rcc.o(i.HAL_RCC_GetPCLK1Freq)
    HAL_RCC_GetPCLK2Freq                     0x08001b19   Thumb Code    20  stm32f7xx_hal_rcc.o(i.HAL_RCC_GetPCLK2Freq)
    HAL_RCC_GetSysClockFreq                  0x08001b39   Thumb Code    84  stm32f7xx_hal_rcc.o(i.HAL_RCC_GetSysClockFreq)
    HAL_RCC_OscConfig                        0x08001b99   Thumb Code   814  stm32f7xx_hal_rcc.o(i.HAL_RCC_OscConfig)
    HAL_RTC_Init                             0x08001ed5   Thumb Code   156  stm32f7xx_hal_rtc.o(i.HAL_RTC_Init)
    HAL_RTC_MspInit                          0x08001f75   Thumb Code    20  rtc.o(i.HAL_RTC_MspInit)
    HAL_SPI_ErrorCallback                    0x08001f91   Thumb Code     2  stm32f7xx_hal_spi.o(i.HAL_SPI_ErrorCallback)
    HAL_SPI_IRQHandler                       0x08001f95   Thumb Code   210  stm32f7xx_hal_spi.o(i.HAL_SPI_IRQHandler)
    HAL_SPI_Init                             0x0800206d   Thumb Code   196  stm32f7xx_hal_spi.o(i.HAL_SPI_Init)
    HAL_SPI_MspInit                          0x08002131   Thumb Code    74  spi.o(i.HAL_SPI_MspInit)
    HAL_SPI_Transmit_IT                      0x08002189   Thumb Code   140  stm32f7xx_hal_spi.o(i.HAL_SPI_Transmit_IT)
    HAL_SPI_TxCpltCallback                   0x0800221d   Thumb Code    24  spi_masterslave.o(i.HAL_SPI_TxCpltCallback)
    HAL_SYSTICK_CLKSourceConfig              0x0800223d   Thumb Code    24  stm32f7xx_hal_cortex.o(i.HAL_SYSTICK_CLKSourceConfig)
    HAL_SYSTICK_Callback                     0x08002255   Thumb Code     2  stm32f7xx_hal_cortex.o(i.HAL_SYSTICK_Callback)
    HAL_SYSTICK_Config                       0x08002257   Thumb Code    38  stm32f7xx_hal_cortex.o(i.HAL_SYSTICK_Config)
    HAL_SYSTICK_IRQHandler                   0x0800227d   Thumb Code     8  stm32f7xx_hal_cortex.o(i.HAL_SYSTICK_IRQHandler)
    HAL_TIMEx_BreakCallback                  0x08002285   Thumb Code     2  stm32f7xx_hal_tim_ex.o(i.HAL_TIMEx_BreakCallback)
    HAL_TIMEx_CommutationCallback            0x08002287   Thumb Code     2  stm32f7xx_hal_tim_ex.o(i.HAL_TIMEx_CommutationCallback)
    HAL_TIMEx_MasterConfigSynchronization    0x08002289   Thumb Code    78  stm32f7xx_hal_tim_ex.o(i.HAL_TIMEx_MasterConfigSynchronization)
    HAL_TIM_Base_Init                        0x080022e1   Thumb Code    54  stm32f7xx_hal_tim.o(i.HAL_TIM_Base_Init)
    HAL_TIM_Base_MspInit                     0x08002319   Thumb Code    76  tim.o(i.HAL_TIM_Base_MspInit)
    HAL_TIM_Base_Start_IT                    0x08002371   Thumb Code    24  stm32f7xx_hal_tim.o(i.HAL_TIM_Base_Start_IT)
    HAL_TIM_ConfigClockSource                0x08002389   Thumb Code   246  stm32f7xx_hal_tim.o(i.HAL_TIM_ConfigClockSource)
    HAL_TIM_IC_CaptureCallback               0x08002485   Thumb Code     2  stm32f7xx_hal_tim.o(i.HAL_TIM_IC_CaptureCallback)
    HAL_TIM_IRQHandler                       0x08002487   Thumb Code   382  stm32f7xx_hal_tim.o(i.HAL_TIM_IRQHandler)
    HAL_TIM_OC_DelayElapsedCallback          0x08002605   Thumb Code     2  stm32f7xx_hal_tim.o(i.HAL_TIM_OC_DelayElapsedCallback)
    HAL_TIM_PWM_PulseFinishedCallback        0x08002607   Thumb Code     2  stm32f7xx_hal_tim.o(i.HAL_TIM_PWM_PulseFinishedCallback)
    HAL_TIM_PeriodElapsedCallback            0x08002609   Thumb Code     2  stm32f7xx_hal_tim.o(i.HAL_TIM_PeriodElapsedCallback)
    HAL_TIM_TriggerCallback                  0x0800260b   Thumb Code     2  stm32f7xx_hal_tim.o(i.HAL_TIM_TriggerCallback)
    HAL_UART_ErrorCallback                   0x0800260d   Thumb Code     2  stm32f7xx_hal_uart.o(i.HAL_UART_ErrorCallback)
    HAL_UART_IRQHandler                      0x08002611   Thumb Code   372  stm32f7xx_hal_uart.o(i.HAL_UART_IRQHandler)
    HAL_UART_Init                            0x08002789   Thumb Code   106  stm32f7xx_hal_uart.o(i.HAL_UART_Init)
    HAL_UART_MspInit                         0x080027f5   Thumb Code    72  usart.o(i.HAL_UART_MspInit)
    HAL_UART_Receive_IT                      0x08002849   Thumb Code   142  stm32f7xx_hal_uart.o(i.HAL_UART_Receive_IT)
    HAL_UART_RxCpltCallback                  0x080028d9   Thumb Code    72  uart_masterslave.o(i.HAL_UART_RxCpltCallback)
    HAL_UART_TxCpltCallback                  0x08002929   Thumb Code    26  uart_masterslave.o(i.HAL_UART_TxCpltCallback)
    HardFault_Handler                        0x08002949   Thumb Code     2  stm32f7xx_it.o(i.HardFault_Handler)
    MX_ADC1_Init                             0x0800294d   Thumb Code   218  adc.o(i.MX_ADC1_Init)
    MX_ADC2_Init                             0x08002a41   Thumb Code   174  adc.o(i.MX_ADC2_Init)
    MX_ADC3_Init                             0x08002b09   Thumb Code   176  adc.o(i.MX_ADC3_Init)
    MX_DMA_Init                              0x08002bd1   Thumb Code    40  dma.o(i.MX_DMA_Init)
    MX_GPIO_Init                             0x08002bfd   Thumb Code   514  gpio.o(i.MX_GPIO_Init)
    MX_QUADSPI_Init                          0x08002e25   Thumb Code    52  quadspi.o(i.MX_QUADSPI_Init)
    MX_RTC_Init                              0x08002e75   Thumb Code    48  rtc.o(i.MX_RTC_Init)
    MX_SPI2_Init                             0x08002ebd   Thumb Code    74  spi.o(i.MX_SPI2_Init)
    MX_TIM1_Init                             0x08002f21   Thumb Code    98  tim.o(i.MX_TIM1_Init)
    MX_TIM6_Init                             0x08002f9d   Thumb Code    62  tim.o(i.MX_TIM6_Init)
    MX_USART2_UART_Init                      0x08002ff5   Thumb Code    56  usart.o(i.MX_USART2_UART_Init)
    MemManage_Handler                        0x08003045   Thumb Code     2  stm32f7xx_it.o(i.MemManage_Handler)
    NMI_Handler                              0x08003047   Thumb Code     2  stm32f7xx_it.o(i.NMI_Handler)
    PendSV_Handler                           0x0800306b   Thumb Code     2  stm32f7xx_it.o(i.PendSV_Handler)
    RTC_EnterInitMode                        0x080030b5   Thumb Code    58  stm32f7xx_hal_rtc.o(i.RTC_EnterInitMode)
    SPI2_IRQHandler                          0x080030f1   Thumb Code     6  stm32f7xx_it.o(i.SPI2_IRQHandler)
    SVC_Handler                              0x0800330d   Thumb Code     2  stm32f7xx_it.o(i.SVC_Handler)
    SysTick_Handler                          0x0800330f   Thumb Code    22  stm32f7xx_it.o(i.SysTick_Handler)
    SystemClock_Config                       0x08003325   Thumb Code   184  main.o(i.SystemClock_Config)
    SystemInit                               0x080033e5   Thumb Code    68  system_stm32f7xx.o(i.SystemInit)
    TIM1_UP_TIM10_IRQHandler                 0x08003439   Thumb Code     6  stm32f7xx_it.o(i.TIM1_UP_TIM10_IRQHandler)
    TIM_Base_SetConfig                       0x08003445   Thumb Code   158  stm32f7xx_hal_tim.o(i.TIM_Base_SetConfig)
    TIM_ETR_SetConfig                        0x08003511   Thumb Code    18  stm32f7xx_hal_tim.o(i.TIM_ETR_SetConfig)
    UART_AdvFeatureConfig                    0x08003579   Thumb Code   200  stm32f7xx_hal_uart.o(i.UART_AdvFeatureConfig)
    UART_CheckIdleState                      0x08003641   Thumb Code    64  stm32f7xx_hal_uart.o(i.UART_CheckIdleState)
    UART_SetConfig                           0x08003729   Thumb Code   550  stm32f7xx_hal_uart.o(i.UART_SetConfig)
    UART_WaitOnFlagUntilTimeout              0x08003981   Thumb Code   100  stm32f7xx_hal_uart.o(i.UART_WaitOnFlagUntilTimeout)
    USART2_IRQHandler                        0x080039e5   Thumb Code     6  stm32f7xx_it.o(i.USART2_IRQHandler)
    UsageFault_Handler                       0x080039f1   Thumb Code     2  stm32f7xx_it.o(i.UsageFault_Handler)
    _Error_Handler                           0x080039f3   Thumb Code     2  main.o(i._Error_Handler)
    __ARM_fpclassifyf                        0x080039f5   Thumb Code    38  fpclassifyf.o(i.__ARM_fpclassifyf)
    __hardfp_atan2f                          0x08003a1d   Thumb Code   502  atan2f.o(i.__hardfp_atan2f)
    __hardfp_powf                            0x08003c75   Thumb Code  1590  powf.o(i.__hardfp_powf)
    __mathlib_powf                           0x08003c75   Thumb Code     0  powf.o(i.__hardfp_powf)
    __hardfp_sqrtf                           0x080042cd   Thumb Code    58  sqrtf.o(i.__hardfp_sqrtf)
    __mathlib_flt_divzero                    0x08004309   Thumb Code    14  funder.o(i.__mathlib_flt_divzero)
    __mathlib_flt_infnan2                    0x08004321   Thumb Code     6  funder.o(i.__mathlib_flt_infnan2)
    __mathlib_flt_invalid                    0x08004329   Thumb Code    10  funder.o(i.__mathlib_flt_invalid)
    __mathlib_flt_overflow                   0x08004339   Thumb Code    10  funder.o(i.__mathlib_flt_overflow)
    __mathlib_flt_underflow                  0x08004349   Thumb Code    10  funder.o(i.__mathlib_flt_underflow)
    __scatterload_copy                       0x08004359   Thumb Code    14  handlers.o(i.__scatterload_copy)
    __scatterload_null                       0x08004367   Thumb Code     2  handlers.o(i.__scatterload_null)
    __scatterload_zeroinit                   0x08004369   Thumb Code    14  handlers.o(i.__scatterload_zeroinit)
    __set_errno                              0x08004379   Thumb Code     6  errno.o(i.__set_errno)
    cs_computations                          0x08004385   Thumb Code   292  measurement_functions.o(i.cs_computations)
    cs_generation                            0x080044b9   Thumb Code   178  measurement_functions.o(i.cs_generation)
    cs_handle_tick1                          0x0800456d   Thumb Code   154  cs_handles.o(i.cs_handle_tick1)
    cs_handle_tick2                          0x0800461d   Thumb Code   154  cs_handles.o(i.cs_handle_tick2)
    cs_handle_tick3                          0x080046d1   Thumb Code   154  cs_handles.o(i.cs_handle_tick3)
    cs_handle_tick4                          0x08004785   Thumb Code   202  cs_handles.o(i.cs_handle_tick4)
    cs_handle_tick5                          0x08004859   Thumb Code   250  cs_handles.o(i.cs_handle_tick5)
    cs_handles                               0x08004979   Thumb Code    26  cs_handles.o(i.cs_handles)
    dpm_mergeDWord                           0x08004993   Thumb Code   108  dataparsermerger.o(i.dpm_mergeDWord)
    dpm_mergeFloat                           0x08004a01   Thumb Code    92  dataparsermerger.o(i.dpm_mergeFloat)
    dpm_parseDWord                           0x08004a61   Thumb Code    82  dataparsermerger.o(i.dpm_parseDWord)
    dpm_parseFloat                           0x08004ab5   Thumb Code    92  dataparsermerger.o(i.dpm_parseFloat)
    fc27                                     0x08004b15   Thumb Code   146  protection_functions.o(i.fc27)
    fc27_all                                 0x08004bad   Thumb Code   180  fc27.o(i.fc27_all)
    fc27_init                                0x08004c79   Thumb Code    16  fc27.o(i.fc27_init)
    fc37_init                                0x08004c91   Thumb Code     2  fc37.o(i.fc37_init)
    fc46_all                                 0x08004c95   Thumb Code    90  fc46.o(i.fc46_all)
    fc46_init                                0x08004d01   Thumb Code    84  fc46.o(i.fc46_init)
    fc46d                                    0x08004d65   Thumb Code   288  protection_functions.o(i.fc46d)
    fc46i                                    0x08004e8d   Thumb Code   262  protection_functions.o(i.fc46i)
    fc49                                     0x08004fa9   Thumb Code    68  protection_functions.o(i.fc49)
    fc49_all                                 0x08004fed   Thumb Code   414  fc49.o(i.fc49_all)
    fc49_init                                0x0800519d   Thumb Code    86  fc49.o(i.fc49_init)
    fc50                                     0x08005201   Thumb Code   252  protection_functions.o(i.fc50)
    fc50N_all                                0x08005301   Thumb Code   126  fc50n.o(i.fc50N_all)
    fc50N_init                               0x08005395   Thumb Code    18  fc50n.o(i.fc50N_init)
    fc50_all                                 0x080053b1   Thumb Code   510  fc50.o(i.fc50_all)
    fc50_init                                0x080055c5   Thumb Code    30  fc50.o(i.fc50_init)
    fc51                                     0x080055ed   Thumb Code   222  protection_functions.o(i.fc51)
    fc51N_all                                0x080056dd   Thumb Code    44  fc51n.o(i.fc51N_all)
    fc51N_init                               0x0800571d   Thumb Code    68  fc51n.o(i.fc51N_init)
    fc51_all                                 0x08005771   Thumb Code   208  fc51.o(i.fc51_all)
    fc51_init                                0x08005855   Thumb Code    80  fc51.o(i.fc51_init)
    fc59                                     0x080058b5   Thumb Code   118  protection_functions.o(i.fc59)
    fc59_all                                 0x08005931   Thumb Code   128  fc59.o(i.fc59_all)
    fc59_init                                0x080059c1   Thumb Code    12  fc59.o(i.fc59_init)
    fcBF                                     0x080059d5   Thumb Code   270  protection_functions.o(i.fcBF)
    fcBF_all                                 0x08005ae9   Thumb Code    68  fcbf.o(i.fcBF_all)
    fcBF_init                                0x08005b39   Thumb Code    54  fcbf.o(i.fcBF_init)
    fcPVP_init                               0x08005b7d   Thumb Code    84  fcpvp.o(i.fcPVP_init)
    fcUNB_init                               0x08005be1   Thumb Code    28  fcunb.o(i.fcUNB_init)
    initFunctions                            0x08005c09   Thumb Code    54  initfunctions.o(i.initFunctions)
    init_protection                          0x08005c41   Thumb Code  2178  init_protection.o(i.init_protection)
    main                                     0x080064dd   Thumb Code   156  main.o(i.main)
    main_flow                                0x08006591   Thumb Code    54  main_flow.o(i.main_flow)
    on_off_delay                             0x080065c7   Thumb Code    44  protection_functions.o(i.on_off_delay)
    prefilter                                0x080065f3   Thumb Code   138  measurement_functions.o(i.prefilter)
    pullDataFromMaster                       0x0800667d   Thumb Code   912  configparams.o(i.pullDataFromMaster)
    pushDataToMaster                         0x08006a99   Thumb Code   800  commparams.o(i.pushDataToMaster)
    signal_spectra                           0x08006e09   Thumb Code   158  measurement_functions.o(i.signal_spectra)
    signal_thd                               0x08006ead   Thumb Code   104  measurement_functions.o(i.signal_thd)
    spectra                                  0x08006f1d   Thumb Code   170  spectra.o(i.spectra)
    spi_initComApp                           0x08006fe1   Thumb Code     2  spi_masterslave.o(i.spi_initComApp)
    spi_runComApp                            0x08006fe5   Thumb Code   886  spi_masterslave.o(i.spi_runComApp)
    spi_sysTickCallApp                       0x08007369   Thumb Code    62  spi_masterslave.o(i.spi_sysTickCallApp)
    sym_comp                                 0x080073ad   Thumb Code   126  measurement_functions.o(i.sym_comp)
    sym_mag                                  0x08007435   Thumb Code   386  measurement_functions.o(i.sym_mag)
    thermal_status                           0x080075c1   Thumb Code    80  measurement_functions.o(i.thermal_status)
    trueRMS                                  0x08007611   Thumb Code    94  truerms.o(i.trueRMS)
    true_rms                                 0x0800767d   Thumb Code    98  measurement_functions.o(i.true_rms)
    uart_initComApp                          0x080076e5   Thumb Code    10  uart_masterslave.o(i.uart_initComApp)
    uart_runComApp                           0x080076f9   Thumb Code   382  uart_masterslave.o(i.uart_runComApp)
    uart_sysTickCallApp                      0x08007885   Thumb Code    60  uart_masterslave.o(i.uart_sysTickCallApp)
    AHBPrescTable                            0x080078cc   Data          16  system_stm32f7xx.o(.constdata)
    APBPrescTable                            0x080078dc   Data           8  system_stm32f7xx.o(.constdata)
    Region$$Table$$Base                      0x08007b1c   Number         0  anon$$obj.o(Region$$Table)
    Region$$Table$$Limit                     0x08007b3c   Number         0  anon$$obj.o(Region$$Table)
    uwTick                                   0x20000000   Data           4  stm32f7xx_hal.o(.data)
    SystemCoreClock                          0x20000004   Data           4  system_stm32f7xx.o(.data)
    curve                                    0x20000008   Data           1  init_protection.o(.data)
    cSelect1                                 0x2000000c   Data           4  init_protection.o(.data)
    cSelect2                                 0x20000010   Data           4  init_protection.o(.data)
    curve_data                               0x20000014   Data          96  init_protection.o(.data)
    fc27_obj1_L1_out                         0x2000007c   Data           8  fc27.o(.data)
    fc27_obj1_L2_out                         0x20000084   Data           8  fc27.o(.data)
    fc59_obj1_L1_out_a                       0x2000008c   Data           8  fc59.o(.data)
    fc59_obj1_L1_out_b                       0x20000094   Data           8  fc59.o(.data)
    fc59_obj1_L1_out_c                       0x2000009c   Data           8  fc59.o(.data)
    fc59_obj1_L2_out_a                       0x200000a4   Data           8  fc59.o(.data)
    fc59_obj1_L2_out_b                       0x200000ac   Data           8  fc59.o(.data)
    fc59_obj1_L2_out_c                       0x200000b4   Data           8  fc59.o(.data)
    fc49_obj1_L1_out_a                       0x200000bc   Data           4  fc49.o(.data)
    fc49_obj1_L2_out_a                       0x200000c0   Data           4  fc49.o(.data)
    fc49_obj2_L1_out_a                       0x200000c4   Data           4  fc49.o(.data)
    fc49_obj2_L2_out_a                       0x200000c8   Data           4  fc49.o(.data)
    UNBpcorrection                           0x200000e8   Data           4  fcunb.o(.data)
    fcUNBi_obj1_L1_in                        0x200000ec   Data           8  fcunb.o(.data)
    n                                        0x200000f4   Data           8  cs_handles.o(.data)
    UNBa                                     0x200000fc   Data           8  cs_handles.o(.data)
    UNBb                                     0x20000104   Data           8  cs_handles.o(.data)
    sin_coeffs                               0x2000010c   Data         200  cs_handles.o(.data)
    cos_coeffs                               0x200001d4   Data         200  cs_handles.o(.data)
    coeffs_real                              0x200002a4   Data         200  spectra.o(.data)
    coeffs_imag                              0x2000036c   Data         200  spectra.o(.data)
    conversion_completed                     0x20000434   Data           1  conversion.o(.data)
    DI                                       0x20000438   Data           4  boardio.o(.data)
    DO                                       0x2000043c   Data           4  boardio.o(.data)
    mSelect                                  0x20000440   Data           4  configparams.o(.data)
    pFlag                                    0x20000444   Data           4  configparams.o(.data)
    pEN                                      0x20000448   Data           4  configparams.o(.data)
    typeCnv                                  0x2000044c   Data           4  dataparsermerger.o(.data)
    htim1                                    0x20000454   Data          64  tim.o(.bss)
    htim6                                    0x20000494   Data          64  tim.o(.bss)
    hrtc                                     0x200004d4   Data          32  rtc.o(.bss)
    hqspi                                    0x200004f4   Data          76  quadspi.o(.bss)
    hadc1                                    0x20000540   Data          72  adc.o(.bss)
    hadc2                                    0x20000588   Data          72  adc.o(.bss)
    hadc3                                    0x200005d0   Data          72  adc.o(.bss)
    hdma_adc1                                0x20000618   Data          96  adc.o(.bss)
    hdma_adc2                                0x20000678   Data          96  adc.o(.bss)
    hdma_adc3                                0x200006d8   Data          96  adc.o(.bss)
    adc_values                               0x20000738   Data          60  main.o(.bss)
    huart2                                   0x20000774   Data         112  usart.o(.bss)
    hspi2                                    0x200007e4   Data         100  spi.o(.bss)
    EN                                       0x20000848   Data         116  init_protection.o(.bss)
    fc50_obj1_L1_out_a                       0x200008bc   Data          12  fc50.o(.bss)
    fc50_obj1_L1_out_b                       0x200008c8   Data          12  fc50.o(.bss)
    fc50_obj1_L1_out_c                       0x200008d4   Data          12  fc50.o(.bss)
    fc50_obj1_L2_out_a                       0x200008e0   Data          12  fc50.o(.bss)
    fc50_obj1_L2_out_b                       0x200008ec   Data          12  fc50.o(.bss)
    fc50_obj1_L2_out_c                       0x200008f8   Data          12  fc50.o(.bss)
    fc50_obj1_L3_out_a                       0x20000904   Data          12  fc50.o(.bss)
    fc50_obj1_L3_out_b                       0x20000910   Data          12  fc50.o(.bss)
    fc50_obj1_L3_out_c                       0x2000091c   Data          12  fc50.o(.bss)
    fc50_obj2_L1_out_a                       0x20000928   Data          12  fc50.o(.bss)
    fc50_obj2_L1_out_b                       0x20000934   Data          12  fc50.o(.bss)
    fc50_obj2_L1_out_c                       0x20000940   Data          12  fc50.o(.bss)
    fc50_obj2_L2_out_a                       0x2000094c   Data          12  fc50.o(.bss)
    fc50_obj2_L2_out_b                       0x20000958   Data          12  fc50.o(.bss)
    fc50_obj2_L2_out_c                       0x20000964   Data          12  fc50.o(.bss)
    fc50_obj2_L3_out_a                       0x20000970   Data          12  fc50.o(.bss)
    fc50_obj2_L3_out_b                       0x2000097c   Data          12  fc50.o(.bss)
    fc50_obj2_L3_out_c                       0x20000988   Data          12  fc50.o(.bss)
    fc50_obj1_L1_in                          0x20000994   Data          16  fc50.o(.bss)
    fc50_obj1_L2_in                          0x200009a4   Data          16  fc50.o(.bss)
    fc50_obj1_L3_in                          0x200009b4   Data          16  fc50.o(.bss)
    fc50_obj2_L1_in                          0x200009c4   Data          16  fc50.o(.bss)
    fc50_obj2_L2_in                          0x200009d4   Data          16  fc50.o(.bss)
    fc50_obj2_L3_in                          0x200009e4   Data          16  fc50.o(.bss)
    fc50N_obj1_L1_out                        0x200009f4   Data          12  fc50n.o(.bss)
    fc50N_obj1_L2_out                        0x20000a00   Data          12  fc50n.o(.bss)
    fc50N_obj1_L3_out                        0x20000a0c   Data          12  fc50n.o(.bss)
    fc50N_obj1_L1_in                         0x20000a18   Data          16  fc50n.o(.bss)
    fc50N_obj1_L2_in                         0x20000a28   Data          16  fc50n.o(.bss)
    fc50N_obj1_L3_in                         0x20000a38   Data          16  fc50n.o(.bss)
    fc51_obj1_out_a                          0x20000a48   Data          12  fc51.o(.bss)
    fc51_obj1_out_b                          0x20000a54   Data          12  fc51.o(.bss)
    fc51_obj1_out_c                          0x20000a60   Data          12  fc51.o(.bss)
    fc51_obj1_in                             0x20000a6c   Data          20  fc51.o(.bss)
    fc51_obj2_in                             0x20000a80   Data          20  fc51.o(.bss)
    fc51N_obj1_out                           0x20000a94   Data          12  fc51n.o(.bss)
    fc51N_obj1_in                            0x20000aa0   Data          20  fc51n.o(.bss)
    fc27_obj1_L1_in                          0x20000ab4   Data          16  fc27.o(.bss)
    fc27_obj1_L2_in                          0x20000ac4   Data          16  fc27.o(.bss)
    fc59_obj1_L1_in                          0x20000ad4   Data          12  fc59.o(.bss)
    fc59_obj1_L2_in                          0x20000ae0   Data          12  fc59.o(.bss)
    fc46d_obj1_L1_out                        0x20000aec   Data          12  fc46.o(.bss)
    fc46i_obj1_L1_out                        0x20000af8   Data          12  fc46.o(.bss)
    fc46d_obj1_L1_in                         0x20000b04   Data          16  fc46.o(.bss)
    fc46i_obj1_L1_in                         0x20000b14   Data          20  fc46.o(.bss)
    fc49_obj1_therm                          0x20000b28   Data          20  fc49.o(.bss)
    fc49_obj2_therm                          0x20000b3c   Data          20  fc49.o(.bss)
    fc49_obj1_L1_in                          0x20000b50   Data          16  fc49.o(.bss)
    fc49_obj1_L2_in                          0x20000b60   Data          16  fc49.o(.bss)
    fc49_obj2_L1_in                          0x20000b70   Data          16  fc49.o(.bss)
    fc49_obj2_L2_in                          0x20000b80   Data          16  fc49.o(.bss)
    fcBF_out                                 0x20000b90   Data          12  fcbf.o(.bss)
    fcBF_in                                  0x20000b9c   Data          24  fcbf.o(.bss)
    fc37_obj1_L1_in                          0x20000bb4   Data          16  fc37.o(.bss)
    fc37_obj2_L1_in                          0x20000bc4   Data          16  fc37.o(.bss)
    fcUNBd_obj1_L1_out_a                     0x20000bd4   Data          16  fcunb.o(.bss)
    fcUNBd_obj1_L1_out_b                     0x20000be4   Data          16  fcunb.o(.bss)
    fcUNBi_obj1_L1_out_a                     0x20000bf4   Data          12  fcunb.o(.bss)
    fcUNBi_obj1_L1_out_b                     0x20000c00   Data          12  fcunb.o(.bss)
    fcUNBd_obj1_L1_in                        0x20000cd4   Data          12  fcunb.o(.bss)
    pvp_in                                   0x20000ce0   Data          12  fcpvp.o(.bss)
    pvp_in_back                              0x20000cec   Data          12  fcpvp.o(.bss)
    pvp_out                                  0x20000cf8   Data          12  fcpvp.o(.bss)
    pvp_out_back                             0x20000d04   Data          12  fcpvp.o(.bss)
    fcPVPi_obj1_L1_out_a                     0x20000d10   Data          12  fcpvp.o(.bss)
    fcPVPi_obj1_L1_out_b                     0x20000d1c   Data          12  fcpvp.o(.bss)
    fcPVPi_obj1_L1_out_c                     0x20000d28   Data          12  fcpvp.o(.bss)
    fcPVPd_obj1_L1_in                        0x20000f8c   Data          12  fcpvp.o(.bss)
    fcPVPi_obj1_L1_in                        0x20000f98   Data          20  fcpvp.o(.bss)
    pick                                     0x20000fac   Data          12  pickup_handles.o(.bss)
    trip                                     0x20000fb8   Data          12  pickup_handles.o(.bss)
    phase_cs_A                               0x200010d0   Data          16  cs_handles.o(.bss)
    phase_cs_B                               0x200010e0   Data          16  cs_handles.o(.bss)
    phase_cs_C                               0x200010f0   Data          16  cs_handles.o(.bss)
    phase_cs_A_out                           0x20001100   Data          44  cs_handles.o(.bss)
    phase_cs_B_out                           0x2000112c   Data          44  cs_handles.o(.bss)
    phase_cs_C_out                           0x20001158   Data          44  cs_handles.o(.bss)
    sym                                      0x20001184   Data          24  cs_handles.o(.bss)
    sym_hist                                 0x2000119c   Data          24  cs_handles.o(.bss)
    mag_sym                                  0x200011b4   Data          24  cs_handles.o(.bss)
    c_buffer                                 0x200011cc   Data        2400  cs_handles.o(.bss)
    s_buffer                                 0x20001b2c   Data        2400  cs_handles.o(.bss)
    P                                        0x2000248c   Data          28  cs_handles.o(.bss)
    Q                                        0x200024a8   Data          28  cs_handles.o(.bss)
    fRMS                                     0x200024c4   Data          60  cs_handles.o(.bss)
    tRMS                                     0x20002500   Data          60  truerms.o(.bss)
    backRMS                                  0x2000253c   Data          60  truerms.o(.bss)
    bufferRMS                                0x20002578   Data        2400  truerms.o(.bss)
    spect_Ia                                 0x20002ed8   Data         368  spectra.o(.bss)
    spect_Ib                                 0x20003048   Data         368  spectra.o(.bss)
    spect_Ic                                 0x200031b8   Data         368  spectra.o(.bss)
    thd                                      0x20003328   Data          12  spectra.o(.bss)
    rawAdc                                   0x20003334   Data          60  conversion.o(.bss)
    smAdc                                    0x20003370   Data          60  conversion.o(.bss)
    fAdc                                     0x200033ac   Data          60  conversion.o(.bss)
    offset                                   0x200033e8   Data          60  conversion.o(.bss)
    scale                                    0x20003424   Data          60  conversion.o(.bss)
    TR                                       0x2000364c   Data          32  conversion.o(.bss)
    Sys                                      0x2000366c   Data          36  powersysdata.o(.bss)
    pick_words                               0x20003690   Data          12  commparams.o(.bss)
    trip_words                               0x2000369c   Data          12  commparams.o(.bss)
    comParams                                0x200036a8   Data        6020  spi_masterslave.o(.bss)
    spiCRC                                   0x20004e2c   Data          12  spi_masterslave.o(.bss)
    comParams_uart                           0x20004e38   Data        2996  uart_masterslave.o(.bss)
    uartCRC                                  0x200059ec   Data          12  uart_masterslave.o(.bss)
    __initial_sp                             0x20005df8   Data           0  startup_stm32f767xx.o(STACK)



==============================================================================

Memory Map of the image

  Image Entry point : 0x080001f9

  Load Region LR_IROM1 (Base: 0x08000000, Size: 0x00007f90, Max: 0x00200000, ABSOLUTE, COMPRESSED[0x00007ccc])

    Execution Region ER_IROM1 (Base: 0x08000000, Size: 0x00007b3c, Max: 0x00200000, ABSOLUTE)

    Base Addr    Size         Type   Attr      Idx    E Section Name        Object

    0x08000000   0x000001f8   Data   RO          870    RESET               startup_stm32f767xx.o
    0x080001f8   0x00000000   Code   RO         6000  * .ARM.Collect$$$$00000000  mc_w.l(entry.o)
    0x080001f8   0x00000004   Code   RO         6051    .ARM.Collect$$$$00000001  mc_w.l(entry2.o)
    0x080001fc   0x00000004   Code   RO         6054    .ARM.Collect$$$$00000004  mc_w.l(entry5.o)
    0x08000200   0x00000000   Code   RO         6056    .ARM.Collect$$$$00000008  mc_w.l(entry7b.o)
    0x08000200   0x00000000   Code   RO         6058    .ARM.Collect$$$$0000000A  mc_w.l(entry8b.o)
    0x08000200   0x00000008   Code   RO         6059    .ARM.Collect$$$$0000000B  mc_w.l(entry9a.o)
    0x08000208   0x00000000   Code   RO         6061    .ARM.Collect$$$$0000000D  mc_w.l(entry10a.o)
    0x08000208   0x00000000   Code   RO         6063    .ARM.Collect$$$$0000000F  mc_w.l(entry11a.o)
    0x08000208   0x00000004   Code   RO         6052    .ARM.Collect$$$$00002712  mc_w.l(entry2.o)
    0x0800020c   0x00000024   Code   RO          871    .text               startup_stm32f767xx.o
    0x08000230   0x00000024   Code   RO         6003    .text               mc_w.l(memcpya.o)
    0x08000254   0x00000000   Code   RO         6072    .text               mc_w.l(iusefp.o)
    0x08000254   0x00000004   Code   RO         6073    .text               mf_w.l(fpstat.o)
    0x08000258   0x00000024   Code   RO         6085    .text               mc_w.l(init.o)
    0x0800027c   0x0000005e   Code   RO         6095    .text               mc_w.l(__dclz77c.o)
    0x080002da   0x00000002   PAD
    0x080002dc   0x00000134   Code   RO          881    i.ADC_Init          stm32f7xx_hal_adc.o
    0x08000410   0x0000005a   Code   RO         2138    i.ADC_MultiModeDMAConvCplt  stm32f7xx_hal_adc_ex.o
    0x0800046a   0x00000012   Code   RO         2139    i.ADC_MultiModeDMAError  stm32f7xx_hal_adc_ex.o
    0x0800047c   0x00000006   Code   RO         2140    i.ADC_MultiModeDMAHalfConvCplt  stm32f7xx_hal_adc_ex.o
    0x08000482   0x00000002   Code   RO          310    i.BusFault_Handler  stm32f7xx_it.o
    0x08000484   0x0000000c   Code   RO          311    i.DMA2_Stream0_IRQHandler  stm32f7xx_it.o
    0x08000490   0x0000000c   Code   RO          312    i.DMA2_Stream1_IRQHandler  stm32f7xx_it.o
    0x0800049c   0x0000000c   Code   RO          313    i.DMA2_Stream2_IRQHandler  stm32f7xx_it.o
    0x080004a8   0x00000028   Code   RO         2528    i.DMA_CalcBaseAndBitshift  stm32f7xx_hal_dma.o
    0x080004d0   0x00000054   Code   RO         2529    i.DMA_CheckFifoParam  stm32f7xx_hal_dma.o
    0x08000524   0x00000028   Code   RO         2530    i.DMA_SetConfig     stm32f7xx_hal_dma.o
    0x0800054c   0x00000002   Code   RO          314    i.DebugMon_Handler  stm32f7xx_it.o
    0x0800054e   0x00000008   Code   RO          315    i.EXTI15_10_IRQHandler  stm32f7xx_it.o
    0x08000556   0x00000002   PAD
    0x08000558   0x0000006c   Code   RO         2149    i.HAL_ADCEx_MultiModeConfigChannel  stm32f7xx_hal_adc_ex.o
    0x080005c4   0x00000100   Code   RO         2151    i.HAL_ADCEx_MultiModeStart_DMA  stm32f7xx_hal_adc_ex.o
    0x080006c4   0x00000164   Code   RO          883    i.HAL_ADC_ConfigChannel  stm32f7xx_hal_adc.o
    0x08000828   0x000001f4   Code   RO         5352    i.HAL_ADC_ConvCpltCallback  conversion.o
    0x08000a1c   0x00000002   Code   RO          885    i.HAL_ADC_ConvHalfCpltCallback  stm32f7xx_hal_adc.o
    0x08000a1e   0x00000002   Code   RO          887    i.HAL_ADC_ErrorCallback  stm32f7xx_hal_adc.o
    0x08000a20   0x00000054   Code   RO          892    i.HAL_ADC_Init      stm32f7xx_hal_adc.o
    0x08000a74   0x0000016c   Code   RO          443    i.HAL_ADC_MspInit   adc.o
    0x08000be0   0x000000b8   Code   RO          898    i.HAL_ADC_Start     stm32f7xx_hal_adc.o
    0x08000c98   0x00000024   Code   RO         2532    i.HAL_DMA_Abort_IT  stm32f7xx_hal_dma.o
    0x08000cbc   0x000001a8   Code   RO         2536    i.HAL_DMA_IRQHandler  stm32f7xx_hal_dma.o
    0x08000e64   0x000000e4   Code   RO         2537    i.HAL_DMA_Init      stm32f7xx_hal_dma.o
    0x08000f48   0x0000007a   Code   RO         2541    i.HAL_DMA_Start_IT  stm32f7xx_hal_dma.o
    0x08000fc2   0x00000002   Code   RO         1439    i.HAL_GPIO_EXTI_Callback  stm32f7xx_hal_gpio.o
    0x08000fc4   0x00000018   Code   RO         1440    i.HAL_GPIO_EXTI_IRQHandler  stm32f7xx_hal_gpio.o
    0x08000fdc   0x000001d8   Code   RO         1441    i.HAL_GPIO_Init     stm32f7xx_hal_gpio.o
    0x080011b4   0x0000000a   Code   RO         1445    i.HAL_GPIO_WritePin  stm32f7xx_hal_gpio.o
    0x080011be   0x00000002   PAD
    0x080011c0   0x0000000c   Code   RO         2356    i.HAL_GetTick       stm32f7xx_hal.o
    0x080011cc   0x00000010   Code   RO         2360    i.HAL_IncTick       stm32f7xx_hal.o
    0x080011dc   0x00000016   Code   RO         2361    i.HAL_Init          stm32f7xx_hal.o
    0x080011f2   0x00000002   PAD
    0x080011f4   0x00000028   Code   RO         2362    i.HAL_InitTick      stm32f7xx_hal.o
    0x0800121c   0x00000058   Code   RO          286    i.HAL_MspInit       stm32f7xx_hal_msp.o
    0x08001274   0x00000016   Code   RO         1308    i.HAL_NVIC_EnableIRQ  stm32f7xx_hal_cortex.o
    0x0800128a   0x00000002   PAD
    0x0800128c   0x00000040   Code   RO         1314    i.HAL_NVIC_SetPriority  stm32f7xx_hal_cortex.o
    0x080012cc   0x00000024   Code   RO         1315    i.HAL_NVIC_SetPriorityGrouping  stm32f7xx_hal_cortex.o
    0x080012f0   0x0000006c   Code   RO         2253    i.HAL_PWREx_EnableOverDrive  stm32f7xx_hal_pwr_ex.o
    0x0800135c   0x000000c0   Code   RO         3531    i.HAL_QSPI_Init     stm32f7xx_hal_qspi.o
    0x0800141c   0x00000080   Code   RO          215    i.HAL_QSPI_MspInit  quadspi.o
    0x0800149c   0x0000053c   Code   RO         2756    i.HAL_RCCEx_PeriphCLKConfig  stm32f7xx_hal_rcc_ex.o
    0x080019d8   0x00000114   Code   RO         3031    i.HAL_RCC_ClockConfig  stm32f7xx_hal_rcc.o
    0x08001aec   0x0000000c   Code   RO         3036    i.HAL_RCC_GetHCLKFreq  stm32f7xx_hal_rcc.o
    0x08001af8   0x00000020   Code   RO         3038    i.HAL_RCC_GetPCLK1Freq  stm32f7xx_hal_rcc.o
    0x08001b18   0x00000020   Code   RO         3039    i.HAL_RCC_GetPCLK2Freq  stm32f7xx_hal_rcc.o
    0x08001b38   0x00000060   Code   RO         3040    i.HAL_RCC_GetSysClockFreq  stm32f7xx_hal_rcc.o
    0x08001b98   0x0000033c   Code   RO         3043    i.HAL_RCC_OscConfig  stm32f7xx_hal_rcc.o
    0x08001ed4   0x000000a0   Code   RO         1056    i.HAL_RTC_Init      stm32f7xx_hal_rtc.o
    0x08001f74   0x0000001c   Code   RO          173    i.HAL_RTC_MspInit   rtc.o
    0x08001f90   0x00000002   Code   RO         4528    i.HAL_SPI_ErrorCallback  stm32f7xx_hal_spi.o
    0x08001f92   0x00000002   PAD
    0x08001f94   0x000000d8   Code   RO         4531    i.HAL_SPI_IRQHandler  stm32f7xx_hal_spi.o
    0x0800206c   0x000000c4   Code   RO         4532    i.HAL_SPI_Init      stm32f7xx_hal_spi.o
    0x08002130   0x00000058   Code   RO          626    i.HAL_SPI_MspInit   spi.o
    0x08002188   0x00000094   Code   RO         4545    i.HAL_SPI_Transmit_IT  stm32f7xx_hal_spi.o
    0x0800221c   0x00000020   Code   RO         5547    i.HAL_SPI_TxCpltCallback  Comm_Layer.lib(spi_masterslave.o)
    0x0800223c   0x00000018   Code   RO         1317    i.HAL_SYSTICK_CLKSourceConfig  stm32f7xx_hal_cortex.o
    0x08002254   0x00000002   Code   RO         1318    i.HAL_SYSTICK_Callback  stm32f7xx_hal_cortex.o
    0x08002256   0x00000026   Code   RO         1319    i.HAL_SYSTICK_Config  stm32f7xx_hal_cortex.o
    0x0800227c   0x00000008   Code   RO         1320    i.HAL_SYSTICK_IRQHandler  stm32f7xx_hal_cortex.o
    0x08002284   0x00000002   Code   RO         3173    i.HAL_TIMEx_BreakCallback  stm32f7xx_hal_tim_ex.o
    0x08002286   0x00000002   Code   RO         3174    i.HAL_TIMEx_CommutationCallback  stm32f7xx_hal_tim_ex.o
    0x08002288   0x00000058   Code   RO         3192    i.HAL_TIMEx_MasterConfigSynchronization  stm32f7xx_hal_tim_ex.o
    0x080022e0   0x00000036   Code   RO         1506    i.HAL_TIM_Base_Init  stm32f7xx_hal_tim.o
    0x08002316   0x00000002   PAD
    0x08002318   0x00000058   Code   RO            5    i.HAL_TIM_Base_MspInit  tim.o
    0x08002370   0x00000018   Code   RO         1511    i.HAL_TIM_Base_Start_IT  stm32f7xx_hal_tim.o
    0x08002388   0x000000fc   Code   RO         1515    i.HAL_TIM_ConfigClockSource  stm32f7xx_hal_tim.o
    0x08002484   0x00000002   Code   RO         1535    i.HAL_TIM_IC_CaptureCallback  stm32f7xx_hal_tim.o
    0x08002486   0x0000017e   Code   RO         1548    i.HAL_TIM_IRQHandler  stm32f7xx_hal_tim.o
    0x08002604   0x00000002   Code   RO         1551    i.HAL_TIM_OC_DelayElapsedCallback  stm32f7xx_hal_tim.o
    0x08002606   0x00000002   Code   RO         1578    i.HAL_TIM_PWM_PulseFinishedCallback  stm32f7xx_hal_tim.o
    0x08002608   0x00000002   Code   RO         1585    i.HAL_TIM_PeriodElapsedCallback  stm32f7xx_hal_tim.o
    0x0800260a   0x00000002   Code   RO         1589    i.HAL_TIM_TriggerCallback  stm32f7xx_hal_tim.o
    0x0800260c   0x00000002   Code   RO         4257    i.HAL_UART_ErrorCallback  stm32f7xx_hal_uart.o
    0x0800260e   0x00000002   PAD
    0x08002610   0x00000178   Code   RO         4260    i.HAL_UART_IRQHandler  stm32f7xx_hal_uart.o
    0x08002788   0x0000006a   Code   RO         4261    i.HAL_UART_Init     stm32f7xx_hal_uart.o
    0x080027f2   0x00000002   PAD
    0x080027f4   0x00000054   Code   RO          584    i.HAL_UART_MspInit  usart.o
    0x08002848   0x0000008e   Code   RO         4266    i.HAL_UART_Receive_IT  stm32f7xx_hal_uart.o
    0x080028d6   0x00000002   PAD
    0x080028d8   0x00000050   Code   RO         5737    i.HAL_UART_RxCpltCallback  Comm_Layer.lib(uart_masterslave.o)
    0x08002928   0x00000020   Code   RO         5738    i.HAL_UART_TxCpltCallback  Comm_Layer.lib(uart_masterslave.o)
    0x08002948   0x00000002   Code   RO          316    i.HardFault_Handler  stm32f7xx_it.o
    0x0800294a   0x00000002   PAD
    0x0800294c   0x000000f4   Code   RO          444    i.MX_ADC1_Init      adc.o
    0x08002a40   0x000000c8   Code   RO          445    i.MX_ADC2_Init      adc.o
    0x08002b08   0x000000c8   Code   RO          446    i.MX_ADC3_Init      adc.o
    0x08002bd0   0x0000002c   Code   RO          259    i.MX_DMA_Init       dma.o
    0x08002bfc   0x00000228   Code   RO          559    i.MX_GPIO_Init      gpio.o
    0x08002e24   0x00000050   Code   RO          216    i.MX_QUADSPI_Init   quadspi.o
    0x08002e74   0x00000048   Code   RO          174    i.MX_RTC_Init       rtc.o
    0x08002ebc   0x00000064   Code   RO          627    i.MX_SPI2_Init      spi.o
    0x08002f20   0x0000007c   Code   RO            6    i.MX_TIM1_Init      tim.o
    0x08002f9c   0x00000058   Code   RO            7    i.MX_TIM6_Init      tim.o
    0x08002ff4   0x00000050   Code   RO          585    i.MX_USART2_UART_Init  usart.o
    0x08003044   0x00000002   Code   RO          317    i.MemManage_Handler  stm32f7xx_it.o
    0x08003046   0x00000002   Code   RO          318    i.NMI_Handler       stm32f7xx_it.o
    0x08003048   0x00000022   Code   RO         1321    i.NVIC_SetPriority  stm32f7xx_hal_cortex.o
    0x0800306a   0x00000002   Code   RO          319    i.PendSV_Handler    stm32f7xx_it.o
    0x0800306c   0x00000048   Code   RO         3556    i.QSPI_WaitFlagStateUntilTimeout  stm32f7xx_hal_qspi.o
    0x080030b4   0x0000003a   Code   RO         1067    i.RTC_EnterInitMode  stm32f7xx_hal_rtc.o
    0x080030ee   0x00000002   PAD
    0x080030f0   0x0000000c   Code   RO          320    i.SPI2_IRQHandler   stm32f7xx_it.o
    0x080030fc   0x0000004c   Code   RO         4558    i.SPI_CloseTx_ISR   stm32f7xx_hal_spi.o
    0x08003148   0x00000012   Code   RO         4559    i.SPI_DMAAbortOnError  stm32f7xx_hal_spi.o
    0x0800315a   0x00000048   Code   RO         4570    i.SPI_EndRxTxTransaction  stm32f7xx_hal_spi.o
    0x080031a2   0x00000020   Code   RO         4573    i.SPI_TxISR_16BIT   stm32f7xx_hal_spi.o
    0x080031c2   0x0000001e   Code   RO         4574    i.SPI_TxISR_8BIT    stm32f7xx_hal_spi.o
    0x080031e0   0x000000a0   Code   RO         4575    i.SPI_WaitFifoStateUntilTimeout  stm32f7xx_hal_spi.o
    0x08003280   0x0000008c   Code   RO         4576    i.SPI_WaitFlagStateUntilTimeout  stm32f7xx_hal_spi.o
    0x0800330c   0x00000002   Code   RO          321    i.SVC_Handler       stm32f7xx_it.o
    0x0800330e   0x00000016   Code   RO          322    i.SysTick_Handler   stm32f7xx_it.o
    0x08003324   0x000000c0   Code   RO          496    i.SystemClock_Config  main.o
    0x080033e4   0x00000054   Code   RO         4849    i.SystemInit        system_stm32f7xx.o
    0x08003438   0x0000000c   Code   RO          323    i.TIM1_UP_TIM10_IRQHandler  stm32f7xx_it.o
    0x08003444   0x000000cc   Code   RO         1590    i.TIM_Base_SetConfig  stm32f7xx_hal_tim.o
    0x08003510   0x00000012   Code   RO         1597    i.TIM_ETR_SetConfig  stm32f7xx_hal_tim.o
    0x08003522   0x00000010   Code   RO         1598    i.TIM_ITRx_SetConfig  stm32f7xx_hal_tim.o
    0x08003532   0x00000022   Code   RO         1604    i.TIM_TI1_ConfigInputStage  stm32f7xx_hal_tim.o
    0x08003554   0x00000024   Code   RO         1606    i.TIM_TI2_ConfigInputStage  stm32f7xx_hal_tim.o
    0x08003578   0x000000c8   Code   RO         4274    i.UART_AdvFeatureConfig  stm32f7xx_hal_uart.o
    0x08003640   0x00000040   Code   RO         4275    i.UART_CheckIdleState  stm32f7xx_hal_uart.o
    0x08003680   0x00000014   Code   RO         4276    i.UART_DMAAbortOnError  stm32f7xx_hal_uart.o
    0x08003694   0x0000001c   Code   RO         4282    i.UART_EndRxTransfer  stm32f7xx_hal_uart.o
    0x080036b0   0x00000078   Code   RO         4284    i.UART_Receive_IT   stm32f7xx_hal_uart.o
    0x08003728   0x00000258   Code   RO         4285    i.UART_SetConfig    stm32f7xx_hal_uart.o
    0x08003980   0x00000064   Code   RO         4286    i.UART_WaitOnFlagUntilTimeout  stm32f7xx_hal_uart.o
    0x080039e4   0x0000000c   Code   RO          324    i.USART2_IRQHandler  stm32f7xx_it.o
    0x080039f0   0x00000002   Code   RO          325    i.UsageFault_Handler  stm32f7xx_it.o
    0x080039f2   0x00000002   Code   RO          497    i._Error_Handler    main.o
    0x080039f4   0x00000026   Code   RO         6024    i.__ARM_fpclassifyf  m_wv.l(fpclassifyf.o)
    0x08003a1a   0x00000002   PAD
    0x08003a1c   0x00000258   Code   RO         5950    i.__hardfp_atan2f   m_wv.l(atan2f.o)
    0x08003c74   0x00000658   Code   RO         5962    i.__hardfp_powf     m_wv.l(powf.o)
    0x080042cc   0x0000003a   Code   RO         5988    i.__hardfp_sqrtf    m_wv.l(sqrtf.o)
    0x08004306   0x00000002   PAD
    0x08004308   0x00000018   Code   RO         6026    i.__mathlib_flt_divzero  m_wv.l(funder.o)
    0x08004320   0x00000006   Code   RO         6028    i.__mathlib_flt_infnan2  m_wv.l(funder.o)
    0x08004326   0x00000002   PAD
    0x08004328   0x00000010   Code   RO         6029    i.__mathlib_flt_invalid  m_wv.l(funder.o)
    0x08004338   0x00000010   Code   RO         6030    i.__mathlib_flt_overflow  m_wv.l(funder.o)
    0x08004348   0x00000010   Code   RO         6032    i.__mathlib_flt_underflow  m_wv.l(funder.o)
    0x08004358   0x0000000e   Code   RO         6089    i.__scatterload_copy  mc_w.l(handlers.o)
    0x08004366   0x00000002   Code   RO         6090    i.__scatterload_null  mc_w.l(handlers.o)
    0x08004368   0x0000000e   Code   RO         6091    i.__scatterload_zeroinit  mc_w.l(handlers.o)
    0x08004376   0x00000002   PAD
    0x08004378   0x0000000c   Code   RO         6067    i.__set_errno       mc_w.l(errno.o)
    0x08004384   0x00000134   Code   RO          664    i.cs_computations   measurement_functions.o
    0x080044b8   0x000000b2   Code   RO          665    i.cs_generation     measurement_functions.o
    0x0800456a   0x00000002   PAD
    0x0800456c   0x000000b0   Code   RO         5254    i.cs_handle_tick1   cs_handles.o
    0x0800461c   0x000000b4   Code   RO         5255    i.cs_handle_tick2   cs_handles.o
    0x080046d0   0x000000b4   Code   RO         5256    i.cs_handle_tick3   cs_handles.o
    0x08004784   0x000000d4   Code   RO         5257    i.cs_handle_tick4   cs_handles.o
    0x08004858   0x00000120   Code   RO         5258    i.cs_handle_tick5   cs_handles.o
    0x08004978   0x0000001a   Code   RO         5259    i.cs_handles        cs_handles.o
    0x08004992   0x0000006c   Code   RO         5795    i.dpm_mergeDWord    Comm_Layer.lib(dataparsermerger.o)
    0x080049fe   0x00000002   PAD
    0x08004a00   0x00000060   Code   RO         5796    i.dpm_mergeFloat    Comm_Layer.lib(dataparsermerger.o)
    0x08004a60   0x00000052   Code   RO         5797    i.dpm_parseDWord    Comm_Layer.lib(dataparsermerger.o)
    0x08004ab2   0x00000002   PAD
    0x08004ab4   0x00000060   Code   RO         5798    i.dpm_parseFloat    Comm_Layer.lib(dataparsermerger.o)
    0x08004b14   0x00000098   Code   RO          752    i.fc27              protection_functions.o
    0x08004bac   0x000000cc   Code   RO         5021    i.fc27_all          fc27.o
    0x08004c78   0x00000018   Code   RO         5022    i.fc27_init         fc27.o
    0x08004c90   0x00000002   Code   RO         5154    i.fc37_init         fc37.o
    0x08004c92   0x00000002   PAD
    0x08004c94   0x0000006c   Code   RO         5078    i.fc46_all          fc46.o
    0x08004d00   0x00000064   Code   RO         5079    i.fc46_init         fc46.o
    0x08004d64   0x00000128   Code   RO          754    i.fc46d             protection_functions.o
    0x08004e8c   0x0000011c   Code   RO          755    i.fc46i             protection_functions.o
    0x08004fa8   0x00000044   Code   RO          756    i.fc49              protection_functions.o
    0x08004fec   0x000001b0   Code   RO         5100    i.fc49_all          fc49.o
    0x0800519c   0x00000064   Code   RO         5101    i.fc49_init         fc49.o
    0x08005200   0x00000100   Code   RO          757    i.fc50              protection_functions.o
    0x08005300   0x00000094   Code   RO         4940    i.fc50N_all         fc50n.o
    0x08005394   0x0000001c   Code   RO         4941    i.fc50N_init        fc50n.o
    0x080053b0   0x00000214   Code   RO         4910    i.fc50_all          fc50.o
    0x080055c4   0x00000028   Code   RO         4911    i.fc50_init         fc50.o
    0x080055ec   0x000000f0   Code   RO          758    i.fc51              protection_functions.o
    0x080056dc   0x00000040   Code   RO         4995    i.fc51N_all         fc51n.o
    0x0800571c   0x00000054   Code   RO         4996    i.fc51N_init        fc51n.o
    0x08005770   0x000000e4   Code   RO         4966    i.fc51_all          fc51.o
    0x08005854   0x00000060   Code   RO         4967    i.fc51_init         fc51.o
    0x080058b4   0x0000007c   Code   RO          759    i.fc59              protection_functions.o
    0x08005930   0x00000090   Code   RO         5055    i.fc59_all          fc59.o
    0x080059c0   0x00000014   Code   RO         5056    i.fc59_init         fc59.o
    0x080059d4   0x00000114   Code   RO          760    i.fcBF              protection_functions.o
    0x08005ae8   0x00000050   Code   RO         5131    i.fcBF_all          fcbf.o
    0x08005b38   0x00000044   Code   RO         5132    i.fcBF_init         fcbf.o
    0x08005b7c   0x00000064   Code   RO         5208    i.fcPVP_init        fcpvp.o
    0x08005be0   0x00000028   Code   RO         5176    i.fcUNB_init        fcunb.o
    0x08005c08   0x00000036   Code   RO         5388    i.initFunctions     initfunctions.o
    0x08005c3e   0x00000002   PAD
    0x08005c40   0x0000089c   Code   RO         4883    i.init_protection   init_protection.o
    0x080064dc   0x000000b4   Code   RO          498    i.main              main.o
    0x08006590   0x00000036   Code   RO         5528    i.main_flow         main_flow.o
    0x080065c6   0x0000002c   Code   RO          769    i.on_off_delay      protection_functions.o
    0x080065f2   0x0000008a   Code   RO          667    i.prefilter         measurement_functions.o
    0x0800667c   0x0000041c   Code   RO         5503    i.pullDataFromMaster  configparams.o
    0x08006a98   0x00000370   Code   RO         5454    i.pushDataToMaster  commparams.o
    0x08006e08   0x000000a4   Code   RO          670    i.signal_spectra    measurement_functions.o
    0x08006eac   0x00000070   Code   RO          671    i.signal_thd        measurement_functions.o
    0x08006f1c   0x000000c4   Code   RO         5333    i.spectra           spectra.o
    0x08006fe0   0x00000002   Code   RO         5548    i.spi_initComApp    Comm_Layer.lib(spi_masterslave.o)
    0x08006fe2   0x00000002   PAD
    0x08006fe4   0x00000384   Code   RO         5549    i.spi_runComApp     Comm_Layer.lib(spi_masterslave.o)
    0x08007368   0x00000044   Code   RO         5550    i.spi_sysTickCallApp  Comm_Layer.lib(spi_masterslave.o)
    0x080073ac   0x00000088   Code   RO          672    i.sym_comp          measurement_functions.o
    0x08007434   0x0000018c   Code   RO          673    i.sym_mag           measurement_functions.o
    0x080075c0   0x00000050   Code   RO          674    i.thermal_status    measurement_functions.o
    0x08007610   0x0000006c   Code   RO         5313    i.trueRMS           truerms.o
    0x0800767c   0x00000068   Code   RO          675    i.true_rms          measurement_functions.o
    0x080076e4   0x00000014   Code   RO         5739    i.uart_initComApp   Comm_Layer.lib(uart_masterslave.o)
    0x080076f8   0x0000018c   Code   RO         5740    i.uart_runComApp    Comm_Layer.lib(uart_masterslave.o)
    0x08007884   0x00000040   Code   RO         5741    i.uart_sysTickCallApp  Comm_Layer.lib(uart_masterslave.o)
    0x080078c4   0x00000008   Data   RO         2543    .constdata          stm32f7xx_hal_dma.o
    0x080078cc   0x00000010   Data   RO         4850    .constdata          system_stm32f7xx.o
    0x080078dc   0x00000008   Data   RO         4851    .constdata          system_stm32f7xx.o
    0x080078e4   0x00000010   Data   RO         4913    .constdata          fc50.o
    0x080078f4   0x00000010   Data   RO         4943    .constdata          fc50n.o
    0x08007904   0x00000014   Data   RO         4972    .constdata          fc51.o
    0x08007918   0x00000014   Data   RO         4998    .constdata          fc51n.o
    0x0800792c   0x00000010   Data   RO         5024    .constdata          fc27.o
    0x0800793c   0x0000000c   Data   RO         5058    .constdata          fc59.o
    0x08007948   0x00000024   Data   RO         5081    .constdata          fc46.o
    0x0800796c   0x00000024   Data   RO         5103    .constdata          fc49.o
    0x08007990   0x00000018   Data   RO         5134    .constdata          fcbf.o
    0x080079a8   0x00000014   Data   RO         5179    .constdata          fcunb.o
    0x080079bc   0x00000020   Data   RO         5210    .constdata          fcpvp.o
    0x080079dc   0x00000140   Data   RO         5965    .constdata          m_wv.l(powf.o)
    0x08007b1c   0x00000020   Data   RO         6087    Region$$Table       anon$$obj.o


    Execution Region RW_IRAM1 (Base: 0x20000000, Size: 0x00005df8, Max: 0x00080000, ABSOLUTE, COMPRESSED[0x00000190])

    Base Addr    Size         Type   Attr      Idx    E Section Name        Object

    0x20000000   0x00000004   Data   RW         2367    .data               stm32f7xx_hal.o
    0x20000004   0x00000004   Data   RW         4852    .data               system_stm32f7xx.o
    0x20000008   0x0000006c   Data   RW         4885    .data               init_protection.o
    0x20000074   0x00000018   Data   RW         5025    .data               fc27.o
    0x2000008c   0x00000030   Data   RW         5059    .data               fc59.o
    0x200000bc   0x00000028   Data   RW         5104    .data               fc49.o
    0x200000e4   0x00000010   Data   RW         5180    .data               fcunb.o
    0x200000f4   0x000001a8   Data   RW         5264    .data               cs_handles.o
    0x2000029c   0x00000001   Data   RW         5315    .data               truerms.o
    0x2000029d   0x00000003   PAD
    0x200002a0   0x00000194   Data   RW         5335    .data               spectra.o
    0x20000434   0x00000002   Data   RW         5356    .data               conversion.o
    0x20000436   0x00000002   PAD
    0x20000438   0x00000008   Data   RW         5419    .data               boardio.o
    0x20000440   0x00000008   Data   RW         5504    .data               configparams.o
    0x20000448   0x00000004   Data   RW         5505    .data               configparams.o
    0x2000044c   0x00000004   Data   RW         5799    .data               Comm_Layer.lib(dataparsermerger.o)
    0x20000450   0x00000004   Data   RW         6068    .data               mc_w.l(errno.o)
    0x20000454   0x00000080   Zero   RW            8    .bss                tim.o
    0x200004d4   0x00000020   Zero   RW          175    .bss                rtc.o
    0x200004f4   0x0000004c   Zero   RW          217    .bss                quadspi.o
    0x20000540   0x000001f8   Zero   RW          447    .bss                adc.o
    0x20000738   0x0000003c   Zero   RW          499    .bss                main.o
    0x20000774   0x00000070   Zero   RW          586    .bss                usart.o
    0x200007e4   0x00000064   Zero   RW          628    .bss                spi.o
    0x20000848   0x00000074   Zero   RW         4884    .bss                init_protection.o
    0x200008bc   0x00000138   Zero   RW         4912    .bss                fc50.o
    0x200009f4   0x00000054   Zero   RW         4942    .bss                fc50n.o
    0x20000a48   0x0000004c   Zero   RW         4968    .bss                fc51.o
    0x20000a94   0x00000020   Zero   RW         4997    .bss                fc51n.o
    0x20000ab4   0x00000020   Zero   RW         5023    .bss                fc27.o
    0x20000ad4   0x00000018   Zero   RW         5057    .bss                fc59.o
    0x20000aec   0x0000003c   Zero   RW         5080    .bss                fc46.o
    0x20000b28   0x00000068   Zero   RW         5102    .bss                fc49.o
    0x20000b90   0x00000024   Zero   RW         5133    .bss                fcbf.o
    0x20000bb4   0x00000020   Zero   RW         5155    .bss                fc37.o
    0x20000bd4   0x0000010c   Zero   RW         5178    .bss                fcunb.o
    0x20000ce0   0x000002cc   Zero   RW         5209    .bss                fcpvp.o
    0x20000fac   0x00000124   Zero   RW         5235    .bss                pickup_handles.o
    0x200010d0   0x00001430   Zero   RW         5260    .bss                cs_handles.o
    0x20002500   0x000009d8   Zero   RW         5314    .bss                truerms.o
    0x20002ed8   0x0000045c   Zero   RW         5334    .bss                spectra.o
    0x20003334   0x00000318   Zero   RW         5354    .bss                conversion.o
    0x2000364c   0x00000020   Zero   RW         5355    .bss                conversion.o
    0x2000366c   0x00000024   Zero   RW         5403    .bss                powersysdata.o
    0x20003690   0x00000018   Zero   RW         5457    .bss                commparams.o
    0x200036a8   0x00001790   Zero   RW         5551    .bss                Comm_Layer.lib(spi_masterslave.o)
    0x20004e38   0x00000bc0   Zero   RW         5742    .bss                Comm_Layer.lib(uart_masterslave.o)
    0x200059f8   0x00000400   Zero   RW          868    STACK               startup_stm32f767xx.o


==============================================================================

Image component sizes


      Code (inc. data)   RO Data    RW Data    ZI Data      Debug   Object Name

      1008        130          0          0        504       3533   adc.o
         0          0          0          8          0       1320   boardio.o
       880         80          0          0         24      11788   commparams.o
      1052        140          0         12          0       7028   configparams.o
       500         14          0          2        824       3744   conversion.o
      1062        122          0        424       5168       6886   cs_handles.o
        44          4          0          0          0        770   dma.o
       228         32         16         24         32       2455   fc27.o
         2          0          0          0         32       1016   fc37.o
       208         34         36          0         60       1555   fc46.o
       532         32         36         40        104       2425   fc49.o
       572         32         16          0        312       2743   fc50.o
       176         32         16          0         84       1548   fc50n.o
       324         36         20          0         76       1751   fc51.o
       148         36         20          0         32       1300   fc51n.o
       164         24         12         48         24       1551   fc59.o
       148         26         24          0         36       1230   fcbf.o
       100         16         32          0        716       1949   fcpvp.o
        40         12         20         16        268       1750   fcunb.o
       552         38          0          0          0       1247   gpio.o
      2204        136          0        108        116      13184   init_protection.o
        54          0          0          0          0        528   initfunctions.o
       374         32          0          0         60       2879   main.o
        54          0          0          0          0        516   main_flow.o
      1616         56          0          0          0       9697   measurement_functions.o
         0          0          0          0        292       6390   pickup_handles.o
         0          0          0          0         36        818   powersysdata.o
      1740         70          0          0          0      11730   protection_functions.o
       208         46          0          0         76       1717   quadspi.o
       100         32          0          0         32       1467   rtc.o
       196         26          0        404       1116       1295   spectra.o
       188         40          0          0        100       1677   spi.o
        36          8        504          0       1024        812   startup_stm32f767xx.o
        90         18          0          4          0       3251   stm32f7xx_hal.o
       936         46          0          0          0       4814   stm32f7xx_hal_adc.o
       478         36          0          0          0       4018   stm32f7xx_hal_adc_ex.o
       228         12          0          0          0      37305   stm32f7xx_hal_cortex.o
       974         22          8          0          0       6570   stm32f7xx_hal_dma.o
       508         60          0          0          0       3788   stm32f7xx_hal_gpio.o
        88          0          0          0          0        534   stm32f7xx_hal_msp.o
       108          8          0          0          0       1284   stm32f7xx_hal_pwr_ex.o
       264          8          0          0          0       2766   stm32f7xx_hal_qspi.o
      1276         74          0          0          0       5628   stm32f7xx_hal_rcc.o
      1340         22          0          0          0       2376   stm32f7xx_hal_rcc_ex.o
       218          4          0          0          0       2131   stm32f7xx_hal_rtc.o
      1090         14          0          0          0       9050   stm32f7xx_hal_spi.o
      1030         52          0          0          0      10745   stm32f7xx_hal_tim.o
        92         10          0          0          0       2586   stm32f7xx_hal_tim_ex.o
      1758         74          0          0          0       9842   stm32f7xx_hal_uart.o
       118         36          0          0          0       7544   stm32f7xx_it.o
        84         16         24          4          0       1251   system_stm32f7xx.o
       300         64          0          0        128     902019   tim.o
       108         14          0          1       2520       3353   truerms.o
       164         36          0          0        112       1682   usart.o

    ----------------------------------------------------------------------
     25790       1912        816       1100      13908    1132836   Object Totals
         0          0         32          0          0          0   (incl. Generated)
        28          0          0          5          0          0   (incl. Padding)

    ----------------------------------------------------------------------

      Code (inc. data)   RO Data    RW Data    ZI Data      Debug   Library Member Name

       382          8          0          4          0       4170   dataparsermerger.o
      1002         28          0          0       6032     707382   spi_masterslave.o
       592         42          0          0       3008       6554   uart_masterslave.o
       600         98          0          0          0        184   atan2f.o
        38          0          0          0          0        116   fpclassifyf.o
        78         28          0          0          0        580   funder.o
      1624        130        320          0          0        400   powf.o
        58          0          0          0          0        136   sqrtf.o
        94          0          0          0          0          0   __dclz77c.o
         0          0          0          0          0          0   entry.o
         0          0          0          0          0          0   entry10a.o
         0          0          0          0          0          0   entry11a.o
         8          4          0          0          0          0   entry2.o
         4          0          0          0          0          0   entry5.o
         0          0          0          0          0          0   entry7b.o
         0          0          0          0          0          0   entry8b.o
         8          4          0          0          0          0   entry9a.o
        12          6          0          4          0         68   errno.o
        30          0          0          0          0          0   handlers.o
        36          8          0          0          0         68   init.o
         0          0          0          0          0          0   iusefp.o
        36          0          0          0          0         68   memcpya.o
         4          0          0          0          0         68   fpstat.o

    ----------------------------------------------------------------------
      4622        356        320          8       9040     719794   Library Totals
        16          0          0          0          0          0   (incl. Padding)

    ----------------------------------------------------------------------

      Code (inc. data)   RO Data    RW Data    ZI Data      Debug   Library Name

      1976         78          0          4       9040     718106   Comm_Layer.lib
      2398        256        320          0          0       1416   m_wv.l
       228         22          0          4          0        204   mc_w.l
         4          0          0          0          0         68   mf_w.l

    ----------------------------------------------------------------------
      4622        356        320          8       9040     719794   Library Totals

    ----------------------------------------------------------------------

==============================================================================


      Code (inc. data)   RO Data    RW Data    ZI Data      Debug   

     30412       2268       1136       1108      22948    1834562   Grand Totals
     30412       2268       1136        400      22948    1834562   ELF Image Totals (compressed)
     30412       2268       1136        400          0          0   ROM Totals

==============================================================================

    Total RO  Size (Code + RO Data)                31548 (  30.81kB)
    Total RW  Size (RW Data + ZI Data)             24056 (  23.49kB)
    Total ROM Size (Code + RO Data + RW Data)      31948 (  31.20kB)

==============================================================================

