Component: ARM Compiler 5.06 update 3 (build 300) Tool: armlink [4d35c9]

==============================================================================

Section Cross References

    tim.o(i.HAL_TIM_Base_MspDeInit) refers to stm32f7xx_hal_cortex.o(i.HAL_NVIC_DisableIRQ) for HAL_NVIC_DisableIRQ
    tim.o(i.HAL_TIM_Base_MspInit) refers to stm32f7xx_hal_cortex.o(i.HAL_NVIC_SetPriority) for HAL_NVIC_SetPriority
    tim.o(i.HAL_TIM_Base_MspInit) refers to stm32f7xx_hal_cortex.o(i.HAL_NVIC_EnableIRQ) for HAL_NVIC_EnableIRQ
    tim.o(i.MX_TIM1_Init) refers to stm32f7xx_hal_tim.o(i.HAL_TIM_Base_Init) for HAL_TIM_Base_Init
    tim.o(i.MX_TIM1_Init) refers to main.o(i._Error_Handler) for _Error_Handler
    tim.o(i.MX_TIM1_Init) refers to stm32f7xx_hal_tim.o(i.HAL_TIM_ConfigClockSource) for HAL_TIM_ConfigClockSource
    tim.o(i.MX_TIM1_Init) refers to stm32f7xx_hal_tim_ex.o(i.HAL_TIMEx_MasterConfigSynchronization) for HAL_TIMEx_MasterConfigSynchronization
    tim.o(i.MX_TIM1_Init) refers to tim.o(.bss) for .bss
    tim.o(i.MX_TIM6_Init) refers to stm32f7xx_hal_tim.o(i.HAL_TIM_Base_Init) for HAL_TIM_Base_Init
    tim.o(i.MX_TIM6_Init) refers to main.o(i._Error_Handler) for _Error_Handler
    tim.o(i.MX_TIM6_Init) refers to stm32f7xx_hal_tim_ex.o(i.HAL_TIMEx_MasterConfigSynchronization) for HAL_TIMEx_MasterConfigSynchronization
    tim.o(i.MX_TIM6_Init) refers to tim.o(.bss) for .bss
    rtc.o(i.MX_RTC_Init) refers to stm32f7xx_hal_rtc.o(i.HAL_RTC_Init) for HAL_RTC_Init
    rtc.o(i.MX_RTC_Init) refers to main.o(i._Error_Handler) for _Error_Handler
    rtc.o(i.MX_RTC_Init) refers to rtc.o(.bss) for .bss
    quadspi.o(i.HAL_QSPI_MspDeInit) refers to stm32f7xx_hal_gpio.o(i.HAL_GPIO_DeInit) for HAL_GPIO_DeInit
    quadspi.o(i.HAL_QSPI_MspInit) refers to stm32f7xx_hal_gpio.o(i.HAL_GPIO_Init) for HAL_GPIO_Init
    quadspi.o(i.MX_QUADSPI_Init) refers to stm32f7xx_hal_qspi.o(i.HAL_QSPI_Init) for HAL_QSPI_Init
    quadspi.o(i.MX_QUADSPI_Init) refers to main.o(i._Error_Handler) for _Error_Handler
    quadspi.o(i.MX_QUADSPI_Init) refers to quadspi.o(.bss) for .bss
    dma.o(i.MX_DMA_Init) refers to stm32f7xx_hal_cortex.o(i.HAL_NVIC_SetPriority) for HAL_NVIC_SetPriority
    dma.o(i.MX_DMA_Init) refers to stm32f7xx_hal_cortex.o(i.HAL_NVIC_EnableIRQ) for HAL_NVIC_EnableIRQ
    stm32f7xx_hal_msp.o(i.HAL_MspInit) refers to stm32f7xx_hal_cortex.o(i.HAL_NVIC_SetPriorityGrouping) for HAL_NVIC_SetPriorityGrouping
    stm32f7xx_hal_msp.o(i.HAL_MspInit) refers to stm32f7xx_hal_cortex.o(i.HAL_NVIC_SetPriority) for HAL_NVIC_SetPriority
    stm32f7xx_it.o(i.DMA2_Stream0_IRQHandler) refers to stm32f7xx_hal_dma.o(i.HAL_DMA_IRQHandler) for HAL_DMA_IRQHandler
    stm32f7xx_it.o(i.DMA2_Stream0_IRQHandler) refers to adc.o(.bss) for hdma_adc1
    stm32f7xx_it.o(i.DMA2_Stream1_IRQHandler) refers to stm32f7xx_hal_dma.o(i.HAL_DMA_IRQHandler) for HAL_DMA_IRQHandler
    stm32f7xx_it.o(i.DMA2_Stream1_IRQHandler) refers to adc.o(.bss) for hdma_adc3
    stm32f7xx_it.o(i.DMA2_Stream2_IRQHandler) refers to stm32f7xx_hal_dma.o(i.HAL_DMA_IRQHandler) for HAL_DMA_IRQHandler
    stm32f7xx_it.o(i.DMA2_Stream2_IRQHandler) refers to adc.o(.bss) for hdma_adc2
    stm32f7xx_it.o(i.EXTI15_10_IRQHandler) refers to stm32f7xx_hal_gpio.o(i.HAL_GPIO_EXTI_IRQHandler) for HAL_GPIO_EXTI_IRQHandler
    stm32f7xx_it.o(i.EXTI15_10_IRQHandler) refers to main.o(.data) for incoming_data_flag
    stm32f7xx_it.o(i.SPI2_IRQHandler) refers to stm32f7xx_hal_spi.o(i.HAL_SPI_IRQHandler) for HAL_SPI_IRQHandler
    stm32f7xx_it.o(i.SPI2_IRQHandler) refers to spi.o(.bss) for hspi2
    stm32f7xx_it.o(i.SysTick_Handler) refers to stm32f7xx_hal.o(i.HAL_IncTick) for HAL_IncTick
    stm32f7xx_it.o(i.SysTick_Handler) refers to stm32f7xx_hal_cortex.o(i.HAL_SYSTICK_IRQHandler) for HAL_SYSTICK_IRQHandler
    stm32f7xx_it.o(i.SysTick_Handler) refers to uart_masterslave.o(i.uart_sysTickCallApp) for uart_sysTickCallApp
    stm32f7xx_it.o(i.SysTick_Handler) refers to spi_masterslave.o(i.spi_sysTickCallApp) for spi_sysTickCallApp
    stm32f7xx_it.o(i.TIM1_UP_TIM10_IRQHandler) refers to stm32f7xx_hal_tim.o(i.HAL_TIM_IRQHandler) for HAL_TIM_IRQHandler
    stm32f7xx_it.o(i.TIM1_UP_TIM10_IRQHandler) refers to tim.o(.bss) for htim1
    stm32f7xx_it.o(i.USART2_IRQHandler) refers to stm32f7xx_hal_uart.o(i.HAL_UART_IRQHandler) for HAL_UART_IRQHandler
    stm32f7xx_it.o(i.USART2_IRQHandler) refers to usart.o(.bss) for huart2
    adc.o(i.HAL_ADC_MspDeInit) refers to stm32f7xx_hal_gpio.o(i.HAL_GPIO_DeInit) for HAL_GPIO_DeInit
    adc.o(i.HAL_ADC_MspDeInit) refers to stm32f7xx_hal_dma.o(i.HAL_DMA_DeInit) for HAL_DMA_DeInit
    adc.o(i.HAL_ADC_MspInit) refers to stm32f7xx_hal_gpio.o(i.HAL_GPIO_Init) for HAL_GPIO_Init
    adc.o(i.HAL_ADC_MspInit) refers to stm32f7xx_hal_dma.o(i.HAL_DMA_Init) for HAL_DMA_Init
    adc.o(i.HAL_ADC_MspInit) refers to main.o(i._Error_Handler) for _Error_Handler
    adc.o(i.HAL_ADC_MspInit) refers to adc.o(.bss) for .bss
[...]
    i.fabs                                   0x08004d60   Section        0  fabs.o(i.fabs)
    i.fc27_init                              0x08004d78   Section        0  fc27.o(i.fc27_init)
    i.fc37_init                              0x08004d98   Section        0  fc37.o(i.fc37_init)
    i.fc46_init                              0x08004db8   Section        0  fc46.o(i.fc46_init)
    i.fc49_init                              0x08004dfc   Section        0  fc49.o(i.fc49_init)
    i.fc50N_init                             0x08004e54   Section        0  fc50n.o(i.fc50N_init)
    i.fc50_init                              0x08004e74   Section        0  fc50.o(i.fc50_init)
    i.fc51N_init                             0x08004ea4   Section        0  fc51n.o(i.fc51N_init)
    i.fc51_init                              0x08004ee0   Section        0  fc51.o(i.fc51_init)
    i.fc59_init                              0x08004f2c   Section        0  fc59.o(i.fc59_init)
    i.fcBF_init                              0x08004f48   Section        0  fcbf.o(i.fcBF_init)
    i.fcPVP_init                             0x08004f64   Section        0  fcpvp.o(i.fcPVP_init)
    i.fcUNB_init                             0x08004f80   Section        0  fcunb.o(i.fcUNB_init)
    i.flashDataCheckStartup                  0x08004fac   Section        0  fdatahandling.o(i.flashDataCheckStartup)
    i.flashDataWriteChecking                 0x08004fec   Section        0  fdatahandling.o(i.flashDataWriteChecking)
    i.initFunctions                          0x08005048   Section        0  initfunctions.o(i.initFunctions)
    i.init_conversion                        0x08005088   Section        0  conversion.o(i.init_conversion)
    i.init_protection                        0x0800517c   Section        0  init_protection.o(i.init_protection)
    i.main                                   0x08005900   Section        0  main.o(i.main)
    i.main_flow                              0x08005a54   Section        0  main_flow.o(i.main_flow)
    i.off_delay                              0x08005a66   Section        0  protection_functions.o(i.off_delay)
    i.pullDataFromMaster                     0x08005aa8   Section        0  configparams.o(i.pullDataFromMaster)
    i.pushDataToMaster                       0x08005f70   Section        0  commparams.o(i.pushDataToMaster)
    i.spi_initComApp                         0x0800665c   Section        0  spi_masterslave.o(i.spi_initComApp)
    i.spi_sysTickCallApp                     0x08006660   Section        0  spi_masterslave.o(i.spi_sysTickCallApp)
    i.trueRMS                                0x080066a4   Section        0  truerms.o(i.trueRMS)
    i.uart_initComApp                        0x080067e4   Section        0  uart_masterslave.o(i.uart_initComApp)
    i.uart_sysTickCallApp                    0x080067f8   Section        0  uart_masterslave.o(i.uart_sysTickCallApp)
    .constdata                               0x08006838   Section        8  stm32f7xx_hal_dma.o(.constdata)
    flagBitshiftOffset                       0x08006838   Data           8  stm32f7xx_hal_dma.o(.constdata)
    .constdata                               0x08006840   Section       16  system_stm32f7xx.o(.constdata)
    .constdata                               0x08006850   Section        8  system_stm32f7xx.o(.constdata)
    .constdata                               0x08006858   Section       16  fc50.o(.constdata)
    .constdata                               0x08006868   Section       16  fc50n.o(.constdata)
    .constdata                               0x08006878   Section       20  fc51.o(.constdata)
    .constdata                               0x0800688c   Section       20  fc51n.o(.constdata)
    .constdata                               0x080068a0   Section       12  fc27.o(.constdata)
    .constdata                               0x080068ac   Section       12  fc59.o(.constdata)
    .constdata                               0x080068b8   Section       36  fc46.o(.constdata)
    .constdata                               0x080068dc   Section       24  fc49.o(.constdata)
    .constdata                               0x080068f4   Section       24  fcbf.o(.constdata)
    .constdata                               0x0800690c   Section       12  fc37.o(.constdata)
    .constdata                               0x08006918   Section       24  fcunb.o(.constdata)
    .constdata                               0x08006930   Section       32  fcpvp.o(.constdata)
    .constdata                               0x08006950   Section      152  atan.o(.constdata)
    atanhi                                   0x08006950   Data          32  atan.o(.constdata)
    atanlo                                   0x08006970   Data          32  atan.o(.constdata)
    aTodd                                    0x08006990   Data          40  atan.o(.constdata)
    aTeven                                   0x080069b8   Data          48  atan.o(.constdata)
    .constdata                               0x080069e8   Section        8  qnan.o(.constdata)
    i.cs_computations                        0x20000028   Section        0  measurement_functions.o(i.cs_computations)
    i.cs_generation                          0x20000180   Section        0  measurement_functions.o(i.cs_generation)
    i.prefilter_oc                           0x20000234   Section        0  measurement_functions.o(i.prefilter_oc)
    i.signal_spectra                         0x20000268   Section        0  measurement_functions.o(i.signal_spectra)
    i.signal_thd                             0x2000030c   Section        0  measurement_functions.o(i.signal_thd)
    i.spectral_analysis                      0x20000374   Section        0  spectra.o(i.spectral_analysis)
    i.sym_comp                               0x20000460   Section        0  measurement_functions.o(i.sym_comp)
    i.sym_mag                                0x200004e8   Section        0  measurement_functions.o(i.sym_mag)
    i.true_rms                               0x20000674   Section        0  measurement_functions.o(i.true_rms)
    .data                                    0x200006e4   Section        8  main.o(.data)
    .data                                    0x200006ec   Section        4  stm32f7xx_hal.o(.data)
    .data                                    0x200006f0   Section        4  system_stm32f7xx.o(.data)
    .data                                    0x200006f4   Section      108  init_protection.o(.data)
    .data                                    0x20000760   Section       56  fc49.o(.data)
    .data                                    0x20000798   Section       32  fcunb.o(.data)
    passed                                   0x20000798   Data           1  fcunb.o(.data)
    counter                                  0x20000799   Data           1  fcunb.o(.data)
    current_checked                          0x2000079a   Data           1  fcunb.o(.data)
    time_out_counter                         0x200007a8   Data           4  fcunb.o(.data)
    current_check_counter                    0x200007ac   Data           4  fcunb.o(.data)
    .data                                    0x200007b8   Section       12  alarms.o(.data)
    ENalarm                                  0x200007b8   Data           1  alarms.o(.data)
    ENalarm_counter                          0x200007c0   Data           4  alarms.o(.data)
    .data                                    0x200007c4   Section      424  cs_handles.o(.data)
    .data                                    0x2000096c   Section        1  truerms.o(.data)
    counter                                  0x2000096c   Data           1  truerms.o(.data)
    .data                                    0x20000970   Section      404  spectra.o(.data)
    count                                    0x20000970   Data           4  spectra.o(.data)
    .data                                    0x20000b04   Section        8  conversion.o(.data)
    .data                                    0x20000b0c   Section        8  boardio.o(.data)
    .data                                    0x20000b14   Section       12  configparams.o(.data)
    .data                                    0x20000b20   Section       12  fdatahandling.o(.data)
    .data                                    0x20000b2c   Section        4  errno.o(.data)
    _errno                                   0x20000b2c   Data           4  errno.o(.data)
    .bss                                     0x20000b30   Section      128  tim.o(.bss)
    .bss                                     0x20000bb0   Section       32  rtc.o(.bss)
    .bss                                     0x20000bd0   Section       76  quadspi.o(.bss)
    .bss                                     0x20000c1c   Section      504  adc.o(.bss)
    .bss                                     0x20000e14   Section       60  main.o(.bss)
    .bss                                     0x20000e50   Section      112  usart.o(.bss)
    .bss                                     0x20000ec0   Section      100  spi.o(.bss)
    .bss                                     0x20000f24   Section       28  stm32f7xx_hal_flash.o(.bss)
    .bss                                     0x20000f40   Section      116  init_protection.o(.bss)
    .bss                                     0x20000fb4   Section      312  fc50.o(.bss)
    .bss                                     0x200010ec   Section       84  fc50n.o(.bss)
    .bss                                     0x20001140   Section      112  fc51.o(.bss)
    .bss                                     0x200011b0   Section       32  fc51n.o(.bss)
    .bss                                     0x200011d0   Section       24  fc27.o(.bss)
    .bss                                     0x200011e8   Section       96  fc59.o(.bss)
    .bss                                     0x20001248   Section       68  fc46.o(.bss)
    .bss                                     0x2000128c   Section       40  fc49.o(.bss)
    .bss                                     0x200012b4   Section       36  fcbf.o(.bss)
    .bss                                     0x200012d8   Section       24  fc37.o(.bss)
    .bss                                     0x200012f0   Section      488  fcunb.o(.bss)
    UNBa_buffer                              0x20001338   Data         200  fcunb.o(.bss)
    UNBb_buffer                              0x20001400   Data         200  fcunb.o(.bss)
    .bss                                     0x200014d8   Section     2504  fcpvp.o(.bss)
    peakBuffer                               0x200019d0   Data        1200  fcpvp.o(.bss)
    .bss                                     0x20001ea0   Section      296  pickup_handles.o(.bss)
    pick_buffer                              0x20001ed0   Data         248  pickup_handles.o(.bss)
    .bss                                     0x20001fc8   Section     5168  cs_handles.o(.bss)
    .bss                                     0x200033f8   Section     3120  truerms.o(.bss)
    .bss                                     0x20004028   Section     1152  spectra.o(.bss)
    .bss                                     0x200044a8   Section      468  conversion.o(.bss)
    .bss                                     0x2000467c   Section       36  powersysdata.o(.bss)
    .bss                                     0x200046a0   Section     6032  spi_masterslave.o(.bss)
    .bss                                     0x20005e30   Section     3008  uart_masterslave.o(.bss)
    .bss                                     0x200069f0   Section       20  fdatahandling.o(.bss)
    EraseInitStruct                          0x200069f0   Data          20  fdatahandling.o(.bss)
    STACK                                    0x20006a08   Section     2048  startup_stm32f767xx.o(STACK)

    Global Symbols

    Symbol Name                              Value     Ov Type        Size  Object(Section)

    BuildAttributes$$THM_ISAv4$E$P$D$K$B$S$7EM$VFPv5_D16$PE$PLD8$A:L22UL41UL21$X:L11$S22US41US21$IEEE1$IW$USESV6$~STKCKD$USESV7$~SHL$OTIME$ROPI$IEEEX$EBA8$MICROLIB$REQ8$PRES8$EABIv2 0x00000000   Number         0  anon$$obj.o ABSOLUTE
    __ARM_use_no_argv                        0x00000000   Number         0  main.o ABSOLUTE
    __cpp_initialize__aeabi_                  - Undefined Weak Reference
    __cxa_finalize                            - Undefined Weak Reference
    _clock_init                               - Undefined Weak Reference
    _microlib_exit                            - Undefined Weak Reference
    __Vectors_Size                           0x000001f8   Number         0  startup_stm32f767xx.o ABSOLUTE
    __Vectors                                0x08000000   Data           4  startup_stm32f767xx.o(RESET)
    __Vectors_End                            0x080001f8   Data           0  startup_stm32f767xx.o(RESET)
    __main                                   0x080001f9   Thumb Code     0  entry.o(.ARM.Collect$$$$00000000)
    _main_stk                                0x080001f9   Thumb Code     0  entry2.o(.ARM.Collect$$$$00000001)
    _main_scatterload                        0x080001fd   Thumb Code     0  entry5.o(.ARM.Collect$$$$00000004)
    __main_after_scatterload                 0x08000201   Thumb Code     0  entry5.o(.ARM.Collect$$$$00000004)
    _main_clock                              0x08000201   Thumb Code     0  entry7b.o(.ARM.Collect$$$$00000008)
    _main_cpp_init                           0x08000201   Thumb Code     0  entry8b.o(.ARM.Collect$$$$0000000A)
    _main_init                               0x08000201   Thumb Code     0  entry9a.o(.ARM.Collect$$$$0000000B)
    __rt_final_cpp                           0x08000209   Thumb Code     0  entry10a.o(.ARM.Collect$$$$0000000D)
    __rt_final_exit                          0x08000209   Thumb Code     0  entry11a.o(.ARM.Collect$$$$0000000F)
    Reset_Handler                            0x0800020d   Thumb Code     8  startup_stm32f767xx.o(.text)
    ADC_IRQHandler                           0x08000227   Thumb Code     0  startup_stm32f767xx.o(.text)
    CAN1_RX0_IRQHandler                      0x08000227   Thumb Code     0  startup_stm32f767xx.o(.text)
    CAN1_RX1_IRQHandler                      0x08000227   Thumb Code     0  startup_stm32f767xx.o(.text)
    CAN1_SCE_IRQHandler                      0x08000227   Thumb Code     0  startup_stm32f767xx.o(.text)
    CAN1_TX_IRQHandler                       0x08000227   Thumb Code     0  startup_stm32f767xx.o(.text)
    CAN2_RX0_IRQHandler                      0x08000227   Thumb Code     0  startup_stm32f767xx.o(.text)
    CAN2_RX1_IRQHandler                      0x08000227   Thumb Code     0  startup_stm32f767xx.o(.text)
    CAN2_SCE_IRQHandler                      0x08000227   Thumb Code     0  startup_stm32f767xx.o(.text)
    CAN2_TX_IRQHandler                       0x08000227   Thumb Code     0  startup_stm32f767xx.o(.text)
    CAN3_RX0_IRQHandler                      0x08000227   Thumb Code     0  startup_stm32f767xx.o(.text)
    CAN3_RX1_IRQHandler                      0x08000227   Thumb Code     0  startup_stm32f767xx.o(.text)
    CAN3_SCE_IRQHandler                      0x08000227   Thumb Code     0  startup_stm32f767xx.o(.text)
    CAN3_TX_IRQHandler                       0x08000227   Thumb Code     0  startup_stm32f767xx.o(.text)
    CEC_IRQHandler                           0x08000227   Thumb Code     0  startup_stm32f767xx.o(.text)
    DCMI_IRQHandler                          0x08000227   Thumb Code     0  startup_stm32f767xx.o(.text)
    DFSDM1_FLT0_IRQHandler                   0x08000227   Thumb Code     0  startup_stm32f767xx.o(.text)
    DFSDM1_FLT1_IRQHandler                   0x08000227   Thumb Code     0  startup_stm32f767xx.o(.text)
    DFSDM1_FLT2_IRQHandler                   0x08000227   Thumb Code     0  startup_stm32f767xx.o(.text)
    DFSDM1_FLT3_IRQHandler                   0x08000227   Thumb Code     0  startup_stm32f767xx.o(.text)
    DMA1_Stream0_IRQHandler                  0x08000227   Thumb Code     0  startup_stm32f767xx.o(.text)
    DMA1_Stream1_IRQHandler                  0x08000227   Thumb Code     0  startup_stm32f767xx.o(.text)
    DMA1_Stream2_IRQHandler                  0x08000227   Thumb Code     0  startup_stm32f767xx.o(.text)
    DMA1_Stream3_IRQHandler                  0x08000227   Thumb Code     0  startup_stm32f767xx.o(.text)
    DMA1_Stream4_IRQHandler                  0x08000227   Thumb Code     0  startup_stm32f767xx.o(.text)
    DMA1_Stream5_IRQHandler                  0x08000227   Thumb Code     0  startup_stm32f767xx.o(.text)
    DMA1_Stream6_IRQHandler                  0x08000227   Thumb Code     0  startup_stm32f767xx.o(.text)
    DMA1_Stream7_IRQHandler                  0x08000227   Thumb Code     0  startup_stm32f767xx.o(.text)
    DMA2D_IRQHandler                         0x08000227   Thumb Code     0  startup_stm32f767xx.o(.text)
    DMA2_Stream3_IRQHandler                  0x08000227   Thumb Code     0  startup_stm32f767xx.o(.text)
    DMA2_Stream4_IRQHandler                  0x08000227   Thumb Code     0  startup_stm32f767xx.o(.text)
    DMA2_Stream5_IRQHandler                  0x08000227   Thumb Code     0  startup_stm32f767xx.o(.text)
    DMA2_Stream6_IRQHandler                  0x08000227   Thumb Code     0  startup_stm32f767xx.o(.text)
    DMA2_Stream7_IRQHandler                  0x08000227   Thumb Code     0  startup_stm32f767xx.o(.text)
    ETH_IRQHandler                           0x08000227   Thumb Code     0  startup_stm32f767xx.o(.text)
    ETH_WKUP_IRQHandler                      0x08000227   Thumb Code     0  startup_stm32f767xx.o(.text)
    EXTI0_IRQHandler                         0x08000227   Thumb Code     0  startup_stm32f767xx.o(.text)
    EXTI1_IRQHandler                         0x08000227   Thumb Code     0  startup_stm32f767xx.o(.text)
    EXTI2_IRQHandler                         0x08000227   Thumb Code     0  startup_stm32f767xx.o(.text)
    EXTI3_IRQHandler                         0x08000227   Thumb Code     0  startup_stm32f767xx.o(.text)
    EXTI4_IRQHandler                         0x08000227   Thumb Code     0  startup_stm32f767xx.o(.text)
    EXTI9_5_IRQHandler                       0x08000227   Thumb Code     0  startup_stm32f767xx.o(.text)
    FLASH_IRQHandler                         0x08000227   Thumb Code     0  startup_stm32f767xx.o(.text)
    FMC_IRQHandler                           0x08000227   Thumb Code     0  startup_stm32f767xx.o(.text)
    FPU_IRQHandler                           0x08000227   Thumb Code     0  startup_stm32f767xx.o(.text)
    I2C1_ER_IRQHandler                       0x08000227   Thumb Code     0  startup_stm32f767xx.o(.text)
    I2C1_EV_IRQHandler                       0x08000227   Thumb Code     0  startup_stm32f767xx.o(.text)
    I2C2_ER_IRQHandler                       0x08000227   Thumb Code     0  startup_stm32f767xx.o(.text)
    I2C2_EV_IRQHandler                       0x08000227   Thumb Code     0  startup_stm32f767xx.o(.text)
    I2C3_ER_IRQHandler                       0x08000227   Thumb Code     0  startup_stm32f767xx.o(.text)
    I2C3_EV_IRQHandler                       0x08000227   Thumb Code     0  startup_stm32f767xx.o(.text)
    I2C4_ER_IRQHandler                       0x08000227   Thumb Code     0  startup_stm32f767xx.o(.text)
    I2C4_EV_IRQHandler                       0x08000227   Thumb Code     0  startup_stm32f767xx.o(.text)
    JPEG_IRQHandler                          0x08000227   Thumb Code     0  startup_stm32f767xx.o(.text)
    LPTIM1_IRQHandler                        0x08000227   Thumb Code     0  startup_stm32f767xx.o(.text)
    LTDC_ER_IRQHandler                       0x08000227   Thumb Code     0  startup_stm32f767xx.o(.text)
    LTDC_IRQHandler                          0x08000227   Thumb Code     0  startup_stm32f767xx.o(.text)
    MDIOS_IRQHandler                         0x08000227   Thumb Code     0  startup_stm32f767xx.o(.text)
    OTG_FS_IRQHandler                        0x08000227   Thumb Code     0  startup_stm32f767xx.o(.text)
    OTG_FS_WKUP_IRQHandler                   0x08000227   Thumb Code     0  startup_stm32f767xx.o(.text)
    OTG_HS_EP1_IN_IRQHandler                 0x08000227   Thumb Code     0  startup_stm32f767xx.o(.text)
    OTG_HS_EP1_OUT_IRQHandler                0x08000227   Thumb Code     0  startup_stm32f767xx.o(.text)
    OTG_HS_IRQHandler                        0x08000227   Thumb Code     0  startup_stm32f767xx.o(.text)
    OTG_HS_WKUP_IRQHandler                   0x08000227   Thumb Code     0  startup_stm32f767xx.o(.text)
    PVD_IRQHandler                           0x08000227   Thumb Code     0  startup_stm32f767xx.o(.text)
    QUADSPI_IRQHandler                       0x08000227   Thumb Code     0  startup_stm32f767xx.o(.text)
    RCC_IRQHandler                           0x08000227   Thumb Code     0  startup_stm32f767xx.o(.text)
    RNG_IRQHandler                           0x08000227   Thumb Code     0  startup_stm32f767xx.o(.text)
    RTC_Alarm_IRQHandler                     0x08000227   Thumb Code     0  startup_stm32f767xx.o(.text)
    RTC_WKUP_IRQHandler                      0x08000227   Thumb Code     0  startup_stm32f767xx.o(.text)
    SAI1_IRQHandler                          0x08000227   Thumb Code     0  startup_stm32f767xx.o(.text)
    SAI2_IRQHandler                          0x08000227   Thumb Code     0  startup_stm32f767xx.o(.text)
    SDMMC1_IRQHandler                        0x08000227   Thumb Code     0  startup_stm32f767xx.o(.text)
    SDMMC2_IRQHandler                        0x08000227   Thumb Code     0  startup_stm32f767xx.o(.text)
    SPDIF_RX_IRQHandler                      0x08000227   Thumb Code     0  startup_stm32f767xx.o(.text)
    SPI1_IRQHandler                          0x08000227   Thumb Code     0  startup_stm32f767xx.o(.text)
    SPI3_IRQHandler                          0x08000227   Thumb Code     0  startup_stm32f767xx.o(.text)
    SPI4_IRQHandler                          0x08000227   Thumb Code     0  startup_stm32f767xx.o(.text)
    SPI5_IRQHandler                          0x08000227   Thumb Code     0  startup_stm32f767xx.o(.text)
    SPI6_IRQHandler                          0x08000227   Thumb Code     0  startup_stm32f767xx.o(.text)
    TAMP_STAMP_IRQHandler                    0x08000227   Thumb Code     0  startup_stm32f767xx.o(.text)
    TIM1_BRK_TIM9_IRQHandler                 0x08000227   Thumb Code     0  startup_stm32f767xx.o(.text)
    TIM1_CC_IRQHandler                       0x08000227   Thumb Code     0  startup_stm32f767xx.o(.text)
    TIM1_TRG_COM_TIM11_IRQHandler            0x08000227   Thumb Code     0  startup_stm32f767xx.o(.text)
    TIM2_IRQHandler                          0x08000227   Thumb Code     0  startup_stm32f767xx.o(.text)
    TIM3_IRQHandler                          0x08000227   Thumb Code     0  startup_stm32f767xx.o(.text)
    TIM4_IRQHandler                          0x08000227   Thumb Code     0  startup_stm32f767xx.o(.text)
    TIM5_IRQHandler                          0x08000227   Thumb Code     0  startup_stm32f767xx.o(.text)
    TIM6_DAC_IRQHandler                      0x08000227   Thumb Code     0  startup_stm32f767xx.o(.text)
    TIM7_IRQHandler                          0x08000227   Thumb Code     0  startup_stm32f767xx.o(.text)
    TIM8_BRK_TIM12_IRQHandler                0x08000227   Thumb Code     0  startup_stm32f767xx.o(.text)
    TIM8_CC_IRQHandler                       0x08000227   Thumb Code     0  startup_stm32f767xx.o(.text)
    TIM8_TRG_COM_TIM14_IRQHandler            0x08000227   Thumb Code     0  startup_stm32f767xx.o(.text)
    TIM8_UP_TIM13_IRQHandler                 0x08000227   Thumb Code     0  startup_stm32f767xx.o(.text)
    UART4_IRQHandler                         0x08000227   Thumb Code     0  startup_stm32f767xx.o(.text)
    UART5_IRQHandler                         0x08000227   Thumb Code     0  startup_stm32f767xx.o(.text)
    UART7_IRQHandler                         0x08000227   Thumb Code     0  startup_stm32f767xx.o(.text)
    UART8_IRQHandler                         0x08000227   Thumb Code     0  startup_stm32f767xx.o(.text)
    USART1_IRQHandler                        0x08000227   Thumb Code     0  startup_stm32f767xx.o(.text)
    USART3_IRQHandler                        0x08000227   Thumb Code     0  startup_stm32f767xx.o(.text)
    USART6_IRQHandler                        0x08000227   Thumb Code     0  startup_stm32f767xx.o(.text)
    WWDG_IRQHandler                          0x08000227   Thumb Code     0  startup_stm32f767xx.o(.text)
    __aeabi_memcpy                           0x08000231   Thumb Code    36  memcpya.o(.text)
    __aeabi_memcpy4                          0x08000231   Thumb Code     0  memcpya.o(.text)
    __aeabi_memcpy8                          0x08000231   Thumb Code     0  memcpya.o(.text)
    __I$use$fp                               0x08000255   Thumb Code     0  iusefp.o(.text)
    __scatterload                            0x08000255   Thumb Code    28  init.o(.text)
    __scatterload_rt2                        0x08000255   Thumb Code     0  init.o(.text)
    __decompress                             0x08000279   Thumb Code     0  __dclz77c.o(.text)
    __decompress2                            0x08000279   Thumb Code    94  __dclz77c.o(.text)
    Long Thumb to Thumb Veneer to prefilter_oc 0x080002d7   Thumb Code    10  anon$$obj.o(Veneer$$Code)
    Long Thumb to Thumb Veneer to cs_generation 0x080002e1   Thumb Code    10  anon$$obj.o(Veneer$$Code)
    Long Thumb to Thumb Veneer to cs_computations 0x080002eb   Thumb Code    10  anon$$obj.o(Veneer$$Code)
    Long Thumb to Thumb Veneer to sym_comp   0x080002f5   Thumb Code    10  anon$$obj.o(Veneer$$Code)
    Long Thumb to Thumb Veneer to sym_mag    0x080002ff   Thumb Code    10  anon$$obj.o(Veneer$$Code)
    Long Thumb to Thumb Veneer to spectral_analysis 0x08000309   Thumb Code    10  anon$$obj.o(Veneer$$Code)
    Long Thumb to Thumb Veneer to true_rms   0x08000313   Thumb Code    10  anon$$obj.o(Veneer$$Code)
    BusFault_Handler                         0x08000395   Thumb Code     2  stm32f7xx_it.o(i.BusFault_Handler)
    DMA2_Stream0_IRQHandler                  0x08000399   Thumb Code     6  stm32f7xx_it.o(i.DMA2_Stream0_IRQHandler)
    DMA2_Stream1_IRQHandler                  0x080003a5   Thumb Code     6  stm32f7xx_it.o(i.DMA2_Stream1_IRQHandler)
    DMA2_Stream2_IRQHandler                  0x080003b1   Thumb Code     6  stm32f7xx_it.o(i.DMA2_Stream2_IRQHandler)
    DebugMon_Handler                         0x080003bd   Thumb Code     2  stm32f7xx_it.o(i.DebugMon_Handler)
    EXTI15_10_IRQHandler                     0x080003c1   Thumb Code    12  stm32f7xx_it.o(i.EXTI15_10_IRQHandler)
    FLASH_WaitForLastOperation               0x080003d1   Thumb Code   174  stm32f7xx_hal_flash.o(i.FLASH_WaitForLastOperation)
    HAL_ADCEx_MultiModeConfigChannel         0x08000489   Thumb Code   116  stm32f7xx_hal_adc_ex.o(i.HAL_ADCEx_MultiModeConfigChannel)
    HAL_ADCEx_MultiModeStart_DMA             0x08000501   Thumb Code   330  stm32f7xx_hal_adc_ex.o(i.HAL_ADCEx_MultiModeStart_DMA)
    HAL_ADC_ConfigChannel                    0x08000669   Thumb Code   442  stm32f7xx_hal_adc.o(i.HAL_ADC_ConfigChannel)
    HAL_ADC_ConvCpltCallback                 0x08000835   Thumb Code   742  conversion.o(i.HAL_ADC_ConvCpltCallback)
    HAL_ADC_ConvHalfCpltCallback             0x08000b2d   Thumb Code     2  stm32f7xx_hal_adc.o(i.HAL_ADC_ConvHalfCpltCallback)
    HAL_ADC_ErrorCallback                    0x08000b2f   Thumb Code     2  stm32f7xx_hal_adc.o(i.HAL_ADC_ErrorCallback)
    HAL_ADC_Init                             0x08000b31   Thumb Code   368  stm32f7xx_hal_adc.o(i.HAL_ADC_Init)
    HAL_ADC_MspInit                          0x08000cad   Thumb Code   352  adc.o(i.HAL_ADC_MspInit)
    HAL_ADC_Start                            0x08000e49   Thumb Code   260  stm32f7xx_hal_adc.o(i.HAL_ADC_Start)
    HAL_DMA_Abort_IT                         0x08000f59   Thumb Code    36  stm32f7xx_hal_dma.o(i.HAL_DMA_Abort_IT)
    HAL_DMA_IRQHandler                       0x08000f7d   Thumb Code   464  stm32f7xx_hal_dma.o(i.HAL_DMA_IRQHandler)
    HAL_DMA_Init                             0x08001159   Thumb Code   350  stm32f7xx_hal_dma.o(i.HAL_DMA_Init)
    HAL_DMA_Start_IT                         0x080012c5   Thumb Code   156  stm32f7xx_hal_dma.o(i.HAL_DMA_Start_IT)
    HAL_FLASHEx_Erase                        0x08001361   Thumb Code   284  stm32f7xx_hal_flash_ex.o(i.HAL_FLASHEx_Erase)
    HAL_FLASH_Lock                           0x08001485   Thumb Code    14  stm32f7xx_hal_flash.o(i.HAL_FLASH_Lock)
    HAL_FLASH_Program                        0x08001499   Thumb Code   212  stm32f7xx_hal_flash.o(i.HAL_FLASH_Program)
    HAL_FLASH_Unlock                         0x08001575   Thumb Code    28  stm32f7xx_hal_flash.o(i.HAL_FLASH_Unlock)
    HAL_GPIO_EXTI_Callback                   0x080015a1   Thumb Code     2  main.o(i.HAL_GPIO_EXTI_Callback)
    HAL_GPIO_EXTI_IRQHandler                 0x080015a5   Thumb Code    20  stm32f7xx_hal_gpio.o(i.HAL_GPIO_EXTI_IRQHandler)
    HAL_GPIO_Init                            0x080015bd   Thumb Code   572  stm32f7xx_hal_gpio.o(i.HAL_GPIO_Init)
    HAL_GPIO_WritePin                        0x0800180d   Thumb Code    10  stm32f7xx_hal_gpio.o(i.HAL_GPIO_WritePin)
    HAL_GetTick                              0x08001819   Thumb Code     6  stm32f7xx_hal.o(i.HAL_GetTick)
    HAL_IncTick                              0x08001825   Thumb Code    10  stm32f7xx_hal.o(i.HAL_IncTick)
    HAL_Init                                 0x08001835   Thumb Code    22  stm32f7xx_hal.o(i.HAL_Init)
    HAL_InitTick                             0x0800184d   Thumb Code    34  stm32f7xx_hal.o(i.HAL_InitTick)
    HAL_MspInit                              0x08001875   Thumb Code    88  stm32f7xx_hal_msp.o(i.HAL_MspInit)
    HAL_NVIC_EnableIRQ                       0x080018cd   Thumb Code    24  stm32f7xx_hal_cortex.o(i.HAL_NVIC_EnableIRQ)
    HAL_NVIC_SetPriority                     0x080018e5   Thumb Code    92  stm32f7xx_hal_cortex.o(i.HAL_NVIC_SetPriority)
    HAL_NVIC_SetPriorityGrouping             0x08001945   Thumb Code    30  stm32f7xx_hal_cortex.o(i.HAL_NVIC_SetPriorityGrouping)
    HAL_PWREx_EnableOverDrive                0x08001969   Thumb Code   116  stm32f7xx_hal_pwr_ex.o(i.HAL_PWREx_EnableOverDrive)
    HAL_QSPI_Init                            0x080019e5   Thumb Code   200  stm32f7xx_hal_qspi.o(i.HAL_QSPI_Init)
    HAL_QSPI_MspInit                         0x08001ab1   Thumb Code   118  quadspi.o(i.HAL_QSPI_MspInit)
    HAL_RCCEx_PeriphCLKConfig                0x08001b39   Thumb Code  1496  stm32f7xx_hal_rcc_ex.o(i.HAL_RCCEx_PeriphCLKConfig)
    HAL_RCC_ClockConfig                      0x08002115   Thumb Code   392  stm32f7xx_hal_rcc.o(i.HAL_RCC_ClockConfig)
    HAL_RCC_GetHCLKFreq                      0x080022bd   Thumb Code     6  stm32f7xx_hal_rcc.o(i.HAL_RCC_GetHCLKFreq)
    HAL_RCC_GetPCLK1Freq                     0x080022c9   Thumb Code    20  stm32f7xx_hal_rcc.o(i.HAL_RCC_GetPCLK1Freq)
    HAL_RCC_GetPCLK2Freq                     0x080022e9   Thumb Code    20  stm32f7xx_hal_rcc.o(i.HAL_RCC_GetPCLK2Freq)
    HAL_RCC_GetSysClockFreq                  0x08002309   Thumb Code    94  stm32f7xx_hal_rcc.o(i.HAL_RCC_GetSysClockFreq)
    HAL_RCC_OscConfig                        0x08002379   Thumb Code   928  stm32f7xx_hal_rcc.o(i.HAL_RCC_OscConfig)
    HAL_RTC_Init                             0x08002739   Thumb Code   202  stm32f7xx_hal_rtc.o(i.HAL_RTC_Init)
    HAL_RTC_MspInit                          0x08002805   Thumb Code    26  rtc.o(i.HAL_RTC_MspInit)
    HAL_SPI_ErrorCallback                    0x08002825   Thumb Code     2  stm32f7xx_hal_spi.o(i.HAL_SPI_ErrorCallback)
    HAL_SPI_IRQHandler                       0x08002829   Thumb Code   242  stm32f7xx_hal_spi.o(i.HAL_SPI_IRQHandler)
    HAL_SPI_Init                             0x08002921   Thumb Code   210  stm32f7xx_hal_spi.o(i.HAL_SPI_Init)
    HAL_SPI_MspInit                          0x080029f5   Thumb Code    90  spi.o(i.HAL_SPI_MspInit)
    HAL_SYSTICK_CLKSourceConfig              0x08002a59   Thumb Code    22  stm32f7xx_hal_cortex.o(i.HAL_SYSTICK_CLKSourceConfig)
    HAL_SYSTICK_Callback                     0x08002a6f   Thumb Code     2  stm32f7xx_hal_cortex.o(i.HAL_SYSTICK_Callback)
    HAL_SYSTICK_Config                       0x08002a71   Thumb Code    36  stm32f7xx_hal_cortex.o(i.HAL_SYSTICK_Config)
    HAL_SYSTICK_IRQHandler                   0x08002a99   Thumb Code     8  stm32f7xx_hal_cortex.o(i.HAL_SYSTICK_IRQHandler)
    HAL_TIMEx_BreakCallback                  0x08002aa1   Thumb Code     2  stm32f7xx_hal_tim_ex.o(i.HAL_TIMEx_BreakCallback)
    HAL_TIMEx_CommutationCallback            0x08002aa3   Thumb Code     2  stm32f7xx_hal_tim_ex.o(i.HAL_TIMEx_CommutationCallback)
    HAL_TIMEx_MasterConfigSynchronization    0x08002aa5   Thumb Code    94  stm32f7xx_hal_tim_ex.o(i.HAL_TIMEx_MasterConfigSynchronization)
    HAL_TIM_Base_Init                        0x08002b03   Thumb Code    54  stm32f7xx_hal_tim.o(i.HAL_TIM_Base_Init)
    HAL_TIM_Base_MspInit                     0x08002b39   Thumb Code    84  tim.o(i.HAL_TIM_Base_MspInit)
    HAL_TIM_Base_Start_IT                    0x08002b95   Thumb Code    24  stm32f7xx_hal_tim.o(i.HAL_TIM_Base_Start_IT)
    HAL_TIM_ConfigClockSource                0x08002bad   Thumb Code   468  stm32f7xx_hal_tim.o(i.HAL_TIM_ConfigClockSource)
    HAL_TIM_IC_CaptureCallback               0x08002d81   Thumb Code     2  stm32f7xx_hal_tim.o(i.HAL_TIM_IC_CaptureCallback)
    HAL_TIM_IRQHandler                       0x08002d83   Thumb Code   388  stm32f7xx_hal_tim.o(i.HAL_TIM_IRQHandler)
    HAL_TIM_OC_DelayElapsedCallback          0x08002f07   Thumb Code     2  stm32f7xx_hal_tim.o(i.HAL_TIM_OC_DelayElapsedCallback)
    HAL_TIM_PWM_PulseFinishedCallback        0x08002f09   Thumb Code     2  stm32f7xx_hal_tim.o(i.HAL_TIM_PWM_PulseFinishedCallback)
    HAL_TIM_PeriodElapsedCallback            0x08002f0b   Thumb Code     2  stm32f7xx_hal_tim.o(i.HAL_TIM_PeriodElapsedCallback)
    HAL_TIM_TriggerCallback                  0x08002f0d   Thumb Code     2  stm32f7xx_hal_tim.o(i.HAL_TIM_TriggerCallback)
    HAL_UART_ErrorCallback                   0x08002f0f   Thumb Code     2  stm32f7xx_hal_uart.o(i.HAL_UART_ErrorCallback)
    HAL_UART_IRQHandler                      0x08002f11   Thumb Code   652  stm32f7xx_hal_uart.o(i.HAL_UART_IRQHandler)
    HAL_UART_Init                            0x080031a1   Thumb Code   110  stm32f7xx_hal_uart.o(i.HAL_UART_Init)
    HAL_UART_MspInit                         0x08003211   Thumb Code    88  usart.o(i.HAL_UART_MspInit)
    HAL_UART_Receive_IT                      0x08003271   Thumb Code   150  stm32f7xx_hal_uart.o(i.HAL_UART_Receive_IT)
    HAL_UART_RxCpltCallback                  0x08003309   Thumb Code    72  uart_masterslave.o(i.HAL_UART_RxCpltCallback)
    HAL_UART_TxCpltCallback                  0x08003359   Thumb Code    26  uart_masterslave.o(i.HAL_UART_TxCpltCallback)
    HardFault_Handler                        0x08003379   Thumb Code     2  stm32f7xx_it.o(i.HardFault_Handler)
    MX_ADC1_Init                             0x0800337d   Thumb Code   222  adc.o(i.MX_ADC1_Init)
    MX_ADC2_Init                             0x08003475   Thumb Code   182  adc.o(i.MX_ADC2_Init)
    MX_ADC3_Init                             0x08003545   Thumb Code   184  adc.o(i.MX_ADC3_Init)
    MX_DMA_Init                              0x08003615   Thumb Code    40  dma.o(i.MX_DMA_Init)
    MX_GPIO_Init                             0x08003641   Thumb Code   530  gpio.o(i.MX_GPIO_Init)
    MX_QUADSPI_Init                          0x08003879   Thumb Code    54  quadspi.o(i.MX_QUADSPI_Init)
    MX_RTC_Init                              0x080038cd   Thumb Code    52  rtc.o(i.MX_RTC_Init)
    MX_SPI2_Init                             0x08003919   Thumb Code    74  spi.o(i.MX_SPI2_Init)
    MX_TIM1_Init                             0x0800397d   Thumb Code   104  tim.o(i.MX_TIM1_Init)
    MX_TIM6_Init                             0x080039fd   Thumb Code    70  tim.o(i.MX_TIM6_Init)
    MX_USART2_UART_Init                      0x08003a5d   Thumb Code    60  usart.o(i.MX_USART2_UART_Init)
    MemManage_Handler                        0x08003ab1   Thumb Code     2  stm32f7xx_it.o(i.MemManage_Handler)
    NMI_Handler                              0x08003ab3   Thumb Code     2  stm32f7xx_it.o(i.NMI_Handler)
    PendSV_Handler                           0x08003ab5   Thumb Code     2  stm32f7xx_it.o(i.PendSV_Handler)
    SPI2_IRQHandler                          0x08003b11   Thumb Code     6  stm32f7xx_it.o(i.SPI2_IRQHandler)
    SVC_Handler                              0x08003b2f   Thumb Code     2  stm32f7xx_it.o(i.SVC_Handler)
    SysTick_Handler                          0x08003b31   Thumb Code    22  stm32f7xx_it.o(i.SysTick_Handler)
    SystemClock_Config                       0x08003b49   Thumb Code   186  main.o(i.SystemClock_Config)
    SystemInit                               0x08003c0d   Thumb Code    76  system_stm32f7xx.o(i.SystemInit)
    TIM1_UP_TIM10_IRQHandler                 0x08003c6d   Thumb Code     6  stm32f7xx_it.o(i.TIM1_UP_TIM10_IRQHandler)
    TIM_Base_SetConfig                       0x08003c79   Thumb Code   180  stm32f7xx_hal_tim.o(i.TIM_Base_SetConfig)
    UART_AdvFeatureConfig                    0x08003d41   Thumb Code   218  stm32f7xx_hal_uart.o(i.UART_AdvFeatureConfig)
    UART_CheckIdleState                      0x08003e1b   Thumb Code    68  stm32f7xx_hal_uart.o(i.UART_CheckIdleState)
    UART_SetConfig                           0x08003e75   Thumb Code   682  stm32f7xx_hal_uart.o(i.UART_SetConfig)
    UART_WaitOnFlagUntilTimeout              0x08004131   Thumb Code   118  stm32f7xx_hal_uart.o(i.UART_WaitOnFlagUntilTimeout)
    USART2_IRQHandler                        0x080041a9   Thumb Code     6  stm32f7xx_it.o(i.USART2_IRQHandler)
    UsageFault_Handler                       0x080041b5   Thumb Code     2  stm32f7xx_it.o(i.UsageFault_Handler)
    _Error_Handler                           0x080041b7   Thumb Code     2  main.o(i._Error_Handler)
    __ARM_fpclassify                         0x080041b9   Thumb Code    48  fpclassify.o(i.__ARM_fpclassify)
    __hardfp_atan                            0x080041e9   Thumb Code   402  atan.o(i.__hardfp_atan)
    __hardfp_atan2                           0x080043e9   Thumb Code   380  atan2.o(i.__hardfp_atan2)
    __hardfp_sqrt                            0x080045a9   Thumb Code   102  sqrt.o(i.__hardfp_sqrt)
    __hardfp_sqrtf                           0x0800460f   Thumb Code    58  sqrtf.o(i.__hardfp_sqrtf)
    __kernel_poly                            0x08004649   Thumb Code   112  poly.o(i.__kernel_poly)
    __mathlib_dbl_infnan                     0x080046b9   Thumb Code     6  dunder.o(i.__mathlib_dbl_infnan)
    __mathlib_dbl_infnan2                    0x080046bf   Thumb Code     6  dunder.o(i.__mathlib_dbl_infnan2)
    __mathlib_dbl_underflow                  0x080046c9   Thumb Code    10  dunder.o(i.__mathlib_dbl_underflow)
    __scatterload_copy                       0x080046e1   Thumb Code    14  handlers.o(i.__scatterload_copy)
    __scatterload_null                       0x080046ef   Thumb Code     2  handlers.o(i.__scatterload_null)
    __scatterload_zeroinit                   0x080046f1   Thumb Code    14  handlers.o(i.__scatterload_zeroinit)
    __set_errno                              0x08004701   Thumb Code     6  errno.o(i.__set_errno)
    atan                                     0x0800470d   Thumb Code    16  atan.o(i.atan)
    bulkFlashRead                            0x0800471d   Thumb Code   210  fdatahandling.o(i.bulkFlashRead)
    bulkFlashWrite                           0x08004815   Thumb Code   276  fdatahandling.o(i.bulkFlashWrite)
    cs_PQ_combination                        0x08004955   Thumb Code   154  cs_handles.o(i.cs_PQ_combination)
    cs_handles                               0x080049f9   Thumb Code   840  cs_handles.o(i.cs_handles)
    fabs                                     0x08004d61   Thumb Code    24  fabs.o(i.fabs)
    fc27_init                                0x08004d79   Thumb Code    24  fc27.o(i.fc27_init)
    fc37_init                                0x08004d99   Thumb Code    24  fc37.o(i.fc37_init)
    fc46_init                                0x08004db9   Thumb Code    54  fc46.o(i.fc46_init)
    fc49_init                                0x08004dfd   Thumb Code    72  fc49.o(i.fc49_init)
    fc50N_init                               0x08004e55   Thumb Code    22  fc50n.o(i.fc50N_init)
    fc50_init                                0x08004e75   Thumb Code    40  fc50.o(i.fc50_init)
    fc51N_init                               0x08004ea5   Thumb Code    46  fc51n.o(i.fc51N_init)
    fc51_init                                0x08004ee1   Thumb Code    62  fc51.o(i.fc51_init)
    fc59_init                                0x08004f2d   Thumb Code    18  fc59.o(i.fc59_init)
    fcBF_init                                0x08004f49   Thumb Code    18  fcbf.o(i.fcBF_init)
    fcPVP_init                               0x08004f65   Thumb Code    18  fcpvp.o(i.fcPVP_init)
    fcUNB_init                               0x08004f81   Thumb Code    32  fcunb.o(i.fcUNB_init)
    flashDataCheckStartup                    0x08004fad   Thumb Code    52  fdatahandling.o(i.flashDataCheckStartup)
    flashDataWriteChecking                   0x08004fed   Thumb Code    72  fdatahandling.o(i.flashDataWriteChecking)
    initFunctions                            0x08005049   Thumb Code    62  initfunctions.o(i.initFunctions)
    init_conversion                          0x08005089   Thumb Code   184  conversion.o(i.init_conversion)
    init_protection                          0x0800517d   Thumb Code  1920  init_protection.o(i.init_protection)
    main                                     0x08005901   Thumb Code   286  main.o(i.main)
    main_flow                                0x08005a55   Thumb Code    18  main_flow.o(i.main_flow)
    off_delay                                0x08005a67   Thumb Code    66  protection_functions.o(i.off_delay)
    pullDataFromMaster                       0x08005aa9   Thumb Code  1224  configparams.o(i.pullDataFromMaster)
    pushDataToMaster                         0x08005f71   Thumb Code  1702  commparams.o(i.pushDataToMaster)
    spi_initComApp                           0x0800665d   Thumb Code     2  spi_masterslave.o(i.spi_initComApp)
    spi_sysTickCallApp                       0x08006661   Thumb Code    62  spi_masterslave.o(i.spi_sysTickCallApp)
    trueRMS                                  0x080066a5   Thumb Code   302  truerms.o(i.trueRMS)
    uart_initComApp                          0x080067e5   Thumb Code    10  uart_masterslave.o(i.uart_initComApp)
    uart_sysTickCallApp                      0x080067f9   Thumb Code    60  uart_masterslave.o(i.uart_sysTickCallApp)
    AHBPrescTable                            0x08006840   Data          16  system_stm32f7xx.o(.constdata)
    APBPrescTable                            0x08006850   Data           8  system_stm32f7xx.o(.constdata)
    __mathlib_zero                           0x080069e8   Data           8  qnan.o(.constdata)
    Region$$Table$$Base                      0x080069f0   Number         0  anon$$obj.o(Region$$Table)
    Region$$Table$$Limit                     0x08006a20   Number         0  anon$$obj.o(Region$$Table)
    Long Thumb to Thumb Veneer to __hardfp_sqrt 0x20000001   Thumb Code    10  anon$$obj.o(Veneer$$Code)
    Long Thumb to Thumb Veneer to __hardfp_atan2 0x2000000b   Thumb Code    10  anon$$obj.o(Veneer$$Code)
    Long Thumb to Thumb Veneer to __hardfp_sqrtf 0x20000015   Thumb Code    10  anon$$obj.o(Veneer$$Code)
    Long Thumb to Thumb Veneer to __aeabi_memcpy4 0x2000001f   Thumb Code    10  anon$$obj.o(Veneer$$Code)
    cs_computations                          0x20000029   Thumb Code   316  measurement_functions.o(i.cs_computations)
    cs_generation                            0x20000181   Thumb Code   178  measurement_functions.o(i.cs_generation)
    prefilter_oc                             0x20000235   Thumb Code    42  measurement_functions.o(i.prefilter_oc)
    signal_spectra                           0x20000269   Thumb Code   158  measurement_functions.o(i.signal_spectra)
    signal_thd                               0x2000030d   Thumb Code    96  measurement_functions.o(i.signal_thd)
    spectral_analysis                        0x20000375   Thumb Code   206  spectra.o(i.spectral_analysis)
    sym_comp                                 0x20000461   Thumb Code   126  measurement_functions.o(i.sym_comp)
    sym_mag                                  0x200004e9   Thumb Code   386  measurement_functions.o(i.sym_mag)
    true_rms                                 0x20000675   Thumb Code   106  measurement_functions.o(i.true_rms)
    incoming_data_flag                       0x200006e4   Data           1  main.o(.data)
    incoming_data_flag_counter               0x200006e8   Data           4  main.o(.data)
    uwTick                                   0x200006ec   Data           4  stm32f7xx_hal.o(.data)
    SystemCoreClock                          0x200006f0   Data           4  system_stm32f7xx.o(.data)
    curve                                    0x200006f4   Data           1  init_protection.o(.data)
    cSelect1                                 0x200006f8   Data           4  init_protection.o(.data)
    cSelect2                                 0x200006fc   Data           4  init_protection.o(.data)
    curve_data                               0x20000700   Data          96  init_protection.o(.data)
    fc49_obj1_L1_out_a                       0x20000760   Data           4  fc49.o(.data)
    fc49_obj1_L1_out_b                       0x20000764   Data           4  fc49.o(.data)
    fc49_obj1_L1_out_c                       0x20000768   Data           4  fc49.o(.data)
    fc49_obj2_L1_out_a                       0x2000076c   Data           4  fc49.o(.data)
    fc49_obj2_L1_out_b                       0x20000770   Data           4  fc49.o(.data)
    fc49_obj2_L1_out_c                       0x20000774   Data           4  fc49.o(.data)
    therm_a_obj1                             0x20000778   Data           4  fc49.o(.data)
    therm_b_obj1                             0x2000077c   Data           4  fc49.o(.data)
    therm_c_obj1                             0x20000780   Data           4  fc49.o(.data)
    therm_a_obj2                             0x20000784   Data           4  fc49.o(.data)
    therm_b_obj2                             0x20000788   Data           4  fc49.o(.data)
    therm_c_obj2                             0x2000078c   Data           4  fc49.o(.data)
    fc49_obj1_L1_in                          0x20000790   Data           4  fc49.o(.data)
    fc49_obj2_L1_in                          0x20000794   Data           4  fc49.o(.data)
    UNBpcorrection                           0x2000079c   Data           4  fcunb.o(.data)
    UNBa_rms                                 0x200007a0   Data           4  fcunb.o(.data)
    UNBb_rms                                 0x200007a4   Data           4  fcunb.o(.data)
    fcUNBi_obj1_L1_in                        0x200007b0   Data           8  fcunb.o(.data)
    alarm                                    0x200007bc   Data           4  alarms.o(.data)
    n                                        0x200007c4   Data           8  cs_handles.o(.data)
    UNBa                                     0x200007cc   Data           8  cs_handles.o(.data)
    UNBb                                     0x200007d4   Data           8  cs_handles.o(.data)
    sin_coeffs                               0x200007dc   Data         200  cs_handles.o(.data)
    cos_coeffs                               0x200008a4   Data         200  cs_handles.o(.data)
    coeffs_real                              0x20000974   Data         200  spectra.o(.data)
    coeffs_imag                              0x20000a3c   Data         200  spectra.o(.data)
    conversion_completed                     0x20000b04   Data           1  conversion.o(.data)
    cycle_count_1                            0x20000b08   Data           4  conversion.o(.data)
    DI                                       0x20000b0c   Data           4  boardio.o(.data)
    DO                                       0x20000b10   Data           4  boardio.o(.data)
    mSelect                                  0x20000b14   Data           4  configparams.o(.data)
    pFlag                                    0x20000b18   Data           4  configparams.o(.data)
    pEN                                      0x20000b1c   Data           4  configparams.o(.data)
    eraseError                               0x20000b20   Data           1  fdatahandling.o(.data)
    writeError                               0x20000b21   Data           1  fdatahandling.o(.data)
    flashWritePending                        0x20000b22   Data           1  fdatahandling.o(.data)
    sentinel                                 0x20000b24   Data           4  fdatahandling.o(.data)
    SECTORError                              0x20000b28   Data           4  fdatahandling.o(.data)
    htim1                                    0x20000b30   Data          64  tim.o(.bss)
    htim6                                    0x20000b70   Data          64  tim.o(.bss)
    hrtc                                     0x20000bb0   Data          32  rtc.o(.bss)
    hqspi                                    0x20000bd0   Data          76  quadspi.o(.bss)
    hadc1                                    0x20000c1c   Data          72  adc.o(.bss)
    hadc2                                    0x20000c64   Data          72  adc.o(.bss)
    hadc3                                    0x20000cac   Data          72  adc.o(.bss)
    hdma_adc1                                0x20000cf4   Data          96  adc.o(.bss)
    hdma_adc2                                0x20000d54   Data          96  adc.o(.bss)
    hdma_adc3                                0x20000db4   Data          96  adc.o(.bss)
    adc_values                               0x20000e14   Data          60  main.o(.bss)
    huart2                                   0x20000e50   Data         112  usart.o(.bss)
    hspi2                                    0x20000ec0   Data         100  spi.o(.bss)
    pFlash                                   0x20000f24   Data          28  stm32f7xx_hal_flash.o(.bss)
    EN                                       0x20000f40   Data         116  init_protection.o(.bss)
    fc50_obj1_L1_out_a                       0x20000fb4   Data          12  fc50.o(.bss)
    fc50_obj1_L1_out_b                       0x20000fc0   Data          12  fc50.o(.bss)
    fc50_obj1_L1_out_c                       0x20000fcc   Data          12  fc50.o(.bss)
    fc50_obj1_L2_out_a                       0x20000fd8   Data          12  fc50.o(.bss)
    fc50_obj1_L2_out_b                       0x20000fe4   Data          12  fc50.o(.bss)
    fc50_obj1_L2_out_c                       0x20000ff0   Data          12  fc50.o(.bss)
    fc50_obj1_L3_out_a                       0x20000ffc   Data          12  fc50.o(.bss)
    fc50_obj1_L3_out_b                       0x20001008   Data          12  fc50.o(.bss)
    fc50_obj1_L3_out_c                       0x20001014   Data          12  fc50.o(.bss)
    fc50_obj2_L1_out_a                       0x20001020   Data          12  fc50.o(.bss)
    fc50_obj2_L1_out_b                       0x2000102c   Data          12  fc50.o(.bss)
    fc50_obj2_L1_out_c                       0x20001038   Data          12  fc50.o(.bss)
    fc50_obj2_L2_out_a                       0x20001044   Data          12  fc50.o(.bss)
    fc50_obj2_L2_out_b                       0x20001050   Data          12  fc50.o(.bss)
    fc50_obj2_L2_out_c                       0x2000105c   Data          12  fc50.o(.bss)
    fc50_obj2_L3_out_a                       0x20001068   Data          12  fc50.o(.bss)
    fc50_obj2_L3_out_b                       0x20001074   Data          12  fc50.o(.bss)
    fc50_obj2_L3_out_c                       0x20001080   Data          12  fc50.o(.bss)
    fc50_obj1_L1_in                          0x2000108c   Data          16  fc50.o(.bss)
    fc50_obj1_L2_in                          0x2000109c   Data          16  fc50.o(.bss)
    fc50_obj1_L3_in                          0x200010ac   Data          16  fc50.o(.bss)
    fc50_obj2_L1_in                          0x200010bc   Data          16  fc50.o(.bss)
    fc50_obj2_L2_in                          0x200010cc   Data          16  fc50.o(.bss)
    fc50_obj2_L3_in                          0x200010dc   Data          16  fc50.o(.bss)
    fc50N_obj1_L1_out                        0x200010ec   Data          12  fc50n.o(.bss)
    fc50N_obj1_L2_out                        0x200010f8   Data          12  fc50n.o(.bss)
    fc50N_obj1_L3_out                        0x20001104   Data          12  fc50n.o(.bss)
    fc50N_obj1_L1_in                         0x20001110   Data          16  fc50n.o(.bss)
    fc50N_obj1_L2_in                         0x20001120   Data          16  fc50n.o(.bss)
    fc50N_obj1_L3_in                         0x20001130   Data          16  fc50n.o(.bss)
    fc51_obj1_out_a                          0x20001140   Data          12  fc51.o(.bss)
    fc51_obj1_out_b                          0x2000114c   Data          12  fc51.o(.bss)
    fc51_obj1_out_c                          0x20001158   Data          12  fc51.o(.bss)
    fc51_obj2_out_a                          0x20001164   Data          12  fc51.o(.bss)
    fc51_obj2_out_b                          0x20001170   Data          12  fc51.o(.bss)
    fc51_obj2_out_c                          0x2000117c   Data          12  fc51.o(.bss)
    fc51_obj1_in                             0x20001188   Data          20  fc51.o(.bss)
    fc51_obj2_in                             0x2000119c   Data          20  fc51.o(.bss)
    fc51N_obj1_out                           0x200011b0   Data          12  fc51n.o(.bss)
    fc51N_obj1_in                            0x200011bc   Data          20  fc51n.o(.bss)
    fc27_obj1_L1_in                          0x200011d0   Data          12  fc27.o(.bss)
    fc27_obj1_L2_in                          0x200011dc   Data          12  fc27.o(.bss)
    fc59_obj1_L1_out_a                       0x200011e8   Data          12  fc59.o(.bss)
    fc59_obj1_L1_out_b                       0x200011f4   Data          12  fc59.o(.bss)
    fc59_obj1_L1_out_c                       0x20001200   Data          12  fc59.o(.bss)
    fc59_obj1_L2_out_a                       0x2000120c   Data          12  fc59.o(.bss)
    fc59_obj1_L2_out_b                       0x20001218   Data          12  fc59.o(.bss)
    fc59_obj1_L2_out_c                       0x20001224   Data          12  fc59.o(.bss)
    fc59_obj1_L1_in                          0x20001230   Data          12  fc59.o(.bss)
    fc59_obj1_L2_in                          0x2000123c   Data          12  fc59.o(.bss)
    fc46d_obj1_L1_out                        0x20001248   Data          16  fc46.o(.bss)
    fc46i_obj1_L1_out                        0x20001258   Data          16  fc46.o(.bss)
    fc46d_obj1_L1_in                         0x20001268   Data          16  fc46.o(.bss)
    fc46i_obj1_L1_in                         0x20001278   Data          20  fc46.o(.bss)
    fc49_obj1_therm                          0x2000128c   Data          20  fc49.o(.bss)
    fc49_obj2_therm                          0x200012a0   Data          20  fc49.o(.bss)
    fcBF_out                                 0x200012b4   Data          12  fcbf.o(.bss)
    fcBF_in                                  0x200012c0   Data          24  fcbf.o(.bss)
    fc37_obj1_L1_in                          0x200012d8   Data          12  fc37.o(.bss)
    fc37_obj2_L1_in                          0x200012e4   Data          12  fc37.o(.bss)
    fcUNBd_obj1_L1_out_a                     0x200012f0   Data          16  fcunb.o(.bss)
    fcUNBd_obj1_L1_out_b                     0x20001300   Data          16  fcunb.o(.bss)
    fcUNBi_obj1_L1_out_a                     0x20001310   Data          12  fcunb.o(.bss)
    fcUNBi_obj1_L1_out_b                     0x2000131c   Data          12  fcunb.o(.bss)
    nucArray                                 0x20001328   Data          16  fcunb.o(.bss)
    fcUNBd_obj1_L1_in                        0x200014c8   Data          16  fcunb.o(.bss)
    pvp_out                                  0x200014d8   Data          12  fcpvp.o(.bss)
    pvp_out_back                             0x200014e4   Data          12  fcpvp.o(.bss)
    fcPVPi_obj1_L1_out_a                     0x200014f0   Data          12  fcpvp.o(.bss)
    fcPVPi_obj1_L1_out_b                     0x200014fc   Data          12  fcpvp.o(.bss)
    fcPVPi_obj1_L1_out_c                     0x20001508   Data          12  fcpvp.o(.bss)
    pvp_buf                                  0x20001514   Data        1212  fcpvp.o(.bss)
    fcPVPd_obj1_L1_in                        0x20001e80   Data          12  fcpvp.o(.bss)
    fcPVPi_obj1_L1_in                        0x20001e8c   Data          20  fcpvp.o(.bss)
    pick                                     0x20001ea0   Data          12  pickup_handles.o(.bss)
    trip                                     0x20001eac   Data          12  pickup_handles.o(.bss)
    pick_words                               0x20001eb8   Data          12  pickup_handles.o(.bss)
    trip_words                               0x20001ec4   Data          12  pickup_handles.o(.bss)
    phase_cs_A                               0x20001fc8   Data          16  cs_handles.o(.bss)
    phase_cs_B                               0x20001fd8   Data          16  cs_handles.o(.bss)
    phase_cs_C                               0x20001fe8   Data          16  cs_handles.o(.bss)
    phase_cs_A_out                           0x20001ff8   Data          44  cs_handles.o(.bss)
    phase_cs_B_out                           0x20002024   Data          44  cs_handles.o(.bss)
    phase_cs_C_out                           0x20002050   Data          44  cs_handles.o(.bss)
    sym                                      0x2000207c   Data          24  cs_handles.o(.bss)
    sym_hist                                 0x20002094   Data          24  cs_handles.o(.bss)
    mag_sym                                  0x200020ac   Data          24  cs_handles.o(.bss)
    c_buffer                                 0x200020c4   Data        2400  cs_handles.o(.bss)
    s_buffer                                 0x20002a24   Data        2400  cs_handles.o(.bss)
    P                                        0x20003384   Data          28  cs_handles.o(.bss)
    Q                                        0x200033a0   Data          28  cs_handles.o(.bss)
    fRMS                                     0x200033bc   Data          60  cs_handles.o(.bss)
    tRMS                                     0x200033f8   Data          60  truerms.o(.bss)
    backRMS                                  0x20003434   Data          60  truerms.o(.bss)
    bufferRMS                                0x20003470   Data        3000  truerms.o(.bss)
    spect_Ia                                 0x20004028   Data         380  spectra.o(.bss)
    spect_Ib                                 0x200041a4   Data         380  spectra.o(.bss)
    spect_Ic                                 0x20004320   Data         380  spectra.o(.bss)
    thd                                      0x2000449c   Data          12  spectra.o(.bss)
    rawAdc                                   0x200044a8   Data          60  conversion.o(.bss)
    fAdc                                     0x200044e4   Data          60  conversion.o(.bss)
    offset                                   0x20004520   Data          60  conversion.o(.bss)
    scale                                    0x2000455c   Data          60  conversion.o(.bss)
    oc                                       0x20004598   Data         180  conversion.o(.bss)
    TR                                       0x2000464c   Data          48  conversion.o(.bss)
    Sys                                      0x2000467c   Data          36  powersysdata.o(.bss)
    comParams                                0x200046a0   Data        6020  spi_masterslave.o(.bss)
    spiCRC                                   0x20005e24   Data          12  spi_masterslave.o(.bss)
    comParams_uart                           0x20005e30   Data        2996  uart_masterslave.o(.bss)
    uartCRC                                  0x200069e4   Data          12  uart_masterslave.o(.bss)
    __initial_sp                             0x20007208   Data           0  startup_stm32f767xx.o(STACK)



==============================================================================

Memory Map of the image

  Image Entry point : 0x080001f9

  Load Region LR_IROM1 (Base: 0x08000000, Size: 0x00007550, Max: 0x00200000, ABSOLUTE, COMPRESSED[0x000072a0])

    Execution Region ER_IROM1 (Base: 0x08000000, Size: 0x00006a20, Max: 0x00200000, ABSOLUTE)

    Base Addr    Size         Type   Attr      Idx    E Section Name        Object

    0x08000000   0x000001f8   Data   RO          899    RESET               startup_stm32f767xx.o
    0x080001f8   0x00000000   Code   RO         5858  * .ARM.Collect$$$$00000000  mc_w.l(entry.o)
    0x080001f8   0x00000004   Code   RO         5930    .ARM.Collect$$$$00000001  mc_w.l(entry2.o)
    0x080001fc   0x00000004   Code   RO         5933    .ARM.Collect$$$$00000004  mc_w.l(entry5.o)
    0x08000200   0x00000000   Code   RO         5935    .ARM.Collect$$$$00000008  mc_w.l(entry7b.o)
    0x08000200   0x00000000   Code   RO         5937    .ARM.Collect$$$$0000000A  mc_w.l(entry8b.o)
    0x08000200   0x00000008   Code   RO         5938    .ARM.Collect$$$$0000000B  mc_w.l(entry9a.o)
    0x08000208   0x00000000   Code   RO         5940    .ARM.Collect$$$$0000000D  mc_w.l(entry10a.o)
    0x08000208   0x00000000   Code   RO         5942    .ARM.Collect$$$$0000000F  mc_w.l(entry11a.o)
    0x08000208   0x00000004   Code   RO         5931    .ARM.Collect$$$$00002712  mc_w.l(entry2.o)
    0x0800020c   0x00000024   Code   RO          900    .text               startup_stm32f767xx.o
    0x08000230   0x00000024   Code   RO         5861    .text               mc_w.l(memcpya.o)
    0x08000254   0x00000000   Code   RO         5951    .text               mc_w.l(iusefp.o)
    0x08000254   0x00000024   Code   RO         5958    .text               mc_w.l(init.o)
    0x08000278   0x0000005e   Code   RO         5968    .text               mc_w.l(__dclz77c.o)
    0x080002d6   0x0000000a   Ven    RO         5970    Veneer$$Code        anon$$obj.o
    0x080002e0   0x0000000a   Ven    RO         5971    Veneer$$Code        anon$$obj.o
    0x080002ea   0x0000000a   Ven    RO         5972    Veneer$$Code        anon$$obj.o
    0x080002f4   0x0000000a   Ven    RO         5973    Veneer$$Code        anon$$obj.o
    0x080002fe   0x0000000a   Ven    RO         5974    Veneer$$Code        anon$$obj.o
    0x08000308   0x0000000a   Ven    RO         5975    Veneer$$Code        anon$$obj.o
    0x08000312   0x0000000a   Ven    RO         5976    Veneer$$Code        anon$$obj.o
    0x0800031c   0x00000060   Code   RO         2101    i.ADC_MultiModeDMAConvCplt  stm32f7xx_hal_adc_ex.o
    0x0800037c   0x00000012   Code   RO         2102    i.ADC_MultiModeDMAError  stm32f7xx_hal_adc_ex.o
    0x0800038e   0x00000006   Code   RO         2103    i.ADC_MultiModeDMAHalfConvCplt  stm32f7xx_hal_adc_ex.o
    0x08000394   0x00000002   Code   RO          310    i.BusFault_Handler  stm32f7xx_it.o
    0x08000396   0x00000002   PAD
    0x08000398   0x0000000c   Code   RO          311    i.DMA2_Stream0_IRQHandler  stm32f7xx_it.o
    0x080003a4   0x0000000c   Code   RO          312    i.DMA2_Stream1_IRQHandler  stm32f7xx_it.o
    0x080003b0   0x0000000c   Code   RO          313    i.DMA2_Stream2_IRQHandler  stm32f7xx_it.o
    0x080003bc   0x00000002   Code   RO          314    i.DebugMon_Handler  stm32f7xx_it.o
    0x080003be   0x00000002   PAD
    0x080003c0   0x00000010   Code   RO          315    i.EXTI15_10_IRQHandler  stm32f7xx_it.o
    0x080003d0   0x000000b8   Code   RO         1208    i.FLASH_WaitForLastOperation  stm32f7xx_hal_flash.o
    0x08000488   0x00000078   Code   RO         2112    i.HAL_ADCEx_MultiModeConfigChannel  stm32f7xx_hal_adc_ex.o
    0x08000500   0x00000168   Code   RO         2114    i.HAL_ADCEx_MultiModeStart_DMA  stm32f7xx_hal_adc_ex.o
    0x08000668   0x000001cc   Code   RO          911    i.HAL_ADC_ConfigChannel  stm32f7xx_hal_adc.o
    0x08000834   0x000002f8   Code   RO         5260    i.HAL_ADC_ConvCpltCallback  conversion.o
    0x08000b2c   0x00000002   Code   RO          913    i.HAL_ADC_ConvHalfCpltCallback  stm32f7xx_hal_adc.o
    0x08000b2e   0x00000002   Code   RO          915    i.HAL_ADC_ErrorCallback  stm32f7xx_hal_adc.o
    0x08000b30   0x0000017c   Code   RO          920    i.HAL_ADC_Init      stm32f7xx_hal_adc.o
    0x08000cac   0x0000019c   Code   RO          443    i.HAL_ADC_MspInit   adc.o
    0x08000e48   0x00000110   Code   RO          926    i.HAL_ADC_Start     stm32f7xx_hal_adc.o
    0x08000f58   0x00000024   Code   RO         2492    i.HAL_DMA_Abort_IT  stm32f7xx_hal_dma.o
    0x08000f7c   0x000001dc   Code   RO         2496    i.HAL_DMA_IRQHandler  stm32f7xx_hal_dma.o
    0x08001158   0x0000016c   Code   RO         2497    i.HAL_DMA_Init      stm32f7xx_hal_dma.o
    0x080012c4   0x0000009c   Code   RO         2501    i.HAL_DMA_Start_IT  stm32f7xx_hal_dma.o
    0x08001360   0x00000124   Code   RO         3380    i.HAL_FLASHEx_Erase  stm32f7xx_hal_flash_ex.o
    0x08001484   0x00000014   Code   RO         1212    i.HAL_FLASH_Lock    stm32f7xx_hal_flash.o
    0x08001498   0x000000dc   Code   RO         1217    i.HAL_FLASH_Program  stm32f7xx_hal_flash.o
    0x08001574   0x0000002c   Code   RO         1219    i.HAL_FLASH_Unlock  stm32f7xx_hal_flash.o
    0x080015a0   0x00000002   Code   RO          496    i.HAL_GPIO_EXTI_Callback  main.o
    0x080015a2   0x00000002   PAD
    0x080015a4   0x00000018   Code   RO         1433    i.HAL_GPIO_EXTI_IRQHandler  stm32f7xx_hal_gpio.o
    0x080015bc   0x00000250   Code   RO         1434    i.HAL_GPIO_Init     stm32f7xx_hal_gpio.o
    0x0800180c   0x0000000a   Code   RO         1438    i.HAL_GPIO_WritePin  stm32f7xx_hal_gpio.o
    0x08001816   0x00000002   PAD
    0x08001818   0x0000000c   Code   RO         2319    i.HAL_GetTick       stm32f7xx_hal.o
    0x08001824   0x00000010   Code   RO         2323    i.HAL_IncTick       stm32f7xx_hal.o
    0x08001834   0x00000016   Code   RO         2324    i.HAL_Init          stm32f7xx_hal.o
    0x0800184a   0x00000002   PAD
    0x0800184c   0x00000028   Code   RO         2325    i.HAL_InitTick      stm32f7xx_hal.o
    0x08001874   0x00000058   Code   RO          286    i.HAL_MspInit       stm32f7xx_hal_msp.o
    0x080018cc   0x00000018   Code   RO         1306    i.HAL_NVIC_EnableIRQ  stm32f7xx_hal_cortex.o
    0x080018e4   0x00000060   Code   RO         1312    i.HAL_NVIC_SetPriority  stm32f7xx_hal_cortex.o
    0x08001944   0x00000024   Code   RO         1313    i.HAL_NVIC_SetPriorityGrouping  stm32f7xx_hal_cortex.o
    0x08001968   0x0000007c   Code   RO         2216    i.HAL_PWREx_EnableOverDrive  stm32f7xx_hal_pwr_ex.o
    0x080019e4   0x000000cc   Code   RO         3442    i.HAL_QSPI_Init     stm32f7xx_hal_qspi.o
    0x08001ab0   0x00000088   Code   RO          215    i.HAL_QSPI_MspInit  quadspi.o
    0x08001b38   0x000005dc   Code   RO         2704    i.HAL_RCCEx_PeriphCLKConfig  stm32f7xx_hal_rcc_ex.o
    0x08002114   0x000001a8   Code   RO         2979    i.HAL_RCC_ClockConfig  stm32f7xx_hal_rcc.o
    0x080022bc   0x0000000c   Code   RO         2984    i.HAL_RCC_GetHCLKFreq  stm32f7xx_hal_rcc.o
    0x080022c8   0x00000020   Code   RO         2986    i.HAL_RCC_GetPCLK1Freq  stm32f7xx_hal_rcc.o
    0x080022e8   0x00000020   Code   RO         2987    i.HAL_RCC_GetPCLK2Freq  stm32f7xx_hal_rcc.o
    0x08002308   0x00000070   Code   RO         2988    i.HAL_RCC_GetSysClockFreq  stm32f7xx_hal_rcc.o
    0x08002378   0x000003c0   Code   RO         2991    i.HAL_RCC_OscConfig  stm32f7xx_hal_rcc.o
    0x08002738   0x000000ca   Code   RO         1080    i.HAL_RTC_Init      stm32f7xx_hal_rtc.o
    0x08002802   0x00000002   PAD
    0x08002804   0x00000020   Code   RO          173    i.HAL_RTC_MspInit   rtc.o
    0x08002824   0x00000002   Code   RO         4382    i.HAL_SPI_ErrorCallback  stm32f7xx_hal_spi.o
    0x08002826   0x00000002   PAD
    0x08002828   0x000000f8   Code   RO         4385    i.HAL_SPI_IRQHandler  stm32f7xx_hal_spi.o
    0x08002920   0x000000d2   Code   RO         4386    i.HAL_SPI_Init      stm32f7xx_hal_spi.o
    0x080029f2   0x00000002   PAD
    0x080029f4   0x00000064   Code   RO          647    i.HAL_SPI_MspInit   spi.o
    0x08002a58   0x00000016   Code   RO         1315    i.HAL_SYSTICK_CLKSourceConfig  stm32f7xx_hal_cortex.o
    0x08002a6e   0x00000002   Code   RO         1316    i.HAL_SYSTICK_Callback  stm32f7xx_hal_cortex.o
    0x08002a70   0x00000028   Code   RO         1317    i.HAL_SYSTICK_Config  stm32f7xx_hal_cortex.o
    0x08002a98   0x00000008   Code   RO         1318    i.HAL_SYSTICK_IRQHandler  stm32f7xx_hal_cortex.o
    0x08002aa0   0x00000002   Code   RO         3115    i.HAL_TIMEx_BreakCallback  stm32f7xx_hal_tim_ex.o
    0x08002aa2   0x00000002   Code   RO         3116    i.HAL_TIMEx_CommutationCallback  stm32f7xx_hal_tim_ex.o
    0x08002aa4   0x0000005e   Code   RO         3134    i.HAL_TIMEx_MasterConfigSynchronization  stm32f7xx_hal_tim_ex.o
    0x08002b02   0x00000036   Code   RO         1499    i.HAL_TIM_Base_Init  stm32f7xx_hal_tim.o
    0x08002b38   0x0000005c   Code   RO            5    i.HAL_TIM_Base_MspInit  tim.o
    0x08002b94   0x00000018   Code   RO         1504    i.HAL_TIM_Base_Start_IT  stm32f7xx_hal_tim.o
    0x08002bac   0x000001d4   Code   RO         1508    i.HAL_TIM_ConfigClockSource  stm32f7xx_hal_tim.o
    0x08002d80   0x00000002   Code   RO         1528    i.HAL_TIM_IC_CaptureCallback  stm32f7xx_hal_tim.o
    0x08002d82   0x00000184   Code   RO         1541    i.HAL_TIM_IRQHandler  stm32f7xx_hal_tim.o
    0x08002f06   0x00000002   Code   RO         1544    i.HAL_TIM_OC_DelayElapsedCallback  stm32f7xx_hal_tim.o
    0x08002f08   0x00000002   Code   RO         1571    i.HAL_TIM_PWM_PulseFinishedCallback  stm32f7xx_hal_tim.o
    0x08002f0a   0x00000002   Code   RO         1578    i.HAL_TIM_PeriodElapsedCallback  stm32f7xx_hal_tim.o
    0x08002f0c   0x00000002   Code   RO         1582    i.HAL_TIM_TriggerCallback  stm32f7xx_hal_tim.o
    0x08002f0e   0x00000002   Code   RO         4127    i.HAL_UART_ErrorCallback  stm32f7xx_hal_uart.o
    0x08002f10   0x00000290   Code   RO         4130    i.HAL_UART_IRQHandler  stm32f7xx_hal_uart.o
    0x080031a0   0x0000006e   Code   RO         4131    i.HAL_UART_Init     stm32f7xx_hal_uart.o
    0x0800320e   0x00000002   PAD
    0x08003210   0x00000060   Code   RO          605    i.HAL_UART_MspInit  usart.o
    0x08003270   0x00000096   Code   RO         4136    i.HAL_UART_Receive_IT  stm32f7xx_hal_uart.o
    0x08003306   0x00000002   PAD
    0x08003308   0x00000050   Code   RO         5546    i.HAL_UART_RxCpltCallback  uart_masterslave.o
    0x08003358   0x00000020   Code   RO         5547    i.HAL_UART_TxCpltCallback  uart_masterslave.o
    0x08003378   0x00000002   Code   RO          316    i.HardFault_Handler  stm32f7xx_it.o
    0x0800337a   0x00000002   PAD
    0x0800337c   0x000000f8   Code   RO          444    i.MX_ADC1_Init      adc.o
    0x08003474   0x000000d0   Code   RO          445    i.MX_ADC2_Init      adc.o
    0x08003544   0x000000d0   Code   RO          446    i.MX_ADC3_Init      adc.o
    0x08003614   0x0000002c   Code   RO          259    i.MX_DMA_Init       dma.o
    0x08003640   0x00000238   Code   RO          580    i.MX_GPIO_Init      gpio.o
    0x08003878   0x00000054   Code   RO          216    i.MX_QUADSPI_Init   quadspi.o
    0x080038cc   0x0000004c   Code   RO          174    i.MX_RTC_Init       rtc.o
    0x08003918   0x00000064   Code   RO          648    i.MX_SPI2_Init      spi.o
    0x0800397c   0x00000080   Code   RO            6    i.MX_TIM1_Init      tim.o
    0x080039fc   0x00000060   Code   RO            7    i.MX_TIM6_Init      tim.o
    0x08003a5c   0x00000054   Code   RO          606    i.MX_USART2_UART_Init  usart.o
    0x08003ab0   0x00000002   Code   RO          317    i.MemManage_Handler  stm32f7xx_it.o
    0x08003ab2   0x00000002   Code   RO          318    i.NMI_Handler       stm32f7xx_it.o
    0x08003ab4   0x00000002   Code   RO          319    i.PendSV_Handler    stm32f7xx_it.o
    0x08003ab6   0x00000058   Code   RO         3467    i.QSPI_WaitFlagStateUntilTimeout  stm32f7xx_hal_qspi.o
    0x08003b0e   0x00000002   PAD
    0x08003b10   0x0000000c   Code   RO          320    i.SPI2_IRQHandler   stm32f7xx_it.o
    0x08003b1c   0x00000012   Code   RO         4410    i.SPI_DMAAbortOnError  stm32f7xx_hal_spi.o
    0x08003b2e   0x00000002   Code   RO          321    i.SVC_Handler       stm32f7xx_it.o
    0x08003b30   0x00000016   Code   RO          322    i.SysTick_Handler   stm32f7xx_it.o
    0x08003b46   0x00000002   PAD
    0x08003b48   0x000000c4   Code   RO          497    i.SystemClock_Config  main.o
    0x08003c0c   0x00000060   Code   RO         4683    i.SystemInit        system_stm32f7xx.o
    0x08003c6c   0x0000000c   Code   RO          323    i.TIM1_UP_TIM10_IRQHandler  stm32f7xx_it.o
    0x08003c78   0x000000c8   Code   RO         1583    i.TIM_Base_SetConfig  stm32f7xx_hal_tim.o
    0x08003d40   0x000000da   Code   RO         4144    i.UART_AdvFeatureConfig  stm32f7xx_hal_uart.o
    0x08003e1a   0x00000044   Code   RO         4145    i.UART_CheckIdleState  stm32f7xx_hal_uart.o
    0x08003e5e   0x00000014   Code   RO         4146    i.UART_DMAAbortOnError  stm32f7xx_hal_uart.o
    0x08003e72   0x00000002   PAD
    0x08003e74   0x000002bc   Code   RO         4152    i.UART_SetConfig    stm32f7xx_hal_uart.o
    0x08004130   0x00000076   Code   RO         4153    i.UART_WaitOnFlagUntilTimeout  stm32f7xx_hal_uart.o
    0x080041a6   0x00000002   PAD
    0x080041a8   0x0000000c   Code   RO          324    i.USART2_IRQHandler  stm32f7xx_it.o
    0x080041b4   0x00000002   Code   RO          325    i.UsageFault_Handler  stm32f7xx_it.o
    0x080041b6   0x00000002   Code   RO          498    i._Error_Handler    main.o
    0x080041b8   0x00000030   Code   RO         5954    i.__ARM_fpclassify  m_wv.l(fpclassify.o)
    0x080041e8   0x00000200   Code   RO         5865    i.__hardfp_atan     m_wv.l(atan.o)
    0x080043e8   0x000001c0   Code   RO         5784    i.__hardfp_atan2    m_wv.l(atan2.o)
    0x080045a8   0x00000066   Code   RO         5834    i.__hardfp_sqrt     m_wv.l(sqrt.o)
    0x0800460e   0x0000003a   Code   RO         5846    i.__hardfp_sqrtf    m_wv.l(sqrtf.o)
    0x08004648   0x00000070   Code   RO         5956    i.__kernel_poly     m_wv.l(poly.o)
    0x080046b8   0x00000006   Code   RO         5883    i.__mathlib_dbl_infnan  m_wv.l(dunder.o)
    0x080046be   0x00000006   Code   RO         5884    i.__mathlib_dbl_infnan2  m_wv.l(dunder.o)
    0x080046c4   0x00000004   PAD
    0x080046c8   0x00000018   Code   RO         5888    i.__mathlib_dbl_underflow  m_wv.l(dunder.o)
    0x080046e0   0x0000000e   Code   RO         5962    i.__scatterload_copy  mc_w.l(handlers.o)
    0x080046ee   0x00000002   Code   RO         5963    i.__scatterload_null  mc_w.l(handlers.o)
    0x080046f0   0x0000000e   Code   RO         5964    i.__scatterload_zeroinit  mc_w.l(handlers.o)
    0x080046fe   0x00000002   PAD
    0x08004700   0x0000000c   Code   RO         5946    i.__set_errno       mc_w.l(errno.o)
    0x0800470c   0x00000010   Code   RO         5867    i.atan              m_wv.l(atan.o)
    0x0800471c   0x000000f8   Code   RO         5703    i.bulkFlashRead     fdatahandling.o
    0x08004814   0x00000140   Code   RO         5704    i.bulkFlashWrite    fdatahandling.o
    0x08004954   0x000000a4   Code   RO         5183    i.cs_PQ_combination  cs_handles.o
    0x080049f8   0x00000368   Code   RO         5184    i.cs_handles        cs_handles.o
    0x08004d60   0x00000018   Code   RO         5898    i.fabs              m_wv.l(fabs.o)
    0x08004d78   0x00000020   Code   RO         4850    i.fc27_init         fc27.o
    0x08004d98   0x00000020   Code   RO         4997    i.fc37_init         fc37.o
    0x08004db8   0x00000044   Code   RO         4907    i.fc46_init         fc46.o
    0x08004dfc   0x00000058   Code   RO         4931    i.fc49_init         fc49.o
    0x08004e54   0x00000020   Code   RO         4772    i.fc50N_init        fc50n.o
    0x08004e74   0x00000030   Code   RO         4742    i.fc50_init         fc50.o
    0x08004ea4   0x0000003c   Code   RO         4824    i.fc51N_init        fc51n.o
    0x08004ee0   0x0000004c   Code   RO         4798    i.fc51_init         fc51.o
    0x08004f2c   0x0000001c   Code   RO         4885    i.fc59_init         fc59.o
    0x08004f48   0x0000001c   Code   RO         4959    i.fcBF_init         fcbf.o
    0x08004f64   0x0000001c   Code   RO         5068    i.fcPVP_init        fcpvp.o
    0x08004f80   0x0000002c   Code   RO         5029    i.fcUNB_init        fcunb.o
    0x08004fac   0x00000040   Code   RO         5707    i.flashDataCheckStartup  fdatahandling.o
    0x08004fec   0x0000005c   Code   RO         5708    i.flashDataWriteChecking  fdatahandling.o
    0x08005048   0x0000003e   Code   RO         5303    i.initFunctions     initfunctions.o
    0x08005086   0x00000002   PAD
    0x08005088   0x000000f4   Code   RO         5261    i.init_conversion   conversion.o
    0x0800517c   0x00000784   Code   RO         4717    i.init_protection   init_protection.o
    0x08005900   0x00000154   Code   RO          499    i.main              main.o
    0x08005a54   0x00000012   Code   RO         5676    i.main_flow         main_flow.o
    0x08005a66   0x00000042   Code   RO          788    i.off_delay         protection_functions.o
    0x08005aa8   0x000004c8   Code   RO         5649    i.pullDataFromMaster  configparams.o
    0x08005f70   0x000006ec   Code   RO         5600    i.pushDataToMaster  commparams.o
    0x0800665c   0x00000002   Code   RO         5494    i.spi_initComApp    spi_masterslave.o
    0x0800665e   0x00000002   PAD
    0x08006660   0x00000044   Code   RO         5496    i.spi_sysTickCallApp  spi_masterslave.o
    0x080066a4   0x00000140   Code   RO         5221    i.trueRMS           truerms.o
    0x080067e4   0x00000014   Code   RO         5548    i.uart_initComApp   uart_masterslave.o
    0x080067f8   0x00000040   Code   RO         5550    i.uart_sysTickCallApp  uart_masterslave.o
    0x08006838   0x00000008   Data   RO         2503    .constdata          stm32f7xx_hal_dma.o
    0x08006840   0x00000010   Data   RO         4684    .constdata          system_stm32f7xx.o
    0x08006850   0x00000008   Data   RO         4685    .constdata          system_stm32f7xx.o
    0x08006858   0x00000010   Data   RO         4744    .constdata          fc50.o
    0x08006868   0x00000010   Data   RO         4774    .constdata          fc50n.o
    0x08006878   0x00000014   Data   RO         4800    .constdata          fc51.o
    0x0800688c   0x00000014   Data   RO         4826    .constdata          fc51n.o
    0x080068a0   0x0000000c   Data   RO         4852    .constdata          fc27.o
    0x080068ac   0x0000000c   Data   RO         4887    .constdata          fc59.o
    0x080068b8   0x00000024   Data   RO         4910    .constdata          fc46.o
    0x080068dc   0x00000018   Data   RO         4933    .constdata          fc49.o
    0x080068f4   0x00000018   Data   RO         4961    .constdata          fcbf.o
    0x0800690c   0x0000000c   Data   RO         4999    .constdata          fc37.o
    0x08006918   0x00000018   Data   RO         5036    .constdata          fcunb.o
    0x08006930   0x00000020   Data   RO         5072    .constdata          fcpvp.o
    0x08006950   0x00000098   Data   RO         5868    .constdata          m_wv.l(atan.o)
    0x080069e8   0x00000008   Data   RO         5918    .constdata          m_wv.l(qnan.o)
    0x080069f0   0x00000030   Data   RO         5960    Region$$Table       anon$$obj.o


    Execution Region RW_IRAM1 (Base: 0x20000000, Size: 0x00007208, Max: 0x0001ffff, ABSOLUTE, COMPRESSED[0x0000019c])

    Base Addr    Size         Type   Attr      Idx    E Section Name        Object

    0x20000000   0x0000000a   Ven    RO         5977    Veneer$$Code        anon$$obj.o
    0x2000000a   0x0000000a   Ven    RO         5978    Veneer$$Code        anon$$obj.o
    0x20000014   0x0000000a   Ven    RO         5979    Veneer$$Code        anon$$obj.o
    0x2000001e   0x0000000a   Ven    RO         5980    Veneer$$Code        anon$$obj.o
    0x20000028   0x00000158   Code   RO          685    i.cs_computations   measurement_functions.o
    0x20000180   0x000000b2   Code   RO          686    i.cs_generation     measurement_functions.o
    0x20000232   0x00000002   PAD
    0x20000234   0x00000034   Code   RO          688    i.prefilter_oc      measurement_functions.o
    0x20000268   0x000000a4   Code   RO          691    i.signal_spectra    measurement_functions.o
    0x2000030c   0x00000068   Code   RO          692    i.signal_thd        measurement_functions.o
    0x20000374   0x000000ec   Code   RO         5241    i.spectral_analysis  spectra.o
    0x20000460   0x00000088   Code   RO          693    i.sym_comp          measurement_functions.o
    0x200004e8   0x0000018c   Code   RO          694    i.sym_mag           measurement_functions.o
    0x20000674   0x00000070   Code   RO          696    i.true_rms          measurement_functions.o
    0x200006e4   0x00000008   Data   RW          501    .data               main.o
    0x200006ec   0x00000004   Data   RW         2330    .data               stm32f7xx_hal.o
    0x200006f0   0x00000004   Data   RW         4686    .data               system_stm32f7xx.o
    0x200006f4   0x0000006c   Data   RW         4719    .data               init_protection.o
    0x20000760   0x00000038   Data   RW         4934    .data               fc49.o
    0x20000798   0x00000020   Data   RW         5037    .data               fcunb.o
    0x200007b8   0x0000000c   Data   RW         5158    .data               alarms.o
    0x200007c4   0x000001a8   Data   RW         5189    .data               cs_handles.o
    0x2000096c   0x00000001   Data   RW         5223    .data               truerms.o
    0x2000096d   0x00000003   PAD
    0x20000970   0x00000194   Data   RW         5243    .data               spectra.o
    0x20000b04   0x00000008   Data   RW         5263    .data               conversion.o
    0x20000b0c   0x00000008   Data   RW         5334    .data               boardio.o
    0x20000b14   0x0000000c   Data   RW         5650    .data               configparams.o
    0x20000b20   0x0000000c   Data   RW         5715    .data               fdatahandling.o
    0x20000b2c   0x00000004   Data   RW         5947    .data               mc_w.l(errno.o)
    0x20000b30   0x00000080   Zero   RW            8    .bss                tim.o
    0x20000bb0   0x00000020   Zero   RW          175    .bss                rtc.o
    0x20000bd0   0x0000004c   Zero   RW          217    .bss                quadspi.o
    0x20000c1c   0x000001f8   Zero   RW          447    .bss                adc.o
    0x20000e14   0x0000003c   Zero   RW          500    .bss                main.o
    0x20000e50   0x00000070   Zero   RW          607    .bss                usart.o
    0x20000ec0   0x00000064   Zero   RW          649    .bss                spi.o
    0x20000f24   0x0000001c   Zero   RW         1220    .bss                stm32f7xx_hal_flash.o
    0x20000f40   0x00000074   Zero   RW         4718    .bss                init_protection.o
    0x20000fb4   0x00000138   Zero   RW         4743    .bss                fc50.o
    0x200010ec   0x00000054   Zero   RW         4773    .bss                fc50n.o
    0x20001140   0x00000070   Zero   RW         4799    .bss                fc51.o
    0x200011b0   0x00000020   Zero   RW         4825    .bss                fc51n.o
    0x200011d0   0x00000018   Zero   RW         4851    .bss                fc27.o
    0x200011e8   0x00000060   Zero   RW         4886    .bss                fc59.o
    0x20001248   0x00000044   Zero   RW         4908    .bss                fc46.o
    0x2000128c   0x00000028   Zero   RW         4932    .bss                fc49.o
    0x200012b4   0x00000024   Zero   RW         4960    .bss                fcbf.o
    0x200012d8   0x00000018   Zero   RW         4998    .bss                fc37.o
    0x200012f0   0x000001e8   Zero   RW         5031    .bss                fcunb.o
    0x200014d8   0x000009c8   Zero   RW         5071    .bss                fcpvp.o
    0x20001ea0   0x00000128   Zero   RW         5106    .bss                pickup_handles.o
    0x20001fc8   0x00001430   Zero   RW         5185    .bss                cs_handles.o
    0x200033f8   0x00000c30   Zero   RW         5222    .bss                truerms.o
    0x20004028   0x00000480   Zero   RW         5242    .bss                spectra.o
    0x200044a8   0x000001d4   Zero   RW         5262    .bss                conversion.o
    0x2000467c   0x00000024   Zero   RW         5318    .bss                powersysdata.o
    0x200046a0   0x00001790   Zero   RW         5497    .bss                spi_masterslave.o
    0x20005e30   0x00000bc0   Zero   RW         5551    .bss                uart_masterslave.o
    0x200069f0   0x00000014   Zero   RW         5714    .bss                fdatahandling.o
    0x20006a04   0x00000004   PAD
    0x20006a08   0x00000800   Zero   RW          897    STACK               startup_stm32f767xx.o


==============================================================================

Image component sizes


      Code (inc. data)   RO Data    RW Data    ZI Data      Debug   Object Name

      1076        136          0          0        504       3777   adc.o
         0          0          0         12          0       2157   alarms.o
         0          0          0          8          0       1328   boardio.o
      1772        252          0          0          0       1711   commparams.o
      1224        160          0         12          0       7300   configparams.o
      1004         78          0          8        468       4399   conversion.o
      1036         42          0        424       5168       5736   cs_handles.o
        44          4          0          0          0        770   dma.o
        32          8         12          0         24       1786   fc27.o
        32          8         12          0         24       1108   fc37.o
        68         14         36          0         68       1344   fc46.o
        88         16         24         56         40       1622   fc49.o
        48          8         16          0        312       1920   fc50.o
        32         10         16          0         84        952   fc50n.o
        76         14         20          0        112       1096   fc51.o
        60         14         20          0         32        800   fc51n.o
        28         10         12          0         96       1068   fc59.o
        28         10         24          0         36        751   fcbf.o
        28         10         32          0       2504       2670   fcpvp.o
        44         12         24         32        488       2724   fcunb.o
       724        114          0         12         20       5725   fdatahandling.o
       568         38          0          0          0       1247   gpio.o
      1924        132          0        108        116      10344   init_protection.o
        62          0          0          0          0        536   initfunctions.o
       540         64          0          8         60      38474   main.o
        18          0          0          0          0        480   main_flow.o
      1486         78          0          0          0       8547   measurement_functions.o
         0          0          0          0        296       9435   pickup_handles.o
         0          0          0          0         36        946   powersysdata.o
        66          0          0          0          0       4523   protection_functions.o
       220         48          0          0         76       1745   quadspi.o
       108         30          0          0         32       1467   rtc.o
       236         30          0        404       1152       1361   spectra.o
       200         36          0          0        100       1693   spi.o
        70          6          0          0       6032       3933   spi_masterslave.o
        36          8        504          0       2048        812   startup_stm32f767xx.o
        90         18          0          4          0       3251   stm32f7xx_hal.o
      1116         42          0          0          0       4818   stm32f7xx_hal_adc.o
       600         34          0          0          0       4338   stm32f7xx_hal_adc_ex.o
       228         14          0          0          0      36717   stm32f7xx_hal_cortex.o
      1032         26          8          0          0       5154   stm32f7xx_hal_dma.o
       468         40          0          0         28       4394   stm32f7xx_hal_flash.o
       292          8          0          0          0       2868   stm32f7xx_hal_flash_ex.o
       626         24          0          0          0       3143   stm32f7xx_hal_gpio.o
        88          0          0          0          0        534   stm32f7xx_hal_msp.o
       124          8          0          0          0       1272   stm32f7xx_hal_pwr_ex.o
       292          4          0          0          0       2904   stm32f7xx_hal_qspi.o
      1572        112          0          0          0       5854   stm32f7xx_hal_rcc.o
      1500         36          0          0          0       2328   stm32f7xx_hal_rcc_ex.o
       202          0          0          0          0       1605   stm32f7xx_hal_rtc.o
       478          6          0          0          0       4081   stm32f7xx_hal_spi.o
      1144         20          0          0          0       9915   stm32f7xx_hal_tim.o
        98          0          0          0          0       2790   stm32f7xx_hal_tim_ex.o
      2042         42          0          0          0       9200   stm32f7xx_hal_uart.o
       126         40          0          0          0       7552   stm32f7xx_it.o
        96         20         24          4          0       1255   system_stm32f7xx.o
       316         58          0          0        128     914599   tim.o
       320         18          0          1       3120       3221   truerms.o
       196         28          0          0       3008       5181   uart_masterslave.o
       180         32          0          0        112       1706   usart.o

    ----------------------------------------------------------------------
     26350       2020        832       1096      26328    1174967   Object Totals
       110          0         48          0          0          0   (incl. Generated)
        36          0          0          3          4          0   (incl. Padding)

    ----------------------------------------------------------------------

      Code (inc. data)   RO Data    RW Data    ZI Data      Debug   Library Member Name

       528        110        152          0          0        348   atan.o
       448         68          0          0          0        180   atan2.o
        36         14          0          0          0        348   dunder.o
        24          0          0          0          0        124   fabs.o
        48          0          0          0          0        124   fpclassify.o
       112          0          0          0          0        116   poly.o
         0          0          8          0          0          0   qnan.o
       102          0          0          0          0        140   sqrt.o
        58          0          0          0          0        136   sqrtf.o
        94          0          0          0          0          0   __dclz77c.o
         0          0          0          0          0          0   entry.o
         0          0          0          0          0          0   entry10a.o
         0          0          0          0          0          0   entry11a.o
         8          4          0          0          0          0   entry2.o
         4          0          0          0          0          0   entry5.o
         0          0          0          0          0          0   entry7b.o
         0          0          0          0          0          0   entry8b.o
         8          4          0          0          0          0   entry9a.o
        12          6          0          4          0         68   errno.o
        30          0          0          0          0          0   handlers.o
        36          8          0          0          0         68   init.o
         0          0          0          0          0          0   iusefp.o
        36          0          0          0          0         68   memcpya.o

    ----------------------------------------------------------------------
      1590        214        160          4          0       1720   Library Totals
         6          0          0          0          0          0   (incl. Padding)

    ----------------------------------------------------------------------

      Code (inc. data)   RO Data    RW Data    ZI Data      Debug   Library Name

      1356        192        160          0          0       1516   m_wv.l
       228         22          0          4          0        204   mc_w.l

    ----------------------------------------------------------------------
      1590        214        160          4          0       1720   Library Totals

    ----------------------------------------------------------------------

==============================================================================


      Code (inc. data)   RO Data    RW Data    ZI Data      Debug   

     27940       2234        992       1100      26328    1162171   Grand Totals
     27940       2234        992        412      26328    1162171   ELF Image Totals (compressed)
     27940       2234        992        412          0          0   ROM Totals

==============================================================================

    Total RO  Size (Code + RO Data)                28932 (  28.25kB)
    Total RW  Size (RW Data + ZI Data)             27428 (  26.79kB)
    Total ROM Size (Code + RO Data + RW Data)      29344 (  28.66kB)

==============================================================================

