Component: ARM Compiler 5.06 update 3 (build 300) Tool: armlink [4d35c9]

==============================================================================

Section Cross References

    tim.o(i.HAL_TIM_Base_MspDeInit) refers to stm32f7xx_hal_cortex.o(i.HAL_NVIC_DisableIRQ) for HAL_NVIC_DisableIRQ
    tim.o(i.HAL_TIM_Base_MspInit) refers to stm32f7xx_hal_cortex.o(i.HAL_NVIC_SetPriority) for HAL_NVIC_SetPriority
    tim.o(i.HAL_TIM_Base_MspInit) refers to stm32f7xx_hal_cortex.o(i.HAL_NVIC_EnableIRQ) for HAL_NVIC_EnableIRQ
    tim.o(i.MX_TIM1_Init) refers to stm32f7xx_hal_tim.o(i.HAL_TIM_Base_Init) for HAL_TIM_Base_Init
    tim.o(i.MX_TIM1_Init) refers to main.o(i._Error_Handler) for _Error_Handler
    tim.o(i.MX_TIM1_Init) refers to stm32f7xx_hal_tim.o(i.HAL_TIM_ConfigClockSource) for HAL_TIM_ConfigClockSource
    tim.o(i.MX_TIM1_Init) refers to stm32f7xx_hal_tim_ex.o(i.HAL_TIMEx_MasterConfigSynchronization) for HAL_TIMEx_MasterConfigSynchronization
    tim.o(i.MX_TIM1_Init) refers to tim.o(.bss) for .bss
    tim.o(i.MX_TIM6_Init) refers to stm32f7xx_hal_tim.o(i.HAL_TIM_Base_Init) for HAL_TIM_Base_Init
    tim.o(i.MX_TIM6_Init) refers to main.o(i._Error_Handler) for _Error_Handler
    tim.o(i.MX_TIM6_Init) refers to stm32f7xx_hal_tim_ex.o(i.HAL_TIMEx_MasterConfigSynchronization) for HAL_TIMEx_MasterConfigSynchronization
    tim.o(i.MX_TIM6_Init) refers to tim.o(.bss) for .bss
    rtc.o(i.MX_RTC_Init) refers to stm32f7xx_hal_rtc.o(i.HAL_RTC_Init) for HAL_RTC_Init
    rtc.o(i.MX_RTC_Init) refers to main.o(i._Error_Handler) for _Error_Handler
    rtc.o(i.MX_RTC_Init) refers to rtc.o(.bss) for .bss
    quadspi.o(i.HAL_QSPI_MspDeInit) refers to stm32f7xx_hal_gpio.o(i.HAL_GPIO_DeInit) for HAL_GPIO_DeInit
    quadspi.o(i.HAL_QSPI_MspInit) refers to stm32f7xx_hal_gpio.o(i.HAL_GPIO_Init) for HAL_GPIO_Init
    quadspi.o(i.MX_QUADSPI_Init) refers to stm32f7xx_hal_qspi.o(i.HAL_QSPI_Init) for HAL_QSPI_Init
    quadspi.o(i.MX_QUADSPI_Init) refers to main.o(i._Error_Handler) for _Error_Handler
    quadspi.o(i.MX_QUADSPI_Init) refers to quadspi.o(.bss) for .bss
    dma.o(i.MX_DMA_Init) refers to stm32f7xx_hal_cortex.o(i.HAL_NVIC_SetPriority) for HAL_NVIC_SetPriority
    dma.o(i.MX_DMA_Init) refers to stm32f7xx_hal_cortex.o(i.HAL_NVIC_EnableIRQ) for HAL_NVIC_EnableIRQ
    spi.o(i.HAL_SPI_MspDeInit) refers to stm32f7xx_hal_gpio.o(i.HAL_GPIO_DeInit) for HAL_GPIO_DeInit
    spi.o(i.HAL_SPI_MspInit) refers to stm32f7xx_hal_gpio.o(i.HAL_GPIO_Init) for HAL_GPIO_Init
    spi.o(i.MX_SPI2_Init) refers to stm32f7xx_hal_spi.o(i.HAL_SPI_Init) for HAL_SPI_Init
    spi.o(i.MX_SPI2_Init) refers to main.o(i._Error_Handler) for _Error_Handler
    spi.o(i.MX_SPI2_Init) refers to spi.o(.bss) for .bss
    stm32f7xx_hal_msp.o(i.HAL_MspInit) refers to stm32f7xx_hal_cortex.o(i.HAL_NVIC_SetPriorityGrouping) for HAL_NVIC_SetPriorityGrouping
    stm32f7xx_hal_msp.o(i.HAL_MspInit) refers to stm32f7xx_hal_cortex.o(i.HAL_NVIC_SetPriority) for HAL_NVIC_SetPriority
    usart.o(i.HAL_UART_MspDeInit) refers to stm32f7xx_hal_gpio.o(i.HAL_GPIO_DeInit) for HAL_GPIO_DeInit
    usart.o(i.HAL_UART_MspInit) refers to stm32f7xx_hal_gpio.o(i.HAL_GPIO_Init) for HAL_GPIO_Init
    usart.o(i.MX_USART2_UART_Init) refers to stm32f7xx_hal_uart.o(i.HAL_UART_Init) for HAL_UART_Init
    usart.o(i.MX_USART2_UART_Init) refers to main.o(i._Error_Handler) for _Error_Handler
    usart.o(i.MX_USART2_UART_Init) refers to usart.o(.bss) for .bss
    stm32f7xx_it.o(i.DMA2_Stream0_IRQHandler) refers to stm32f7xx_hal_dma.o(i.HAL_DMA_IRQHandler) for HAL_DMA_IRQHandler
    stm32f7xx_it.o(i.DMA2_Stream0_IRQHandler) refers to adc.o(.bss) for hdma_adc1
    stm32f7xx_it.o(i.DMA2_Stream1_IRQHandler) refers to stm32f7xx_hal_dma.o(i.HAL_DMA_IRQHandler) for HAL_DMA_IRQHandler
    stm32f7xx_it.o(i.DMA2_Stream1_IRQHandler) refers to adc.o(.bss) for hdma_adc3
    stm32f7xx_it.o(i.DMA2_Stream2_IRQHandler) refers to stm32f7xx_hal_dma.o(i.HAL_DMA_IRQHandler) for HAL_DMA_IRQHandler
    stm32f7xx_it.o(i.DMA2_Stream2_IRQHandler) refers to adc.o(.bss) for hdma_adc2
    stm32f7xx_it.o(i.SysTick_Handler) refers to stm32f7xx_hal.o(i.HAL_IncTick) for HAL_IncTick
    stm32f7xx_it.o(i.SysTick_Handler) refers to stm32f7xx_hal_cortex.o(i.HAL_SYSTICK_IRQHandler) for HAL_SYSTICK_IRQHandler
    stm32f7xx_it.o(i.TIM1_UP_TIM10_IRQHandler) refers to stm32f7xx_hal_tim.o(i.HAL_TIM_IRQHandler) for HAL_TIM_IRQHandler
    stm32f7xx_it.o(i.TIM1_UP_TIM10_IRQHandler) refers to tim.o(.bss) for htim1
    adc.o(i.HAL_ADC_MspDeInit) refers to stm32f7xx_hal_gpio.o(i.HAL_GPIO_DeInit) for HAL_GPIO_DeInit
    adc.o(i.HAL_ADC_MspDeInit) refers to stm32f7xx_hal_dma.o(i.HAL_DMA_DeInit) for HAL_DMA_DeInit
    adc.o(i.HAL_ADC_MspInit) refers to stm32f7xx_hal_gpio.o(i.HAL_GPIO_Init) for HAL_GPIO_Init
    adc.o(i.HAL_ADC_MspInit) refers to stm32f7xx_hal_dma.o(i.HAL_DMA_Init) for HAL_DMA_Init
    adc.o(i.HAL_ADC_MspInit) refers to main.o(i._Error_Handler) for _Error_Handler
    adc.o(i.HAL_ADC_MspInit) refers to adc.o(.bss) for .bss
[...]
    Removing stm32f7xx_hal_i2c.o(i.HAL_I2C_Master_Receive_DMA), (244 bytes).
    Removing stm32f7xx_hal_i2c.o(i.HAL_I2C_Master_Receive_IT), (128 bytes).
    Removing stm32f7xx_hal_i2c.o(i.HAL_I2C_Master_Sequential_Receive_IT), (124 bytes).
    Removing stm32f7xx_hal_i2c.o(i.HAL_I2C_Master_Sequential_Transmit_IT), (124 bytes).
    Removing stm32f7xx_hal_i2c.o(i.HAL_I2C_Master_Transmit), (296 bytes).
    Removing stm32f7xx_hal_i2c.o(i.HAL_I2C_Master_Transmit_DMA), (248 bytes).
    Removing stm32f7xx_hal_i2c.o(i.HAL_I2C_Master_Transmit_IT), (128 bytes).
    Removing stm32f7xx_hal_i2c.o(i.HAL_I2C_MemRxCpltCallback), (2 bytes).
    Removing stm32f7xx_hal_i2c.o(i.HAL_I2C_MemTxCpltCallback), (2 bytes).
    Removing stm32f7xx_hal_i2c.o(i.HAL_I2C_Mem_Read), (364 bytes).
    Removing stm32f7xx_hal_i2c.o(i.HAL_I2C_Mem_Read_DMA), (256 bytes).
    Removing stm32f7xx_hal_i2c.o(i.HAL_I2C_Mem_Read_IT), (196 bytes).
    Removing stm32f7xx_hal_i2c.o(i.HAL_I2C_Mem_Write), (360 bytes).
    Removing stm32f7xx_hal_i2c.o(i.HAL_I2C_Mem_Write_DMA), (252 bytes).
    Removing stm32f7xx_hal_i2c.o(i.HAL_I2C_Mem_Write_IT), (192 bytes).
    Removing stm32f7xx_hal_i2c.o(i.HAL_I2C_MspDeInit), (2 bytes).
    Removing stm32f7xx_hal_i2c.o(i.HAL_I2C_MspInit), (2 bytes).
    Removing stm32f7xx_hal_i2c.o(i.HAL_I2C_SlaveRxCpltCallback), (2 bytes).
    Removing stm32f7xx_hal_i2c.o(i.HAL_I2C_SlaveTxCpltCallback), (2 bytes).
    Removing stm32f7xx_hal_i2c.o(i.HAL_I2C_Slave_Receive), (312 bytes).
    Removing stm32f7xx_hal_i2c.o(i.HAL_I2C_Slave_Receive_DMA), (164 bytes).
    Removing stm32f7xx_hal_i2c.o(i.HAL_I2C_Slave_Receive_IT), (92 bytes).
    Removing stm32f7xx_hal_i2c.o(i.HAL_I2C_Slave_Sequential_Receive_IT), (152 bytes).
    Removing stm32f7xx_hal_i2c.o(i.HAL_I2C_Slave_Sequential_Transmit_IT), (152 bytes).
    Removing stm32f7xx_hal_i2c.o(i.HAL_I2C_Slave_Transmit), (316 bytes).
    Removing stm32f7xx_hal_i2c.o(i.HAL_I2C_Slave_Transmit_DMA), (156 bytes).
    Removing stm32f7xx_hal_i2c.o(i.HAL_I2C_Slave_Transmit_IT), (92 bytes).
    Removing stm32f7xx_hal_i2c.o(i.I2C_DMAAbort), (50 bytes).
    Removing stm32f7xx_hal_i2c.o(i.I2C_DMAError), (18 bytes).
    Removing stm32f7xx_hal_i2c.o(i.I2C_DMAMasterReceiveCplt), (66 bytes).
    Removing stm32f7xx_hal_i2c.o(i.I2C_DMAMasterTransmitCplt), (66 bytes).
    Removing stm32f7xx_hal_i2c.o(i.I2C_DMASlaveReceiveCplt), (2 bytes).
    Removing stm32f7xx_hal_i2c.o(i.I2C_DMASlaveTransmitCplt), (2 bytes).
    Removing stm32f7xx_hal_i2c.o(i.I2C_Disable_IRQ), (88 bytes).
    Removing stm32f7xx_hal_i2c.o(i.I2C_Enable_IRQ), (96 bytes).
    Removing stm32f7xx_hal_i2c.o(i.I2C_Flush_TXDR), (34 bytes).
    Removing stm32f7xx_hal_i2c.o(i.I2C_ITAddrCplt), (136 bytes).
    Removing stm32f7xx_hal_i2c.o(i.I2C_ITError), (224 bytes).
    Removing stm32f7xx_hal_i2c.o(i.I2C_ITListenCplt), (96 bytes).
    Removing stm32f7xx_hal_i2c.o(i.I2C_ITMasterCplt), (180 bytes).
    Removing stm32f7xx_hal_i2c.o(i.I2C_ITMasterSequentialCplt), (80 bytes).
    Removing stm32f7xx_hal_i2c.o(i.I2C_ITSlaveCplt), (240 bytes).
    Removing stm32f7xx_hal_i2c.o(i.I2C_ITSlaveSequentialCplt), (84 bytes).
    Removing stm32f7xx_hal_i2c.o(i.I2C_IsAcknowledgeFailed), (124 bytes).
    Removing stm32f7xx_hal_i2c.o(i.I2C_Master_ISR_DMA), (196 bytes).
    Removing stm32f7xx_hal_i2c.o(i.I2C_Master_ISR_IT), (288 bytes).
    Removing stm32f7xx_hal_i2c.o(i.I2C_RequestMemoryRead), (110 bytes).
    Removing stm32f7xx_hal_i2c.o(i.I2C_RequestMemoryWrite), (110 bytes).
    Removing stm32f7xx_hal_i2c.o(i.I2C_Slave_ISR_DMA), (106 bytes).
    Removing stm32f7xx_hal_i2c.o(i.I2C_Slave_ISR_IT), (276 bytes).
    Removing stm32f7xx_hal_i2c.o(i.I2C_TransferConfig), (36 bytes).
    Removing stm32f7xx_hal_i2c.o(i.I2C_WaitOnFlagUntilTimeout), (82 bytes).
    Removing stm32f7xx_hal_i2c.o(i.I2C_WaitOnRXNEFlagUntilTimeout), (128 bytes).
    Removing stm32f7xx_hal_i2c.o(i.I2C_WaitOnSTOPFlagUntilTimeout), (80 bytes).
    Removing stm32f7xx_hal_i2c.o(i.I2C_WaitOnTXISFlagUntilTimeout), (84 bytes).
    Removing stm32f7xx_hal_i2c_ex.o(.rev16_text), (4 bytes).
    Removing stm32f7xx_hal_i2c_ex.o(.revsh_text), (4 bytes).
    Removing stm32f7xx_hal_i2c_ex.o(.rrx_text), (6 bytes).
    Removing stm32f7xx_hal_i2c_ex.o(i.HAL_I2CEx_ConfigAnalogFilter), (88 bytes).
    Removing stm32f7xx_hal_i2c_ex.o(i.HAL_I2CEx_ConfigDigitalFilter), (84 bytes).
    Removing stm32f7xx_hal_i2c_ex.o(i.HAL_I2CEx_DisableFastModePlus), (40 bytes).
    Removing stm32f7xx_hal_i2c_ex.o(i.HAL_I2CEx_EnableFastModePlus), (40 bytes).
    Removing system_stm32f7xx.o(.rev16_text), (4 bytes).
    Removing system_stm32f7xx.o(.revsh_text), (4 bytes).
    Removing system_stm32f7xx.o(.rrx_text), (6 bytes).
    Removing system_stm32f7xx.o(i.SystemCoreClockUpdate), (132 bytes).
    Removing fc50.o(i.fc50_all), (120 bytes).
    Removing fc50.o(i.fc50_init), (2 bytes).
    Removing fc50.o(.bss), (56 bytes).
    Removing fc50.o(.bss), (20 bytes).
    Removing fc50.o(.bss), (20 bytes).
    Removing fc50.o(.bss), (20 bytes).
    Removing fc50.o(.bss), (20 bytes).
    Removing fc50.o(.bss), (20 bytes).
    Removing fc50.o(.bss), (12 bytes).
    Removing fc50.o(.bss), (12 bytes).
    Removing fc50.o(.bss), (12 bytes).
    Removing fc50.o(.bss), (12 bytes).
    Removing fc50.o(.bss), (12 bytes).
    Removing fc50.o(.bss), (12 bytes).
    Removing init_protection.o(.data), (4 bytes).
    Removing init_protection.o(.data), (4 bytes).
    Removing truerms.o(i.trueRMS), (108 bytes).
    Removing truerms.o(.bss), (2496 bytes).
    Removing truerms.o(.data), (1 bytes).
    Removing spectra.o(.bss), (356 bytes).
    Removing conversion.o(.rev16_text), (4 bytes).
    Removing conversion.o(.revsh_text), (4 bytes).
    Removing conversion.o(.rrx_text), (6 bytes).
    Removing conversion.o(i.init_conversion), (116 bytes).
    Removing fpstat.o(.text), (4 bytes).

703 unused section(s) (total 56379 bytes) removed from the image.

==============================================================================

Image Symbol Table

    Local Symbols

    Symbol Name                              Value     Ov Type        Size  Object(Section)

    ../Drivers/STM32F7xx_HAL_Driver/Src/stm32f7xx_hal.c 0x00000000   Number         0  stm32f7xx_hal.o ABSOLUTE
    ../Drivers/STM32F7xx_HAL_Driver/Src/stm32f7xx_hal_adc.c 0x00000000   Number         0  stm32f7xx_hal_adc.o ABSOLUTE
    ../Drivers/STM32F7xx_HAL_Driver/Src/stm32f7xx_hal_adc_ex.c 0x00000000   Number         0  stm32f7xx_hal_adc_ex.o ABSOLUTE
    ../Drivers/STM32F7xx_HAL_Driver/Src/stm32f7xx_hal_cortex.c 0x00000000   Number         0  stm32f7xx_hal_cortex.o ABSOLUTE
    ../Drivers/STM32F7xx_HAL_Driver/Src/stm32f7xx_hal_dma.c 0x00000000   Number         0  stm32f7xx_hal_dma.o ABSOLUTE
    ../Drivers/STM32F7xx_HAL_Driver/Src/stm32f7xx_hal_dma_ex.c 0x00000000   Number         0  stm32f7xx_hal_dma_ex.o ABSOLUTE
    ../Drivers/STM32F7xx_HAL_Driver/Src/stm32f7xx_hal_flash.c 0x00000000   Number         0  stm32f7xx_hal_flash.o ABSOLUTE
    ../Drivers/STM32F7xx_HAL_Driver/Src/stm32f7xx_hal_flash_ex.c 0x00000000   Number         0  stm32f7xx_hal_flash_ex.o ABSOLUTE
    ../Drivers/STM32F7xx_HAL_Driver/Src/stm32f7xx_hal_gpio.c 0x00000000   Number         0  stm32f7xx_hal_gpio.o ABSOLUTE
    ../Drivers/STM32F7xx_HAL_Driver/Src/stm32f7xx_hal_i2c.c 0x00000000   Number         0  stm32f7xx_hal_i2c.o ABSOLUTE
    ../Drivers/STM32F7xx_HAL_Driver/Src/stm32f7xx_hal_i2c_ex.c 0x00000000   Number         0  stm32f7xx_hal_i2c_ex.o ABSOLUTE
    ../Drivers/STM32F7xx_HAL_Driver/Src/stm32f7xx_hal_pwr.c 0x00000000   Number         0  stm32f7xx_hal_pwr.o ABSOLUTE
    ../Drivers/STM32F7xx_HAL_Driver/Src/stm32f7xx_hal_pwr_ex.c 0x00000000   Number         0  stm32f7xx_hal_pwr_ex.o ABSOLUTE
    ../Drivers/STM32F7xx_HAL_Driver/Src/stm32f7xx_hal_qspi.c 0x00000000   Number         0  stm32f7xx_hal_qspi.o ABSOLUTE
    ../Drivers/STM32F7xx_HAL_Driver/Src/stm32f7xx_hal_rcc.c 0x00000000   Number         0  stm32f7xx_hal_rcc.o ABSOLUTE
    ../Drivers/STM32F7xx_HAL_Driver/Src/stm32f7xx_hal_rcc_ex.c 0x00000000   Number         0  stm32f7xx_hal_rcc_ex.o ABSOLUTE
    ../Drivers/STM32F7xx_HAL_Driver/Src/stm32f7xx_hal_rtc.c 0x00000000   Number         0  stm32f7xx_hal_rtc.o ABSOLUTE
    ../Drivers/STM32F7xx_HAL_Driver/Src/stm32f7xx_hal_rtc_ex.c 0x00000000   Number         0  stm32f7xx_hal_rtc_ex.o ABSOLUTE
    ../Drivers/STM32F7xx_HAL_Driver/Src/stm32f7xx_hal_spi.c 0x00000000   Number         0  stm32f7xx_hal_spi.o ABSOLUTE
    ../Drivers/STM32F7xx_HAL_Driver/Src/stm32f7xx_hal_tim.c 0x00000000   Number         0  stm32f7xx_hal_tim.o ABSOLUTE
    ../Drivers/STM32F7xx_HAL_Driver/Src/stm32f7xx_hal_tim_ex.c 0x00000000   Number         0  stm32f7xx_hal_tim_ex.o ABSOLUTE
    ../Drivers/STM32F7xx_HAL_Driver/Src/stm32f7xx_hal_uart.c 0x00000000   Number         0  stm32f7xx_hal_uart.o ABSOLUTE
    ../Src/adc.c                             0x00000000   Number         0  adc.o ABSOLUTE
    ../Src/dma.c                             0x00000000   Number         0  dma.o ABSOLUTE
    ../Src/gpio.c                            0x00000000   Number         0  gpio.o ABSOLUTE
    ../Src/main.c                            0x00000000   Number         0  main.o ABSOLUTE
    ../Src/quadspi.c                         0x00000000   Number         0  quadspi.o ABSOLUTE
    ../Src/rtc.c                             0x00000000   Number         0  rtc.o ABSOLUTE
    ../Src/spi.c                             0x00000000   Number         0  spi.o ABSOLUTE
    ../Src/stm32f7xx_hal_msp.c               0x00000000   Number         0  stm32f7xx_hal_msp.o ABSOLUTE
    ../Src/stm32f7xx_it.c                    0x00000000   Number         0  stm32f7xx_it.o ABSOLUTE
    ../Src/system_stm32f7xx.c                0x00000000   Number         0  system_stm32f7xx.o ABSOLUTE
    ../Src/tim.c                             0x00000000   Number         0  tim.o ABSOLUTE
    ../Src/usart.c                           0x00000000   Number         0  usart.o ABSOLUTE
    ../clib/../cmprslib/lz77c.c              0x00000000   Number         0  __dclz77c.o ABSOLUTE
    ../clib/microlib/errno.c                 0x00000000   Number         0  errno.o ABSOLUTE
    ../clib/microlib/init/entry.s            0x00000000   Number         0  entry11b.o ABSOLUTE
    ../clib/microlib/init/entry.s            0x00000000   Number         0  entry11a.o ABSOLUTE
    ../clib/microlib/init/entry.s            0x00000000   Number         0  entry7a.o ABSOLUTE
    ../clib/microlib/init/entry.s            0x00000000   Number         0  entry10b.o ABSOLUTE
    ../clib/microlib/init/entry.s            0x00000000   Number         0  entry2.o ABSOLUTE
    ../clib/microlib/init/entry.s            0x00000000   Number         0  entry9b.o ABSOLUTE
    ../clib/microlib/init/entry.s            0x00000000   Number         0  entry9a.o ABSOLUTE
    ../clib/microlib/init/entry.s            0x00000000   Number         0  entry10a.o ABSOLUTE
    ../clib/microlib/init/entry.s            0x00000000   Number         0  entry.o ABSOLUTE
    ../clib/microlib/init/entry.s            0x00000000   Number         0  entry8b.o ABSOLUTE
    ../clib/microlib/init/entry.s            0x00000000   Number         0  entry8a.o ABSOLUTE
    ../clib/microlib/init/entry.s            0x00000000   Number         0  entry5.o ABSOLUTE
    ../clib/microlib/init/entry.s            0x00000000   Number         0  entry7b.o ABSOLUTE
    ../clib/microlib/string/memcpy.c         0x00000000   Number         0  memcpya.o ABSOLUTE
    ../clib/microlib/string/memcpy.c         0x00000000   Number         0  memcpyb.o ABSOLUTE
    ../clib/microlib/stubs.s                 0x00000000   Number         0  iusefp.o ABSOLUTE
    ../fplib/microlib/fpstat.c               0x00000000   Number         0  fpstat.o ABSOLUTE
    ../mathlib/atan2f.c                      0x00000000   Number         0  atan2f_x.o ABSOLUTE
    ../mathlib/atan2f.c                      0x00000000   Number         0  atan2f.o ABSOLUTE
    ../mathlib/fpclassifyf.c                 0x00000000   Number         0  fpclassifyf.o ABSOLUTE
    ../mathlib/funder.c                      0x00000000   Number         0  funder.o ABSOLUTE
    ../mathlib/powf.c                        0x00000000   Number         0  powf.o ABSOLUTE
    ../mathlib/powf.c                        0x00000000   Number         0  powf_x.o ABSOLUTE
    ../mathlib/sqrtf.c                       0x00000000   Number         0  sqrtf_x.o ABSOLUTE
    ../mathlib/sqrtf.c                       0x00000000   Number         0  sqrtf.o ABSOLUTE
    ..\Drivers\STM32F7xx_HAL_Driver\Src\stm32f7xx_hal.c 0x00000000   Number         0  stm32f7xx_hal.o ABSOLUTE
    ..\Drivers\STM32F7xx_HAL_Driver\Src\stm32f7xx_hal_adc.c 0x00000000   Number         0  stm32f7xx_hal_adc.o ABSOLUTE
    ..\Drivers\STM32F7xx_HAL_Driver\Src\stm32f7xx_hal_adc_ex.c 0x00000000   Number         0  stm32f7xx_hal_adc_ex.o ABSOLUTE
    ..\Drivers\STM32F7xx_HAL_Driver\Src\stm32f7xx_hal_cortex.c 0x00000000   Number         0  stm32f7xx_hal_cortex.o ABSOLUTE
    ..\Drivers\STM32F7xx_HAL_Driver\Src\stm32f7xx_hal_dma.c 0x00000000   Number         0  stm32f7xx_hal_dma.o ABSOLUTE
    ..\Drivers\STM32F7xx_HAL_Driver\Src\stm32f7xx_hal_dma_ex.c 0x00000000   Number         0  stm32f7xx_hal_dma_ex.o ABSOLUTE
    ..\Drivers\STM32F7xx_HAL_Driver\Src\stm32f7xx_hal_flash.c 0x00000000   Number         0  stm32f7xx_hal_flash.o ABSOLUTE
    ..\Drivers\STM32F7xx_HAL_Driver\Src\stm32f7xx_hal_flash_ex.c 0x00000000   Number         0  stm32f7xx_hal_flash_ex.o ABSOLUTE
    ..\Drivers\STM32F7xx_HAL_Driver\Src\stm32f7xx_hal_gpio.c 0x00000000   Number         0  stm32f7xx_hal_gpio.o ABSOLUTE
    ..\Drivers\STM32F7xx_HAL_Driver\Src\stm32f7xx_hal_i2c.c 0x00000000   Number         0  stm32f7xx_hal_i2c.o ABSOLUTE
    ..\Drivers\STM32F7xx_HAL_Driver\Src\stm32f7xx_hal_i2c_ex.c 0x00000000   Number         0  stm32f7xx_hal_i2c_ex.o ABSOLUTE
    ..\Drivers\STM32F7xx_HAL_Driver\Src\stm32f7xx_hal_pwr.c 0x00000000   Number         0  stm32f7xx_hal_pwr.o ABSOLUTE
    ..\Drivers\STM32F7xx_HAL_Driver\Src\stm32f7xx_hal_pwr_ex.c 0x00000000   Number         0  stm32f7xx_hal_pwr_ex.o ABSOLUTE
    ..\Drivers\STM32F7xx_HAL_Driver\Src\stm32f7xx_hal_qspi.c 0x00000000   Number         0  stm32f7xx_hal_qspi.o ABSOLUTE
    ..\Drivers\STM32F7xx_HAL_Driver\Src\stm32f7xx_hal_rcc.c 0x00000000   Number         0  stm32f7xx_hal_rcc.o ABSOLUTE
    ..\Drivers\STM32F7xx_HAL_Driver\Src\stm32f7xx_hal_rcc_ex.c 0x00000000   Number         0  stm32f7xx_hal_rcc_ex.o ABSOLUTE
    ..\Drivers\STM32F7xx_HAL_Driver\Src\stm32f7xx_hal_rtc.c 0x00000000   Number         0  stm32f7xx_hal_rtc.o ABSOLUTE
    ..\Drivers\STM32F7xx_HAL_Driver\Src\stm32f7xx_hal_rtc_ex.c 0x00000000   Number         0  stm32f7xx_hal_rtc_ex.o ABSOLUTE
    ..\Drivers\STM32F7xx_HAL_Driver\Src\stm32f7xx_hal_spi.c 0x00000000   Number         0  stm32f7xx_hal_spi.o ABSOLUTE
    ..\Drivers\STM32F7xx_HAL_Driver\Src\stm32f7xx_hal_tim.c 0x00000000   Number         0  stm32f7xx_hal_tim.o ABSOLUTE
    ..\Drivers\STM32F7xx_HAL_Driver\Src\stm32f7xx_hal_tim_ex.c 0x00000000   Number         0  stm32f7xx_hal_tim_ex.o ABSOLUTE
    ..\Drivers\STM32F7xx_HAL_Driver\Src\stm32f7xx_hal_uart.c 0x00000000   Number         0  stm32f7xx_hal_uart.o ABSOLUTE
    ..\Src\adc.c                             0x00000000   Number         0  adc.o ABSOLUTE
    ..\Src\dma.c                             0x00000000   Number         0  dma.o ABSOLUTE
    ..\Src\gpio.c                            0x00000000   Number         0  gpio.o ABSOLUTE
    ..\Src\main.c                            0x00000000   Number         0  main.o ABSOLUTE
    ..\Src\quadspi.c                         0x00000000   Number         0  quadspi.o ABSOLUTE
    ..\Src\rtc.c                             0x00000000   Number         0  rtc.o ABSOLUTE
    ..\Src\spi.c                             0x00000000   Number         0  spi.o ABSOLUTE
    ..\Src\stm32f7xx_hal_msp.c               0x00000000   Number         0  stm32f7xx_hal_msp.o ABSOLUTE
    ..\Src\stm32f7xx_it.c                    0x00000000   Number         0  stm32f7xx_it.o ABSOLUTE
    ..\Src\system_stm32f7xx.c                0x00000000   Number         0  system_stm32f7xx.o ABSOLUTE
    ..\Src\tim.c                             0x00000000   Number         0  tim.o ABSOLUTE
    ..\Src\usart.c                           0x00000000   Number         0  usart.o ABSOLUTE
    conversion.c                             0x00000000   Number         0  conversion.o ABSOLUTE
    conversion.c                             0x00000000   Number         0  conversion.o ABSOLUTE
    cs_handles.c                             0x00000000   Number         0  cs_handles.o ABSOLUTE
    dc.s                                     0x00000000   Number         0  dc.o ABSOLUTE
    fc50.c                                   0x00000000   Number         0  fc50.o ABSOLUTE
    handlers.s                               0x00000000   Number         0  handlers.o ABSOLUTE
    init.s                                   0x00000000   Number         0  init.o ABSOLUTE
    init_protection.c                        0x00000000   Number         0  init_protection.o ABSOLUTE
    libraries\measurement_functions.c        0x00000000   Number         0  measurement_functions.o ABSOLUTE
    libraries\protection_functions.c         0x00000000   Number         0  protection_functions.o ABSOLUTE
    spectra.c                                0x00000000   Number         0  spectra.o ABSOLUTE
    startup_stm32f767xx.s                    0x00000000   Number         0  startup_stm32f767xx.o ABSOLUTE
    tickFunctions.c                          0x00000000   Number         0  tickfunctions.o ABSOLUTE
    trueRMS.c                                0x00000000   Number         0  truerms.o ABSOLUTE
    RESET                                    0x08000000   Section      504  startup_stm32f767xx.o(RESET)
    .ARM.Collect$$$$00000000                 0x080001f8   Section        0  entry.o(.ARM.Collect$$$$00000000)
    .ARM.Collect$$$$00000001                 0x080001f8   Section        4  entry2.o(.ARM.Collect$$$$00000001)
    .ARM.Collect$$$$00000004                 0x080001fc   Section        4  entry5.o(.ARM.Collect$$$$00000004)
    .ARM.Collect$$$$00000008                 0x08000200   Section        0  entry7b.o(.ARM.Collect$$$$00000008)
    .ARM.Collect$$$$0000000A                 0x08000200   Section        0  entry8b.o(.ARM.Collect$$$$0000000A)
    .ARM.Collect$$$$0000000B                 0x08000200   Section        8  entry9a.o(.ARM.Collect$$$$0000000B)
    .ARM.Collect$$$$0000000D                 0x08000208   Section        0  entry10a.o(.ARM.Collect$$$$0000000D)
    .ARM.Collect$$$$0000000F                 0x08000208   Section        0  entry11a.o(.ARM.Collect$$$$0000000F)
    .ARM.Collect$$$$00002712                 0x08000208   Section        4  entry2.o(.ARM.Collect$$$$00002712)
    __lit__00000000                          0x08000208   Data           4  entry2.o(.ARM.Collect$$$$00002712)
    .text                                    0x0800020c   Section       36  startup_stm32f767xx.o(.text)
    $v0                                      0x0800020c   Number         0  startup_stm32f767xx.o(.text)
    .text                                    0x08000230   Section        0  iusefp.o(.text)
    .text                                    0x08000230   Section       36  init.o(.text)
    .text                                    0x08000254   Section        0  __dclz77c.o(.text)
    i.ADC_Init                               0x080002b4   Section        0  stm32f7xx_hal_adc.o(i.ADC_Init)
    ADC_Init                                 0x080002b5   Thumb Code   294  stm32f7xx_hal_adc.o(i.ADC_Init)
    i.ADC_MultiModeDMAConvCplt               0x080003e8   Section        0  stm32f7xx_hal_adc_ex.o(i.ADC_MultiModeDMAConvCplt)
    ADC_MultiModeDMAConvCplt                 0x080003e9   Thumb Code    90  stm32f7xx_hal_adc_ex.o(i.ADC_MultiModeDMAConvCplt)
    i.ADC_MultiModeDMAError                  0x08000442   Section        0  stm32f7xx_hal_adc_ex.o(i.ADC_MultiModeDMAError)
    ADC_MultiModeDMAError                    0x08000443   Thumb Code    18  stm32f7xx_hal_adc_ex.o(i.ADC_MultiModeDMAError)
    i.ADC_MultiModeDMAHalfConvCplt           0x08000454   Section        0  stm32f7xx_hal_adc_ex.o(i.ADC_MultiModeDMAHalfConvCplt)
    ADC_MultiModeDMAHalfConvCplt             0x08000455   Thumb Code     6  stm32f7xx_hal_adc_ex.o(i.ADC_MultiModeDMAHalfConvCplt)
    i.BusFault_Handler                       0x0800045a   Section        0  stm32f7xx_it.o(i.BusFault_Handler)
    i.DMA2_Stream0_IRQHandler                0x0800045c   Section        0  stm32f7xx_it.o(i.DMA2_Stream0_IRQHandler)
    i.DMA2_Stream1_IRQHandler                0x08000468   Section        0  stm32f7xx_it.o(i.DMA2_Stream1_IRQHandler)
    i.DMA2_Stream2_IRQHandler                0x08000474   Section        0  stm32f7xx_it.o(i.DMA2_Stream2_IRQHandler)
    i.DMA_CalcBaseAndBitshift                0x08000480   Section        0  stm32f7xx_hal_dma.o(i.DMA_CalcBaseAndBitshift)
    DMA_CalcBaseAndBitshift                  0x08000481   Thumb Code    34  stm32f7xx_hal_dma.o(i.DMA_CalcBaseAndBitshift)
    i.DMA_CheckFifoParam                     0x080004a8   Section        0  stm32f7xx_hal_dma.o(i.DMA_CheckFifoParam)
    DMA_CheckFifoParam                       0x080004a9   Thumb Code    84  stm32f7xx_hal_dma.o(i.DMA_CheckFifoParam)
    i.DMA_SetConfig                          0x080004fc   Section        0  stm32f7xx_hal_dma.o(i.DMA_SetConfig)
    DMA_SetConfig                            0x080004fd   Thumb Code    40  stm32f7xx_hal_dma.o(i.DMA_SetConfig)
    i.DebugMon_Handler                       0x08000524   Section        0  stm32f7xx_it.o(i.DebugMon_Handler)
    i.HAL_ADCEx_MultiModeConfigChannel       0x08000528   Section        0  stm32f7xx_hal_adc_ex.o(i.HAL_ADCEx_MultiModeConfigChannel)
    i.HAL_ADCEx_MultiModeStart_DMA           0x08000594   Section        0  stm32f7xx_hal_adc_ex.o(i.HAL_ADCEx_MultiModeStart_DMA)
    i.HAL_ADC_ConfigChannel                  0x08000694   Section        0  stm32f7xx_hal_adc.o(i.HAL_ADC_ConfigChannel)
    i.HAL_ADC_ConvCpltCallback               0x080007f8   Section        0  conversion.o(i.HAL_ADC_ConvCpltCallback)
    i.HAL_ADC_ConvHalfCpltCallback           0x080009ac   Section        0  stm32f7xx_hal_adc.o(i.HAL_ADC_ConvHalfCpltCallback)
    i.HAL_ADC_ErrorCallback                  0x080009ae   Section        0  stm32f7xx_hal_adc.o(i.HAL_ADC_ErrorCallback)
    i.HAL_ADC_Init                           0x080009b0   Section        0  stm32f7xx_hal_adc.o(i.HAL_ADC_Init)
    i.HAL_ADC_MspInit                        0x08000a04   Section        0  adc.o(i.HAL_ADC_MspInit)
    i.HAL_ADC_Start                          0x08000b70   Section        0  stm32f7xx_hal_adc.o(i.HAL_ADC_Start)
    i.HAL_DMA_IRQHandler                     0x08000c28   Section        0  stm32f7xx_hal_dma.o(i.HAL_DMA_IRQHandler)
    i.HAL_DMA_Init                           0x08000dd0   Section        0  stm32f7xx_hal_dma.o(i.HAL_DMA_Init)
    i.HAL_DMA_Start_IT                       0x08000eb4   Section        0  stm32f7xx_hal_dma.o(i.HAL_DMA_Start_IT)
    i.HAL_GPIO_Init                          0x08000f30   Section        0  stm32f7xx_hal_gpio.o(i.HAL_GPIO_Init)
    i.HAL_GPIO_WritePin                      0x08001108   Section        0  stm32f7xx_hal_gpio.o(i.HAL_GPIO_WritePin)
    i.HAL_GetTick                            0x08001114   Section        0  stm32f7xx_hal.o(i.HAL_GetTick)
    i.HAL_IncTick                            0x08001120   Section        0  stm32f7xx_hal.o(i.HAL_IncTick)
    i.HAL_Init                               0x08001130   Section        0  stm32f7xx_hal.o(i.HAL_Init)
    i.HAL_InitTick                           0x08001148   Section        0  stm32f7xx_hal.o(i.HAL_InitTick)
    i.HAL_MspInit                            0x08001170   Section        0  stm32f7xx_hal_msp.o(i.HAL_MspInit)
    i.HAL_NVIC_EnableIRQ                     0x080011c8   Section        0  stm32f7xx_hal_cortex.o(i.HAL_NVIC_EnableIRQ)
    i.HAL_NVIC_SetPriority                   0x080011e0   Section        0  stm32f7xx_hal_cortex.o(i.HAL_NVIC_SetPriority)
    i.HAL_NVIC_SetPriorityGrouping           0x08001220   Section        0  stm32f7xx_hal_cortex.o(i.HAL_NVIC_SetPriorityGrouping)
    i.HAL_PWREx_EnableOverDrive              0x08001244   Section        0  stm32f7xx_hal_pwr_ex.o(i.HAL_PWREx_EnableOverDrive)
    i.HAL_QSPI_Init                          0x080012b0   Section        0  stm32f7xx_hal_qspi.o(i.HAL_QSPI_Init)
    i.HAL_QSPI_MspInit                       0x08001370   Section        0  quadspi.o(i.HAL_QSPI_MspInit)
    i.HAL_RCCEx_PeriphCLKConfig              0x080013f0   Section        0  stm32f7xx_hal_rcc_ex.o(i.HAL_RCCEx_PeriphCLKConfig)
    i.HAL_RCC_ClockConfig                    0x0800192c   Section        0  stm32f7xx_hal_rcc.o(i.HAL_RCC_ClockConfig)
    i.HAL_RCC_GetHCLKFreq                    0x08001a40   Section        0  stm32f7xx_hal_rcc.o(i.HAL_RCC_GetHCLKFreq)
    i.HAL_RCC_GetPCLK1Freq                   0x08001a4c   Section        0  stm32f7xx_hal_rcc.o(i.HAL_RCC_GetPCLK1Freq)
    i.HAL_RCC_GetPCLK2Freq                   0x08001a6c   Section        0  stm32f7xx_hal_rcc.o(i.HAL_RCC_GetPCLK2Freq)
    i.HAL_RCC_GetSysClockFreq                0x08001a8c   Section        0  stm32f7xx_hal_rcc.o(i.HAL_RCC_GetSysClockFreq)
    i.HAL_RCC_OscConfig                      0x08001aec   Section        0  stm32f7xx_hal_rcc.o(i.HAL_RCC_OscConfig)
    i.HAL_RTC_Init                           0x08001e28   Section        0  stm32f7xx_hal_rtc.o(i.HAL_RTC_Init)
    i.HAL_RTC_MspInit                        0x08001ec8   Section        0  rtc.o(i.HAL_RTC_MspInit)
    i.HAL_SPI_Init                           0x08001ee4   Section        0  stm32f7xx_hal_spi.o(i.HAL_SPI_Init)
    i.HAL_SPI_MspInit                        0x08001fa8   Section        0  spi.o(i.HAL_SPI_MspInit)
    i.HAL_SYSTICK_CLKSourceConfig            0x08001ff0   Section        0  stm32f7xx_hal_cortex.o(i.HAL_SYSTICK_CLKSourceConfig)
    i.HAL_SYSTICK_Callback                   0x08002008   Section        0  stm32f7xx_hal_cortex.o(i.HAL_SYSTICK_Callback)
    i.HAL_SYSTICK_Config                     0x0800200a   Section        0  stm32f7xx_hal_cortex.o(i.HAL_SYSTICK_Config)
    i.HAL_SYSTICK_IRQHandler                 0x08002030   Section        0  stm32f7xx_hal_cortex.o(i.HAL_SYSTICK_IRQHandler)
    i.HAL_TIMEx_BreakCallback                0x08002038   Section        0  stm32f7xx_hal_tim_ex.o(i.HAL_TIMEx_BreakCallback)
    i.HAL_TIMEx_CommutationCallback          0x0800203a   Section        0  stm32f7xx_hal_tim_ex.o(i.HAL_TIMEx_CommutationCallback)
    i.HAL_TIMEx_MasterConfigSynchronization  0x0800203c   Section        0  stm32f7xx_hal_tim_ex.o(i.HAL_TIMEx_MasterConfigSynchronization)
    i.HAL_TIM_Base_Init                      0x08002094   Section        0  stm32f7xx_hal_tim.o(i.HAL_TIM_Base_Init)
    i.HAL_TIM_Base_MspInit                   0x080020cc   Section        0  tim.o(i.HAL_TIM_Base_MspInit)
    i.HAL_TIM_Base_Start_IT                  0x08002124   Section        0  stm32f7xx_hal_tim.o(i.HAL_TIM_Base_Start_IT)
    i.HAL_TIM_ConfigClockSource              0x0800213c   Section        0  stm32f7xx_hal_tim.o(i.HAL_TIM_ConfigClockSource)
    i.HAL_TIM_IC_CaptureCallback             0x08002238   Section        0  stm32f7xx_hal_tim.o(i.HAL_TIM_IC_CaptureCallback)
    i.HAL_TIM_IRQHandler                     0x0800223a   Section        0  stm32f7xx_hal_tim.o(i.HAL_TIM_IRQHandler)
    i.HAL_TIM_OC_DelayElapsedCallback        0x080023b8   Section        0  stm32f7xx_hal_tim.o(i.HAL_TIM_OC_DelayElapsedCallback)
    i.HAL_TIM_PWM_PulseFinishedCallback      0x080023ba   Section        0  stm32f7xx_hal_tim.o(i.HAL_TIM_PWM_PulseFinishedCallback)
    i.HAL_TIM_PeriodElapsedCallback          0x080023bc   Section        0  stm32f7xx_hal_tim.o(i.HAL_TIM_PeriodElapsedCallback)
    i.HAL_TIM_TriggerCallback                0x080023be   Section        0  stm32f7xx_hal_tim.o(i.HAL_TIM_TriggerCallback)
    i.HAL_UART_Init                          0x080023c0   Section        0  stm32f7xx_hal_uart.o(i.HAL_UART_Init)
    i.HAL_UART_MspInit                       0x0800242c   Section        0  usart.o(i.HAL_UART_MspInit)
    i.HardFault_Handler                      0x08002474   Section        0  stm32f7xx_it.o(i.HardFault_Handler)
    i.MX_ADC1_Init                           0x08002478   Section        0  adc.o(i.MX_ADC1_Init)
    i.MX_ADC2_Init                           0x0800256c   Section        0  adc.o(i.MX_ADC2_Init)
    i.MX_ADC3_Init                           0x08002634   Section        0  adc.o(i.MX_ADC3_Init)
    i.MX_DMA_Init                            0x080026fc   Section        0  dma.o(i.MX_DMA_Init)
    i.MX_GPIO_Init                           0x08002728   Section        0  gpio.o(i.MX_GPIO_Init)
    i.MX_QUADSPI_Init                        0x08002954   Section        0  quadspi.o(i.MX_QUADSPI_Init)
    i.MX_RTC_Init                            0x080029a4   Section        0  rtc.o(i.MX_RTC_Init)
    i.MX_SPI2_Init                           0x080029ec   Section        0  spi.o(i.MX_SPI2_Init)
    i.MX_TIM1_Init                           0x08002a44   Section        0  tim.o(i.MX_TIM1_Init)
    i.MX_TIM6_Init                           0x08002ac0   Section        0  tim.o(i.MX_TIM6_Init)
    i.MX_USART2_UART_Init                    0x08002b18   Section        0  usart.o(i.MX_USART2_UART_Init)
    i.MemManage_Handler                      0x08002b6c   Section        0  stm32f7xx_it.o(i.MemManage_Handler)
    i.NMI_Handler                            0x08002b6e   Section        0  stm32f7xx_it.o(i.NMI_Handler)
    i.NVIC_SetPriority                       0x08002b70   Section        0  stm32f7xx_hal_cortex.o(i.NVIC_SetPriority)
    NVIC_SetPriority                         0x08002b71   Thumb Code    34  stm32f7xx_hal_cortex.o(i.NVIC_SetPriority)
    i.PendSV_Handler                         0x08002b92   Section        0  stm32f7xx_it.o(i.PendSV_Handler)
    i.QSPI_WaitFlagStateUntilTimeout         0x08002b94   Section        0  stm32f7xx_hal_qspi.o(i.QSPI_WaitFlagStateUntilTimeout)
    QSPI_WaitFlagStateUntilTimeout           0x08002b95   Thumb Code    72  stm32f7xx_hal_qspi.o(i.QSPI_WaitFlagStateUntilTimeout)
    i.RTC_EnterInitMode                      0x08002bdc   Section        0  stm32f7xx_hal_rtc.o(i.RTC_EnterInitMode)
    i.SVC_Handler                            0x08002c16   Section        0  stm32f7xx_it.o(i.SVC_Handler)
    i.SysTick_Handler                        0x08002c18   Section        0  stm32f7xx_it.o(i.SysTick_Handler)
    i.SystemClock_Config                     0x08002c28   Section        0  main.o(i.SystemClock_Config)
    i.SystemInit                             0x08002ce8   Section        0  system_stm32f7xx.o(i.SystemInit)
    i.TIM1_UP_TIM10_IRQHandler               0x08002d3c   Section        0  stm32f7xx_it.o(i.TIM1_UP_TIM10_IRQHandler)
    i.TIM_Base_SetConfig                     0x08002d48   Section        0  stm32f7xx_hal_tim.o(i.TIM_Base_SetConfig)
    i.TIM_ETR_SetConfig                      0x08002e14   Section        0  stm32f7xx_hal_tim.o(i.TIM_ETR_SetConfig)
    i.TIM_ITRx_SetConfig                     0x08002e26   Section        0  stm32f7xx_hal_tim.o(i.TIM_ITRx_SetConfig)
    TIM_ITRx_SetConfig                       0x08002e27   Thumb Code    16  stm32f7xx_hal_tim.o(i.TIM_ITRx_SetConfig)
    i.TIM_TI1_ConfigInputStage               0x08002e36   Section        0  stm32f7xx_hal_tim.o(i.TIM_TI1_ConfigInputStage)
    TIM_TI1_ConfigInputStage                 0x08002e37   Thumb Code    34  stm32f7xx_hal_tim.o(i.TIM_TI1_ConfigInputStage)
    i.TIM_TI2_ConfigInputStage               0x08002e58   Section        0  stm32f7xx_hal_tim.o(i.TIM_TI2_ConfigInputStage)
    TIM_TI2_ConfigInputStage                 0x08002e59   Thumb Code    36  stm32f7xx_hal_tim.o(i.TIM_TI2_ConfigInputStage)
    i.UART_AdvFeatureConfig                  0x08002e7c   Section        0  stm32f7xx_hal_uart.o(i.UART_AdvFeatureConfig)
    i.UART_CheckIdleState                    0x08002f44   Section        0  stm32f7xx_hal_uart.o(i.UART_CheckIdleState)
    i.UART_SetConfig                         0x08002f84   Section        0  stm32f7xx_hal_uart.o(i.UART_SetConfig)
    i.UART_WaitOnFlagUntilTimeout            0x080031dc   Section        0  stm32f7xx_hal_uart.o(i.UART_WaitOnFlagUntilTimeout)
    i.UsageFault_Handler                     0x08003240   Section        0  stm32f7xx_it.o(i.UsageFault_Handler)
    i._Error_Handler                         0x08003242   Section        0  main.o(i._Error_Handler)
    i.__ARM_fpclassifyf                      0x08003244   Section        0  fpclassifyf.o(i.__ARM_fpclassifyf)
    i.__hardfp_atan2f                        0x0800326c   Section        0  atan2f.o(i.__hardfp_atan2f)
    i.__hardfp_sqrtf                         0x080034c4   Section        0  sqrtf.o(i.__hardfp_sqrtf)
    i.__mathlib_flt_infnan2                  0x080034fe   Section        0  funder.o(i.__mathlib_flt_infnan2)
    i.__mathlib_flt_underflow                0x08003504   Section        0  funder.o(i.__mathlib_flt_underflow)
    i.__scatterload_copy                     0x08003514   Section       14  handlers.o(i.__scatterload_copy)
    i.__scatterload_null                     0x08003522   Section        2  handlers.o(i.__scatterload_null)
    i.__scatterload_zeroinit                 0x08003524   Section       14  handlers.o(i.__scatterload_zeroinit)
    i.__set_errno                            0x08003534   Section        0  errno.o(i.__set_errno)
    i.cs_computations                        0x08003540   Section        0  measurement_functions.o(i.cs_computations)
    i.cs_generation                          0x08003660   Section        0  measurement_functions.o(i.cs_generation)
    i.cs_handle_tick1                        0x080036ac   Section        0  cs_handles.o(i.cs_handle_tick1)
    i.cs_handle_tick2                        0x0800375c   Section        0  cs_handles.o(i.cs_handle_tick2)
    i.cs_handle_tick3                        0x0800380c   Section        0  cs_handles.o(i.cs_handle_tick3)
    i.cs_handle_tick4                        0x080038c0   Section        0  cs_handles.o(i.cs_handle_tick4)
    i.ftick1                                 0x08003afc   Section        0  tickfunctions.o(i.ftick1)
    i.ftick10                                0x08003b0a   Section        0  tickfunctions.o(i.ftick10)
    i.ftick2                                 0x08003b0c   Section        0  tickfunctions.o(i.ftick2)
    i.ftick3                                 0x08003b1a   Section        0  tickfunctions.o(i.ftick3)
    i.ftick4                                 0x08003b28   Section        0  tickfunctions.o(i.ftick4)
    i.ftick5                                 0x08003b2c   Section        0  tickfunctions.o(i.ftick5)
    i.ftick6                                 0x08003b2e   Section        0  tickfunctions.o(i.ftick6)
    i.ftick7                                 0x08003b30   Section        0  tickfunctions.o(i.ftick7)
    i.ftick8                                 0x08003b32   Section        0  tickfunctions.o(i.ftick8)
    i.ftick9                                 0x08003b34   Section        0  tickfunctions.o(i.ftick9)
    i.main                                   0x08003b38   Section        0  main.o(i.main)
    i.prefilter                              0x08003bd4   Section        0  measurement_functions.o(i.prefilter)
    i.signal_spectra                         0x08003c18   Section        0  measurement_functions.o(i.signal_spectra)
    i.spectra_tick1                          0x08003cac   Section        0  spectra.o(i.spectra_tick1)
    i.spectra_tick2                          0x08003ce8   Section        0  spectra.o(i.spectra_tick2)
    i.spectra_tick3                          0x08003d24   Section        0  spectra.o(i.spectra_tick3)
    i.sym_comp                               0x08003d60   Section        0  measurement_functions.o(i.sym_comp)
    i.sym_mag                                0x08003de8   Section        0  measurement_functions.o(i.sym_mag)
    i.tickFunctions                          0x08003f00   Section        0  tickfunctions.o(i.tickFunctions)
    .constdata                               0x08003f24   Section        8  stm32f7xx_hal_dma.o(.constdata)
    flagBitshiftOffset                       0x08003f24   Data           8  stm32f7xx_hal_dma.o(.constdata)
    .constdata                               0x08003f2c   Section       16  system_stm32f7xx.o(.constdata)
    .constdata                               0x08003f3c   Section        8  system_stm32f7xx.o(.constdata)
    .data                                    0x20000000   Section        4  stm32f7xx_hal.o(.data)
    .data                                    0x20000004   Section        4  system_stm32f7xx.o(.data)
    .data                                    0x20000008   Section      448  cs_handles.o(.data)
    .data                                    0x200001c8   Section      412  spectra.o(.data)
    count                                    0x200001c8   Data           4  spectra.o(.data)
    count                                    0x200001cc   Data           4  spectra.o(.data)
    count                                    0x200001d0   Data           4  spectra.o(.data)
    .data                                    0x20000364   Section        1  conversion.o(.data)
    .data                                    0x20000368   Section       44  tickfunctions.o(.data)
    .data                                    0x20000394   Section        4  errno.o(.data)
    _errno                                   0x20000394   Data           4  errno.o(.data)
    .bss                                     0x20000398   Section      128  tim.o(.bss)
    .bss                                     0x20000418   Section       32  rtc.o(.bss)
    .bss                                     0x20000438   Section       76  quadspi.o(.bss)
    .bss                                     0x20000484   Section      100  spi.o(.bss)
    .bss                                     0x200004e8   Section      112  usart.o(.bss)
    .bss                                     0x20000558   Section      504  adc.o(.bss)
    .bss                                     0x20000750   Section       60  main.o(.bss)
    .bss                                     0x2000078c   Section     5100  cs_handles.o(.bss)
    .bss                                     0x20001b78   Section      712  spectra.o(.bss)
    .bss                                     0x20001e40   Section      684  conversion.o(.bss)
    adc_values                               0x20001f00   Data          60  conversion.o(.bss)
    dbuffer                                  0x20001f3c   Data         432  conversion.o(.bss)
    STACK                                    0x200020f0   Section     1024  startup_stm32f767xx.o(STACK)

    Global Symbols

    Symbol Name                              Value     Ov Type        Size  Object(Section)

    BuildAttributes$$THM_ISAv4$E$P$D$K$B$S$7EM$VFPv5_D16$PE$PLD8$A:L22UL41UL21$X:L11$S22US41US21$IEEE1$IW$USESV6$~STKCKD$USESV7$~SHL$OTIME$ROPI$IEEEX$EBA8$MICROLIB$REQ8$PRES8$EABIv2 0x00000000   Number         0  anon$$obj.o ABSOLUTE
    __ARM_use_no_argv                        0x00000000   Number         0  main.o ABSOLUTE
    __cpp_initialize__aeabi_                  - Undefined Weak Reference
    __cxa_finalize                            - Undefined Weak Reference
    _clock_init                               - Undefined Weak Reference
    _microlib_exit                            - Undefined Weak Reference
    __Vectors_Size                           0x000001f8   Number         0  startup_stm32f767xx.o ABSOLUTE
    __Vectors                                0x08000000   Data           4  startup_stm32f767xx.o(RESET)
    __Vectors_End                            0x080001f8   Data           0  startup_stm32f767xx.o(RESET)
    __main                                   0x080001f9   Thumb Code     0  entry.o(.ARM.Collect$$$$00000000)
    _main_stk                                0x080001f9   Thumb Code     0  entry2.o(.ARM.Collect$$$$00000001)
    _main_scatterload                        0x080001fd   Thumb Code     0  entry5.o(.ARM.Collect$$$$00000004)
    __main_after_scatterload                 0x08000201   Thumb Code     0  entry5.o(.ARM.Collect$$$$00000004)
    _main_clock                              0x08000201   Thumb Code     0  entry7b.o(.ARM.Collect$$$$00000008)
    _main_cpp_init                           0x08000201   Thumb Code     0  entry8b.o(.ARM.Collect$$$$0000000A)
    _main_init                               0x08000201   Thumb Code     0  entry9a.o(.ARM.Collect$$$$0000000B)
    __rt_final_cpp                           0x08000209   Thumb Code     0  entry10a.o(.ARM.Collect$$$$0000000D)
    __rt_final_exit                          0x08000209   Thumb Code     0  entry11a.o(.ARM.Collect$$$$0000000F)
    Reset_Handler                            0x0800020d   Thumb Code     8  startup_stm32f767xx.o(.text)
    ADC_IRQHandler                           0x08000227   Thumb Code     0  startup_stm32f767xx.o(.text)
    CAN1_RX0_IRQHandler                      0x08000227   Thumb Code     0  startup_stm32f767xx.o(.text)
    CAN1_RX1_IRQHandler                      0x08000227   Thumb Code     0  startup_stm32f767xx.o(.text)
    CAN1_SCE_IRQHandler                      0x08000227   Thumb Code     0  startup_stm32f767xx.o(.text)
    CAN1_TX_IRQHandler                       0x08000227   Thumb Code     0  startup_stm32f767xx.o(.text)
    CAN2_RX0_IRQHandler                      0x08000227   Thumb Code     0  startup_stm32f767xx.o(.text)
    CAN2_RX1_IRQHandler                      0x08000227   Thumb Code     0  startup_stm32f767xx.o(.text)
    CAN2_SCE_IRQHandler                      0x08000227   Thumb Code     0  startup_stm32f767xx.o(.text)
    CAN2_TX_IRQHandler                       0x08000227   Thumb Code     0  startup_stm32f767xx.o(.text)
    CAN3_RX0_IRQHandler                      0x08000227   Thumb Code     0  startup_stm32f767xx.o(.text)
    CAN3_RX1_IRQHandler                      0x08000227   Thumb Code     0  startup_stm32f767xx.o(.text)
    CAN3_SCE_IRQHandler                      0x08000227   Thumb Code     0  startup_stm32f767xx.o(.text)
    CAN3_TX_IRQHandler                       0x08000227   Thumb Code     0  startup_stm32f767xx.o(.text)
    CEC_IRQHandler                           0x08000227   Thumb Code     0  startup_stm32f767xx.o(.text)
    DCMI_IRQHandler                          0x08000227   Thumb Code     0  startup_stm32f767xx.o(.text)
    DFSDM1_FLT0_IRQHandler                   0x08000227   Thumb Code     0  startup_stm32f767xx.o(.text)
    DFSDM1_FLT1_IRQHandler                   0x08000227   Thumb Code     0  startup_stm32f767xx.o(.text)
    DFSDM1_FLT2_IRQHandler                   0x08000227   Thumb Code     0  startup_stm32f767xx.o(.text)
    DFSDM1_FLT3_IRQHandler                   0x08000227   Thumb Code     0  startup_stm32f767xx.o(.text)
    DMA1_Stream0_IRQHandler                  0x08000227   Thumb Code     0  startup_stm32f767xx.o(.text)
    DMA1_Stream1_IRQHandler                  0x08000227   Thumb Code     0  startup_stm32f767xx.o(.text)
    DMA1_Stream2_IRQHandler                  0x08000227   Thumb Code     0  startup_stm32f767xx.o(.text)
    DMA1_Stream3_IRQHandler                  0x08000227   Thumb Code     0  startup_stm32f767xx.o(.text)
    DMA1_Stream4_IRQHandler                  0x08000227   Thumb Code     0  startup_stm32f767xx.o(.text)
    DMA1_Stream5_IRQHandler                  0x08000227   Thumb Code     0  startup_stm32f767xx.o(.text)
    DMA1_Stream6_IRQHandler                  0x08000227   Thumb Code     0  startup_stm32f767xx.o(.text)
    DMA1_Stream7_IRQHandler                  0x08000227   Thumb Code     0  startup_stm32f767xx.o(.text)
    DMA2D_IRQHandler                         0x08000227   Thumb Code     0  startup_stm32f767xx.o(.text)
    DMA2_Stream3_IRQHandler                  0x08000227   Thumb Code     0  startup_stm32f767xx.o(.text)
    DMA2_Stream4_IRQHandler                  0x08000227   Thumb Code     0  startup_stm32f767xx.o(.text)
    DMA2_Stream5_IRQHandler                  0x08000227   Thumb Code     0  startup_stm32f767xx.o(.text)
    DMA2_Stream6_IRQHandler                  0x08000227   Thumb Code     0  startup_stm32f767xx.o(.text)
    DMA2_Stream7_IRQHandler                  0x08000227   Thumb Code     0  startup_stm32f767xx.o(.text)
    ETH_IRQHandler                           0x08000227   Thumb Code     0  startup_stm32f767xx.o(.text)
    ETH_WKUP_IRQHandler                      0x08000227   Thumb Code     0  startup_stm32f767xx.o(.text)
    EXTI0_IRQHandler                         0x08000227   Thumb Code     0  startup_stm32f767xx.o(.text)
    EXTI15_10_IRQHandler                     0x08000227   Thumb Code     0  startup_stm32f767xx.o(.text)
    EXTI1_IRQHandler                         0x08000227   Thumb Code     0  startup_stm32f767xx.o(.text)
    EXTI2_IRQHandler                         0x08000227   Thumb Code     0  startup_stm32f767xx.o(.text)
    EXTI3_IRQHandler                         0x08000227   Thumb Code     0  startup_stm32f767xx.o(.text)
    EXTI4_IRQHandler                         0x08000227   Thumb Code     0  startup_stm32f767xx.o(.text)
    EXTI9_5_IRQHandler                       0x08000227   Thumb Code     0  startup_stm32f767xx.o(.text)
    FLASH_IRQHandler                         0x08000227   Thumb Code     0  startup_stm32f767xx.o(.text)
    FMC_IRQHandler                           0x08000227   Thumb Code     0  startup_stm32f767xx.o(.text)
    FPU_IRQHandler                           0x08000227   Thumb Code     0  startup_stm32f767xx.o(.text)
    I2C1_ER_IRQHandler                       0x08000227   Thumb Code     0  startup_stm32f767xx.o(.text)
    I2C1_EV_IRQHandler                       0x08000227   Thumb Code     0  startup_stm32f767xx.o(.text)
    I2C2_ER_IRQHandler                       0x08000227   Thumb Code     0  startup_stm32f767xx.o(.text)
    I2C2_EV_IRQHandler                       0x08000227   Thumb Code     0  startup_stm32f767xx.o(.text)
    I2C3_ER_IRQHandler                       0x08000227   Thumb Code     0  startup_stm32f767xx.o(.text)
    I2C3_EV_IRQHandler                       0x08000227   Thumb Code     0  startup_stm32f767xx.o(.text)
    I2C4_ER_IRQHandler                       0x08000227   Thumb Code     0  startup_stm32f767xx.o(.text)
    I2C4_EV_IRQHandler                       0x08000227   Thumb Code     0  startup_stm32f767xx.o(.text)
    JPEG_IRQHandler                          0x08000227   Thumb Code     0  startup_stm32f767xx.o(.text)
    LPTIM1_IRQHandler                        0x08000227   Thumb Code     0  startup_stm32f767xx.o(.text)
    LTDC_ER_IRQHandler                       0x08000227   Thumb Code     0  startup_stm32f767xx.o(.text)
    LTDC_IRQHandler                          0x08000227   Thumb Code     0  startup_stm32f767xx.o(.text)
    MDIOS_IRQHandler                         0x08000227   Thumb Code     0  startup_stm32f767xx.o(.text)
    OTG_FS_IRQHandler                        0x08000227   Thumb Code     0  startup_stm32f767xx.o(.text)
    OTG_FS_WKUP_IRQHandler                   0x08000227   Thumb Code     0  startup_stm32f767xx.o(.text)
    OTG_HS_EP1_IN_IRQHandler                 0x08000227   Thumb Code     0  startup_stm32f767xx.o(.text)
    OTG_HS_EP1_OUT_IRQHandler                0x08000227   Thumb Code     0  startup_stm32f767xx.o(.text)
    OTG_HS_IRQHandler                        0x08000227   Thumb Code     0  startup_stm32f767xx.o(.text)
    OTG_HS_WKUP_IRQHandler                   0x08000227   Thumb Code     0  startup_stm32f767xx.o(.text)
    PVD_IRQHandler                           0x08000227   Thumb Code     0  startup_stm32f767xx.o(.text)
    QUADSPI_IRQHandler                       0x08000227   Thumb Code     0  startup_stm32f767xx.o(.text)
    RCC_IRQHandler                           0x08000227   Thumb Code     0  startup_stm32f767xx.o(.text)
    RNG_IRQHandler                           0x08000227   Thumb Code     0  startup_stm32f767xx.o(.text)
    RTC_Alarm_IRQHandler                     0x08000227   Thumb Code     0  startup_stm32f767xx.o(.text)
    RTC_WKUP_IRQHandler                      0x08000227   Thumb Code     0  startup_stm32f767xx.o(.text)
    SAI1_IRQHandler                          0x08000227   Thumb Code     0  startup_stm32f767xx.o(.text)
    SAI2_IRQHandler                          0x08000227   Thumb Code     0  startup_stm32f767xx.o(.text)
    SDMMC1_IRQHandler                        0x08000227   Thumb Code     0  startup_stm32f767xx.o(.text)
    SDMMC2_IRQHandler                        0x08000227   Thumb Code     0  startup_stm32f767xx.o(.text)
    SPDIF_RX_IRQHandler                      0x08000227   Thumb Code     0  startup_stm32f767xx.o(.text)
    SPI1_IRQHandler                          0x08000227   Thumb Code     0  startup_stm32f767xx.o(.text)
    SPI2_IRQHandler                          0x08000227   Thumb Code     0  startup_stm32f767xx.o(.text)
    SPI3_IRQHandler                          0x08000227   Thumb Code     0  startup_stm32f767xx.o(.text)
    SPI4_IRQHandler                          0x08000227   Thumb Code     0  startup_stm32f767xx.o(.text)
    SPI5_IRQHandler                          0x08000227   Thumb Code     0  startup_stm32f767xx.o(.text)
    SPI6_IRQHandler                          0x08000227   Thumb Code     0  startup_stm32f767xx.o(.text)
    TAMP_STAMP_IRQHandler                    0x08000227   Thumb Code     0  startup_stm32f767xx.o(.text)
    TIM1_BRK_TIM9_IRQHandler                 0x08000227   Thumb Code     0  startup_stm32f767xx.o(.text)
    TIM1_CC_IRQHandler                       0x08000227   Thumb Code     0  startup_stm32f767xx.o(.text)
    TIM1_TRG_COM_TIM11_IRQHandler            0x08000227   Thumb Code     0  startup_stm32f767xx.o(.text)
    TIM2_IRQHandler                          0x08000227   Thumb Code     0  startup_stm32f767xx.o(.text)
    TIM3_IRQHandler                          0x08000227   Thumb Code     0  startup_stm32f767xx.o(.text)
    TIM4_IRQHandler                          0x08000227   Thumb Code     0  startup_stm32f767xx.o(.text)
    TIM5_IRQHandler                          0x08000227   Thumb Code     0  startup_stm32f767xx.o(.text)
    TIM6_DAC_IRQHandler                      0x08000227   Thumb Code     0  startup_stm32f767xx.o(.text)
    TIM7_IRQHandler                          0x08000227   Thumb Code     0  startup_stm32f767xx.o(.text)
    TIM8_BRK_TIM12_IRQHandler                0x08000227   Thumb Code     0  startup_stm32f767xx.o(.text)
    TIM8_CC_IRQHandler                       0x08000227   Thumb Code     0  startup_stm32f767xx.o(.text)
    TIM8_TRG_COM_TIM14_IRQHandler            0x08000227   Thumb Code     0  startup_stm32f767xx.o(.text)
    TIM8_UP_TIM13_IRQHandler                 0x08000227   Thumb Code     0  startup_stm32f767xx.o(.text)
    UART4_IRQHandler                         0x08000227   Thumb Code     0  startup_stm32f767xx.o(.text)
    UART5_IRQHandler                         0x08000227   Thumb Code     0  startup_stm32f767xx.o(.text)
    UART7_IRQHandler                         0x08000227   Thumb Code     0  startup_stm32f767xx.o(.text)
    UART8_IRQHandler                         0x08000227   Thumb Code     0  startup_stm32f767xx.o(.text)
    USART1_IRQHandler                        0x08000227   Thumb Code     0  startup_stm32f767xx.o(.text)
    USART2_IRQHandler                        0x08000227   Thumb Code     0  startup_stm32f767xx.o(.text)
    USART3_IRQHandler                        0x08000227   Thumb Code     0  startup_stm32f767xx.o(.text)
    USART6_IRQHandler                        0x08000227   Thumb Code     0  startup_stm32f767xx.o(.text)
    WWDG_IRQHandler                          0x08000227   Thumb Code     0  startup_stm32f767xx.o(.text)
    __I$use$fp                               0x08000231   Thumb Code     0  iusefp.o(.text)
    __scatterload                            0x08000231   Thumb Code    28  init.o(.text)
    __scatterload_rt2                        0x08000231   Thumb Code     0  init.o(.text)
    __decompress                             0x08000255   Thumb Code     0  __dclz77c.o(.text)
    __decompress2                            0x08000255   Thumb Code    94  __dclz77c.o(.text)
    BusFault_Handler                         0x0800045b   Thumb Code     2  stm32f7xx_it.o(i.BusFault_Handler)
    DMA2_Stream0_IRQHandler                  0x0800045d   Thumb Code     6  stm32f7xx_it.o(i.DMA2_Stream0_IRQHandler)
    DMA2_Stream1_IRQHandler                  0x08000469   Thumb Code     6  stm32f7xx_it.o(i.DMA2_Stream1_IRQHandler)
    DMA2_Stream2_IRQHandler                  0x08000475   Thumb Code     6  stm32f7xx_it.o(i.DMA2_Stream2_IRQHandler)
    DebugMon_Handler                         0x08000525   Thumb Code     2  stm32f7xx_it.o(i.DebugMon_Handler)
    HAL_ADCEx_MultiModeConfigChannel         0x08000529   Thumb Code   102  stm32f7xx_hal_adc_ex.o(i.HAL_ADCEx_MultiModeConfigChannel)
    HAL_ADCEx_MultiModeStart_DMA             0x08000595   Thumb Code   226  stm32f7xx_hal_adc_ex.o(i.HAL_ADCEx_MultiModeStart_DMA)
    HAL_ADC_ConfigChannel                    0x08000695   Thumb Code   338  stm32f7xx_hal_adc.o(i.HAL_ADC_ConfigChannel)
    HAL_ADC_ConvCpltCallback                 0x080007f9   Thumb Code   424  conversion.o(i.HAL_ADC_ConvCpltCallback)
    HAL_ADC_ConvHalfCpltCallback             0x080009ad   Thumb Code     2  stm32f7xx_hal_adc.o(i.HAL_ADC_ConvHalfCpltCallback)
    HAL_ADC_ErrorCallback                    0x080009af   Thumb Code     2  stm32f7xx_hal_adc.o(i.HAL_ADC_ErrorCallback)
    HAL_ADC_Init                             0x080009b1   Thumb Code    84  stm32f7xx_hal_adc.o(i.HAL_ADC_Init)
    HAL_ADC_MspInit                          0x08000a05   Thumb Code   310  adc.o(i.HAL_ADC_MspInit)
    HAL_ADC_Start                            0x08000b71   Thumb Code   170  stm32f7xx_hal_adc.o(i.HAL_ADC_Start)
    HAL_DMA_IRQHandler                       0x08000c29   Thumb Code   414  stm32f7xx_hal_dma.o(i.HAL_DMA_IRQHandler)
    HAL_DMA_Init                             0x08000dd1   Thumb Code   222  stm32f7xx_hal_dma.o(i.HAL_DMA_Init)
    HAL_DMA_Start_IT                         0x08000eb5   Thumb Code   122  stm32f7xx_hal_dma.o(i.HAL_DMA_Start_IT)
    HAL_GPIO_Init                            0x08000f31   Thumb Code   418  stm32f7xx_hal_gpio.o(i.HAL_GPIO_Init)
    HAL_GPIO_WritePin                        0x08001109   Thumb Code    10  stm32f7xx_hal_gpio.o(i.HAL_GPIO_WritePin)
    HAL_GetTick                              0x08001115   Thumb Code     6  stm32f7xx_hal.o(i.HAL_GetTick)
    HAL_IncTick                              0x08001121   Thumb Code    10  stm32f7xx_hal.o(i.HAL_IncTick)
    HAL_Init                                 0x08001131   Thumb Code    22  stm32f7xx_hal.o(i.HAL_Init)
    HAL_InitTick                             0x08001149   Thumb Code    34  stm32f7xx_hal.o(i.HAL_InitTick)
    HAL_MspInit                              0x08001171   Thumb Code    88  stm32f7xx_hal_msp.o(i.HAL_MspInit)
    HAL_NVIC_EnableIRQ                       0x080011c9   Thumb Code    22  stm32f7xx_hal_cortex.o(i.HAL_NVIC_EnableIRQ)
    HAL_NVIC_SetPriority                     0x080011e1   Thumb Code    60  stm32f7xx_hal_cortex.o(i.HAL_NVIC_SetPriority)
    HAL_NVIC_SetPriorityGrouping             0x08001221   Thumb Code    28  stm32f7xx_hal_cortex.o(i.HAL_NVIC_SetPriorityGrouping)
    HAL_PWREx_EnableOverDrive                0x08001245   Thumb Code   100  stm32f7xx_hal_pwr_ex.o(i.HAL_PWREx_EnableOverDrive)
    HAL_QSPI_Init                            0x080012b1   Thumb Code   184  stm32f7xx_hal_qspi.o(i.HAL_QSPI_Init)
    HAL_QSPI_MspInit                         0x08001371   Thumb Code   110  quadspi.o(i.HAL_QSPI_MspInit)
    HAL_RCCEx_PeriphCLKConfig                0x080013f1   Thumb Code  1336  stm32f7xx_hal_rcc_ex.o(i.HAL_RCCEx_PeriphCLKConfig)
    HAL_RCC_ClockConfig                      0x0800192d   Thumb Code   258  stm32f7xx_hal_rcc.o(i.HAL_RCC_ClockConfig)
    HAL_RCC_GetHCLKFreq                      0x08001a41   Thumb Code     6  stm32f7xx_hal_rcc.o(i.HAL_RCC_GetHCLKFreq)
    HAL_RCC_GetPCLK1Freq                     0x08001a4d   Thumb Code    20  stm32f7xx_hal_rcc.o(i.HAL_RCC_GetPCLK1Freq)
    HAL_RCC_GetPCLK2Freq                     0x08001a6d   Thumb Code    20  stm32f7xx_hal_rcc.o(i.HAL_RCC_GetPCLK2Freq)
    HAL_RCC_GetSysClockFreq                  0x08001a8d   Thumb Code    84  stm32f7xx_hal_rcc.o(i.HAL_RCC_GetSysClockFreq)
    HAL_RCC_OscConfig                        0x08001aed   Thumb Code   814  stm32f7xx_hal_rcc.o(i.HAL_RCC_OscConfig)
    HAL_RTC_Init                             0x08001e29   Thumb Code   156  stm32f7xx_hal_rtc.o(i.HAL_RTC_Init)
    HAL_RTC_MspInit                          0x08001ec9   Thumb Code    20  rtc.o(i.HAL_RTC_MspInit)
    HAL_SPI_Init                             0x08001ee5   Thumb Code   196  stm32f7xx_hal_spi.o(i.HAL_SPI_Init)
    HAL_SPI_MspInit                          0x08001fa9   Thumb Code    58  spi.o(i.HAL_SPI_MspInit)
    HAL_SYSTICK_CLKSourceConfig              0x08001ff1   Thumb Code    24  stm32f7xx_hal_cortex.o(i.HAL_SYSTICK_CLKSourceConfig)
    HAL_SYSTICK_Callback                     0x08002009   Thumb Code     2  stm32f7xx_hal_cortex.o(i.HAL_SYSTICK_Callback)
    HAL_SYSTICK_Config                       0x0800200b   Thumb Code    38  stm32f7xx_hal_cortex.o(i.HAL_SYSTICK_Config)
    HAL_SYSTICK_IRQHandler                   0x08002031   Thumb Code     8  stm32f7xx_hal_cortex.o(i.HAL_SYSTICK_IRQHandler)
    HAL_TIMEx_BreakCallback                  0x08002039   Thumb Code     2  stm32f7xx_hal_tim_ex.o(i.HAL_TIMEx_BreakCallback)
    HAL_TIMEx_CommutationCallback            0x0800203b   Thumb Code     2  stm32f7xx_hal_tim_ex.o(i.HAL_TIMEx_CommutationCallback)
    HAL_TIMEx_MasterConfigSynchronization    0x0800203d   Thumb Code    78  stm32f7xx_hal_tim_ex.o(i.HAL_TIMEx_MasterConfigSynchronization)
    HAL_TIM_Base_Init                        0x08002095   Thumb Code    54  stm32f7xx_hal_tim.o(i.HAL_TIM_Base_Init)
    HAL_TIM_Base_MspInit                     0x080020cd   Thumb Code    76  tim.o(i.HAL_TIM_Base_MspInit)
    HAL_TIM_Base_Start_IT                    0x08002125   Thumb Code    24  stm32f7xx_hal_tim.o(i.HAL_TIM_Base_Start_IT)
    HAL_TIM_ConfigClockSource                0x0800213d   Thumb Code   246  stm32f7xx_hal_tim.o(i.HAL_TIM_ConfigClockSource)
    HAL_TIM_IC_CaptureCallback               0x08002239   Thumb Code     2  stm32f7xx_hal_tim.o(i.HAL_TIM_IC_CaptureCallback)
    HAL_TIM_IRQHandler                       0x0800223b   Thumb Code   382  stm32f7xx_hal_tim.o(i.HAL_TIM_IRQHandler)
    HAL_TIM_OC_DelayElapsedCallback          0x080023b9   Thumb Code     2  stm32f7xx_hal_tim.o(i.HAL_TIM_OC_DelayElapsedCallback)
    HAL_TIM_PWM_PulseFinishedCallback        0x080023bb   Thumb Code     2  stm32f7xx_hal_tim.o(i.HAL_TIM_PWM_PulseFinishedCallback)
    HAL_TIM_PeriodElapsedCallback            0x080023bd   Thumb Code     2  stm32f7xx_hal_tim.o(i.HAL_TIM_PeriodElapsedCallback)
    HAL_TIM_TriggerCallback                  0x080023bf   Thumb Code     2  stm32f7xx_hal_tim.o(i.HAL_TIM_TriggerCallback)
    HAL_UART_Init                            0x080023c1   Thumb Code   106  stm32f7xx_hal_uart.o(i.HAL_UART_Init)
    HAL_UART_MspInit                         0x0800242d   Thumb Code    60  usart.o(i.HAL_UART_MspInit)
    HardFault_Handler                        0x08002475   Thumb Code     2  stm32f7xx_it.o(i.HardFault_Handler)
    MX_ADC1_Init                             0x08002479   Thumb Code   218  adc.o(i.MX_ADC1_Init)
    MX_ADC2_Init                             0x0800256d   Thumb Code   174  adc.o(i.MX_ADC2_Init)
    MX_ADC3_Init                             0x08002635   Thumb Code   176  adc.o(i.MX_ADC3_Init)
    MX_DMA_Init                              0x080026fd   Thumb Code    40  dma.o(i.MX_DMA_Init)
    MX_GPIO_Init                             0x08002729   Thumb Code   522  gpio.o(i.MX_GPIO_Init)
    MX_QUADSPI_Init                          0x08002955   Thumb Code    52  quadspi.o(i.MX_QUADSPI_Init)
    MX_RTC_Init                              0x080029a5   Thumb Code    48  rtc.o(i.MX_RTC_Init)
    MX_SPI2_Init                             0x080029ed   Thumb Code    62  spi.o(i.MX_SPI2_Init)
    MX_TIM1_Init                             0x08002a45   Thumb Code    98  tim.o(i.MX_TIM1_Init)
    MX_TIM6_Init                             0x08002ac1   Thumb Code    62  tim.o(i.MX_TIM6_Init)
    MX_USART2_UART_Init                      0x08002b19   Thumb Code    58  usart.o(i.MX_USART2_UART_Init)
    MemManage_Handler                        0x08002b6d   Thumb Code     2  stm32f7xx_it.o(i.MemManage_Handler)
    NMI_Handler                              0x08002b6f   Thumb Code     2  stm32f7xx_it.o(i.NMI_Handler)
    PendSV_Handler                           0x08002b93   Thumb Code     2  stm32f7xx_it.o(i.PendSV_Handler)
    RTC_EnterInitMode                        0x08002bdd   Thumb Code    58  stm32f7xx_hal_rtc.o(i.RTC_EnterInitMode)
    SVC_Handler                              0x08002c17   Thumb Code     2  stm32f7xx_it.o(i.SVC_Handler)
    SysTick_Handler                          0x08002c19   Thumb Code    14  stm32f7xx_it.o(i.SysTick_Handler)
    SystemClock_Config                       0x08002c29   Thumb Code   184  main.o(i.SystemClock_Config)
    SystemInit                               0x08002ce9   Thumb Code    68  system_stm32f7xx.o(i.SystemInit)
    TIM1_UP_TIM10_IRQHandler                 0x08002d3d   Thumb Code     6  stm32f7xx_it.o(i.TIM1_UP_TIM10_IRQHandler)
    TIM_Base_SetConfig                       0x08002d49   Thumb Code   158  stm32f7xx_hal_tim.o(i.TIM_Base_SetConfig)
    TIM_ETR_SetConfig                        0x08002e15   Thumb Code    18  stm32f7xx_hal_tim.o(i.TIM_ETR_SetConfig)
    UART_AdvFeatureConfig                    0x08002e7d   Thumb Code   200  stm32f7xx_hal_uart.o(i.UART_AdvFeatureConfig)
    UART_CheckIdleState                      0x08002f45   Thumb Code    64  stm32f7xx_hal_uart.o(i.UART_CheckIdleState)
    UART_SetConfig                           0x08002f85   Thumb Code   550  stm32f7xx_hal_uart.o(i.UART_SetConfig)
    UART_WaitOnFlagUntilTimeout              0x080031dd   Thumb Code   100  stm32f7xx_hal_uart.o(i.UART_WaitOnFlagUntilTimeout)
    UsageFault_Handler                       0x08003241   Thumb Code     2  stm32f7xx_it.o(i.UsageFault_Handler)
    _Error_Handler                           0x08003243   Thumb Code     2  main.o(i._Error_Handler)
    __ARM_fpclassifyf                        0x08003245   Thumb Code    38  fpclassifyf.o(i.__ARM_fpclassifyf)
    __hardfp_atan2f                          0x0800326d   Thumb Code   502  atan2f.o(i.__hardfp_atan2f)
    __hardfp_sqrtf                           0x080034c5   Thumb Code    58  sqrtf.o(i.__hardfp_sqrtf)
    __mathlib_flt_infnan2                    0x080034ff   Thumb Code     6  funder.o(i.__mathlib_flt_infnan2)
    __mathlib_flt_underflow                  0x08003505   Thumb Code    10  funder.o(i.__mathlib_flt_underflow)
    __scatterload_copy                       0x08003515   Thumb Code    14  handlers.o(i.__scatterload_copy)
    __scatterload_null                       0x08003523   Thumb Code     2  handlers.o(i.__scatterload_null)
    __scatterload_zeroinit                   0x08003525   Thumb Code    14  handlers.o(i.__scatterload_zeroinit)
    __set_errno                              0x08003535   Thumb Code     6  errno.o(i.__set_errno)
    cs_computations                          0x08003541   Thumb Code   272  measurement_functions.o(i.cs_computations)
    cs_generation                            0x08003661   Thumb Code    74  measurement_functions.o(i.cs_generation)
    cs_handle_tick1                          0x080036ad   Thumb Code   154  cs_handles.o(i.cs_handle_tick1)
    cs_handle_tick2                          0x0800375d   Thumb Code   156  cs_handles.o(i.cs_handle_tick2)
    cs_handle_tick3                          0x0800380d   Thumb Code   154  cs_handles.o(i.cs_handle_tick3)
    cs_handle_tick4                          0x080038c1   Thumb Code   532  cs_handles.o(i.cs_handle_tick4)
    ftick1                                   0x08003afd   Thumb Code    14  tickfunctions.o(i.ftick1)
    ftick10                                  0x08003b0b   Thumb Code     2  tickfunctions.o(i.ftick10)
    ftick2                                   0x08003b0d   Thumb Code    14  tickfunctions.o(i.ftick2)
    ftick3                                   0x08003b1b   Thumb Code    14  tickfunctions.o(i.ftick3)
    ftick4                                   0x08003b29   Thumb Code     4  tickfunctions.o(i.ftick4)
    ftick5                                   0x08003b2d   Thumb Code     2  tickfunctions.o(i.ftick5)
    ftick6                                   0x08003b2f   Thumb Code     2  tickfunctions.o(i.ftick6)
    ftick7                                   0x08003b31   Thumb Code     2  tickfunctions.o(i.ftick7)
    ftick8                                   0x08003b33   Thumb Code     2  tickfunctions.o(i.ftick8)
    ftick9                                   0x08003b35   Thumb Code     2  tickfunctions.o(i.ftick9)
    main                                     0x08003b39   Thumb Code   130  main.o(i.main)
    prefilter                                0x08003bd5   Thumb Code    68  measurement_functions.o(i.prefilter)
    signal_spectra                           0x08003c19   Thumb Code   142  measurement_functions.o(i.signal_spectra)
    spectra_tick1                            0x08003cad   Thumb Code    46  spectra.o(i.spectra_tick1)
    spectra_tick2                            0x08003ce9   Thumb Code    46  spectra.o(i.spectra_tick2)
    spectra_tick3                            0x08003d25   Thumb Code    46  spectra.o(i.spectra_tick3)
    sym_comp                                 0x08003d61   Thumb Code   126  measurement_functions.o(i.sym_comp)
    sym_mag                                  0x08003de9   Thumb Code   270  measurement_functions.o(i.sym_mag)
    tickFunctions                            0x08003f01   Thumb Code    30  tickfunctions.o(i.tickFunctions)
    AHBPrescTable                            0x08003f2c   Data          16  system_stm32f7xx.o(.constdata)
    APBPrescTable                            0x08003f3c   Data           8  system_stm32f7xx.o(.constdata)
    Region$$Table$$Base                      0x08003f44   Number         0  anon$$obj.o(Region$$Table)
    Region$$Table$$Limit                     0x08003f64   Number         0  anon$$obj.o(Region$$Table)
    uwTick                                   0x20000000   Data           4  stm32f7xx_hal.o(.data)
    SystemCoreClock                          0x20000004   Data           4  system_stm32f7xx.o(.data)
    resA                                     0x20000008   Data           8  cs_handles.o(.data)
    resB                                     0x20000010   Data           8  cs_handles.o(.data)
    resC                                     0x20000018   Data           8  cs_handles.o(.data)
    n                                        0x20000020   Data           8  cs_handles.o(.data)
    UNBa                                     0x20000028   Data           8  cs_handles.o(.data)
    UNBb                                     0x20000030   Data           8  cs_handles.o(.data)
    sin_coeffs                               0x20000038   Data         200  cs_handles.o(.data)
    cos_coeffs                               0x20000100   Data         200  cs_handles.o(.data)
    coeffs_real                              0x200001d4   Data         200  spectra.o(.data)
    coeffs_imag                              0x2000029c   Data         200  spectra.o(.data)
    conversion_completed                     0x20000364   Data           1  conversion.o(.data)
    tick                                     0x20000368   Data           1  tickfunctions.o(.data)
    ftick                                    0x2000036c   Data          40  tickfunctions.o(.data)
    htim1                                    0x20000398   Data          64  tim.o(.bss)
    htim6                                    0x200003d8   Data          64  tim.o(.bss)
    hrtc                                     0x20000418   Data          32  rtc.o(.bss)
    hqspi                                    0x20000438   Data          76  quadspi.o(.bss)
    hspi2                                    0x20000484   Data         100  spi.o(.bss)
    huart2                                   0x200004e8   Data         112  usart.o(.bss)
    hadc1                                    0x20000558   Data          72  adc.o(.bss)
    hadc2                                    0x200005a0   Data          72  adc.o(.bss)
    hadc3                                    0x200005e8   Data          72  adc.o(.bss)
    hdma_adc1                                0x20000630   Data          96  adc.o(.bss)
    hdma_adc2                                0x20000690   Data          96  adc.o(.bss)
    hdma_adc3                                0x200006f0   Data          96  adc.o(.bss)
    adc_values                               0x20000750   Data          60  main.o(.bss)
    phase_cs_A                               0x2000078c   Data          16  cs_handles.o(.bss)
    phase_cs_B                               0x2000079c   Data          16  cs_handles.o(.bss)
    phase_cs_C                               0x200007ac   Data          16  cs_handles.o(.bss)
    phase_cs_A_out                           0x200007bc   Data          44  cs_handles.o(.bss)
    phase_cs_B_out                           0x200007e8   Data          44  cs_handles.o(.bss)
    phase_cs_C_out                           0x20000814   Data          44  cs_handles.o(.bss)
    sym                                      0x20000840   Data          24  cs_handles.o(.bss)
    sym_hist                                 0x20000858   Data          24  cs_handles.o(.bss)
    mag_sym                                  0x20000870   Data          24  cs_handles.o(.bss)
    c_buffer                                 0x20000888   Data        2400  cs_handles.o(.bss)
    s_buffer                                 0x200011e8   Data        2400  cs_handles.o(.bss)
    fRMS                                     0x20001b48   Data          48  cs_handles.o(.bss)
    spect_Ia                                 0x20001b78   Data         356  spectra.o(.bss)
    spect_Ib                                 0x20001cdc   Data         356  spectra.o(.bss)
    rawAdc                                   0x20001e40   Data          48  conversion.o(.bss)
    fAdc                                     0x20001e70   Data          48  conversion.o(.bss)
    offset                                   0x20001ea0   Data          48  conversion.o(.bss)
    scale                                    0x20001ed0   Data          48  conversion.o(.bss)
    __initial_sp                             0x200024f0   Data           0  startup_stm32f767xx.o(STACK)



==============================================================================

Memory Map of the image

  Image Entry point : 0x080001f9

  Load Region LR_IROM1 (Base: 0x08000000, Size: 0x000042fc, Max: 0x00200000, ABSOLUTE, COMPRESSED[0x000040c0])

    Execution Region ER_IROM1 (Base: 0x08000000, Size: 0x00003f64, Max: 0x00200000, ABSOLUTE)

    Base Addr    Size         Type   Attr      Idx    E Section Name        Object

    0x08000000   0x000001f8   Data   RO          827    RESET               startup_stm32f767xx.o
    0x080001f8   0x00000000   Code   RO         5147  * .ARM.Collect$$$$00000000  mc_w.l(entry.o)
    0x080001f8   0x00000004   Code   RO         5170    .ARM.Collect$$$$00000001  mc_w.l(entry2.o)
    0x080001fc   0x00000004   Code   RO         5173    .ARM.Collect$$$$00000004  mc_w.l(entry5.o)
    0x08000200   0x00000000   Code   RO         5175    .ARM.Collect$$$$00000008  mc_w.l(entry7b.o)
    0x08000200   0x00000000   Code   RO         5177    .ARM.Collect$$$$0000000A  mc_w.l(entry8b.o)
    0x08000200   0x00000008   Code   RO         5178    .ARM.Collect$$$$0000000B  mc_w.l(entry9a.o)
    0x08000208   0x00000000   Code   RO         5180    .ARM.Collect$$$$0000000D  mc_w.l(entry10a.o)
    0x08000208   0x00000000   Code   RO         5182    .ARM.Collect$$$$0000000F  mc_w.l(entry11a.o)
    0x08000208   0x00000004   Code   RO         5171    .ARM.Collect$$$$00002712  mc_w.l(entry2.o)
    0x0800020c   0x00000024   Code   RO          828    .text               startup_stm32f767xx.o
    0x08000230   0x00000000   Code   RO         5191    .text               mc_w.l(iusefp.o)
    0x08000230   0x00000024   Code   RO         5194    .text               mc_w.l(init.o)
    0x08000254   0x0000005e   Code   RO         5204    .text               mc_w.l(__dclz77c.o)
    0x080002b2   0x00000002   PAD
    0x080002b4   0x00000134   Code   RO          838    i.ADC_Init          stm32f7xx_hal_adc.o
    0x080003e8   0x0000005a   Code   RO         2095    i.ADC_MultiModeDMAConvCplt  stm32f7xx_hal_adc_ex.o
    0x08000442   0x00000012   Code   RO         2096    i.ADC_MultiModeDMAError  stm32f7xx_hal_adc_ex.o
    0x08000454   0x00000006   Code   RO         2097    i.ADC_MultiModeDMAHalfConvCplt  stm32f7xx_hal_adc_ex.o
    0x0800045a   0x00000002   Code   RO          394    i.BusFault_Handler  stm32f7xx_it.o
    0x0800045c   0x0000000c   Code   RO          395    i.DMA2_Stream0_IRQHandler  stm32f7xx_it.o
    0x08000468   0x0000000c   Code   RO          396    i.DMA2_Stream1_IRQHandler  stm32f7xx_it.o
    0x08000474   0x0000000c   Code   RO          397    i.DMA2_Stream2_IRQHandler  stm32f7xx_it.o
    0x08000480   0x00000028   Code   RO         2812    i.DMA_CalcBaseAndBitshift  stm32f7xx_hal_dma.o
    0x080004a8   0x00000054   Code   RO         2813    i.DMA_CheckFifoParam  stm32f7xx_hal_dma.o
    0x080004fc   0x00000028   Code   RO         2814    i.DMA_SetConfig     stm32f7xx_hal_dma.o
    0x08000524   0x00000002   Code   RO          398    i.DebugMon_Handler  stm32f7xx_it.o
    0x08000526   0x00000002   PAD
    0x08000528   0x0000006c   Code   RO         2106    i.HAL_ADCEx_MultiModeConfigChannel  stm32f7xx_hal_adc_ex.o
    0x08000594   0x00000100   Code   RO         2108    i.HAL_ADCEx_MultiModeStart_DMA  stm32f7xx_hal_adc_ex.o
    0x08000694   0x00000164   Code   RO          840    i.HAL_ADC_ConfigChannel  stm32f7xx_hal_adc.o
    0x080007f8   0x000001b4   Code   RO         4993    i.HAL_ADC_ConvCpltCallback  conversion.o
    0x080009ac   0x00000002   Code   RO          842    i.HAL_ADC_ConvHalfCpltCallback  stm32f7xx_hal_adc.o
    0x080009ae   0x00000002   Code   RO          844    i.HAL_ADC_ErrorCallback  stm32f7xx_hal_adc.o
    0x080009b0   0x00000054   Code   RO          849    i.HAL_ADC_Init      stm32f7xx_hal_adc.o
    0x08000a04   0x0000016c   Code   RO          495    i.HAL_ADC_MspInit   adc.o
    0x08000b70   0x000000b8   Code   RO          855    i.HAL_ADC_Start     stm32f7xx_hal_adc.o
    0x08000c28   0x000001a8   Code   RO         2820    i.HAL_DMA_IRQHandler  stm32f7xx_hal_dma.o
    0x08000dd0   0x000000e4   Code   RO         2821    i.HAL_DMA_Init      stm32f7xx_hal_dma.o
    0x08000eb4   0x0000007a   Code   RO         2825    i.HAL_DMA_Start_IT  stm32f7xx_hal_dma.o
    0x08000f2e   0x00000002   PAD
    0x08000f30   0x000001d8   Code   RO         1398    i.HAL_GPIO_Init     stm32f7xx_hal_gpio.o
    0x08001108   0x0000000a   Code   RO         1402    i.HAL_GPIO_WritePin  stm32f7xx_hal_gpio.o
    0x08001112   0x00000002   PAD
    0x08001114   0x0000000c   Code   RO         2640    i.HAL_GetTick       stm32f7xx_hal.o
    0x08001120   0x00000010   Code   RO         2644    i.HAL_IncTick       stm32f7xx_hal.o
    0x08001130   0x00000016   Code   RO         2645    i.HAL_Init          stm32f7xx_hal.o
    0x08001146   0x00000002   PAD
    0x08001148   0x00000028   Code   RO         2646    i.HAL_InitTick      stm32f7xx_hal.o
    0x08001170   0x00000058   Code   RO          328    i.HAL_MspInit       stm32f7xx_hal_msp.o
    0x080011c8   0x00000016   Code   RO         1265    i.HAL_NVIC_EnableIRQ  stm32f7xx_hal_cortex.o
    0x080011de   0x00000002   PAD
    0x080011e0   0x00000040   Code   RO         1271    i.HAL_NVIC_SetPriority  stm32f7xx_hal_cortex.o
    0x08001220   0x00000024   Code   RO         1272    i.HAL_NVIC_SetPriorityGrouping  stm32f7xx_hal_cortex.o
    0x08001244   0x0000006c   Code   RO         2537    i.HAL_PWREx_EnableOverDrive  stm32f7xx_hal_pwr_ex.o
    0x080012b0   0x000000c0   Code   RO         4094    i.HAL_QSPI_Init     stm32f7xx_hal_qspi.o
    0x08001370   0x00000080   Code   RO          215    i.HAL_QSPI_MspInit  quadspi.o
    0x080013f0   0x0000053c   Code   RO         3040    i.HAL_RCCEx_PeriphCLKConfig  stm32f7xx_hal_rcc_ex.o
    0x0800192c   0x00000114   Code   RO         3594    i.HAL_RCC_ClockConfig  stm32f7xx_hal_rcc.o
    0x08001a40   0x0000000c   Code   RO         3599    i.HAL_RCC_GetHCLKFreq  stm32f7xx_hal_rcc.o
    0x08001a4c   0x00000020   Code   RO         3601    i.HAL_RCC_GetPCLK1Freq  stm32f7xx_hal_rcc.o
    0x08001a6c   0x00000020   Code   RO         3602    i.HAL_RCC_GetPCLK2Freq  stm32f7xx_hal_rcc.o
    0x08001a8c   0x00000060   Code   RO         3603    i.HAL_RCC_GetSysClockFreq  stm32f7xx_hal_rcc.o
    0x08001aec   0x0000033c   Code   RO         3606    i.HAL_RCC_OscConfig  stm32f7xx_hal_rcc.o
    0x08001e28   0x000000a0   Code   RO         1013    i.HAL_RTC_Init      stm32f7xx_hal_rtc.o
    0x08001ec8   0x0000001c   Code   RO          173    i.HAL_RTC_MspInit   rtc.o
    0x08001ee4   0x000000c4   Code   RO         2211    i.HAL_SPI_Init      stm32f7xx_hal_spi.o
    0x08001fa8   0x00000048   Code   RO          287    i.HAL_SPI_MspInit   spi.o
    0x08001ff0   0x00000018   Code   RO         1274    i.HAL_SYSTICK_CLKSourceConfig  stm32f7xx_hal_cortex.o
    0x08002008   0x00000002   Code   RO         1275    i.HAL_SYSTICK_Callback  stm32f7xx_hal_cortex.o
    0x0800200a   0x00000026   Code   RO         1276    i.HAL_SYSTICK_Config  stm32f7xx_hal_cortex.o
    0x08002030   0x00000008   Code   RO         1277    i.HAL_SYSTICK_IRQHandler  stm32f7xx_hal_cortex.o
    0x08002038   0x00000002   Code   RO         3736    i.HAL_TIMEx_BreakCallback  stm32f7xx_hal_tim_ex.o
    0x0800203a   0x00000002   Code   RO         3737    i.HAL_TIMEx_CommutationCallback  stm32f7xx_hal_tim_ex.o
    0x0800203c   0x00000058   Code   RO         3755    i.HAL_TIMEx_MasterConfigSynchronization  stm32f7xx_hal_tim_ex.o
    0x08002094   0x00000036   Code   RO         1463    i.HAL_TIM_Base_Init  stm32f7xx_hal_tim.o
    0x080020ca   0x00000002   PAD
    0x080020cc   0x00000058   Code   RO            5    i.HAL_TIM_Base_MspInit  tim.o
    0x08002124   0x00000018   Code   RO         1468    i.HAL_TIM_Base_Start_IT  stm32f7xx_hal_tim.o
    0x0800213c   0x000000fc   Code   RO         1472    i.HAL_TIM_ConfigClockSource  stm32f7xx_hal_tim.o
    0x08002238   0x00000002   Code   RO         1492    i.HAL_TIM_IC_CaptureCallback  stm32f7xx_hal_tim.o
    0x0800223a   0x0000017e   Code   RO         1505    i.HAL_TIM_IRQHandler  stm32f7xx_hal_tim.o
    0x080023b8   0x00000002   Code   RO         1508    i.HAL_TIM_OC_DelayElapsedCallback  stm32f7xx_hal_tim.o
    0x080023ba   0x00000002   Code   RO         1535    i.HAL_TIM_PWM_PulseFinishedCallback  stm32f7xx_hal_tim.o
    0x080023bc   0x00000002   Code   RO         1542    i.HAL_TIM_PeriodElapsedCallback  stm32f7xx_hal_tim.o
    0x080023be   0x00000002   Code   RO         1546    i.HAL_TIM_TriggerCallback  stm32f7xx_hal_tim.o
    0x080023c0   0x0000006a   Code   RO         3333    i.HAL_UART_Init     stm32f7xx_hal_uart.o
    0x0800242a   0x00000002   PAD
    0x0800242c   0x00000048   Code   RO          353    i.HAL_UART_MspInit  usart.o
    0x08002474   0x00000002   Code   RO          399    i.HardFault_Handler  stm32f7xx_it.o
    0x08002476   0x00000002   PAD
    0x08002478   0x000000f4   Code   RO          496    i.MX_ADC1_Init      adc.o
    0x0800256c   0x000000c8   Code   RO          497    i.MX_ADC2_Init      adc.o
    0x08002634   0x000000c8   Code   RO          498    i.MX_ADC3_Init      adc.o
    0x080026fc   0x0000002c   Code   RO          259    i.MX_DMA_Init       dma.o
    0x08002728   0x0000022c   Code   RO          611    i.MX_GPIO_Init      gpio.o
    0x08002954   0x00000050   Code   RO          216    i.MX_QUADSPI_Init   quadspi.o
    0x080029a4   0x00000048   Code   RO          174    i.MX_RTC_Init       rtc.o
    0x080029ec   0x00000058   Code   RO          288    i.MX_SPI2_Init      spi.o
    0x08002a44   0x0000007c   Code   RO            6    i.MX_TIM1_Init      tim.o
    0x08002ac0   0x00000058   Code   RO            7    i.MX_TIM6_Init      tim.o
    0x08002b18   0x00000054   Code   RO          354    i.MX_USART2_UART_Init  usart.o
    0x08002b6c   0x00000002   Code   RO          400    i.MemManage_Handler  stm32f7xx_it.o
    0x08002b6e   0x00000002   Code   RO          401    i.NMI_Handler       stm32f7xx_it.o
    0x08002b70   0x00000022   Code   RO         1278    i.NVIC_SetPriority  stm32f7xx_hal_cortex.o
    0x08002b92   0x00000002   Code   RO          402    i.PendSV_Handler    stm32f7xx_it.o
    0x08002b94   0x00000048   Code   RO         4119    i.QSPI_WaitFlagStateUntilTimeout  stm32f7xx_hal_qspi.o
    0x08002bdc   0x0000003a   Code   RO         1024    i.RTC_EnterInitMode  stm32f7xx_hal_rtc.o
    0x08002c16   0x00000002   Code   RO          403    i.SVC_Handler       stm32f7xx_it.o
    0x08002c18   0x0000000e   Code   RO          404    i.SysTick_Handler   stm32f7xx_it.o
    0x08002c26   0x00000002   PAD
    0x08002c28   0x000000c0   Code   RO          548    i.SystemClock_Config  main.o
    0x08002ce8   0x00000054   Code   RO         4806    i.SystemInit        system_stm32f7xx.o
    0x08002d3c   0x0000000c   Code   RO          405    i.TIM1_UP_TIM10_IRQHandler  stm32f7xx_it.o
    0x08002d48   0x000000cc   Code   RO         1547    i.TIM_Base_SetConfig  stm32f7xx_hal_tim.o
    0x08002e14   0x00000012   Code   RO         1554    i.TIM_ETR_SetConfig  stm32f7xx_hal_tim.o
    0x08002e26   0x00000010   Code   RO         1555    i.TIM_ITRx_SetConfig  stm32f7xx_hal_tim.o
    0x08002e36   0x00000022   Code   RO         1561    i.TIM_TI1_ConfigInputStage  stm32f7xx_hal_tim.o
    0x08002e58   0x00000024   Code   RO         1563    i.TIM_TI2_ConfigInputStage  stm32f7xx_hal_tim.o
    0x08002e7c   0x000000c8   Code   RO         3346    i.UART_AdvFeatureConfig  stm32f7xx_hal_uart.o
    0x08002f44   0x00000040   Code   RO         3347    i.UART_CheckIdleState  stm32f7xx_hal_uart.o
    0x08002f84   0x00000258   Code   RO         3357    i.UART_SetConfig    stm32f7xx_hal_uart.o
    0x080031dc   0x00000064   Code   RO         3358    i.UART_WaitOnFlagUntilTimeout  stm32f7xx_hal_uart.o
    0x08003240   0x00000002   Code   RO          406    i.UsageFault_Handler  stm32f7xx_it.o
    0x08003242   0x00000002   Code   RO          549    i._Error_Handler    main.o
    0x08003244   0x00000026   Code   RO         5154    i.__ARM_fpclassifyf  m_wv.l(fpclassifyf.o)
    0x0800326a   0x00000002   PAD
    0x0800326c   0x00000258   Code   RO         5109    i.__hardfp_atan2f   m_wv.l(atan2f.o)
    0x080034c4   0x0000003a   Code   RO         5135    i.__hardfp_sqrtf    m_wv.l(sqrtf.o)
    0x080034fe   0x00000006   Code   RO         5158    i.__mathlib_flt_infnan2  m_wv.l(funder.o)
    0x08003504   0x00000010   Code   RO         5162    i.__mathlib_flt_underflow  m_wv.l(funder.o)
    0x08003514   0x0000000e   Code   RO         5198    i.__scatterload_copy  mc_w.l(handlers.o)
    0x08003522   0x00000002   Code   RO         5199    i.__scatterload_null  mc_w.l(handlers.o)
    0x08003524   0x0000000e   Code   RO         5200    i.__scatterload_zeroinit  mc_w.l(handlers.o)
    0x08003532   0x00000002   PAD
    0x08003534   0x0000000c   Code   RO         5186    i.__set_errno       mc_w.l(errno.o)
    0x08003540   0x00000120   Code   RO          632    i.cs_computations   measurement_functions.o
    0x08003660   0x0000004a   Code   RO          633    i.cs_generation     measurement_functions.o
    0x080036aa   0x00000002   PAD
    0x080036ac   0x000000b0   Code   RO         4893    i.cs_handle_tick1   cs_handles.o
    0x0800375c   0x000000b0   Code   RO         4894    i.cs_handle_tick2   cs_handles.o
    0x0800380c   0x000000b4   Code   RO         4895    i.cs_handle_tick3   cs_handles.o
    0x080038c0   0x0000023c   Code   RO         4896    i.cs_handle_tick4   cs_handles.o
    0x08003afc   0x0000000e   Code   RO         5028    i.ftick1            tickfunctions.o
    0x08003b0a   0x00000002   Code   RO         5029    i.ftick10           tickfunctions.o
    0x08003b0c   0x0000000e   Code   RO         5030    i.ftick2            tickfunctions.o
    0x08003b1a   0x0000000e   Code   RO         5031    i.ftick3            tickfunctions.o
    0x08003b28   0x00000004   Code   RO         5032    i.ftick4            tickfunctions.o
    0x08003b2c   0x00000002   Code   RO         5033    i.ftick5            tickfunctions.o
    0x08003b2e   0x00000002   Code   RO         5034    i.ftick6            tickfunctions.o
    0x08003b30   0x00000002   Code   RO         5035    i.ftick7            tickfunctions.o
    0x08003b32   0x00000002   Code   RO         5036    i.ftick8            tickfunctions.o
    0x08003b34   0x00000002   Code   RO         5037    i.ftick9            tickfunctions.o
    0x08003b36   0x00000002   PAD
    0x08003b38   0x0000009c   Code   RO          550    i.main              main.o
    0x08003bd4   0x00000044   Code   RO          635    i.prefilter         measurement_functions.o
    0x08003c18   0x00000094   Code   RO          638    i.signal_spectra    measurement_functions.o
    0x08003cac   0x0000003c   Code   RO         4961    i.spectra_tick1     spectra.o
    0x08003ce8   0x0000003c   Code   RO         4962    i.spectra_tick2     spectra.o
    0x08003d24   0x0000003c   Code   RO         4963    i.spectra_tick3     spectra.o
    0x08003d60   0x00000088   Code   RO          640    i.sym_comp          measurement_functions.o
    0x08003de8   0x00000118   Code   RO          641    i.sym_mag           measurement_functions.o
    0x08003f00   0x00000024   Code   RO         5038    i.tickFunctions     tickfunctions.o
    0x08003f24   0x00000008   Data   RO         2827    .constdata          stm32f7xx_hal_dma.o
    0x08003f2c   0x00000010   Data   RO         4807    .constdata          system_stm32f7xx.o
    0x08003f3c   0x00000008   Data   RO         4808    .constdata          system_stm32f7xx.o
    0x08003f44   0x00000020   Data   RO         5196    Region$$Table       anon$$obj.o


    Execution Region RW_IRAM1 (Base: 0x20000000, Size: 0x000024f0, Max: 0x00080000, ABSOLUTE, COMPRESSED[0x0000015c])

    Base Addr    Size         Type   Attr      Idx    E Section Name        Object

    0x20000000   0x00000004   Data   RW         2651    .data               stm32f7xx_hal.o
    0x20000004   0x00000004   Data   RW         4809    .data               system_stm32f7xx.o
    0x20000008   0x000001c0   Data   RW         4898    .data               cs_handles.o
    0x200001c8   0x0000019c   Data   RW         4966    .data               spectra.o
    0x20000364   0x00000001   Data   RW         4996    .data               conversion.o
    0x20000365   0x00000003   PAD
    0x20000368   0x0000002c   Data   RW         5039    .data               tickfunctions.o
    0x20000394   0x00000004   Data   RW         5187    .data               mc_w.l(errno.o)
    0x20000398   0x00000080   Zero   RW            8    .bss                tim.o
    0x20000418   0x00000020   Zero   RW          175    .bss                rtc.o
    0x20000438   0x0000004c   Zero   RW          217    .bss                quadspi.o
    0x20000484   0x00000064   Zero   RW          289    .bss                spi.o
    0x200004e8   0x00000070   Zero   RW          355    .bss                usart.o
    0x20000558   0x000001f8   Zero   RW          499    .bss                adc.o
    0x20000750   0x0000003c   Zero   RW          551    .bss                main.o
    0x2000078c   0x000013ec   Zero   RW         4897    .bss                cs_handles.o
    0x20001b78   0x000002c8   Zero   RW         4964    .bss                spectra.o
    0x20001e40   0x000002ac   Zero   RW         4995    .bss                conversion.o
    0x200020ec   0x00000004   PAD
    0x200020f0   0x00000400   Zero   RW          825    STACK               startup_stm32f767xx.o


==============================================================================

Image component sizes


      Code (inc. data)   RO Data    RW Data    ZI Data      Debug   Object Name

      1008        130          0          0        504       3533   adc.o
       436         12          0          1        684       3618   conversion.o
      1104        108          0        448       5100       6759   cs_handles.o
        44          4          0          0          0        770   dma.o
       556         34          0          0          0       1263   gpio.o
       350         34          0          0         60       2743   main.o
       994         42          0          0          0       6468   measurement_functions.o
       208         46          0          0         76       1717   quadspi.o
       100         32          0          0         32       1467   rtc.o
       180         42          0        412        712       2233   spectra.o
       160         40          0          0        100       1649   spi.o
        36          8        504          0       1024        812   startup_stm32f767xx.o
        90         18          0          4          0       3251   stm32f7xx_hal.o
       936         46          0          0          0       4814   stm32f7xx_hal_adc.o
       478         36          0          0          0       4018   stm32f7xx_hal_adc_ex.o
       228         12          0          0          0      37305   stm32f7xx_hal_cortex.o
       938         22          8          0          0       5907   stm32f7xx_hal_dma.o
       482         54          0          0          0       2596   stm32f7xx_hal_gpio.o
        88          0          0          0          0        534   stm32f7xx_hal_msp.o
       108          8          0          0          0       1284   stm32f7xx_hal_pwr_ex.o
       264          8          0          0          0       2766   stm32f7xx_hal_qspi.o
      1276         74          0          0          0       5628   stm32f7xx_hal_rcc.o
      1340         22          0          0          0       2376   stm32f7xx_hal_rcc_ex.o
       218          4          0          0          0       2131   stm32f7xx_hal_rtc.o
       196          0          0          0          0       1283   stm32f7xx_hal_spi.o
      1030         52          0          0          0      10745   stm32f7xx_hal_tim.o
        92         10          0          0          0       2586   stm32f7xx_hal_tim_ex.o
      1070         70          0          0          0       5097   stm32f7xx_hal_uart.o
        78         24          0          0          0       6107   stm32f7xx_it.o
        84         16         24          4          0       1251   system_stm32f7xx.o
        94          6          0         44          0       5548   tickfunctions.o
       300         64          0          0        128     902019   tim.o
       156         38          0          0        112       1682   usart.o

    ----------------------------------------------------------------------
     14744       1116        568        916       8536    1041960   Object Totals
         0          0         32          0          0          0   (incl. Generated)
        22          0          0          3          4          0   (incl. Padding)

    ----------------------------------------------------------------------

      Code (inc. data)   RO Data    RW Data    ZI Data      Debug   Library Member Name

       600         98          0          0          0        184   atan2f.o
        38          0          0          0          0        116   fpclassifyf.o
        22          6          0          0          0        232   funder.o
        58          0          0          0          0        136   sqrtf.o
        94          0          0          0          0          0   __dclz77c.o
         0          0          0          0          0          0   entry.o
         0          0          0          0          0          0   entry10a.o
         0          0          0          0          0          0   entry11a.o
         8          4          0          0          0          0   entry2.o
         4          0          0          0          0          0   entry5.o
         0          0          0          0          0          0   entry7b.o
         0          0          0          0          0          0   entry8b.o
         8          4          0          0          0          0   entry9a.o
        12          6          0          4          0         68   errno.o
        30          0          0          0          0          0   handlers.o
        36          8          0          0          0         68   init.o
         0          0          0          0          0          0   iusefp.o

    ----------------------------------------------------------------------
       916        126          0          4          0        804   Library Totals
         6          0          0          0          0          0   (incl. Padding)

    ----------------------------------------------------------------------

      Code (inc. data)   RO Data    RW Data    ZI Data      Debug   Library Name

       718        104          0          0          0        668   m_wv.l
       192         22          0          4          0        136   mc_w.l

    ----------------------------------------------------------------------
       916        126          0          4          0        804   Library Totals

    ----------------------------------------------------------------------

==============================================================================


      Code (inc. data)   RO Data    RW Data    ZI Data      Debug   

     15660       1242        568        920       8536    1030948   Grand Totals
     15660       1242        568        348       8536    1030948   ELF Image Totals (compressed)
     15660       1242        568        348          0          0   ROM Totals

==============================================================================

    Total RO  Size (Code + RO Data)                16228 (  15.85kB)
    Total RW  Size (RW Data + ZI Data)              9456 (   9.23kB)
    Total ROM Size (Code + RO Data + RW Data)      16576 (  16.19kB)

==============================================================================

